[2025-12-16T17:53:19.107+0000] {processor.py:157} INFO - Started process (PID=2571) to work on /home/vscode/.local/lib/python3.10/site-packages/airflow/example_dags/plugins/workday.py
[2025-12-16T17:53:19.107+0000] {processor.py:826} INFO - Processing file /home/vscode/.local/lib/python3.10/site-packages/airflow/example_dags/plugins/workday.py for tasks to queue
[2025-12-16T17:53:19.111+0000] {logging_mixin.py:150} INFO - [2025-12-16T17:53:19.111+0000] {dagbag.py:541} INFO - Filling up the DagBag from /home/vscode/.local/lib/python3.10/site-packages/airflow/example_dags/plugins/workday.py
[2025-12-16T17:53:19.114+0000] {logging_mixin.py:150} INFO - [2025-12-16T17:53:19.114+0000] {workday.py:36} WARNING - Could not import pandas. Holidays will not be considered.
[2025-12-16T17:53:19.115+0000] {processor.py:838} WARNING - No viable dags retrieved from /home/vscode/.local/lib/python3.10/site-packages/airflow/example_dags/plugins/workday.py
[2025-12-16T17:53:19.127+0000] {processor.py:179} INFO - Processing /home/vscode/.local/lib/python3.10/site-packages/airflow/example_dags/plugins/workday.py took 0.025 seconds
[2025-12-16T17:54:14.377+0000] {processor.py:157} INFO - Started process (PID=4171) to work on /home/vscode/.local/lib/python3.10/site-packages/airflow/example_dags/plugins/workday.py
[2025-12-16T17:54:14.379+0000] {processor.py:826} INFO - Processing file /home/vscode/.local/lib/python3.10/site-packages/airflow/example_dags/plugins/workday.py for tasks to queue
[2025-12-16T17:54:14.380+0000] {logging_mixin.py:150} INFO - [2025-12-16T17:54:14.379+0000] {dagbag.py:541} INFO - Filling up the DagBag from /home/vscode/.local/lib/python3.10/site-packages/airflow/example_dags/plugins/workday.py
[2025-12-16T17:54:14.384+0000] {logging_mixin.py:150} INFO - [2025-12-16T17:54:14.384+0000] {workday.py:36} WARNING - Could not import pandas. Holidays will not be considered.
[2025-12-16T17:54:14.385+0000] {processor.py:838} WARNING - No viable dags retrieved from /home/vscode/.local/lib/python3.10/site-packages/airflow/example_dags/plugins/workday.py
[2025-12-16T17:54:14.394+0000] {processor.py:179} INFO - Processing /home/vscode/.local/lib/python3.10/site-packages/airflow/example_dags/plugins/workday.py took 0.022 seconds
[2025-12-16T17:54:49.696+0000] {processor.py:157} INFO - Started process (PID=4468) to work on /home/vscode/.local/lib/python3.10/site-packages/airflow/example_dags/plugins/workday.py
[2025-12-16T17:54:49.696+0000] {processor.py:826} INFO - Processing file /home/vscode/.local/lib/python3.10/site-packages/airflow/example_dags/plugins/workday.py for tasks to queue
[2025-12-16T17:54:49.697+0000] {logging_mixin.py:150} INFO - [2025-12-16T17:54:49.697+0000] {dagbag.py:541} INFO - Filling up the DagBag from /home/vscode/.local/lib/python3.10/site-packages/airflow/example_dags/plugins/workday.py
[2025-12-16T17:54:49.699+0000] {logging_mixin.py:150} INFO - [2025-12-16T17:54:49.699+0000] {workday.py:36} WARNING - Could not import pandas. Holidays will not be considered.
[2025-12-16T17:54:49.699+0000] {processor.py:838} WARNING - No viable dags retrieved from /home/vscode/.local/lib/python3.10/site-packages/airflow/example_dags/plugins/workday.py
[2025-12-16T17:54:49.706+0000] {processor.py:179} INFO - Processing /home/vscode/.local/lib/python3.10/site-packages/airflow/example_dags/plugins/workday.py took 0.013 seconds
[2025-12-16T17:55:23.764+0000] {processor.py:157} INFO - Started process (PID=4738) to work on /home/vscode/.local/lib/python3.10/site-packages/airflow/example_dags/plugins/workday.py
[2025-12-16T17:55:23.765+0000] {processor.py:826} INFO - Processing file /home/vscode/.local/lib/python3.10/site-packages/airflow/example_dags/plugins/workday.py for tasks to queue
[2025-12-16T17:55:23.766+0000] {logging_mixin.py:150} INFO - [2025-12-16T17:55:23.765+0000] {dagbag.py:541} INFO - Filling up the DagBag from /home/vscode/.local/lib/python3.10/site-packages/airflow/example_dags/plugins/workday.py
[2025-12-16T17:55:23.768+0000] {logging_mixin.py:150} INFO - [2025-12-16T17:55:23.768+0000] {workday.py:36} WARNING - Could not import pandas. Holidays will not be considered.
[2025-12-16T17:55:23.768+0000] {processor.py:838} WARNING - No viable dags retrieved from /home/vscode/.local/lib/python3.10/site-packages/airflow/example_dags/plugins/workday.py
[2025-12-16T17:55:23.775+0000] {processor.py:179} INFO - Processing /home/vscode/.local/lib/python3.10/site-packages/airflow/example_dags/plugins/workday.py took 0.014 seconds
[2025-12-16T17:56:08.943+0000] {processor.py:157} INFO - Started process (PID=5160) to work on /home/vscode/.local/lib/python3.10/site-packages/airflow/example_dags/plugins/workday.py
[2025-12-16T17:56:08.944+0000] {processor.py:826} INFO - Processing file /home/vscode/.local/lib/python3.10/site-packages/airflow/example_dags/plugins/workday.py for tasks to queue
[2025-12-16T17:56:08.944+0000] {logging_mixin.py:150} INFO - [2025-12-16T17:56:08.944+0000] {dagbag.py:541} INFO - Filling up the DagBag from /home/vscode/.local/lib/python3.10/site-packages/airflow/example_dags/plugins/workday.py
[2025-12-16T17:56:08.947+0000] {logging_mixin.py:150} INFO - [2025-12-16T17:56:08.946+0000] {workday.py:36} WARNING - Could not import pandas. Holidays will not be considered.
[2025-12-16T17:56:08.947+0000] {processor.py:838} WARNING - No viable dags retrieved from /home/vscode/.local/lib/python3.10/site-packages/airflow/example_dags/plugins/workday.py
[2025-12-16T17:56:08.954+0000] {processor.py:179} INFO - Processing /home/vscode/.local/lib/python3.10/site-packages/airflow/example_dags/plugins/workday.py took 0.012 seconds
[2025-12-16T17:56:43.874+0000] {processor.py:157} INFO - Started process (PID=5429) to work on /home/vscode/.local/lib/python3.10/site-packages/airflow/example_dags/plugins/workday.py
[2025-12-16T17:56:43.875+0000] {processor.py:826} INFO - Processing file /home/vscode/.local/lib/python3.10/site-packages/airflow/example_dags/plugins/workday.py for tasks to queue
[2025-12-16T17:56:43.875+0000] {logging_mixin.py:150} INFO - [2025-12-16T17:56:43.875+0000] {dagbag.py:541} INFO - Filling up the DagBag from /home/vscode/.local/lib/python3.10/site-packages/airflow/example_dags/plugins/workday.py
[2025-12-16T17:56:43.878+0000] {logging_mixin.py:150} INFO - [2025-12-16T17:56:43.878+0000] {workday.py:36} WARNING - Could not import pandas. Holidays will not be considered.
[2025-12-16T17:56:43.878+0000] {processor.py:838} WARNING - No viable dags retrieved from /home/vscode/.local/lib/python3.10/site-packages/airflow/example_dags/plugins/workday.py
[2025-12-16T17:56:43.889+0000] {processor.py:179} INFO - Processing /home/vscode/.local/lib/python3.10/site-packages/airflow/example_dags/plugins/workday.py took 0.017 seconds
[2025-12-16T17:57:15.923+0000] {processor.py:157} INFO - Started process (PID=5815) to work on /home/vscode/.local/lib/python3.10/site-packages/airflow/example_dags/plugins/workday.py
[2025-12-16T17:57:15.923+0000] {processor.py:826} INFO - Processing file /home/vscode/.local/lib/python3.10/site-packages/airflow/example_dags/plugins/workday.py for tasks to queue
[2025-12-16T17:57:15.924+0000] {logging_mixin.py:150} INFO - [2025-12-16T17:57:15.924+0000] {dagbag.py:541} INFO - Filling up the DagBag from /home/vscode/.local/lib/python3.10/site-packages/airflow/example_dags/plugins/workday.py
[2025-12-16T17:57:15.927+0000] {logging_mixin.py:150} INFO - [2025-12-16T17:57:15.927+0000] {workday.py:36} WARNING - Could not import pandas. Holidays will not be considered.
[2025-12-16T17:57:15.927+0000] {processor.py:838} WARNING - No viable dags retrieved from /home/vscode/.local/lib/python3.10/site-packages/airflow/example_dags/plugins/workday.py
[2025-12-16T17:57:15.937+0000] {processor.py:179} INFO - Processing /home/vscode/.local/lib/python3.10/site-packages/airflow/example_dags/plugins/workday.py took 0.018 seconds
[2025-12-16T17:58:02.027+0000] {processor.py:157} INFO - Started process (PID=6145) to work on /home/vscode/.local/lib/python3.10/site-packages/airflow/example_dags/plugins/workday.py
[2025-12-16T17:58:02.027+0000] {processor.py:826} INFO - Processing file /home/vscode/.local/lib/python3.10/site-packages/airflow/example_dags/plugins/workday.py for tasks to queue
[2025-12-16T17:58:02.028+0000] {logging_mixin.py:150} INFO - [2025-12-16T17:58:02.028+0000] {dagbag.py:541} INFO - Filling up the DagBag from /home/vscode/.local/lib/python3.10/site-packages/airflow/example_dags/plugins/workday.py
[2025-12-16T17:58:02.030+0000] {logging_mixin.py:150} INFO - [2025-12-16T17:58:02.030+0000] {workday.py:36} WARNING - Could not import pandas. Holidays will not be considered.
[2025-12-16T17:58:02.030+0000] {processor.py:838} WARNING - No viable dags retrieved from /home/vscode/.local/lib/python3.10/site-packages/airflow/example_dags/plugins/workday.py
[2025-12-16T17:58:02.036+0000] {processor.py:179} INFO - Processing /home/vscode/.local/lib/python3.10/site-packages/airflow/example_dags/plugins/workday.py took 0.012 seconds
[2025-12-16T17:58:32.738+0000] {processor.py:157} INFO - Started process (PID=6347) to work on /home/vscode/.local/lib/python3.10/site-packages/airflow/example_dags/plugins/workday.py
[2025-12-16T17:58:32.739+0000] {processor.py:826} INFO - Processing file /home/vscode/.local/lib/python3.10/site-packages/airflow/example_dags/plugins/workday.py for tasks to queue
[2025-12-16T17:58:32.740+0000] {logging_mixin.py:150} INFO - [2025-12-16T17:58:32.739+0000] {dagbag.py:541} INFO - Filling up the DagBag from /home/vscode/.local/lib/python3.10/site-packages/airflow/example_dags/plugins/workday.py
[2025-12-16T17:58:32.742+0000] {logging_mixin.py:150} INFO - [2025-12-16T17:58:32.742+0000] {workday.py:36} WARNING - Could not import pandas. Holidays will not be considered.
[2025-12-16T17:58:32.742+0000] {processor.py:838} WARNING - No viable dags retrieved from /home/vscode/.local/lib/python3.10/site-packages/airflow/example_dags/plugins/workday.py
[2025-12-16T17:58:32.748+0000] {processor.py:179} INFO - Processing /home/vscode/.local/lib/python3.10/site-packages/airflow/example_dags/plugins/workday.py took 0.012 seconds
[2025-12-16T17:59:05.472+0000] {processor.py:157} INFO - Started process (PID=6569) to work on /home/vscode/.local/lib/python3.10/site-packages/airflow/example_dags/plugins/workday.py
[2025-12-16T17:59:05.472+0000] {processor.py:826} INFO - Processing file /home/vscode/.local/lib/python3.10/site-packages/airflow/example_dags/plugins/workday.py for tasks to queue
[2025-12-16T17:59:05.473+0000] {logging_mixin.py:150} INFO - [2025-12-16T17:59:05.472+0000] {dagbag.py:541} INFO - Filling up the DagBag from /home/vscode/.local/lib/python3.10/site-packages/airflow/example_dags/plugins/workday.py
[2025-12-16T17:59:05.475+0000] {logging_mixin.py:150} INFO - [2025-12-16T17:59:05.475+0000] {workday.py:36} WARNING - Could not import pandas. Holidays will not be considered.
[2025-12-16T17:59:05.475+0000] {processor.py:838} WARNING - No viable dags retrieved from /home/vscode/.local/lib/python3.10/site-packages/airflow/example_dags/plugins/workday.py
[2025-12-16T17:59:05.481+0000] {processor.py:179} INFO - Processing /home/vscode/.local/lib/python3.10/site-packages/airflow/example_dags/plugins/workday.py took 0.012 seconds
[2025-12-16T17:59:35.966+0000] {processor.py:157} INFO - Started process (PID=6776) to work on /home/vscode/.local/lib/python3.10/site-packages/airflow/example_dags/plugins/workday.py
[2025-12-16T17:59:35.967+0000] {processor.py:826} INFO - Processing file /home/vscode/.local/lib/python3.10/site-packages/airflow/example_dags/plugins/workday.py for tasks to queue
[2025-12-16T17:59:35.967+0000] {logging_mixin.py:150} INFO - [2025-12-16T17:59:35.967+0000] {dagbag.py:541} INFO - Filling up the DagBag from /home/vscode/.local/lib/python3.10/site-packages/airflow/example_dags/plugins/workday.py
[2025-12-16T17:59:35.969+0000] {logging_mixin.py:150} INFO - [2025-12-16T17:59:35.969+0000] {workday.py:36} WARNING - Could not import pandas. Holidays will not be considered.
[2025-12-16T17:59:35.969+0000] {processor.py:838} WARNING - No viable dags retrieved from /home/vscode/.local/lib/python3.10/site-packages/airflow/example_dags/plugins/workday.py
[2025-12-16T17:59:35.976+0000] {processor.py:179} INFO - Processing /home/vscode/.local/lib/python3.10/site-packages/airflow/example_dags/plugins/workday.py took 0.012 seconds
[2025-12-16T18:00:07.353+0000] {processor.py:157} INFO - Started process (PID=6983) to work on /home/vscode/.local/lib/python3.10/site-packages/airflow/example_dags/plugins/workday.py
[2025-12-16T18:00:07.354+0000] {processor.py:826} INFO - Processing file /home/vscode/.local/lib/python3.10/site-packages/airflow/example_dags/plugins/workday.py for tasks to queue
[2025-12-16T18:00:07.354+0000] {logging_mixin.py:150} INFO - [2025-12-16T18:00:07.354+0000] {dagbag.py:541} INFO - Filling up the DagBag from /home/vscode/.local/lib/python3.10/site-packages/airflow/example_dags/plugins/workday.py
[2025-12-16T18:00:07.357+0000] {logging_mixin.py:150} INFO - [2025-12-16T18:00:07.356+0000] {workday.py:36} WARNING - Could not import pandas. Holidays will not be considered.
[2025-12-16T18:00:07.357+0000] {processor.py:838} WARNING - No viable dags retrieved from /home/vscode/.local/lib/python3.10/site-packages/airflow/example_dags/plugins/workday.py
[2025-12-16T18:00:07.363+0000] {processor.py:179} INFO - Processing /home/vscode/.local/lib/python3.10/site-packages/airflow/example_dags/plugins/workday.py took 0.012 seconds
[2025-12-16T18:00:53.914+0000] {processor.py:157} INFO - Started process (PID=7288) to work on /home/vscode/.local/lib/python3.10/site-packages/airflow/example_dags/plugins/workday.py
[2025-12-16T18:00:53.914+0000] {processor.py:826} INFO - Processing file /home/vscode/.local/lib/python3.10/site-packages/airflow/example_dags/plugins/workday.py for tasks to queue
[2025-12-16T18:00:53.915+0000] {logging_mixin.py:150} INFO - [2025-12-16T18:00:53.915+0000] {dagbag.py:541} INFO - Filling up the DagBag from /home/vscode/.local/lib/python3.10/site-packages/airflow/example_dags/plugins/workday.py
[2025-12-16T18:00:53.917+0000] {logging_mixin.py:150} INFO - [2025-12-16T18:00:53.917+0000] {workday.py:36} WARNING - Could not import pandas. Holidays will not be considered.
[2025-12-16T18:00:53.917+0000] {processor.py:838} WARNING - No viable dags retrieved from /home/vscode/.local/lib/python3.10/site-packages/airflow/example_dags/plugins/workday.py
[2025-12-16T18:00:53.923+0000] {processor.py:179} INFO - Processing /home/vscode/.local/lib/python3.10/site-packages/airflow/example_dags/plugins/workday.py took 0.012 seconds
[2025-12-16T18:01:24.851+0000] {processor.py:157} INFO - Started process (PID=7504) to work on /home/vscode/.local/lib/python3.10/site-packages/airflow/example_dags/plugins/workday.py
[2025-12-16T18:01:24.852+0000] {processor.py:826} INFO - Processing file /home/vscode/.local/lib/python3.10/site-packages/airflow/example_dags/plugins/workday.py for tasks to queue
[2025-12-16T18:01:24.853+0000] {logging_mixin.py:150} INFO - [2025-12-16T18:01:24.852+0000] {dagbag.py:541} INFO - Filling up the DagBag from /home/vscode/.local/lib/python3.10/site-packages/airflow/example_dags/plugins/workday.py
[2025-12-16T18:01:24.855+0000] {logging_mixin.py:150} INFO - [2025-12-16T18:01:24.855+0000] {workday.py:36} WARNING - Could not import pandas. Holidays will not be considered.
[2025-12-16T18:01:24.856+0000] {processor.py:838} WARNING - No viable dags retrieved from /home/vscode/.local/lib/python3.10/site-packages/airflow/example_dags/plugins/workday.py
[2025-12-16T18:01:24.864+0000] {processor.py:179} INFO - Processing /home/vscode/.local/lib/python3.10/site-packages/airflow/example_dags/plugins/workday.py took 0.016 seconds
[2025-12-16T18:02:11.053+0000] {processor.py:157} INFO - Started process (PID=7806) to work on /home/vscode/.local/lib/python3.10/site-packages/airflow/example_dags/plugins/workday.py
[2025-12-16T18:02:11.053+0000] {processor.py:826} INFO - Processing file /home/vscode/.local/lib/python3.10/site-packages/airflow/example_dags/plugins/workday.py for tasks to queue
[2025-12-16T18:02:11.054+0000] {logging_mixin.py:150} INFO - [2025-12-16T18:02:11.054+0000] {dagbag.py:541} INFO - Filling up the DagBag from /home/vscode/.local/lib/python3.10/site-packages/airflow/example_dags/plugins/workday.py
[2025-12-16T18:02:11.056+0000] {logging_mixin.py:150} INFO - [2025-12-16T18:02:11.056+0000] {workday.py:36} WARNING - Could not import pandas. Holidays will not be considered.
[2025-12-16T18:02:11.056+0000] {processor.py:838} WARNING - No viable dags retrieved from /home/vscode/.local/lib/python3.10/site-packages/airflow/example_dags/plugins/workday.py
[2025-12-16T18:02:11.063+0000] {processor.py:179} INFO - Processing /home/vscode/.local/lib/python3.10/site-packages/airflow/example_dags/plugins/workday.py took 0.013 seconds
[2025-12-16T18:02:57.119+0000] {processor.py:157} INFO - Started process (PID=8116) to work on /home/vscode/.local/lib/python3.10/site-packages/airflow/example_dags/plugins/workday.py
[2025-12-16T18:02:57.120+0000] {processor.py:826} INFO - Processing file /home/vscode/.local/lib/python3.10/site-packages/airflow/example_dags/plugins/workday.py for tasks to queue
[2025-12-16T18:02:57.121+0000] {logging_mixin.py:150} INFO - [2025-12-16T18:02:57.120+0000] {dagbag.py:541} INFO - Filling up the DagBag from /home/vscode/.local/lib/python3.10/site-packages/airflow/example_dags/plugins/workday.py
[2025-12-16T18:02:57.123+0000] {logging_mixin.py:150} INFO - [2025-12-16T18:02:57.123+0000] {workday.py:36} WARNING - Could not import pandas. Holidays will not be considered.
[2025-12-16T18:02:57.123+0000] {processor.py:838} WARNING - No viable dags retrieved from /home/vscode/.local/lib/python3.10/site-packages/airflow/example_dags/plugins/workday.py
[2025-12-16T18:02:57.130+0000] {processor.py:179} INFO - Processing /home/vscode/.local/lib/python3.10/site-packages/airflow/example_dags/plugins/workday.py took 0.013 seconds
[2025-12-16T18:03:31.944+0000] {processor.py:157} INFO - Started process (PID=8343) to work on /home/vscode/.local/lib/python3.10/site-packages/airflow/example_dags/plugins/workday.py
[2025-12-16T18:03:31.945+0000] {processor.py:826} INFO - Processing file /home/vscode/.local/lib/python3.10/site-packages/airflow/example_dags/plugins/workday.py for tasks to queue
[2025-12-16T18:03:31.945+0000] {logging_mixin.py:150} INFO - [2025-12-16T18:03:31.945+0000] {dagbag.py:541} INFO - Filling up the DagBag from /home/vscode/.local/lib/python3.10/site-packages/airflow/example_dags/plugins/workday.py
[2025-12-16T18:03:31.947+0000] {logging_mixin.py:150} INFO - [2025-12-16T18:03:31.947+0000] {workday.py:36} WARNING - Could not import pandas. Holidays will not be considered.
[2025-12-16T18:03:31.948+0000] {processor.py:838} WARNING - No viable dags retrieved from /home/vscode/.local/lib/python3.10/site-packages/airflow/example_dags/plugins/workday.py
[2025-12-16T18:03:31.954+0000] {processor.py:179} INFO - Processing /home/vscode/.local/lib/python3.10/site-packages/airflow/example_dags/plugins/workday.py took 0.012 seconds
[2025-12-16T18:04:16.946+0000] {processor.py:157} INFO - Started process (PID=8645) to work on /home/vscode/.local/lib/python3.10/site-packages/airflow/example_dags/plugins/workday.py
[2025-12-16T18:04:16.946+0000] {processor.py:826} INFO - Processing file /home/vscode/.local/lib/python3.10/site-packages/airflow/example_dags/plugins/workday.py for tasks to queue
[2025-12-16T18:04:16.947+0000] {logging_mixin.py:150} INFO - [2025-12-16T18:04:16.947+0000] {dagbag.py:541} INFO - Filling up the DagBag from /home/vscode/.local/lib/python3.10/site-packages/airflow/example_dags/plugins/workday.py
[2025-12-16T18:04:16.949+0000] {logging_mixin.py:150} INFO - [2025-12-16T18:04:16.949+0000] {workday.py:36} WARNING - Could not import pandas. Holidays will not be considered.
[2025-12-16T18:04:16.949+0000] {processor.py:838} WARNING - No viable dags retrieved from /home/vscode/.local/lib/python3.10/site-packages/airflow/example_dags/plugins/workday.py
[2025-12-16T18:04:16.956+0000] {processor.py:179} INFO - Processing /home/vscode/.local/lib/python3.10/site-packages/airflow/example_dags/plugins/workday.py took 0.013 seconds
[2025-12-16T18:04:50.843+0000] {processor.py:157} INFO - Started process (PID=8874) to work on /home/vscode/.local/lib/python3.10/site-packages/airflow/example_dags/plugins/workday.py
[2025-12-16T18:04:50.844+0000] {processor.py:826} INFO - Processing file /home/vscode/.local/lib/python3.10/site-packages/airflow/example_dags/plugins/workday.py for tasks to queue
[2025-12-16T18:04:50.844+0000] {logging_mixin.py:150} INFO - [2025-12-16T18:04:50.844+0000] {dagbag.py:541} INFO - Filling up the DagBag from /home/vscode/.local/lib/python3.10/site-packages/airflow/example_dags/plugins/workday.py
[2025-12-16T18:04:50.846+0000] {logging_mixin.py:150} INFO - [2025-12-16T18:04:50.846+0000] {workday.py:36} WARNING - Could not import pandas. Holidays will not be considered.
[2025-12-16T18:04:50.847+0000] {processor.py:838} WARNING - No viable dags retrieved from /home/vscode/.local/lib/python3.10/site-packages/airflow/example_dags/plugins/workday.py
[2025-12-16T18:04:50.854+0000] {processor.py:179} INFO - Processing /home/vscode/.local/lib/python3.10/site-packages/airflow/example_dags/plugins/workday.py took 0.013 seconds
[2025-12-16T18:05:23.690+0000] {processor.py:157} INFO - Started process (PID=9090) to work on /home/vscode/.local/lib/python3.10/site-packages/airflow/example_dags/plugins/workday.py
[2025-12-16T18:05:23.691+0000] {processor.py:826} INFO - Processing file /home/vscode/.local/lib/python3.10/site-packages/airflow/example_dags/plugins/workday.py for tasks to queue
[2025-12-16T18:05:23.691+0000] {logging_mixin.py:150} INFO - [2025-12-16T18:05:23.691+0000] {dagbag.py:541} INFO - Filling up the DagBag from /home/vscode/.local/lib/python3.10/site-packages/airflow/example_dags/plugins/workday.py
[2025-12-16T18:05:23.693+0000] {logging_mixin.py:150} INFO - [2025-12-16T18:05:23.693+0000] {workday.py:36} WARNING - Could not import pandas. Holidays will not be considered.
[2025-12-16T18:05:23.694+0000] {processor.py:838} WARNING - No viable dags retrieved from /home/vscode/.local/lib/python3.10/site-packages/airflow/example_dags/plugins/workday.py
[2025-12-16T18:05:23.700+0000] {processor.py:179} INFO - Processing /home/vscode/.local/lib/python3.10/site-packages/airflow/example_dags/plugins/workday.py took 0.012 seconds
[2025-12-16T18:06:08.790+0000] {processor.py:157} INFO - Started process (PID=9393) to work on /home/vscode/.local/lib/python3.10/site-packages/airflow/example_dags/plugins/workday.py
[2025-12-16T18:06:08.791+0000] {processor.py:826} INFO - Processing file /home/vscode/.local/lib/python3.10/site-packages/airflow/example_dags/plugins/workday.py for tasks to queue
[2025-12-16T18:06:08.791+0000] {logging_mixin.py:150} INFO - [2025-12-16T18:06:08.791+0000] {dagbag.py:541} INFO - Filling up the DagBag from /home/vscode/.local/lib/python3.10/site-packages/airflow/example_dags/plugins/workday.py
[2025-12-16T18:06:08.793+0000] {logging_mixin.py:150} INFO - [2025-12-16T18:06:08.793+0000] {workday.py:36} WARNING - Could not import pandas. Holidays will not be considered.
[2025-12-16T18:06:08.794+0000] {processor.py:838} WARNING - No viable dags retrieved from /home/vscode/.local/lib/python3.10/site-packages/airflow/example_dags/plugins/workday.py
[2025-12-16T18:06:08.800+0000] {processor.py:179} INFO - Processing /home/vscode/.local/lib/python3.10/site-packages/airflow/example_dags/plugins/workday.py took 0.012 seconds
[2025-12-16T18:06:55.032+0000] {processor.py:157} INFO - Started process (PID=9694) to work on /home/vscode/.local/lib/python3.10/site-packages/airflow/example_dags/plugins/workday.py
[2025-12-16T18:06:55.033+0000] {processor.py:826} INFO - Processing file /home/vscode/.local/lib/python3.10/site-packages/airflow/example_dags/plugins/workday.py for tasks to queue
[2025-12-16T18:06:55.034+0000] {logging_mixin.py:150} INFO - [2025-12-16T18:06:55.033+0000] {dagbag.py:541} INFO - Filling up the DagBag from /home/vscode/.local/lib/python3.10/site-packages/airflow/example_dags/plugins/workday.py
[2025-12-16T18:06:55.037+0000] {logging_mixin.py:150} INFO - [2025-12-16T18:06:55.037+0000] {workday.py:36} WARNING - Could not import pandas. Holidays will not be considered.
[2025-12-16T18:06:55.037+0000] {processor.py:838} WARNING - No viable dags retrieved from /home/vscode/.local/lib/python3.10/site-packages/airflow/example_dags/plugins/workday.py
[2025-12-16T18:06:55.046+0000] {processor.py:179} INFO - Processing /home/vscode/.local/lib/python3.10/site-packages/airflow/example_dags/plugins/workday.py took 0.018 seconds
[2025-12-16T18:07:28.204+0000] {processor.py:157} INFO - Started process (PID=9919) to work on /home/vscode/.local/lib/python3.10/site-packages/airflow/example_dags/plugins/workday.py
[2025-12-16T18:07:28.205+0000] {processor.py:826} INFO - Processing file /home/vscode/.local/lib/python3.10/site-packages/airflow/example_dags/plugins/workday.py for tasks to queue
[2025-12-16T18:07:28.205+0000] {logging_mixin.py:150} INFO - [2025-12-16T18:07:28.205+0000] {dagbag.py:541} INFO - Filling up the DagBag from /home/vscode/.local/lib/python3.10/site-packages/airflow/example_dags/plugins/workday.py
[2025-12-16T18:07:28.208+0000] {logging_mixin.py:150} INFO - [2025-12-16T18:07:28.207+0000] {workday.py:36} WARNING - Could not import pandas. Holidays will not be considered.
[2025-12-16T18:07:28.208+0000] {processor.py:838} WARNING - No viable dags retrieved from /home/vscode/.local/lib/python3.10/site-packages/airflow/example_dags/plugins/workday.py
[2025-12-16T18:07:28.215+0000] {processor.py:179} INFO - Processing /home/vscode/.local/lib/python3.10/site-packages/airflow/example_dags/plugins/workday.py took 0.012 seconds
[2025-12-16T18:08:01.863+0000] {processor.py:157} INFO - Started process (PID=10135) to work on /home/vscode/.local/lib/python3.10/site-packages/airflow/example_dags/plugins/workday.py
[2025-12-16T18:08:01.864+0000] {processor.py:826} INFO - Processing file /home/vscode/.local/lib/python3.10/site-packages/airflow/example_dags/plugins/workday.py for tasks to queue
[2025-12-16T18:08:01.865+0000] {logging_mixin.py:150} INFO - [2025-12-16T18:08:01.864+0000] {dagbag.py:541} INFO - Filling up the DagBag from /home/vscode/.local/lib/python3.10/site-packages/airflow/example_dags/plugins/workday.py
[2025-12-16T18:08:01.867+0000] {logging_mixin.py:150} INFO - [2025-12-16T18:08:01.867+0000] {workday.py:36} WARNING - Could not import pandas. Holidays will not be considered.
[2025-12-16T18:08:01.867+0000] {processor.py:838} WARNING - No viable dags retrieved from /home/vscode/.local/lib/python3.10/site-packages/airflow/example_dags/plugins/workday.py
[2025-12-16T18:08:01.874+0000] {processor.py:179} INFO - Processing /home/vscode/.local/lib/python3.10/site-packages/airflow/example_dags/plugins/workday.py took 0.013 seconds
[2025-12-16T18:08:33.805+0000] {processor.py:157} INFO - Started process (PID=10351) to work on /home/vscode/.local/lib/python3.10/site-packages/airflow/example_dags/plugins/workday.py
[2025-12-16T18:08:33.805+0000] {processor.py:826} INFO - Processing file /home/vscode/.local/lib/python3.10/site-packages/airflow/example_dags/plugins/workday.py for tasks to queue
[2025-12-16T18:08:33.806+0000] {logging_mixin.py:150} INFO - [2025-12-16T18:08:33.806+0000] {dagbag.py:541} INFO - Filling up the DagBag from /home/vscode/.local/lib/python3.10/site-packages/airflow/example_dags/plugins/workday.py
[2025-12-16T18:08:33.808+0000] {logging_mixin.py:150} INFO - [2025-12-16T18:08:33.808+0000] {workday.py:36} WARNING - Could not import pandas. Holidays will not be considered.
[2025-12-16T18:08:33.808+0000] {processor.py:838} WARNING - No viable dags retrieved from /home/vscode/.local/lib/python3.10/site-packages/airflow/example_dags/plugins/workday.py
[2025-12-16T18:08:33.816+0000] {processor.py:179} INFO - Processing /home/vscode/.local/lib/python3.10/site-packages/airflow/example_dags/plugins/workday.py took 0.013 seconds
[2025-12-16T18:09:19.343+0000] {processor.py:157} INFO - Started process (PID=10659) to work on /home/vscode/.local/lib/python3.10/site-packages/airflow/example_dags/plugins/workday.py
[2025-12-16T18:09:19.343+0000] {processor.py:826} INFO - Processing file /home/vscode/.local/lib/python3.10/site-packages/airflow/example_dags/plugins/workday.py for tasks to queue
[2025-12-16T18:09:19.344+0000] {logging_mixin.py:150} INFO - [2025-12-16T18:09:19.344+0000] {dagbag.py:541} INFO - Filling up the DagBag from /home/vscode/.local/lib/python3.10/site-packages/airflow/example_dags/plugins/workday.py
[2025-12-16T18:09:19.346+0000] {logging_mixin.py:150} INFO - [2025-12-16T18:09:19.346+0000] {workday.py:36} WARNING - Could not import pandas. Holidays will not be considered.
[2025-12-16T18:09:19.346+0000] {processor.py:838} WARNING - No viable dags retrieved from /home/vscode/.local/lib/python3.10/site-packages/airflow/example_dags/plugins/workday.py
[2025-12-16T18:09:19.353+0000] {processor.py:179} INFO - Processing /home/vscode/.local/lib/python3.10/site-packages/airflow/example_dags/plugins/workday.py took 0.013 seconds
[2025-12-16T18:09:51.292+0000] {processor.py:157} INFO - Started process (PID=10868) to work on /home/vscode/.local/lib/python3.10/site-packages/airflow/example_dags/plugins/workday.py
[2025-12-16T18:09:51.293+0000] {processor.py:826} INFO - Processing file /home/vscode/.local/lib/python3.10/site-packages/airflow/example_dags/plugins/workday.py for tasks to queue
[2025-12-16T18:09:51.293+0000] {logging_mixin.py:150} INFO - [2025-12-16T18:09:51.293+0000] {dagbag.py:541} INFO - Filling up the DagBag from /home/vscode/.local/lib/python3.10/site-packages/airflow/example_dags/plugins/workday.py
[2025-12-16T18:09:51.295+0000] {logging_mixin.py:150} INFO - [2025-12-16T18:09:51.295+0000] {workday.py:36} WARNING - Could not import pandas. Holidays will not be considered.
[2025-12-16T18:09:51.296+0000] {processor.py:838} WARNING - No viable dags retrieved from /home/vscode/.local/lib/python3.10/site-packages/airflow/example_dags/plugins/workday.py
[2025-12-16T18:09:51.302+0000] {processor.py:179} INFO - Processing /home/vscode/.local/lib/python3.10/site-packages/airflow/example_dags/plugins/workday.py took 0.012 seconds
[2025-12-16T18:10:22.779+0000] {processor.py:157} INFO - Started process (PID=11077) to work on /home/vscode/.local/lib/python3.10/site-packages/airflow/example_dags/plugins/workday.py
[2025-12-16T18:10:22.780+0000] {processor.py:826} INFO - Processing file /home/vscode/.local/lib/python3.10/site-packages/airflow/example_dags/plugins/workday.py for tasks to queue
[2025-12-16T18:10:22.781+0000] {logging_mixin.py:150} INFO - [2025-12-16T18:10:22.781+0000] {dagbag.py:541} INFO - Filling up the DagBag from /home/vscode/.local/lib/python3.10/site-packages/airflow/example_dags/plugins/workday.py
[2025-12-16T18:10:22.783+0000] {logging_mixin.py:150} INFO - [2025-12-16T18:10:22.783+0000] {workday.py:36} WARNING - Could not import pandas. Holidays will not be considered.
[2025-12-16T18:10:22.784+0000] {processor.py:838} WARNING - No viable dags retrieved from /home/vscode/.local/lib/python3.10/site-packages/airflow/example_dags/plugins/workday.py
[2025-12-16T18:10:22.790+0000] {processor.py:179} INFO - Processing /home/vscode/.local/lib/python3.10/site-packages/airflow/example_dags/plugins/workday.py took 0.014 seconds
[2025-12-16T18:10:56.607+0000] {processor.py:157} INFO - Started process (PID=11299) to work on /home/vscode/.local/lib/python3.10/site-packages/airflow/example_dags/plugins/workday.py
[2025-12-16T18:10:56.607+0000] {processor.py:826} INFO - Processing file /home/vscode/.local/lib/python3.10/site-packages/airflow/example_dags/plugins/workday.py for tasks to queue
[2025-12-16T18:10:56.608+0000] {logging_mixin.py:150} INFO - [2025-12-16T18:10:56.607+0000] {dagbag.py:541} INFO - Filling up the DagBag from /home/vscode/.local/lib/python3.10/site-packages/airflow/example_dags/plugins/workday.py
[2025-12-16T18:10:56.610+0000] {logging_mixin.py:150} INFO - [2025-12-16T18:10:56.610+0000] {workday.py:36} WARNING - Could not import pandas. Holidays will not be considered.
[2025-12-16T18:10:56.610+0000] {processor.py:838} WARNING - No viable dags retrieved from /home/vscode/.local/lib/python3.10/site-packages/airflow/example_dags/plugins/workday.py
[2025-12-16T18:10:56.617+0000] {processor.py:179} INFO - Processing /home/vscode/.local/lib/python3.10/site-packages/airflow/example_dags/plugins/workday.py took 0.012 seconds
[2025-12-16T18:11:30.809+0000] {processor.py:157} INFO - Started process (PID=11531) to work on /home/vscode/.local/lib/python3.10/site-packages/airflow/example_dags/plugins/workday.py
[2025-12-16T18:11:30.810+0000] {processor.py:826} INFO - Processing file /home/vscode/.local/lib/python3.10/site-packages/airflow/example_dags/plugins/workday.py for tasks to queue
[2025-12-16T18:11:30.810+0000] {logging_mixin.py:150} INFO - [2025-12-16T18:11:30.810+0000] {dagbag.py:541} INFO - Filling up the DagBag from /home/vscode/.local/lib/python3.10/site-packages/airflow/example_dags/plugins/workday.py
[2025-12-16T18:11:30.812+0000] {logging_mixin.py:150} INFO - [2025-12-16T18:11:30.812+0000] {workday.py:36} WARNING - Could not import pandas. Holidays will not be considered.
[2025-12-16T18:11:30.813+0000] {processor.py:838} WARNING - No viable dags retrieved from /home/vscode/.local/lib/python3.10/site-packages/airflow/example_dags/plugins/workday.py
[2025-12-16T18:11:30.819+0000] {processor.py:179} INFO - Processing /home/vscode/.local/lib/python3.10/site-packages/airflow/example_dags/plugins/workday.py took 0.012 seconds
[2025-12-16T18:12:18.747+0000] {processor.py:157} INFO - Started process (PID=11842) to work on /home/vscode/.local/lib/python3.10/site-packages/airflow/example_dags/plugins/workday.py
[2025-12-16T18:12:18.748+0000] {processor.py:826} INFO - Processing file /home/vscode/.local/lib/python3.10/site-packages/airflow/example_dags/plugins/workday.py for tasks to queue
[2025-12-16T18:12:18.748+0000] {logging_mixin.py:150} INFO - [2025-12-16T18:12:18.748+0000] {dagbag.py:541} INFO - Filling up the DagBag from /home/vscode/.local/lib/python3.10/site-packages/airflow/example_dags/plugins/workday.py
[2025-12-16T18:12:18.750+0000] {logging_mixin.py:150} INFO - [2025-12-16T18:12:18.750+0000] {workday.py:36} WARNING - Could not import pandas. Holidays will not be considered.
[2025-12-16T18:12:18.750+0000] {processor.py:838} WARNING - No viable dags retrieved from /home/vscode/.local/lib/python3.10/site-packages/airflow/example_dags/plugins/workday.py
[2025-12-16T18:12:18.757+0000] {processor.py:179} INFO - Processing /home/vscode/.local/lib/python3.10/site-packages/airflow/example_dags/plugins/workday.py took 0.012 seconds
[2025-12-16T18:12:54.600+0000] {processor.py:157} INFO - Started process (PID=12081) to work on /home/vscode/.local/lib/python3.10/site-packages/airflow/example_dags/plugins/workday.py
[2025-12-16T18:12:54.600+0000] {processor.py:826} INFO - Processing file /home/vscode/.local/lib/python3.10/site-packages/airflow/example_dags/plugins/workday.py for tasks to queue
[2025-12-16T18:12:54.601+0000] {logging_mixin.py:150} INFO - [2025-12-16T18:12:54.600+0000] {dagbag.py:541} INFO - Filling up the DagBag from /home/vscode/.local/lib/python3.10/site-packages/airflow/example_dags/plugins/workday.py
[2025-12-16T18:12:54.603+0000] {logging_mixin.py:150} INFO - [2025-12-16T18:12:54.603+0000] {workday.py:36} WARNING - Could not import pandas. Holidays will not be considered.
[2025-12-16T18:12:54.603+0000] {processor.py:838} WARNING - No viable dags retrieved from /home/vscode/.local/lib/python3.10/site-packages/airflow/example_dags/plugins/workday.py
[2025-12-16T18:12:54.609+0000] {processor.py:179} INFO - Processing /home/vscode/.local/lib/python3.10/site-packages/airflow/example_dags/plugins/workday.py took 0.012 seconds
[2025-12-16T18:13:36.890+0000] {processor.py:157} INFO - Started process (PID=12367) to work on /home/vscode/.local/lib/python3.10/site-packages/airflow/example_dags/plugins/workday.py
[2025-12-16T18:13:36.891+0000] {processor.py:826} INFO - Processing file /home/vscode/.local/lib/python3.10/site-packages/airflow/example_dags/plugins/workday.py for tasks to queue
[2025-12-16T18:13:36.892+0000] {logging_mixin.py:150} INFO - [2025-12-16T18:13:36.891+0000] {dagbag.py:541} INFO - Filling up the DagBag from /home/vscode/.local/lib/python3.10/site-packages/airflow/example_dags/plugins/workday.py
[2025-12-16T18:13:36.894+0000] {logging_mixin.py:150} INFO - [2025-12-16T18:13:36.893+0000] {workday.py:36} WARNING - Could not import pandas. Holidays will not be considered.
[2025-12-16T18:13:36.894+0000] {processor.py:838} WARNING - No viable dags retrieved from /home/vscode/.local/lib/python3.10/site-packages/airflow/example_dags/plugins/workday.py
[2025-12-16T18:13:36.900+0000] {processor.py:179} INFO - Processing /home/vscode/.local/lib/python3.10/site-packages/airflow/example_dags/plugins/workday.py took 0.012 seconds
[2025-12-16T18:14:10.007+0000] {processor.py:157} INFO - Started process (PID=12583) to work on /home/vscode/.local/lib/python3.10/site-packages/airflow/example_dags/plugins/workday.py
[2025-12-16T18:14:10.008+0000] {processor.py:826} INFO - Processing file /home/vscode/.local/lib/python3.10/site-packages/airflow/example_dags/plugins/workday.py for tasks to queue
[2025-12-16T18:14:10.009+0000] {logging_mixin.py:150} INFO - [2025-12-16T18:14:10.008+0000] {dagbag.py:541} INFO - Filling up the DagBag from /home/vscode/.local/lib/python3.10/site-packages/airflow/example_dags/plugins/workday.py
[2025-12-16T18:14:10.012+0000] {logging_mixin.py:150} INFO - [2025-12-16T18:14:10.012+0000] {workday.py:36} WARNING - Could not import pandas. Holidays will not be considered.
[2025-12-16T18:14:10.012+0000] {processor.py:838} WARNING - No viable dags retrieved from /home/vscode/.local/lib/python3.10/site-packages/airflow/example_dags/plugins/workday.py
[2025-12-16T18:14:10.021+0000] {processor.py:179} INFO - Processing /home/vscode/.local/lib/python3.10/site-packages/airflow/example_dags/plugins/workday.py took 0.017 seconds
[2025-12-16T18:14:44.039+0000] {processor.py:157} INFO - Started process (PID=12814) to work on /home/vscode/.local/lib/python3.10/site-packages/airflow/example_dags/plugins/workday.py
[2025-12-16T18:14:44.040+0000] {processor.py:826} INFO - Processing file /home/vscode/.local/lib/python3.10/site-packages/airflow/example_dags/plugins/workday.py for tasks to queue
[2025-12-16T18:14:44.040+0000] {logging_mixin.py:150} INFO - [2025-12-16T18:14:44.040+0000] {dagbag.py:541} INFO - Filling up the DagBag from /home/vscode/.local/lib/python3.10/site-packages/airflow/example_dags/plugins/workday.py
[2025-12-16T18:14:44.042+0000] {logging_mixin.py:150} INFO - [2025-12-16T18:14:44.042+0000] {workday.py:36} WARNING - Could not import pandas. Holidays will not be considered.
[2025-12-16T18:14:44.043+0000] {processor.py:838} WARNING - No viable dags retrieved from /home/vscode/.local/lib/python3.10/site-packages/airflow/example_dags/plugins/workday.py
[2025-12-16T18:14:44.049+0000] {processor.py:179} INFO - Processing /home/vscode/.local/lib/python3.10/site-packages/airflow/example_dags/plugins/workday.py took 0.012 seconds
[2025-12-16T18:15:16.314+0000] {processor.py:157} INFO - Started process (PID=13029) to work on /home/vscode/.local/lib/python3.10/site-packages/airflow/example_dags/plugins/workday.py
[2025-12-16T18:15:16.314+0000] {processor.py:826} INFO - Processing file /home/vscode/.local/lib/python3.10/site-packages/airflow/example_dags/plugins/workday.py for tasks to queue
[2025-12-16T18:15:16.315+0000] {logging_mixin.py:150} INFO - [2025-12-16T18:15:16.315+0000] {dagbag.py:541} INFO - Filling up the DagBag from /home/vscode/.local/lib/python3.10/site-packages/airflow/example_dags/plugins/workday.py
[2025-12-16T18:15:16.317+0000] {logging_mixin.py:150} INFO - [2025-12-16T18:15:16.317+0000] {workday.py:36} WARNING - Could not import pandas. Holidays will not be considered.
[2025-12-16T18:15:16.318+0000] {processor.py:838} WARNING - No viable dags retrieved from /home/vscode/.local/lib/python3.10/site-packages/airflow/example_dags/plugins/workday.py
[2025-12-16T18:15:16.325+0000] {processor.py:179} INFO - Processing /home/vscode/.local/lib/python3.10/site-packages/airflow/example_dags/plugins/workday.py took 0.014 seconds
[2025-12-16T18:15:49.216+0000] {processor.py:157} INFO - Started process (PID=13245) to work on /home/vscode/.local/lib/python3.10/site-packages/airflow/example_dags/plugins/workday.py
[2025-12-16T18:15:49.216+0000] {processor.py:826} INFO - Processing file /home/vscode/.local/lib/python3.10/site-packages/airflow/example_dags/plugins/workday.py for tasks to queue
[2025-12-16T18:15:49.217+0000] {logging_mixin.py:150} INFO - [2025-12-16T18:15:49.217+0000] {dagbag.py:541} INFO - Filling up the DagBag from /home/vscode/.local/lib/python3.10/site-packages/airflow/example_dags/plugins/workday.py
[2025-12-16T18:15:49.220+0000] {logging_mixin.py:150} INFO - [2025-12-16T18:15:49.220+0000] {workday.py:36} WARNING - Could not import pandas. Holidays will not be considered.
[2025-12-16T18:15:49.220+0000] {processor.py:838} WARNING - No viable dags retrieved from /home/vscode/.local/lib/python3.10/site-packages/airflow/example_dags/plugins/workday.py
[2025-12-16T18:15:49.230+0000] {processor.py:179} INFO - Processing /home/vscode/.local/lib/python3.10/site-packages/airflow/example_dags/plugins/workday.py took 0.017 seconds
[2025-12-16T18:16:20.358+0000] {processor.py:157} INFO - Started process (PID=13453) to work on /home/vscode/.local/lib/python3.10/site-packages/airflow/example_dags/plugins/workday.py
[2025-12-16T18:16:20.359+0000] {processor.py:826} INFO - Processing file /home/vscode/.local/lib/python3.10/site-packages/airflow/example_dags/plugins/workday.py for tasks to queue
[2025-12-16T18:16:20.359+0000] {logging_mixin.py:150} INFO - [2025-12-16T18:16:20.359+0000] {dagbag.py:541} INFO - Filling up the DagBag from /home/vscode/.local/lib/python3.10/site-packages/airflow/example_dags/plugins/workday.py
[2025-12-16T18:16:20.361+0000] {logging_mixin.py:150} INFO - [2025-12-16T18:16:20.361+0000] {workday.py:36} WARNING - Could not import pandas. Holidays will not be considered.
[2025-12-16T18:16:20.362+0000] {processor.py:838} WARNING - No viable dags retrieved from /home/vscode/.local/lib/python3.10/site-packages/airflow/example_dags/plugins/workday.py
[2025-12-16T18:16:20.369+0000] {processor.py:179} INFO - Processing /home/vscode/.local/lib/python3.10/site-packages/airflow/example_dags/plugins/workday.py took 0.013 seconds
[2025-12-16T18:16:54.193+0000] {processor.py:157} INFO - Started process (PID=13676) to work on /home/vscode/.local/lib/python3.10/site-packages/airflow/example_dags/plugins/workday.py
[2025-12-16T18:16:54.194+0000] {processor.py:826} INFO - Processing file /home/vscode/.local/lib/python3.10/site-packages/airflow/example_dags/plugins/workday.py for tasks to queue
[2025-12-16T18:16:54.194+0000] {logging_mixin.py:150} INFO - [2025-12-16T18:16:54.194+0000] {dagbag.py:541} INFO - Filling up the DagBag from /home/vscode/.local/lib/python3.10/site-packages/airflow/example_dags/plugins/workday.py
[2025-12-16T18:16:54.196+0000] {logging_mixin.py:150} INFO - [2025-12-16T18:16:54.196+0000] {workday.py:36} WARNING - Could not import pandas. Holidays will not be considered.
[2025-12-16T18:16:54.197+0000] {processor.py:838} WARNING - No viable dags retrieved from /home/vscode/.local/lib/python3.10/site-packages/airflow/example_dags/plugins/workday.py
[2025-12-16T18:16:54.203+0000] {processor.py:179} INFO - Processing /home/vscode/.local/lib/python3.10/site-packages/airflow/example_dags/plugins/workday.py took 0.012 seconds
[2025-12-16T18:17:26.926+0000] {processor.py:157} INFO - Started process (PID=13892) to work on /home/vscode/.local/lib/python3.10/site-packages/airflow/example_dags/plugins/workday.py
[2025-12-16T18:17:26.927+0000] {processor.py:826} INFO - Processing file /home/vscode/.local/lib/python3.10/site-packages/airflow/example_dags/plugins/workday.py for tasks to queue
[2025-12-16T18:17:26.928+0000] {logging_mixin.py:150} INFO - [2025-12-16T18:17:26.927+0000] {dagbag.py:541} INFO - Filling up the DagBag from /home/vscode/.local/lib/python3.10/site-packages/airflow/example_dags/plugins/workday.py
[2025-12-16T18:17:26.930+0000] {logging_mixin.py:150} INFO - [2025-12-16T18:17:26.929+0000] {workday.py:36} WARNING - Could not import pandas. Holidays will not be considered.
[2025-12-16T18:17:26.930+0000] {processor.py:838} WARNING - No viable dags retrieved from /home/vscode/.local/lib/python3.10/site-packages/airflow/example_dags/plugins/workday.py
[2025-12-16T18:17:26.936+0000] {processor.py:179} INFO - Processing /home/vscode/.local/lib/python3.10/site-packages/airflow/example_dags/plugins/workday.py took 0.012 seconds
[2025-12-16T18:17:58.728+0000] {processor.py:157} INFO - Started process (PID=14106) to work on /home/vscode/.local/lib/python3.10/site-packages/airflow/example_dags/plugins/workday.py
[2025-12-16T18:17:58.729+0000] {processor.py:826} INFO - Processing file /home/vscode/.local/lib/python3.10/site-packages/airflow/example_dags/plugins/workday.py for tasks to queue
[2025-12-16T18:17:58.730+0000] {logging_mixin.py:150} INFO - [2025-12-16T18:17:58.729+0000] {dagbag.py:541} INFO - Filling up the DagBag from /home/vscode/.local/lib/python3.10/site-packages/airflow/example_dags/plugins/workday.py
[2025-12-16T18:17:58.732+0000] {logging_mixin.py:150} INFO - [2025-12-16T18:17:58.732+0000] {workday.py:36} WARNING - Could not import pandas. Holidays will not be considered.
[2025-12-16T18:17:58.732+0000] {processor.py:838} WARNING - No viable dags retrieved from /home/vscode/.local/lib/python3.10/site-packages/airflow/example_dags/plugins/workday.py
[2025-12-16T18:17:58.739+0000] {processor.py:179} INFO - Processing /home/vscode/.local/lib/python3.10/site-packages/airflow/example_dags/plugins/workday.py took 0.014 seconds
[2025-12-16T18:18:43.905+0000] {processor.py:157} INFO - Started process (PID=14407) to work on /home/vscode/.local/lib/python3.10/site-packages/airflow/example_dags/plugins/workday.py
[2025-12-16T18:18:43.906+0000] {processor.py:826} INFO - Processing file /home/vscode/.local/lib/python3.10/site-packages/airflow/example_dags/plugins/workday.py for tasks to queue
[2025-12-16T18:18:43.907+0000] {logging_mixin.py:150} INFO - [2025-12-16T18:18:43.906+0000] {dagbag.py:541} INFO - Filling up the DagBag from /home/vscode/.local/lib/python3.10/site-packages/airflow/example_dags/plugins/workday.py
[2025-12-16T18:18:43.909+0000] {logging_mixin.py:150} INFO - [2025-12-16T18:18:43.909+0000] {workday.py:36} WARNING - Could not import pandas. Holidays will not be considered.
[2025-12-16T18:18:43.909+0000] {processor.py:838} WARNING - No viable dags retrieved from /home/vscode/.local/lib/python3.10/site-packages/airflow/example_dags/plugins/workday.py
[2025-12-16T18:18:43.915+0000] {processor.py:179} INFO - Processing /home/vscode/.local/lib/python3.10/site-packages/airflow/example_dags/plugins/workday.py took 0.012 seconds
[2025-12-16T18:19:15.852+0000] {processor.py:157} INFO - Started process (PID=14621) to work on /home/vscode/.local/lib/python3.10/site-packages/airflow/example_dags/plugins/workday.py
[2025-12-16T18:19:15.853+0000] {processor.py:826} INFO - Processing file /home/vscode/.local/lib/python3.10/site-packages/airflow/example_dags/plugins/workday.py for tasks to queue
[2025-12-16T18:19:15.854+0000] {logging_mixin.py:150} INFO - [2025-12-16T18:19:15.853+0000] {dagbag.py:541} INFO - Filling up the DagBag from /home/vscode/.local/lib/python3.10/site-packages/airflow/example_dags/plugins/workday.py
[2025-12-16T18:19:15.856+0000] {logging_mixin.py:150} INFO - [2025-12-16T18:19:15.855+0000] {workday.py:36} WARNING - Could not import pandas. Holidays will not be considered.
[2025-12-16T18:19:15.856+0000] {processor.py:838} WARNING - No viable dags retrieved from /home/vscode/.local/lib/python3.10/site-packages/airflow/example_dags/plugins/workday.py
[2025-12-16T18:19:15.863+0000] {processor.py:179} INFO - Processing /home/vscode/.local/lib/python3.10/site-packages/airflow/example_dags/plugins/workday.py took 0.012 seconds
[2025-12-16T18:20:00.952+0000] {processor.py:157} INFO - Started process (PID=14917) to work on /home/vscode/.local/lib/python3.10/site-packages/airflow/example_dags/plugins/workday.py
[2025-12-16T18:20:00.953+0000] {processor.py:826} INFO - Processing file /home/vscode/.local/lib/python3.10/site-packages/airflow/example_dags/plugins/workday.py for tasks to queue
[2025-12-16T18:20:00.953+0000] {logging_mixin.py:150} INFO - [2025-12-16T18:20:00.953+0000] {dagbag.py:541} INFO - Filling up the DagBag from /home/vscode/.local/lib/python3.10/site-packages/airflow/example_dags/plugins/workday.py
[2025-12-16T18:20:00.955+0000] {logging_mixin.py:150} INFO - [2025-12-16T18:20:00.955+0000] {workday.py:36} WARNING - Could not import pandas. Holidays will not be considered.
[2025-12-16T18:20:00.956+0000] {processor.py:838} WARNING - No viable dags retrieved from /home/vscode/.local/lib/python3.10/site-packages/airflow/example_dags/plugins/workday.py
[2025-12-16T18:20:00.962+0000] {processor.py:179} INFO - Processing /home/vscode/.local/lib/python3.10/site-packages/airflow/example_dags/plugins/workday.py took 0.012 seconds
[2025-12-16T18:20:34.324+0000] {processor.py:157} INFO - Started process (PID=15141) to work on /home/vscode/.local/lib/python3.10/site-packages/airflow/example_dags/plugins/workday.py
[2025-12-16T18:20:34.324+0000] {processor.py:826} INFO - Processing file /home/vscode/.local/lib/python3.10/site-packages/airflow/example_dags/plugins/workday.py for tasks to queue
[2025-12-16T18:20:34.325+0000] {logging_mixin.py:150} INFO - [2025-12-16T18:20:34.325+0000] {dagbag.py:541} INFO - Filling up the DagBag from /home/vscode/.local/lib/python3.10/site-packages/airflow/example_dags/plugins/workday.py
[2025-12-16T18:20:34.327+0000] {logging_mixin.py:150} INFO - [2025-12-16T18:20:34.327+0000] {workday.py:36} WARNING - Could not import pandas. Holidays will not be considered.
[2025-12-16T18:20:34.327+0000] {processor.py:838} WARNING - No viable dags retrieved from /home/vscode/.local/lib/python3.10/site-packages/airflow/example_dags/plugins/workday.py
[2025-12-16T18:20:34.334+0000] {processor.py:179} INFO - Processing /home/vscode/.local/lib/python3.10/site-packages/airflow/example_dags/plugins/workday.py took 0.013 seconds
[2025-12-16T18:21:20.935+0000] {processor.py:157} INFO - Started process (PID=15446) to work on /home/vscode/.local/lib/python3.10/site-packages/airflow/example_dags/plugins/workday.py
[2025-12-16T18:21:20.935+0000] {processor.py:826} INFO - Processing file /home/vscode/.local/lib/python3.10/site-packages/airflow/example_dags/plugins/workday.py for tasks to queue
[2025-12-16T18:21:20.936+0000] {logging_mixin.py:150} INFO - [2025-12-16T18:21:20.935+0000] {dagbag.py:541} INFO - Filling up the DagBag from /home/vscode/.local/lib/python3.10/site-packages/airflow/example_dags/plugins/workday.py
[2025-12-16T18:21:20.938+0000] {logging_mixin.py:150} INFO - [2025-12-16T18:21:20.938+0000] {workday.py:36} WARNING - Could not import pandas. Holidays will not be considered.
[2025-12-16T18:21:20.938+0000] {processor.py:838} WARNING - No viable dags retrieved from /home/vscode/.local/lib/python3.10/site-packages/airflow/example_dags/plugins/workday.py
[2025-12-16T18:21:20.945+0000] {processor.py:179} INFO - Processing /home/vscode/.local/lib/python3.10/site-packages/airflow/example_dags/plugins/workday.py took 0.013 seconds
[2025-12-16T18:21:53.905+0000] {processor.py:157} INFO - Started process (PID=15675) to work on /home/vscode/.local/lib/python3.10/site-packages/airflow/example_dags/plugins/workday.py
[2025-12-16T18:21:53.906+0000] {processor.py:826} INFO - Processing file /home/vscode/.local/lib/python3.10/site-packages/airflow/example_dags/plugins/workday.py for tasks to queue
[2025-12-16T18:21:53.906+0000] {logging_mixin.py:150} INFO - [2025-12-16T18:21:53.906+0000] {dagbag.py:541} INFO - Filling up the DagBag from /home/vscode/.local/lib/python3.10/site-packages/airflow/example_dags/plugins/workday.py
[2025-12-16T18:21:53.908+0000] {logging_mixin.py:150} INFO - [2025-12-16T18:21:53.908+0000] {workday.py:36} WARNING - Could not import pandas. Holidays will not be considered.
[2025-12-16T18:21:53.908+0000] {processor.py:838} WARNING - No viable dags retrieved from /home/vscode/.local/lib/python3.10/site-packages/airflow/example_dags/plugins/workday.py
[2025-12-16T18:21:53.915+0000] {processor.py:179} INFO - Processing /home/vscode/.local/lib/python3.10/site-packages/airflow/example_dags/plugins/workday.py took 0.012 seconds
[2025-12-16T18:22:26.096+0000] {processor.py:157} INFO - Started process (PID=15884) to work on /home/vscode/.local/lib/python3.10/site-packages/airflow/example_dags/plugins/workday.py
[2025-12-16T18:22:26.097+0000] {processor.py:826} INFO - Processing file /home/vscode/.local/lib/python3.10/site-packages/airflow/example_dags/plugins/workday.py for tasks to queue
[2025-12-16T18:22:26.098+0000] {logging_mixin.py:150} INFO - [2025-12-16T18:22:26.097+0000] {dagbag.py:541} INFO - Filling up the DagBag from /home/vscode/.local/lib/python3.10/site-packages/airflow/example_dags/plugins/workday.py
[2025-12-16T18:22:26.100+0000] {logging_mixin.py:150} INFO - [2025-12-16T18:22:26.099+0000] {workday.py:36} WARNING - Could not import pandas. Holidays will not be considered.
[2025-12-16T18:22:26.100+0000] {processor.py:838} WARNING - No viable dags retrieved from /home/vscode/.local/lib/python3.10/site-packages/airflow/example_dags/plugins/workday.py
[2025-12-16T18:22:26.106+0000] {processor.py:179} INFO - Processing /home/vscode/.local/lib/python3.10/site-packages/airflow/example_dags/plugins/workday.py took 0.012 seconds
[2025-12-16T18:23:00.289+0000] {processor.py:157} INFO - Started process (PID=16106) to work on /home/vscode/.local/lib/python3.10/site-packages/airflow/example_dags/plugins/workday.py
[2025-12-16T18:23:00.289+0000] {processor.py:826} INFO - Processing file /home/vscode/.local/lib/python3.10/site-packages/airflow/example_dags/plugins/workday.py for tasks to queue
[2025-12-16T18:23:00.290+0000] {logging_mixin.py:150} INFO - [2025-12-16T18:23:00.290+0000] {dagbag.py:541} INFO - Filling up the DagBag from /home/vscode/.local/lib/python3.10/site-packages/airflow/example_dags/plugins/workday.py
[2025-12-16T18:23:00.292+0000] {logging_mixin.py:150} INFO - [2025-12-16T18:23:00.292+0000] {workday.py:36} WARNING - Could not import pandas. Holidays will not be considered.
[2025-12-16T18:23:00.292+0000] {processor.py:838} WARNING - No viable dags retrieved from /home/vscode/.local/lib/python3.10/site-packages/airflow/example_dags/plugins/workday.py
[2025-12-16T18:23:00.299+0000] {processor.py:179} INFO - Processing /home/vscode/.local/lib/python3.10/site-packages/airflow/example_dags/plugins/workday.py took 0.012 seconds
[2025-12-16T18:23:43.088+0000] {processor.py:157} INFO - Started process (PID=16388) to work on /home/vscode/.local/lib/python3.10/site-packages/airflow/example_dags/plugins/workday.py
[2025-12-16T18:23:43.089+0000] {processor.py:826} INFO - Processing file /home/vscode/.local/lib/python3.10/site-packages/airflow/example_dags/plugins/workday.py for tasks to queue
[2025-12-16T18:23:43.089+0000] {logging_mixin.py:150} INFO - [2025-12-16T18:23:43.089+0000] {dagbag.py:541} INFO - Filling up the DagBag from /home/vscode/.local/lib/python3.10/site-packages/airflow/example_dags/plugins/workday.py
[2025-12-16T18:23:43.091+0000] {logging_mixin.py:150} INFO - [2025-12-16T18:23:43.091+0000] {workday.py:36} WARNING - Could not import pandas. Holidays will not be considered.
[2025-12-16T18:23:43.091+0000] {processor.py:838} WARNING - No viable dags retrieved from /home/vscode/.local/lib/python3.10/site-packages/airflow/example_dags/plugins/workday.py
[2025-12-16T18:23:43.098+0000] {processor.py:179} INFO - Processing /home/vscode/.local/lib/python3.10/site-packages/airflow/example_dags/plugins/workday.py took 0.012 seconds
[2025-12-16T18:24:29.401+0000] {processor.py:157} INFO - Started process (PID=16703) to work on /home/vscode/.local/lib/python3.10/site-packages/airflow/example_dags/plugins/workday.py
[2025-12-16T18:24:29.401+0000] {processor.py:826} INFO - Processing file /home/vscode/.local/lib/python3.10/site-packages/airflow/example_dags/plugins/workday.py for tasks to queue
[2025-12-16T18:24:29.402+0000] {logging_mixin.py:150} INFO - [2025-12-16T18:24:29.402+0000] {dagbag.py:541} INFO - Filling up the DagBag from /home/vscode/.local/lib/python3.10/site-packages/airflow/example_dags/plugins/workday.py
[2025-12-16T18:24:29.404+0000] {logging_mixin.py:150} INFO - [2025-12-16T18:24:29.404+0000] {workday.py:36} WARNING - Could not import pandas. Holidays will not be considered.
[2025-12-16T18:24:29.404+0000] {processor.py:838} WARNING - No viable dags retrieved from /home/vscode/.local/lib/python3.10/site-packages/airflow/example_dags/plugins/workday.py
[2025-12-16T18:24:29.411+0000] {processor.py:179} INFO - Processing /home/vscode/.local/lib/python3.10/site-packages/airflow/example_dags/plugins/workday.py took 0.012 seconds
[2025-12-16T18:25:04.098+0000] {processor.py:157} INFO - Started process (PID=16928) to work on /home/vscode/.local/lib/python3.10/site-packages/airflow/example_dags/plugins/workday.py
[2025-12-16T18:25:04.099+0000] {processor.py:826} INFO - Processing file /home/vscode/.local/lib/python3.10/site-packages/airflow/example_dags/plugins/workday.py for tasks to queue
[2025-12-16T18:25:04.099+0000] {logging_mixin.py:150} INFO - [2025-12-16T18:25:04.099+0000] {dagbag.py:541} INFO - Filling up the DagBag from /home/vscode/.local/lib/python3.10/site-packages/airflow/example_dags/plugins/workday.py
[2025-12-16T18:25:04.101+0000] {logging_mixin.py:150} INFO - [2025-12-16T18:25:04.101+0000] {workday.py:36} WARNING - Could not import pandas. Holidays will not be considered.
[2025-12-16T18:25:04.101+0000] {processor.py:838} WARNING - No viable dags retrieved from /home/vscode/.local/lib/python3.10/site-packages/airflow/example_dags/plugins/workday.py
[2025-12-16T18:25:04.108+0000] {processor.py:179} INFO - Processing /home/vscode/.local/lib/python3.10/site-packages/airflow/example_dags/plugins/workday.py took 0.012 seconds
[2025-12-16T18:25:35.997+0000] {processor.py:157} INFO - Started process (PID=17146) to work on /home/vscode/.local/lib/python3.10/site-packages/airflow/example_dags/plugins/workday.py
[2025-12-16T18:25:35.998+0000] {processor.py:826} INFO - Processing file /home/vscode/.local/lib/python3.10/site-packages/airflow/example_dags/plugins/workday.py for tasks to queue
[2025-12-16T18:25:35.999+0000] {logging_mixin.py:150} INFO - [2025-12-16T18:25:35.999+0000] {dagbag.py:541} INFO - Filling up the DagBag from /home/vscode/.local/lib/python3.10/site-packages/airflow/example_dags/plugins/workday.py
[2025-12-16T18:25:36.002+0000] {logging_mixin.py:150} INFO - [2025-12-16T18:25:36.002+0000] {workday.py:36} WARNING - Could not import pandas. Holidays will not be considered.
[2025-12-16T18:25:36.002+0000] {processor.py:838} WARNING - No viable dags retrieved from /home/vscode/.local/lib/python3.10/site-packages/airflow/example_dags/plugins/workday.py
[2025-12-16T18:25:36.011+0000] {processor.py:179} INFO - Processing /home/vscode/.local/lib/python3.10/site-packages/airflow/example_dags/plugins/workday.py took 0.017 seconds
[2025-12-16T18:26:21.679+0000] {processor.py:157} INFO - Started process (PID=17453) to work on /home/vscode/.local/lib/python3.10/site-packages/airflow/example_dags/plugins/workday.py
[2025-12-16T18:26:21.680+0000] {processor.py:826} INFO - Processing file /home/vscode/.local/lib/python3.10/site-packages/airflow/example_dags/plugins/workday.py for tasks to queue
[2025-12-16T18:26:21.680+0000] {logging_mixin.py:150} INFO - [2025-12-16T18:26:21.680+0000] {dagbag.py:541} INFO - Filling up the DagBag from /home/vscode/.local/lib/python3.10/site-packages/airflow/example_dags/plugins/workday.py
[2025-12-16T18:26:21.682+0000] {logging_mixin.py:150} INFO - [2025-12-16T18:26:21.682+0000] {workday.py:36} WARNING - Could not import pandas. Holidays will not be considered.
[2025-12-16T18:26:21.683+0000] {processor.py:838} WARNING - No viable dags retrieved from /home/vscode/.local/lib/python3.10/site-packages/airflow/example_dags/plugins/workday.py
[2025-12-16T18:26:21.689+0000] {processor.py:179} INFO - Processing /home/vscode/.local/lib/python3.10/site-packages/airflow/example_dags/plugins/workday.py took 0.013 seconds
