[2025-12-16T17:53:58.842+0000] {processor.py:157} INFO - Started process (PID=3955) to work on /home/vscode/.local/lib/python3.10/site-packages/airflow/example_dags/example_dag_decorator.py
[2025-12-16T17:53:58.842+0000] {processor.py:826} INFO - Processing file /home/vscode/.local/lib/python3.10/site-packages/airflow/example_dags/example_dag_decorator.py for tasks to queue
[2025-12-16T17:53:58.844+0000] {logging_mixin.py:150} INFO - [2025-12-16T17:53:58.843+0000] {dagbag.py:541} INFO - Filling up the DagBag from /home/vscode/.local/lib/python3.10/site-packages/airflow/example_dags/example_dag_decorator.py
[2025-12-16T17:53:58.865+0000] {processor.py:836} INFO - DAG(s) dict_keys(['example_dag_decorator']) retrieved from /home/vscode/.local/lib/python3.10/site-packages/airflow/example_dags/example_dag_decorator.py
[2025-12-16T17:53:58.986+0000] {logging_mixin.py:150} INFO - [2025-12-16T17:53:58.986+0000] {manager.py:504} INFO - Created Permission View: can read on DAG:example_dag_decorator
[2025-12-16T17:53:58.995+0000] {logging_mixin.py:150} INFO - [2025-12-16T17:53:58.995+0000] {manager.py:504} INFO - Created Permission View: can delete on DAG:example_dag_decorator
[2025-12-16T17:53:59.001+0000] {logging_mixin.py:150} INFO - [2025-12-16T17:53:59.001+0000] {manager.py:504} INFO - Created Permission View: can edit on DAG:example_dag_decorator
[2025-12-16T17:53:59.008+0000] {logging_mixin.py:150} INFO - [2025-12-16T17:53:59.008+0000] {dag.py:2742} INFO - Sync 1 DAGs
[2025-12-16T17:53:59.015+0000] {logging_mixin.py:150} INFO - [2025-12-16T17:53:59.015+0000] {dag.py:2763} INFO - Creating ORM DAG for example_dag_decorator
[2025-12-16T17:53:59.021+0000] {logging_mixin.py:150} INFO - [2025-12-16T17:53:59.021+0000] {dag.py:3504} INFO - Setting next_dagrun for example_dag_decorator to None, run_after=None
[2025-12-16T17:53:59.037+0000] {processor.py:179} INFO - Processing /home/vscode/.local/lib/python3.10/site-packages/airflow/example_dags/example_dag_decorator.py took 0.209 seconds
[2025-12-16T17:54:46.571+0000] {processor.py:157} INFO - Started process (PID=4444) to work on /home/vscode/.local/lib/python3.10/site-packages/airflow/example_dags/example_dag_decorator.py
[2025-12-16T17:54:46.572+0000] {processor.py:826} INFO - Processing file /home/vscode/.local/lib/python3.10/site-packages/airflow/example_dags/example_dag_decorator.py for tasks to queue
[2025-12-16T17:54:46.573+0000] {logging_mixin.py:150} INFO - [2025-12-16T17:54:46.572+0000] {dagbag.py:541} INFO - Filling up the DagBag from /home/vscode/.local/lib/python3.10/site-packages/airflow/example_dags/example_dag_decorator.py
[2025-12-16T17:54:46.584+0000] {processor.py:836} INFO - DAG(s) dict_keys(['example_dag_decorator']) retrieved from /home/vscode/.local/lib/python3.10/site-packages/airflow/example_dags/example_dag_decorator.py
[2025-12-16T17:54:46.686+0000] {logging_mixin.py:150} INFO - [2025-12-16T17:54:46.686+0000] {dag.py:2742} INFO - Sync 1 DAGs
[2025-12-16T17:54:46.702+0000] {logging_mixin.py:150} INFO - [2025-12-16T17:54:46.702+0000] {dag.py:3504} INFO - Setting next_dagrun for example_dag_decorator to None, run_after=None
[2025-12-16T17:54:46.724+0000] {processor.py:179} INFO - Processing /home/vscode/.local/lib/python3.10/site-packages/airflow/example_dags/example_dag_decorator.py took 0.155 seconds
[2025-12-16T17:55:34.876+0000] {processor.py:157} INFO - Started process (PID=4835) to work on /home/vscode/.local/lib/python3.10/site-packages/airflow/example_dags/example_dag_decorator.py
[2025-12-16T17:55:34.876+0000] {processor.py:826} INFO - Processing file /home/vscode/.local/lib/python3.10/site-packages/airflow/example_dags/example_dag_decorator.py for tasks to queue
[2025-12-16T17:55:34.877+0000] {logging_mixin.py:150} INFO - [2025-12-16T17:55:34.877+0000] {dagbag.py:541} INFO - Filling up the DagBag from /home/vscode/.local/lib/python3.10/site-packages/airflow/example_dags/example_dag_decorator.py
[2025-12-16T17:55:34.886+0000] {processor.py:836} INFO - DAG(s) dict_keys(['example_dag_decorator']) retrieved from /home/vscode/.local/lib/python3.10/site-packages/airflow/example_dags/example_dag_decorator.py
[2025-12-16T17:55:34.960+0000] {logging_mixin.py:150} INFO - [2025-12-16T17:55:34.960+0000] {dag.py:2742} INFO - Sync 1 DAGs
[2025-12-16T17:55:34.972+0000] {logging_mixin.py:150} INFO - [2025-12-16T17:55:34.972+0000] {dag.py:3504} INFO - Setting next_dagrun for example_dag_decorator to None, run_after=None
[2025-12-16T17:55:34.987+0000] {processor.py:179} INFO - Processing /home/vscode/.local/lib/python3.10/site-packages/airflow/example_dags/example_dag_decorator.py took 0.113 seconds
[2025-12-16T17:56:23.197+0000] {processor.py:157} INFO - Started process (PID=5276) to work on /home/vscode/.local/lib/python3.10/site-packages/airflow/example_dags/example_dag_decorator.py
[2025-12-16T17:56:23.197+0000] {processor.py:826} INFO - Processing file /home/vscode/.local/lib/python3.10/site-packages/airflow/example_dags/example_dag_decorator.py for tasks to queue
[2025-12-16T17:56:23.198+0000] {logging_mixin.py:150} INFO - [2025-12-16T17:56:23.197+0000] {dagbag.py:541} INFO - Filling up the DagBag from /home/vscode/.local/lib/python3.10/site-packages/airflow/example_dags/example_dag_decorator.py
[2025-12-16T17:56:23.206+0000] {processor.py:836} INFO - DAG(s) dict_keys(['example_dag_decorator']) retrieved from /home/vscode/.local/lib/python3.10/site-packages/airflow/example_dags/example_dag_decorator.py
[2025-12-16T17:56:23.278+0000] {logging_mixin.py:150} INFO - [2025-12-16T17:56:23.278+0000] {dag.py:2742} INFO - Sync 1 DAGs
[2025-12-16T17:56:23.290+0000] {logging_mixin.py:150} INFO - [2025-12-16T17:56:23.290+0000] {dag.py:3504} INFO - Setting next_dagrun for example_dag_decorator to None, run_after=None
[2025-12-16T17:56:23.305+0000] {processor.py:179} INFO - Processing /home/vscode/.local/lib/python3.10/site-packages/airflow/example_dags/example_dag_decorator.py took 0.111 seconds
[2025-12-16T17:57:11.649+0000] {processor.py:157} INFO - Started process (PID=5769) to work on /home/vscode/.local/lib/python3.10/site-packages/airflow/example_dags/example_dag_decorator.py
[2025-12-16T17:57:11.650+0000] {processor.py:826} INFO - Processing file /home/vscode/.local/lib/python3.10/site-packages/airflow/example_dags/example_dag_decorator.py for tasks to queue
[2025-12-16T17:57:11.651+0000] {logging_mixin.py:150} INFO - [2025-12-16T17:57:11.650+0000] {dagbag.py:541} INFO - Filling up the DagBag from /home/vscode/.local/lib/python3.10/site-packages/airflow/example_dags/example_dag_decorator.py
[2025-12-16T17:57:11.669+0000] {processor.py:836} INFO - DAG(s) dict_keys(['example_dag_decorator']) retrieved from /home/vscode/.local/lib/python3.10/site-packages/airflow/example_dags/example_dag_decorator.py
[2025-12-16T17:57:11.783+0000] {logging_mixin.py:150} INFO - [2025-12-16T17:57:11.782+0000] {dag.py:2742} INFO - Sync 1 DAGs
[2025-12-16T17:57:11.797+0000] {logging_mixin.py:150} INFO - [2025-12-16T17:57:11.797+0000] {dag.py:3504} INFO - Setting next_dagrun for example_dag_decorator to None, run_after=None
[2025-12-16T17:57:11.822+0000] {processor.py:179} INFO - Processing /home/vscode/.local/lib/python3.10/site-packages/airflow/example_dags/example_dag_decorator.py took 0.176 seconds
[2025-12-16T17:57:59.163+0000] {processor.py:157} INFO - Started process (PID=6127) to work on /home/vscode/.local/lib/python3.10/site-packages/airflow/example_dags/example_dag_decorator.py
[2025-12-16T17:57:59.163+0000] {processor.py:826} INFO - Processing file /home/vscode/.local/lib/python3.10/site-packages/airflow/example_dags/example_dag_decorator.py for tasks to queue
[2025-12-16T17:57:59.164+0000] {logging_mixin.py:150} INFO - [2025-12-16T17:57:59.164+0000] {dagbag.py:541} INFO - Filling up the DagBag from /home/vscode/.local/lib/python3.10/site-packages/airflow/example_dags/example_dag_decorator.py
[2025-12-16T17:57:59.172+0000] {processor.py:836} INFO - DAG(s) dict_keys(['example_dag_decorator']) retrieved from /home/vscode/.local/lib/python3.10/site-packages/airflow/example_dags/example_dag_decorator.py
[2025-12-16T17:57:59.246+0000] {logging_mixin.py:150} INFO - [2025-12-16T17:57:59.245+0000] {dag.py:2742} INFO - Sync 1 DAGs
[2025-12-16T17:57:59.257+0000] {logging_mixin.py:150} INFO - [2025-12-16T17:57:59.257+0000] {dag.py:3504} INFO - Setting next_dagrun for example_dag_decorator to None, run_after=None
[2025-12-16T17:57:59.272+0000] {processor.py:179} INFO - Processing /home/vscode/.local/lib/python3.10/site-packages/airflow/example_dags/example_dag_decorator.py took 0.112 seconds
[2025-12-16T17:58:45.181+0000] {processor.py:157} INFO - Started process (PID=6438) to work on /home/vscode/.local/lib/python3.10/site-packages/airflow/example_dags/example_dag_decorator.py
[2025-12-16T17:58:45.181+0000] {processor.py:826} INFO - Processing file /home/vscode/.local/lib/python3.10/site-packages/airflow/example_dags/example_dag_decorator.py for tasks to queue
[2025-12-16T17:58:45.182+0000] {logging_mixin.py:150} INFO - [2025-12-16T17:58:45.182+0000] {dagbag.py:541} INFO - Filling up the DagBag from /home/vscode/.local/lib/python3.10/site-packages/airflow/example_dags/example_dag_decorator.py
[2025-12-16T17:58:45.191+0000] {processor.py:836} INFO - DAG(s) dict_keys(['example_dag_decorator']) retrieved from /home/vscode/.local/lib/python3.10/site-packages/airflow/example_dags/example_dag_decorator.py
[2025-12-16T17:58:45.267+0000] {logging_mixin.py:150} INFO - [2025-12-16T17:58:45.267+0000] {dag.py:2742} INFO - Sync 1 DAGs
[2025-12-16T17:58:45.281+0000] {logging_mixin.py:150} INFO - [2025-12-16T17:58:45.281+0000] {dag.py:3504} INFO - Setting next_dagrun for example_dag_decorator to None, run_after=None
[2025-12-16T17:58:45.296+0000] {processor.py:179} INFO - Processing /home/vscode/.local/lib/python3.10/site-packages/airflow/example_dags/example_dag_decorator.py took 0.117 seconds
[2025-12-16T17:59:33.379+0000] {processor.py:157} INFO - Started process (PID=6752) to work on /home/vscode/.local/lib/python3.10/site-packages/airflow/example_dags/example_dag_decorator.py
[2025-12-16T17:59:33.380+0000] {processor.py:826} INFO - Processing file /home/vscode/.local/lib/python3.10/site-packages/airflow/example_dags/example_dag_decorator.py for tasks to queue
[2025-12-16T17:59:33.381+0000] {logging_mixin.py:150} INFO - [2025-12-16T17:59:33.380+0000] {dagbag.py:541} INFO - Filling up the DagBag from /home/vscode/.local/lib/python3.10/site-packages/airflow/example_dags/example_dag_decorator.py
[2025-12-16T17:59:33.389+0000] {processor.py:836} INFO - DAG(s) dict_keys(['example_dag_decorator']) retrieved from /home/vscode/.local/lib/python3.10/site-packages/airflow/example_dags/example_dag_decorator.py
[2025-12-16T17:59:33.487+0000] {logging_mixin.py:150} INFO - [2025-12-16T17:59:33.487+0000] {dag.py:2742} INFO - Sync 1 DAGs
[2025-12-16T17:59:33.507+0000] {logging_mixin.py:150} INFO - [2025-12-16T17:59:33.507+0000] {dag.py:3504} INFO - Setting next_dagrun for example_dag_decorator to None, run_after=None
[2025-12-16T17:59:33.523+0000] {processor.py:179} INFO - Processing /home/vscode/.local/lib/python3.10/site-packages/airflow/example_dags/example_dag_decorator.py took 0.145 seconds
[2025-12-16T18:00:19.594+0000] {processor.py:157} INFO - Started process (PID=7063) to work on /home/vscode/.local/lib/python3.10/site-packages/airflow/example_dags/example_dag_decorator.py
[2025-12-16T18:00:19.595+0000] {processor.py:826} INFO - Processing file /home/vscode/.local/lib/python3.10/site-packages/airflow/example_dags/example_dag_decorator.py for tasks to queue
[2025-12-16T18:00:19.595+0000] {logging_mixin.py:150} INFO - [2025-12-16T18:00:19.595+0000] {dagbag.py:541} INFO - Filling up the DagBag from /home/vscode/.local/lib/python3.10/site-packages/airflow/example_dags/example_dag_decorator.py
[2025-12-16T18:00:19.603+0000] {processor.py:836} INFO - DAG(s) dict_keys(['example_dag_decorator']) retrieved from /home/vscode/.local/lib/python3.10/site-packages/airflow/example_dags/example_dag_decorator.py
[2025-12-16T18:00:19.675+0000] {logging_mixin.py:150} INFO - [2025-12-16T18:00:19.675+0000] {dag.py:2742} INFO - Sync 1 DAGs
[2025-12-16T18:00:19.687+0000] {logging_mixin.py:150} INFO - [2025-12-16T18:00:19.687+0000] {dag.py:3504} INFO - Setting next_dagrun for example_dag_decorator to None, run_after=None
[2025-12-16T18:00:19.702+0000] {processor.py:179} INFO - Processing /home/vscode/.local/lib/python3.10/site-packages/airflow/example_dags/example_dag_decorator.py took 0.110 seconds
[2025-12-16T18:01:05.854+0000] {processor.py:157} INFO - Started process (PID=7374) to work on /home/vscode/.local/lib/python3.10/site-packages/airflow/example_dags/example_dag_decorator.py
[2025-12-16T18:01:05.854+0000] {processor.py:826} INFO - Processing file /home/vscode/.local/lib/python3.10/site-packages/airflow/example_dags/example_dag_decorator.py for tasks to queue
[2025-12-16T18:01:05.855+0000] {logging_mixin.py:150} INFO - [2025-12-16T18:01:05.855+0000] {dagbag.py:541} INFO - Filling up the DagBag from /home/vscode/.local/lib/python3.10/site-packages/airflow/example_dags/example_dag_decorator.py
[2025-12-16T18:01:05.864+0000] {processor.py:836} INFO - DAG(s) dict_keys(['example_dag_decorator']) retrieved from /home/vscode/.local/lib/python3.10/site-packages/airflow/example_dags/example_dag_decorator.py
[2025-12-16T18:01:05.939+0000] {logging_mixin.py:150} INFO - [2025-12-16T18:01:05.939+0000] {dag.py:2742} INFO - Sync 1 DAGs
[2025-12-16T18:01:05.951+0000] {logging_mixin.py:150} INFO - [2025-12-16T18:01:05.951+0000] {dag.py:3504} INFO - Setting next_dagrun for example_dag_decorator to None, run_after=None
[2025-12-16T18:01:05.966+0000] {processor.py:179} INFO - Processing /home/vscode/.local/lib/python3.10/site-packages/airflow/example_dags/example_dag_decorator.py took 0.114 seconds
[2025-12-16T18:01:50.529+0000] {processor.py:157} INFO - Started process (PID=7675) to work on /home/vscode/.local/lib/python3.10/site-packages/airflow/example_dags/example_dag_decorator.py
[2025-12-16T18:01:50.529+0000] {processor.py:826} INFO - Processing file /home/vscode/.local/lib/python3.10/site-packages/airflow/example_dags/example_dag_decorator.py for tasks to queue
[2025-12-16T18:01:50.532+0000] {logging_mixin.py:150} INFO - [2025-12-16T18:01:50.530+0000] {dagbag.py:541} INFO - Filling up the DagBag from /home/vscode/.local/lib/python3.10/site-packages/airflow/example_dags/example_dag_decorator.py
[2025-12-16T18:01:50.544+0000] {processor.py:836} INFO - DAG(s) dict_keys(['example_dag_decorator']) retrieved from /home/vscode/.local/lib/python3.10/site-packages/airflow/example_dags/example_dag_decorator.py
[2025-12-16T18:01:50.631+0000] {logging_mixin.py:150} INFO - [2025-12-16T18:01:50.631+0000] {dag.py:2742} INFO - Sync 1 DAGs
[2025-12-16T18:01:50.643+0000] {logging_mixin.py:150} INFO - [2025-12-16T18:01:50.643+0000] {dag.py:3504} INFO - Setting next_dagrun for example_dag_decorator to None, run_after=None
[2025-12-16T18:01:50.658+0000] {processor.py:179} INFO - Processing /home/vscode/.local/lib/python3.10/site-packages/airflow/example_dags/example_dag_decorator.py took 0.133 seconds
[2025-12-16T18:02:37.587+0000] {processor.py:157} INFO - Started process (PID=7987) to work on /home/vscode/.local/lib/python3.10/site-packages/airflow/example_dags/example_dag_decorator.py
[2025-12-16T18:02:37.588+0000] {processor.py:826} INFO - Processing file /home/vscode/.local/lib/python3.10/site-packages/airflow/example_dags/example_dag_decorator.py for tasks to queue
[2025-12-16T18:02:37.589+0000] {logging_mixin.py:150} INFO - [2025-12-16T18:02:37.589+0000] {dagbag.py:541} INFO - Filling up the DagBag from /home/vscode/.local/lib/python3.10/site-packages/airflow/example_dags/example_dag_decorator.py
[2025-12-16T18:02:37.598+0000] {processor.py:836} INFO - DAG(s) dict_keys(['example_dag_decorator']) retrieved from /home/vscode/.local/lib/python3.10/site-packages/airflow/example_dags/example_dag_decorator.py
[2025-12-16T18:02:37.672+0000] {logging_mixin.py:150} INFO - [2025-12-16T18:02:37.672+0000] {dag.py:2742} INFO - Sync 1 DAGs
[2025-12-16T18:02:37.686+0000] {logging_mixin.py:150} INFO - [2025-12-16T18:02:37.686+0000] {dag.py:3504} INFO - Setting next_dagrun for example_dag_decorator to None, run_after=None
[2025-12-16T18:02:37.701+0000] {processor.py:179} INFO - Processing /home/vscode/.local/lib/python3.10/site-packages/airflow/example_dags/example_dag_decorator.py took 0.116 seconds
[2025-12-16T18:03:27.498+0000] {processor.py:157} INFO - Started process (PID=8316) to work on /home/vscode/.local/lib/python3.10/site-packages/airflow/example_dags/example_dag_decorator.py
[2025-12-16T18:03:27.499+0000] {processor.py:826} INFO - Processing file /home/vscode/.local/lib/python3.10/site-packages/airflow/example_dags/example_dag_decorator.py for tasks to queue
[2025-12-16T18:03:27.499+0000] {logging_mixin.py:150} INFO - [2025-12-16T18:03:27.499+0000] {dagbag.py:541} INFO - Filling up the DagBag from /home/vscode/.local/lib/python3.10/site-packages/airflow/example_dags/example_dag_decorator.py
[2025-12-16T18:03:27.508+0000] {processor.py:836} INFO - DAG(s) dict_keys(['example_dag_decorator']) retrieved from /home/vscode/.local/lib/python3.10/site-packages/airflow/example_dags/example_dag_decorator.py
[2025-12-16T18:03:27.583+0000] {logging_mixin.py:150} INFO - [2025-12-16T18:03:27.583+0000] {dag.py:2742} INFO - Sync 1 DAGs
[2025-12-16T18:03:27.595+0000] {logging_mixin.py:150} INFO - [2025-12-16T18:03:27.595+0000] {dag.py:3504} INFO - Setting next_dagrun for example_dag_decorator to None, run_after=None
[2025-12-16T18:03:27.611+0000] {processor.py:179} INFO - Processing /home/vscode/.local/lib/python3.10/site-packages/airflow/example_dags/example_dag_decorator.py took 0.115 seconds
[2025-12-16T18:04:13.059+0000] {processor.py:157} INFO - Started process (PID=8619) to work on /home/vscode/.local/lib/python3.10/site-packages/airflow/example_dags/example_dag_decorator.py
[2025-12-16T18:04:13.060+0000] {processor.py:826} INFO - Processing file /home/vscode/.local/lib/python3.10/site-packages/airflow/example_dags/example_dag_decorator.py for tasks to queue
[2025-12-16T18:04:13.060+0000] {logging_mixin.py:150} INFO - [2025-12-16T18:04:13.060+0000] {dagbag.py:541} INFO - Filling up the DagBag from /home/vscode/.local/lib/python3.10/site-packages/airflow/example_dags/example_dag_decorator.py
[2025-12-16T18:04:13.069+0000] {processor.py:836} INFO - DAG(s) dict_keys(['example_dag_decorator']) retrieved from /home/vscode/.local/lib/python3.10/site-packages/airflow/example_dags/example_dag_decorator.py
[2025-12-16T18:04:13.145+0000] {logging_mixin.py:150} INFO - [2025-12-16T18:04:13.145+0000] {dag.py:2742} INFO - Sync 1 DAGs
[2025-12-16T18:04:13.158+0000] {logging_mixin.py:150} INFO - [2025-12-16T18:04:13.157+0000] {dag.py:3504} INFO - Setting next_dagrun for example_dag_decorator to None, run_after=None
[2025-12-16T18:04:13.173+0000] {processor.py:179} INFO - Processing /home/vscode/.local/lib/python3.10/site-packages/airflow/example_dags/example_dag_decorator.py took 0.116 seconds
[2025-12-16T18:05:04.276+0000] {processor.py:157} INFO - Started process (PID=8955) to work on /home/vscode/.local/lib/python3.10/site-packages/airflow/example_dags/example_dag_decorator.py
[2025-12-16T18:05:04.277+0000] {processor.py:826} INFO - Processing file /home/vscode/.local/lib/python3.10/site-packages/airflow/example_dags/example_dag_decorator.py for tasks to queue
[2025-12-16T18:05:04.278+0000] {logging_mixin.py:150} INFO - [2025-12-16T18:05:04.277+0000] {dagbag.py:541} INFO - Filling up the DagBag from /home/vscode/.local/lib/python3.10/site-packages/airflow/example_dags/example_dag_decorator.py
[2025-12-16T18:05:04.286+0000] {processor.py:836} INFO - DAG(s) dict_keys(['example_dag_decorator']) retrieved from /home/vscode/.local/lib/python3.10/site-packages/airflow/example_dags/example_dag_decorator.py
[2025-12-16T18:05:04.370+0000] {logging_mixin.py:150} INFO - [2025-12-16T18:05:04.370+0000] {dag.py:2742} INFO - Sync 1 DAGs
[2025-12-16T18:05:04.389+0000] {logging_mixin.py:150} INFO - [2025-12-16T18:05:04.389+0000] {dag.py:3504} INFO - Setting next_dagrun for example_dag_decorator to None, run_after=None
[2025-12-16T18:05:04.410+0000] {processor.py:179} INFO - Processing /home/vscode/.local/lib/python3.10/site-packages/airflow/example_dags/example_dag_decorator.py took 0.136 seconds
[2025-12-16T18:05:50.533+0000] {processor.py:157} INFO - Started process (PID=9265) to work on /home/vscode/.local/lib/python3.10/site-packages/airflow/example_dags/example_dag_decorator.py
[2025-12-16T18:05:50.534+0000] {processor.py:826} INFO - Processing file /home/vscode/.local/lib/python3.10/site-packages/airflow/example_dags/example_dag_decorator.py for tasks to queue
[2025-12-16T18:05:50.535+0000] {logging_mixin.py:150} INFO - [2025-12-16T18:05:50.534+0000] {dagbag.py:541} INFO - Filling up the DagBag from /home/vscode/.local/lib/python3.10/site-packages/airflow/example_dags/example_dag_decorator.py
[2025-12-16T18:05:50.543+0000] {processor.py:836} INFO - DAG(s) dict_keys(['example_dag_decorator']) retrieved from /home/vscode/.local/lib/python3.10/site-packages/airflow/example_dags/example_dag_decorator.py
[2025-12-16T18:05:50.621+0000] {logging_mixin.py:150} INFO - [2025-12-16T18:05:50.621+0000] {dag.py:2742} INFO - Sync 1 DAGs
[2025-12-16T18:05:50.642+0000] {logging_mixin.py:150} INFO - [2025-12-16T18:05:50.641+0000] {dag.py:3504} INFO - Setting next_dagrun for example_dag_decorator to None, run_after=None
[2025-12-16T18:05:50.666+0000] {processor.py:179} INFO - Processing /home/vscode/.local/lib/python3.10/site-packages/airflow/example_dags/example_dag_decorator.py took 0.135 seconds
[2025-12-16T18:06:35.684+0000] {processor.py:157} INFO - Started process (PID=9568) to work on /home/vscode/.local/lib/python3.10/site-packages/airflow/example_dags/example_dag_decorator.py
[2025-12-16T18:06:35.685+0000] {processor.py:826} INFO - Processing file /home/vscode/.local/lib/python3.10/site-packages/airflow/example_dags/example_dag_decorator.py for tasks to queue
[2025-12-16T18:06:35.686+0000] {logging_mixin.py:150} INFO - [2025-12-16T18:06:35.685+0000] {dagbag.py:541} INFO - Filling up the DagBag from /home/vscode/.local/lib/python3.10/site-packages/airflow/example_dags/example_dag_decorator.py
[2025-12-16T18:06:35.695+0000] {processor.py:836} INFO - DAG(s) dict_keys(['example_dag_decorator']) retrieved from /home/vscode/.local/lib/python3.10/site-packages/airflow/example_dags/example_dag_decorator.py
[2025-12-16T18:06:35.773+0000] {logging_mixin.py:150} INFO - [2025-12-16T18:06:35.773+0000] {dag.py:2742} INFO - Sync 1 DAGs
[2025-12-16T18:06:35.785+0000] {logging_mixin.py:150} INFO - [2025-12-16T18:06:35.785+0000] {dag.py:3504} INFO - Setting next_dagrun for example_dag_decorator to None, run_after=None
[2025-12-16T18:06:35.800+0000] {processor.py:179} INFO - Processing /home/vscode/.local/lib/python3.10/site-packages/airflow/example_dags/example_dag_decorator.py took 0.118 seconds
[2025-12-16T18:07:24.200+0000] {processor.py:157} INFO - Started process (PID=9893) to work on /home/vscode/.local/lib/python3.10/site-packages/airflow/example_dags/example_dag_decorator.py
[2025-12-16T18:07:24.201+0000] {processor.py:826} INFO - Processing file /home/vscode/.local/lib/python3.10/site-packages/airflow/example_dags/example_dag_decorator.py for tasks to queue
[2025-12-16T18:07:24.202+0000] {logging_mixin.py:150} INFO - [2025-12-16T18:07:24.201+0000] {dagbag.py:541} INFO - Filling up the DagBag from /home/vscode/.local/lib/python3.10/site-packages/airflow/example_dags/example_dag_decorator.py
[2025-12-16T18:07:24.211+0000] {processor.py:836} INFO - DAG(s) dict_keys(['example_dag_decorator']) retrieved from /home/vscode/.local/lib/python3.10/site-packages/airflow/example_dags/example_dag_decorator.py
[2025-12-16T18:07:24.288+0000] {logging_mixin.py:150} INFO - [2025-12-16T18:07:24.288+0000] {dag.py:2742} INFO - Sync 1 DAGs
[2025-12-16T18:07:24.301+0000] {logging_mixin.py:150} INFO - [2025-12-16T18:07:24.300+0000] {dag.py:3504} INFO - Setting next_dagrun for example_dag_decorator to None, run_after=None
[2025-12-16T18:07:24.317+0000] {processor.py:179} INFO - Processing /home/vscode/.local/lib/python3.10/site-packages/airflow/example_dags/example_dag_decorator.py took 0.119 seconds
[2025-12-16T18:08:15.591+0000] {processor.py:157} INFO - Started process (PID=10229) to work on /home/vscode/.local/lib/python3.10/site-packages/airflow/example_dags/example_dag_decorator.py
[2025-12-16T18:08:15.591+0000] {processor.py:826} INFO - Processing file /home/vscode/.local/lib/python3.10/site-packages/airflow/example_dags/example_dag_decorator.py for tasks to queue
[2025-12-16T18:08:15.592+0000] {logging_mixin.py:150} INFO - [2025-12-16T18:08:15.592+0000] {dagbag.py:541} INFO - Filling up the DagBag from /home/vscode/.local/lib/python3.10/site-packages/airflow/example_dags/example_dag_decorator.py
[2025-12-16T18:08:15.602+0000] {processor.py:836} INFO - DAG(s) dict_keys(['example_dag_decorator']) retrieved from /home/vscode/.local/lib/python3.10/site-packages/airflow/example_dags/example_dag_decorator.py
[2025-12-16T18:08:15.678+0000] {logging_mixin.py:150} INFO - [2025-12-16T18:08:15.678+0000] {dag.py:2742} INFO - Sync 1 DAGs
[2025-12-16T18:08:15.692+0000] {logging_mixin.py:150} INFO - [2025-12-16T18:08:15.691+0000] {dag.py:3504} INFO - Setting next_dagrun for example_dag_decorator to None, run_after=None
[2025-12-16T18:08:15.707+0000] {processor.py:179} INFO - Processing /home/vscode/.local/lib/python3.10/site-packages/airflow/example_dags/example_dag_decorator.py took 0.118 seconds
[2025-12-16T18:09:00.497+0000] {processor.py:157} INFO - Started process (PID=10531) to work on /home/vscode/.local/lib/python3.10/site-packages/airflow/example_dags/example_dag_decorator.py
[2025-12-16T18:09:00.497+0000] {processor.py:826} INFO - Processing file /home/vscode/.local/lib/python3.10/site-packages/airflow/example_dags/example_dag_decorator.py for tasks to queue
[2025-12-16T18:09:00.498+0000] {logging_mixin.py:150} INFO - [2025-12-16T18:09:00.498+0000] {dagbag.py:541} INFO - Filling up the DagBag from /home/vscode/.local/lib/python3.10/site-packages/airflow/example_dags/example_dag_decorator.py
[2025-12-16T18:09:00.506+0000] {processor.py:836} INFO - DAG(s) dict_keys(['example_dag_decorator']) retrieved from /home/vscode/.local/lib/python3.10/site-packages/airflow/example_dags/example_dag_decorator.py
[2025-12-16T18:09:00.582+0000] {logging_mixin.py:150} INFO - [2025-12-16T18:09:00.582+0000] {dag.py:2742} INFO - Sync 1 DAGs
[2025-12-16T18:09:00.595+0000] {logging_mixin.py:150} INFO - [2025-12-16T18:09:00.595+0000] {dag.py:3504} INFO - Setting next_dagrun for example_dag_decorator to None, run_after=None
[2025-12-16T18:09:00.610+0000] {processor.py:179} INFO - Processing /home/vscode/.local/lib/python3.10/site-packages/airflow/example_dags/example_dag_decorator.py took 0.115 seconds
[2025-12-16T18:09:49.204+0000] {processor.py:157} INFO - Started process (PID=10857) to work on /home/vscode/.local/lib/python3.10/site-packages/airflow/example_dags/example_dag_decorator.py
[2025-12-16T18:09:49.205+0000] {processor.py:826} INFO - Processing file /home/vscode/.local/lib/python3.10/site-packages/airflow/example_dags/example_dag_decorator.py for tasks to queue
[2025-12-16T18:09:49.205+0000] {logging_mixin.py:150} INFO - [2025-12-16T18:09:49.205+0000] {dagbag.py:541} INFO - Filling up the DagBag from /home/vscode/.local/lib/python3.10/site-packages/airflow/example_dags/example_dag_decorator.py
[2025-12-16T18:09:49.214+0000] {processor.py:836} INFO - DAG(s) dict_keys(['example_dag_decorator']) retrieved from /home/vscode/.local/lib/python3.10/site-packages/airflow/example_dags/example_dag_decorator.py
[2025-12-16T18:09:49.290+0000] {logging_mixin.py:150} INFO - [2025-12-16T18:09:49.289+0000] {dag.py:2742} INFO - Sync 1 DAGs
[2025-12-16T18:09:49.303+0000] {logging_mixin.py:150} INFO - [2025-12-16T18:09:49.303+0000] {dag.py:3504} INFO - Setting next_dagrun for example_dag_decorator to None, run_after=None
[2025-12-16T18:09:49.320+0000] {processor.py:179} INFO - Processing /home/vscode/.local/lib/python3.10/site-packages/airflow/example_dags/example_dag_decorator.py took 0.118 seconds
[2025-12-16T18:10:35.226+0000] {processor.py:157} INFO - Started process (PID=11156) to work on /home/vscode/.local/lib/python3.10/site-packages/airflow/example_dags/example_dag_decorator.py
[2025-12-16T18:10:35.227+0000] {processor.py:826} INFO - Processing file /home/vscode/.local/lib/python3.10/site-packages/airflow/example_dags/example_dag_decorator.py for tasks to queue
[2025-12-16T18:10:35.227+0000] {logging_mixin.py:150} INFO - [2025-12-16T18:10:35.227+0000] {dagbag.py:541} INFO - Filling up the DagBag from /home/vscode/.local/lib/python3.10/site-packages/airflow/example_dags/example_dag_decorator.py
[2025-12-16T18:10:35.235+0000] {processor.py:836} INFO - DAG(s) dict_keys(['example_dag_decorator']) retrieved from /home/vscode/.local/lib/python3.10/site-packages/airflow/example_dags/example_dag_decorator.py
[2025-12-16T18:10:35.311+0000] {logging_mixin.py:150} INFO - [2025-12-16T18:10:35.311+0000] {dag.py:2742} INFO - Sync 1 DAGs
[2025-12-16T18:10:35.323+0000] {logging_mixin.py:150} INFO - [2025-12-16T18:10:35.323+0000] {dag.py:3504} INFO - Setting next_dagrun for example_dag_decorator to None, run_after=None
[2025-12-16T18:10:35.340+0000] {processor.py:179} INFO - Processing /home/vscode/.local/lib/python3.10/site-packages/airflow/example_dags/example_dag_decorator.py took 0.117 seconds
[2025-12-16T18:11:26.933+0000] {processor.py:157} INFO - Started process (PID=11499) to work on /home/vscode/.local/lib/python3.10/site-packages/airflow/example_dags/example_dag_decorator.py
[2025-12-16T18:11:26.934+0000] {processor.py:826} INFO - Processing file /home/vscode/.local/lib/python3.10/site-packages/airflow/example_dags/example_dag_decorator.py for tasks to queue
[2025-12-16T18:11:26.935+0000] {logging_mixin.py:150} INFO - [2025-12-16T18:11:26.934+0000] {dagbag.py:541} INFO - Filling up the DagBag from /home/vscode/.local/lib/python3.10/site-packages/airflow/example_dags/example_dag_decorator.py
[2025-12-16T18:11:26.943+0000] {processor.py:836} INFO - DAG(s) dict_keys(['example_dag_decorator']) retrieved from /home/vscode/.local/lib/python3.10/site-packages/airflow/example_dags/example_dag_decorator.py
[2025-12-16T18:11:27.017+0000] {logging_mixin.py:150} INFO - [2025-12-16T18:11:27.017+0000] {dag.py:2742} INFO - Sync 1 DAGs
[2025-12-16T18:11:27.029+0000] {logging_mixin.py:150} INFO - [2025-12-16T18:11:27.029+0000] {dag.py:3504} INFO - Setting next_dagrun for example_dag_decorator to None, run_after=None
[2025-12-16T18:11:27.044+0000] {processor.py:179} INFO - Processing /home/vscode/.local/lib/python3.10/site-packages/airflow/example_dags/example_dag_decorator.py took 0.113 seconds
[2025-12-16T18:12:14.769+0000] {processor.py:157} INFO - Started process (PID=11822) to work on /home/vscode/.local/lib/python3.10/site-packages/airflow/example_dags/example_dag_decorator.py
[2025-12-16T18:12:14.770+0000] {processor.py:826} INFO - Processing file /home/vscode/.local/lib/python3.10/site-packages/airflow/example_dags/example_dag_decorator.py for tasks to queue
[2025-12-16T18:12:14.770+0000] {logging_mixin.py:150} INFO - [2025-12-16T18:12:14.770+0000] {dagbag.py:541} INFO - Filling up the DagBag from /home/vscode/.local/lib/python3.10/site-packages/airflow/example_dags/example_dag_decorator.py
[2025-12-16T18:12:14.778+0000] {processor.py:836} INFO - DAG(s) dict_keys(['example_dag_decorator']) retrieved from /home/vscode/.local/lib/python3.10/site-packages/airflow/example_dags/example_dag_decorator.py
[2025-12-16T18:12:14.854+0000] {logging_mixin.py:150} INFO - [2025-12-16T18:12:14.854+0000] {dag.py:2742} INFO - Sync 1 DAGs
[2025-12-16T18:12:14.867+0000] {logging_mixin.py:150} INFO - [2025-12-16T18:12:14.866+0000] {dag.py:3504} INFO - Setting next_dagrun for example_dag_decorator to None, run_after=None
[2025-12-16T18:12:14.881+0000] {processor.py:179} INFO - Processing /home/vscode/.local/lib/python3.10/site-packages/airflow/example_dags/example_dag_decorator.py took 0.115 seconds
[2025-12-16T18:13:07.175+0000] {processor.py:157} INFO - Started process (PID=12161) to work on /home/vscode/.local/lib/python3.10/site-packages/airflow/example_dags/example_dag_decorator.py
[2025-12-16T18:13:07.176+0000] {processor.py:826} INFO - Processing file /home/vscode/.local/lib/python3.10/site-packages/airflow/example_dags/example_dag_decorator.py for tasks to queue
[2025-12-16T18:13:07.176+0000] {logging_mixin.py:150} INFO - [2025-12-16T18:13:07.176+0000] {dagbag.py:541} INFO - Filling up the DagBag from /home/vscode/.local/lib/python3.10/site-packages/airflow/example_dags/example_dag_decorator.py
[2025-12-16T18:13:07.185+0000] {processor.py:836} INFO - DAG(s) dict_keys(['example_dag_decorator']) retrieved from /home/vscode/.local/lib/python3.10/site-packages/airflow/example_dags/example_dag_decorator.py
[2025-12-16T18:13:07.257+0000] {logging_mixin.py:150} INFO - [2025-12-16T18:13:07.257+0000] {dag.py:2742} INFO - Sync 1 DAGs
[2025-12-16T18:13:07.269+0000] {logging_mixin.py:150} INFO - [2025-12-16T18:13:07.269+0000] {dag.py:3504} INFO - Setting next_dagrun for example_dag_decorator to None, run_after=None
[2025-12-16T18:13:07.283+0000] {processor.py:179} INFO - Processing /home/vscode/.local/lib/python3.10/site-packages/airflow/example_dags/example_dag_decorator.py took 0.110 seconds
[2025-12-16T18:13:57.442+0000] {processor.py:157} INFO - Started process (PID=12498) to work on /home/vscode/.local/lib/python3.10/site-packages/airflow/example_dags/example_dag_decorator.py
[2025-12-16T18:13:57.442+0000] {processor.py:826} INFO - Processing file /home/vscode/.local/lib/python3.10/site-packages/airflow/example_dags/example_dag_decorator.py for tasks to queue
[2025-12-16T18:13:57.443+0000] {logging_mixin.py:150} INFO - [2025-12-16T18:13:57.443+0000] {dagbag.py:541} INFO - Filling up the DagBag from /home/vscode/.local/lib/python3.10/site-packages/airflow/example_dags/example_dag_decorator.py
[2025-12-16T18:13:57.451+0000] {processor.py:836} INFO - DAG(s) dict_keys(['example_dag_decorator']) retrieved from /home/vscode/.local/lib/python3.10/site-packages/airflow/example_dags/example_dag_decorator.py
[2025-12-16T18:13:57.526+0000] {logging_mixin.py:150} INFO - [2025-12-16T18:13:57.525+0000] {dag.py:2742} INFO - Sync 1 DAGs
[2025-12-16T18:13:57.537+0000] {logging_mixin.py:150} INFO - [2025-12-16T18:13:57.537+0000] {dag.py:3504} INFO - Setting next_dagrun for example_dag_decorator to None, run_after=None
[2025-12-16T18:13:57.552+0000] {processor.py:179} INFO - Processing /home/vscode/.local/lib/python3.10/site-packages/airflow/example_dags/example_dag_decorator.py took 0.113 seconds
[2025-12-16T18:14:48.605+0000] {processor.py:157} INFO - Started process (PID=12841) to work on /home/vscode/.local/lib/python3.10/site-packages/airflow/example_dags/example_dag_decorator.py
[2025-12-16T18:14:48.605+0000] {processor.py:826} INFO - Processing file /home/vscode/.local/lib/python3.10/site-packages/airflow/example_dags/example_dag_decorator.py for tasks to queue
[2025-12-16T18:14:48.606+0000] {logging_mixin.py:150} INFO - [2025-12-16T18:14:48.606+0000] {dagbag.py:541} INFO - Filling up the DagBag from /home/vscode/.local/lib/python3.10/site-packages/airflow/example_dags/example_dag_decorator.py
[2025-12-16T18:14:48.614+0000] {processor.py:836} INFO - DAG(s) dict_keys(['example_dag_decorator']) retrieved from /home/vscode/.local/lib/python3.10/site-packages/airflow/example_dags/example_dag_decorator.py
[2025-12-16T18:14:48.688+0000] {logging_mixin.py:150} INFO - [2025-12-16T18:14:48.687+0000] {dag.py:2742} INFO - Sync 1 DAGs
[2025-12-16T18:14:48.700+0000] {logging_mixin.py:150} INFO - [2025-12-16T18:14:48.700+0000] {dag.py:3504} INFO - Setting next_dagrun for example_dag_decorator to None, run_after=None
[2025-12-16T18:14:48.715+0000] {processor.py:179} INFO - Processing /home/vscode/.local/lib/python3.10/site-packages/airflow/example_dags/example_dag_decorator.py took 0.112 seconds
[2025-12-16T18:15:37.696+0000] {processor.py:157} INFO - Started process (PID=13167) to work on /home/vscode/.local/lib/python3.10/site-packages/airflow/example_dags/example_dag_decorator.py
[2025-12-16T18:15:37.696+0000] {processor.py:826} INFO - Processing file /home/vscode/.local/lib/python3.10/site-packages/airflow/example_dags/example_dag_decorator.py for tasks to queue
[2025-12-16T18:15:37.697+0000] {logging_mixin.py:150} INFO - [2025-12-16T18:15:37.697+0000] {dagbag.py:541} INFO - Filling up the DagBag from /home/vscode/.local/lib/python3.10/site-packages/airflow/example_dags/example_dag_decorator.py
[2025-12-16T18:15:37.705+0000] {processor.py:836} INFO - DAG(s) dict_keys(['example_dag_decorator']) retrieved from /home/vscode/.local/lib/python3.10/site-packages/airflow/example_dags/example_dag_decorator.py
[2025-12-16T18:15:37.783+0000] {logging_mixin.py:150} INFO - [2025-12-16T18:15:37.783+0000] {dag.py:2742} INFO - Sync 1 DAGs
[2025-12-16T18:15:37.795+0000] {logging_mixin.py:150} INFO - [2025-12-16T18:15:37.795+0000] {dag.py:3504} INFO - Setting next_dagrun for example_dag_decorator to None, run_after=None
[2025-12-16T18:15:37.809+0000] {processor.py:179} INFO - Processing /home/vscode/.local/lib/python3.10/site-packages/airflow/example_dags/example_dag_decorator.py took 0.116 seconds
[2025-12-16T18:16:24.956+0000] {processor.py:157} INFO - Started process (PID=13479) to work on /home/vscode/.local/lib/python3.10/site-packages/airflow/example_dags/example_dag_decorator.py
[2025-12-16T18:16:24.956+0000] {processor.py:826} INFO - Processing file /home/vscode/.local/lib/python3.10/site-packages/airflow/example_dags/example_dag_decorator.py for tasks to queue
[2025-12-16T18:16:24.957+0000] {logging_mixin.py:150} INFO - [2025-12-16T18:16:24.957+0000] {dagbag.py:541} INFO - Filling up the DagBag from /home/vscode/.local/lib/python3.10/site-packages/airflow/example_dags/example_dag_decorator.py
[2025-12-16T18:16:24.965+0000] {processor.py:836} INFO - DAG(s) dict_keys(['example_dag_decorator']) retrieved from /home/vscode/.local/lib/python3.10/site-packages/airflow/example_dags/example_dag_decorator.py
[2025-12-16T18:16:25.040+0000] {logging_mixin.py:150} INFO - [2025-12-16T18:16:25.040+0000] {dag.py:2742} INFO - Sync 1 DAGs
[2025-12-16T18:16:25.052+0000] {logging_mixin.py:150} INFO - [2025-12-16T18:16:25.052+0000] {dag.py:3504} INFO - Setting next_dagrun for example_dag_decorator to None, run_after=None
[2025-12-16T18:16:25.067+0000] {processor.py:179} INFO - Processing /home/vscode/.local/lib/python3.10/site-packages/airflow/example_dags/example_dag_decorator.py took 0.113 seconds
[2025-12-16T18:17:16.344+0000] {processor.py:157} INFO - Started process (PID=13823) to work on /home/vscode/.local/lib/python3.10/site-packages/airflow/example_dags/example_dag_decorator.py
[2025-12-16T18:17:16.344+0000] {processor.py:826} INFO - Processing file /home/vscode/.local/lib/python3.10/site-packages/airflow/example_dags/example_dag_decorator.py for tasks to queue
[2025-12-16T18:17:16.345+0000] {logging_mixin.py:150} INFO - [2025-12-16T18:17:16.345+0000] {dagbag.py:541} INFO - Filling up the DagBag from /home/vscode/.local/lib/python3.10/site-packages/airflow/example_dags/example_dag_decorator.py
[2025-12-16T18:17:16.353+0000] {processor.py:836} INFO - DAG(s) dict_keys(['example_dag_decorator']) retrieved from /home/vscode/.local/lib/python3.10/site-packages/airflow/example_dags/example_dag_decorator.py
[2025-12-16T18:17:16.426+0000] {logging_mixin.py:150} INFO - [2025-12-16T18:17:16.426+0000] {dag.py:2742} INFO - Sync 1 DAGs
[2025-12-16T18:17:16.439+0000] {logging_mixin.py:150} INFO - [2025-12-16T18:17:16.439+0000] {dag.py:3504} INFO - Setting next_dagrun for example_dag_decorator to None, run_after=None
[2025-12-16T18:17:16.454+0000] {processor.py:179} INFO - Processing /home/vscode/.local/lib/python3.10/site-packages/airflow/example_dags/example_dag_decorator.py took 0.113 seconds
[2025-12-16T18:18:02.690+0000] {processor.py:157} INFO - Started process (PID=14132) to work on /home/vscode/.local/lib/python3.10/site-packages/airflow/example_dags/example_dag_decorator.py
[2025-12-16T18:18:02.690+0000] {processor.py:826} INFO - Processing file /home/vscode/.local/lib/python3.10/site-packages/airflow/example_dags/example_dag_decorator.py for tasks to queue
[2025-12-16T18:18:02.691+0000] {logging_mixin.py:150} INFO - [2025-12-16T18:18:02.691+0000] {dagbag.py:541} INFO - Filling up the DagBag from /home/vscode/.local/lib/python3.10/site-packages/airflow/example_dags/example_dag_decorator.py
[2025-12-16T18:18:02.699+0000] {processor.py:836} INFO - DAG(s) dict_keys(['example_dag_decorator']) retrieved from /home/vscode/.local/lib/python3.10/site-packages/airflow/example_dags/example_dag_decorator.py
[2025-12-16T18:18:02.771+0000] {logging_mixin.py:150} INFO - [2025-12-16T18:18:02.771+0000] {dag.py:2742} INFO - Sync 1 DAGs
[2025-12-16T18:18:02.784+0000] {logging_mixin.py:150} INFO - [2025-12-16T18:18:02.784+0000] {dag.py:3504} INFO - Setting next_dagrun for example_dag_decorator to None, run_after=None
[2025-12-16T18:18:02.799+0000] {processor.py:179} INFO - Processing /home/vscode/.local/lib/python3.10/site-packages/airflow/example_dags/example_dag_decorator.py took 0.111 seconds
[2025-12-16T18:18:47.914+0000] {processor.py:157} INFO - Started process (PID=14427) to work on /home/vscode/.local/lib/python3.10/site-packages/airflow/example_dags/example_dag_decorator.py
[2025-12-16T18:18:47.915+0000] {processor.py:826} INFO - Processing file /home/vscode/.local/lib/python3.10/site-packages/airflow/example_dags/example_dag_decorator.py for tasks to queue
[2025-12-16T18:18:47.915+0000] {logging_mixin.py:150} INFO - [2025-12-16T18:18:47.915+0000] {dagbag.py:541} INFO - Filling up the DagBag from /home/vscode/.local/lib/python3.10/site-packages/airflow/example_dags/example_dag_decorator.py
[2025-12-16T18:18:47.930+0000] {processor.py:836} INFO - DAG(s) dict_keys(['example_dag_decorator']) retrieved from /home/vscode/.local/lib/python3.10/site-packages/airflow/example_dags/example_dag_decorator.py
[2025-12-16T18:18:48.022+0000] {logging_mixin.py:150} INFO - [2025-12-16T18:18:48.022+0000] {dag.py:2742} INFO - Sync 1 DAGs
[2025-12-16T18:18:48.034+0000] {logging_mixin.py:150} INFO - [2025-12-16T18:18:48.034+0000] {dag.py:3504} INFO - Setting next_dagrun for example_dag_decorator to None, run_after=None
[2025-12-16T18:18:48.049+0000] {processor.py:179} INFO - Processing /home/vscode/.local/lib/python3.10/site-packages/airflow/example_dags/example_dag_decorator.py took 0.138 seconds
[2025-12-16T18:19:34.898+0000] {processor.py:157} INFO - Started process (PID=14745) to work on /home/vscode/.local/lib/python3.10/site-packages/airflow/example_dags/example_dag_decorator.py
[2025-12-16T18:19:34.898+0000] {processor.py:826} INFO - Processing file /home/vscode/.local/lib/python3.10/site-packages/airflow/example_dags/example_dag_decorator.py for tasks to queue
[2025-12-16T18:19:34.899+0000] {logging_mixin.py:150} INFO - [2025-12-16T18:19:34.899+0000] {dagbag.py:541} INFO - Filling up the DagBag from /home/vscode/.local/lib/python3.10/site-packages/airflow/example_dags/example_dag_decorator.py
[2025-12-16T18:19:34.907+0000] {processor.py:836} INFO - DAG(s) dict_keys(['example_dag_decorator']) retrieved from /home/vscode/.local/lib/python3.10/site-packages/airflow/example_dags/example_dag_decorator.py
[2025-12-16T18:19:34.982+0000] {logging_mixin.py:150} INFO - [2025-12-16T18:19:34.981+0000] {dag.py:2742} INFO - Sync 1 DAGs
[2025-12-16T18:19:34.994+0000] {logging_mixin.py:150} INFO - [2025-12-16T18:19:34.994+0000] {dag.py:3504} INFO - Setting next_dagrun for example_dag_decorator to None, run_after=None
[2025-12-16T18:19:35.008+0000] {processor.py:179} INFO - Processing /home/vscode/.local/lib/python3.10/site-packages/airflow/example_dags/example_dag_decorator.py took 0.113 seconds
[2025-12-16T18:20:24.948+0000] {processor.py:157} INFO - Started process (PID=15073) to work on /home/vscode/.local/lib/python3.10/site-packages/airflow/example_dags/example_dag_decorator.py
[2025-12-16T18:20:24.949+0000] {processor.py:826} INFO - Processing file /home/vscode/.local/lib/python3.10/site-packages/airflow/example_dags/example_dag_decorator.py for tasks to queue
[2025-12-16T18:20:24.950+0000] {logging_mixin.py:150} INFO - [2025-12-16T18:20:24.950+0000] {dagbag.py:541} INFO - Filling up the DagBag from /home/vscode/.local/lib/python3.10/site-packages/airflow/example_dags/example_dag_decorator.py
[2025-12-16T18:20:24.958+0000] {processor.py:836} INFO - DAG(s) dict_keys(['example_dag_decorator']) retrieved from /home/vscode/.local/lib/python3.10/site-packages/airflow/example_dags/example_dag_decorator.py
[2025-12-16T18:20:25.032+0000] {logging_mixin.py:150} INFO - [2025-12-16T18:20:25.031+0000] {dag.py:2742} INFO - Sync 1 DAGs
[2025-12-16T18:20:25.048+0000] {logging_mixin.py:150} INFO - [2025-12-16T18:20:25.047+0000] {dag.py:3504} INFO - Setting next_dagrun for example_dag_decorator to None, run_after=None
[2025-12-16T18:20:25.067+0000] {processor.py:179} INFO - Processing /home/vscode/.local/lib/python3.10/site-packages/airflow/example_dags/example_dag_decorator.py took 0.121 seconds
[2025-12-16T18:21:08.853+0000] {processor.py:157} INFO - Started process (PID=15368) to work on /home/vscode/.local/lib/python3.10/site-packages/airflow/example_dags/example_dag_decorator.py
[2025-12-16T18:21:08.854+0000] {processor.py:826} INFO - Processing file /home/vscode/.local/lib/python3.10/site-packages/airflow/example_dags/example_dag_decorator.py for tasks to queue
[2025-12-16T18:21:08.855+0000] {logging_mixin.py:150} INFO - [2025-12-16T18:21:08.854+0000] {dagbag.py:541} INFO - Filling up the DagBag from /home/vscode/.local/lib/python3.10/site-packages/airflow/example_dags/example_dag_decorator.py
[2025-12-16T18:21:08.863+0000] {processor.py:836} INFO - DAG(s) dict_keys(['example_dag_decorator']) retrieved from /home/vscode/.local/lib/python3.10/site-packages/airflow/example_dags/example_dag_decorator.py
[2025-12-16T18:21:08.935+0000] {logging_mixin.py:150} INFO - [2025-12-16T18:21:08.935+0000] {dag.py:2742} INFO - Sync 1 DAGs
[2025-12-16T18:21:08.948+0000] {logging_mixin.py:150} INFO - [2025-12-16T18:21:08.948+0000] {dag.py:3504} INFO - Setting next_dagrun for example_dag_decorator to None, run_after=None
[2025-12-16T18:21:08.964+0000] {processor.py:179} INFO - Processing /home/vscode/.local/lib/python3.10/site-packages/airflow/example_dags/example_dag_decorator.py took 0.113 seconds
[2025-12-16T18:21:59.042+0000] {processor.py:157} INFO - Started process (PID=15697) to work on /home/vscode/.local/lib/python3.10/site-packages/airflow/example_dags/example_dag_decorator.py
[2025-12-16T18:21:59.043+0000] {processor.py:826} INFO - Processing file /home/vscode/.local/lib/python3.10/site-packages/airflow/example_dags/example_dag_decorator.py for tasks to queue
[2025-12-16T18:21:59.044+0000] {logging_mixin.py:150} INFO - [2025-12-16T18:21:59.043+0000] {dagbag.py:541} INFO - Filling up the DagBag from /home/vscode/.local/lib/python3.10/site-packages/airflow/example_dags/example_dag_decorator.py
[2025-12-16T18:21:59.052+0000] {processor.py:836} INFO - DAG(s) dict_keys(['example_dag_decorator']) retrieved from /home/vscode/.local/lib/python3.10/site-packages/airflow/example_dags/example_dag_decorator.py
[2025-12-16T18:21:59.125+0000] {logging_mixin.py:150} INFO - [2025-12-16T18:21:59.125+0000] {dag.py:2742} INFO - Sync 1 DAGs
[2025-12-16T18:21:59.231+0000] {logging_mixin.py:150} INFO - [2025-12-16T18:21:59.231+0000] {dag.py:3504} INFO - Setting next_dagrun for example_dag_decorator to None, run_after=None
[2025-12-16T18:21:59.246+0000] {processor.py:179} INFO - Processing /home/vscode/.local/lib/python3.10/site-packages/airflow/example_dags/example_dag_decorator.py took 0.205 seconds
[2025-12-16T18:22:47.801+0000] {processor.py:157} INFO - Started process (PID=16023) to work on /home/vscode/.local/lib/python3.10/site-packages/airflow/example_dags/example_dag_decorator.py
[2025-12-16T18:22:47.802+0000] {processor.py:826} INFO - Processing file /home/vscode/.local/lib/python3.10/site-packages/airflow/example_dags/example_dag_decorator.py for tasks to queue
[2025-12-16T18:22:47.802+0000] {logging_mixin.py:150} INFO - [2025-12-16T18:22:47.802+0000] {dagbag.py:541} INFO - Filling up the DagBag from /home/vscode/.local/lib/python3.10/site-packages/airflow/example_dags/example_dag_decorator.py
[2025-12-16T18:22:47.810+0000] {processor.py:836} INFO - DAG(s) dict_keys(['example_dag_decorator']) retrieved from /home/vscode/.local/lib/python3.10/site-packages/airflow/example_dags/example_dag_decorator.py
[2025-12-16T18:22:47.882+0000] {logging_mixin.py:150} INFO - [2025-12-16T18:22:47.882+0000] {dag.py:2742} INFO - Sync 1 DAGs
[2025-12-16T18:22:47.969+0000] {logging_mixin.py:150} INFO - [2025-12-16T18:22:47.968+0000] {dag.py:3504} INFO - Setting next_dagrun for example_dag_decorator to None, run_after=None
[2025-12-16T18:22:47.983+0000] {processor.py:179} INFO - Processing /home/vscode/.local/lib/python3.10/site-packages/airflow/example_dags/example_dag_decorator.py took 0.184 seconds
[2025-12-16T18:23:31.673+0000] {processor.py:157} INFO - Started process (PID=16318) to work on /home/vscode/.local/lib/python3.10/site-packages/airflow/example_dags/example_dag_decorator.py
[2025-12-16T18:23:31.673+0000] {processor.py:826} INFO - Processing file /home/vscode/.local/lib/python3.10/site-packages/airflow/example_dags/example_dag_decorator.py for tasks to queue
[2025-12-16T18:23:31.674+0000] {logging_mixin.py:150} INFO - [2025-12-16T18:23:31.674+0000] {dagbag.py:541} INFO - Filling up the DagBag from /home/vscode/.local/lib/python3.10/site-packages/airflow/example_dags/example_dag_decorator.py
[2025-12-16T18:23:31.682+0000] {processor.py:836} INFO - DAG(s) dict_keys(['example_dag_decorator']) retrieved from /home/vscode/.local/lib/python3.10/site-packages/airflow/example_dags/example_dag_decorator.py
[2025-12-16T18:23:31.780+0000] {logging_mixin.py:150} INFO - [2025-12-16T18:23:31.780+0000] {dag.py:2742} INFO - Sync 1 DAGs
[2025-12-16T18:23:31.797+0000] {logging_mixin.py:150} INFO - [2025-12-16T18:23:31.797+0000] {dag.py:3504} INFO - Setting next_dagrun for example_dag_decorator to None, run_after=None
[2025-12-16T18:23:31.812+0000] {processor.py:179} INFO - Processing /home/vscode/.local/lib/python3.10/site-packages/airflow/example_dags/example_dag_decorator.py took 0.141 seconds
[2025-12-16T18:24:17.419+0000] {processor.py:157} INFO - Started process (PID=16625) to work on /home/vscode/.local/lib/python3.10/site-packages/airflow/example_dags/example_dag_decorator.py
[2025-12-16T18:24:17.420+0000] {processor.py:826} INFO - Processing file /home/vscode/.local/lib/python3.10/site-packages/airflow/example_dags/example_dag_decorator.py for tasks to queue
[2025-12-16T18:24:17.420+0000] {logging_mixin.py:150} INFO - [2025-12-16T18:24:17.420+0000] {dagbag.py:541} INFO - Filling up the DagBag from /home/vscode/.local/lib/python3.10/site-packages/airflow/example_dags/example_dag_decorator.py
[2025-12-16T18:24:17.428+0000] {processor.py:836} INFO - DAG(s) dict_keys(['example_dag_decorator']) retrieved from /home/vscode/.local/lib/python3.10/site-packages/airflow/example_dags/example_dag_decorator.py
[2025-12-16T18:24:17.575+0000] {logging_mixin.py:150} INFO - [2025-12-16T18:24:17.575+0000] {dag.py:2742} INFO - Sync 1 DAGs
[2025-12-16T18:24:17.586+0000] {logging_mixin.py:150} INFO - [2025-12-16T18:24:17.586+0000] {dag.py:3504} INFO - Setting next_dagrun for example_dag_decorator to None, run_after=None
[2025-12-16T18:24:17.600+0000] {processor.py:179} INFO - Processing /home/vscode/.local/lib/python3.10/site-packages/airflow/example_dags/example_dag_decorator.py took 0.183 seconds
[2025-12-16T18:25:10.283+0000] {processor.py:157} INFO - Started process (PID=16970) to work on /home/vscode/.local/lib/python3.10/site-packages/airflow/example_dags/example_dag_decorator.py
[2025-12-16T18:25:10.284+0000] {processor.py:826} INFO - Processing file /home/vscode/.local/lib/python3.10/site-packages/airflow/example_dags/example_dag_decorator.py for tasks to queue
[2025-12-16T18:25:10.285+0000] {logging_mixin.py:150} INFO - [2025-12-16T18:25:10.284+0000] {dagbag.py:541} INFO - Filling up the DagBag from /home/vscode/.local/lib/python3.10/site-packages/airflow/example_dags/example_dag_decorator.py
[2025-12-16T18:25:10.293+0000] {processor.py:836} INFO - DAG(s) dict_keys(['example_dag_decorator']) retrieved from /home/vscode/.local/lib/python3.10/site-packages/airflow/example_dags/example_dag_decorator.py
[2025-12-16T18:25:10.457+0000] {logging_mixin.py:150} INFO - [2025-12-16T18:25:10.457+0000] {dag.py:2742} INFO - Sync 1 DAGs
[2025-12-16T18:25:10.469+0000] {logging_mixin.py:150} INFO - [2025-12-16T18:25:10.469+0000] {dag.py:3504} INFO - Setting next_dagrun for example_dag_decorator to None, run_after=None
[2025-12-16T18:25:10.484+0000] {processor.py:179} INFO - Processing /home/vscode/.local/lib/python3.10/site-packages/airflow/example_dags/example_dag_decorator.py took 0.203 seconds
[2025-12-16T18:25:53.624+0000] {processor.py:157} INFO - Started process (PID=17259) to work on /home/vscode/.local/lib/python3.10/site-packages/airflow/example_dags/example_dag_decorator.py
[2025-12-16T18:25:53.625+0000] {processor.py:826} INFO - Processing file /home/vscode/.local/lib/python3.10/site-packages/airflow/example_dags/example_dag_decorator.py for tasks to queue
[2025-12-16T18:25:53.625+0000] {logging_mixin.py:150} INFO - [2025-12-16T18:25:53.625+0000] {dagbag.py:541} INFO - Filling up the DagBag from /home/vscode/.local/lib/python3.10/site-packages/airflow/example_dags/example_dag_decorator.py
[2025-12-16T18:25:53.634+0000] {processor.py:836} INFO - DAG(s) dict_keys(['example_dag_decorator']) retrieved from /home/vscode/.local/lib/python3.10/site-packages/airflow/example_dags/example_dag_decorator.py
[2025-12-16T18:25:53.707+0000] {logging_mixin.py:150} INFO - [2025-12-16T18:25:53.707+0000] {dag.py:2742} INFO - Sync 1 DAGs
[2025-12-16T18:25:53.792+0000] {logging_mixin.py:150} INFO - [2025-12-16T18:25:53.792+0000] {dag.py:3504} INFO - Setting next_dagrun for example_dag_decorator to None, run_after=None
[2025-12-16T18:25:53.806+0000] {processor.py:179} INFO - Processing /home/vscode/.local/lib/python3.10/site-packages/airflow/example_dags/example_dag_decorator.py took 0.184 seconds
[2025-12-16T18:26:45.578+0000] {processor.py:157} INFO - Started process (PID=17609) to work on /home/vscode/.local/lib/python3.10/site-packages/airflow/example_dags/example_dag_decorator.py
[2025-12-16T18:26:45.579+0000] {processor.py:826} INFO - Processing file /home/vscode/.local/lib/python3.10/site-packages/airflow/example_dags/example_dag_decorator.py for tasks to queue
[2025-12-16T18:26:45.580+0000] {logging_mixin.py:150} INFO - [2025-12-16T18:26:45.579+0000] {dagbag.py:541} INFO - Filling up the DagBag from /home/vscode/.local/lib/python3.10/site-packages/airflow/example_dags/example_dag_decorator.py
[2025-12-16T18:26:45.591+0000] {processor.py:836} INFO - DAG(s) dict_keys(['example_dag_decorator']) retrieved from /home/vscode/.local/lib/python3.10/site-packages/airflow/example_dags/example_dag_decorator.py
[2025-12-16T18:26:45.746+0000] {logging_mixin.py:150} INFO - [2025-12-16T18:26:45.746+0000] {dag.py:2742} INFO - Sync 1 DAGs
[2025-12-16T18:26:45.758+0000] {logging_mixin.py:150} INFO - [2025-12-16T18:26:45.758+0000] {dag.py:3504} INFO - Setting next_dagrun for example_dag_decorator to None, run_after=None
[2025-12-16T18:26:45.773+0000] {processor.py:179} INFO - Processing /home/vscode/.local/lib/python3.10/site-packages/airflow/example_dags/example_dag_decorator.py took 0.197 seconds
