[2025-12-16T17:53:35.888+0000] {processor.py:157} INFO - Started process (PID=3663) to work on /home/vscode/.local/lib/python3.10/site-packages/airflow/example_dags/example_subdag_operator.py
[2025-12-16T17:53:35.896+0000] {processor.py:826} INFO - Processing file /home/vscode/.local/lib/python3.10/site-packages/airflow/example_dags/example_subdag_operator.py for tasks to queue
[2025-12-16T17:53:35.904+0000] {logging_mixin.py:150} INFO - [2025-12-16T17:53:35.897+0000] {dagbag.py:541} INFO - Filling up the DagBag from /home/vscode/.local/lib/python3.10/site-packages/airflow/example_dags/example_subdag_operator.py
[2025-12-16T17:53:35.975+0000] {processor.py:836} INFO - DAG(s) dict_keys(['example_subdag_operator.section-1', 'example_subdag_operator.section-2', 'example_subdag_operator']) retrieved from /home/vscode/.local/lib/python3.10/site-packages/airflow/example_dags/example_subdag_operator.py
[2025-12-16T17:53:36.100+0000] {logging_mixin.py:150} INFO - [2025-12-16T17:53:36.100+0000] {manager.py:504} INFO - Created Permission View: can read on DAG:example_subdag_operator
[2025-12-16T17:53:36.112+0000] {logging_mixin.py:150} INFO - [2025-12-16T17:53:36.112+0000] {manager.py:504} INFO - Created Permission View: can delete on DAG:example_subdag_operator
[2025-12-16T17:53:36.120+0000] {logging_mixin.py:150} INFO - [2025-12-16T17:53:36.120+0000] {manager.py:504} INFO - Created Permission View: can edit on DAG:example_subdag_operator
[2025-12-16T17:53:36.129+0000] {logging_mixin.py:150} INFO - [2025-12-16T17:53:36.129+0000] {dag.py:2742} INFO - Sync 3 DAGs
[2025-12-16T17:53:36.144+0000] {logging_mixin.py:150} INFO - [2025-12-16T17:53:36.144+0000] {dag.py:2763} INFO - Creating ORM DAG for example_subdag_operator
[2025-12-16T17:53:36.145+0000] {logging_mixin.py:150} INFO - [2025-12-16T17:53:36.145+0000] {dag.py:2763} INFO - Creating ORM DAG for example_subdag_operator.section-2
[2025-12-16T17:53:36.145+0000] {logging_mixin.py:150} INFO - [2025-12-16T17:53:36.145+0000] {dag.py:2763} INFO - Creating ORM DAG for example_subdag_operator.section-1
[2025-12-16T17:53:36.154+0000] {logging_mixin.py:150} INFO - [2025-12-16T17:53:36.154+0000] {dag.py:3504} INFO - Setting next_dagrun for example_subdag_operator to 2022-01-01T00:00:00+00:00, run_after=2022-01-01T00:00:00+00:00
[2025-12-16T17:53:36.154+0000] {logging_mixin.py:150} INFO - [2025-12-16T17:53:36.154+0000] {dag.py:3504} INFO - Setting next_dagrun for example_subdag_operator.section-1 to None, run_after=None
[2025-12-16T17:53:36.155+0000] {logging_mixin.py:150} INFO - [2025-12-16T17:53:36.155+0000] {dag.py:3504} INFO - Setting next_dagrun for example_subdag_operator.section-2 to None, run_after=None
[2025-12-16T17:53:36.165+0000] {logging_mixin.py:150} INFO - [2025-12-16T17:53:36.164+0000] {dag.py:2742} INFO - Sync 2 DAGs
[2025-12-16T17:53:36.180+0000] {logging_mixin.py:150} INFO - [2025-12-16T17:53:36.180+0000] {dag.py:3504} INFO - Setting next_dagrun for example_subdag_operator.section-1 to None, run_after=None
[2025-12-16T17:53:36.185+0000] {logging_mixin.py:150} INFO - [2025-12-16T17:53:36.185+0000] {dag.py:3504} INFO - Setting next_dagrun for example_subdag_operator.section-2 to None, run_after=None
[2025-12-16T17:53:36.224+0000] {processor.py:179} INFO - Processing /home/vscode/.local/lib/python3.10/site-packages/airflow/example_dags/example_subdag_operator.py took 0.343 seconds
[2025-12-16T17:54:27.169+0000] {processor.py:157} INFO - Started process (PID=4308) to work on /home/vscode/.local/lib/python3.10/site-packages/airflow/example_dags/example_subdag_operator.py
[2025-12-16T17:54:27.170+0000] {processor.py:826} INFO - Processing file /home/vscode/.local/lib/python3.10/site-packages/airflow/example_dags/example_subdag_operator.py for tasks to queue
[2025-12-16T17:54:27.170+0000] {logging_mixin.py:150} INFO - [2025-12-16T17:54:27.170+0000] {dagbag.py:541} INFO - Filling up the DagBag from /home/vscode/.local/lib/python3.10/site-packages/airflow/example_dags/example_subdag_operator.py
[2025-12-16T17:54:27.185+0000] {processor.py:836} INFO - DAG(s) dict_keys(['example_subdag_operator.section-1', 'example_subdag_operator.section-2', 'example_subdag_operator']) retrieved from /home/vscode/.local/lib/python3.10/site-packages/airflow/example_dags/example_subdag_operator.py
[2025-12-16T17:54:27.196+0000] {logging_mixin.py:150} INFO - [2025-12-16T17:54:27.196+0000] {dag.py:2742} INFO - Sync 3 DAGs
[2025-12-16T17:54:27.210+0000] {logging_mixin.py:150} INFO - [2025-12-16T17:54:27.210+0000] {dag.py:3504} INFO - Setting next_dagrun for example_subdag_operator to 2022-01-01T00:00:00+00:00, run_after=2022-01-01T00:00:00+00:00
[2025-12-16T17:54:27.212+0000] {logging_mixin.py:150} INFO - [2025-12-16T17:54:27.212+0000] {dag.py:3504} INFO - Setting next_dagrun for example_subdag_operator.section-1 to None, run_after=None
[2025-12-16T17:54:27.213+0000] {logging_mixin.py:150} INFO - [2025-12-16T17:54:27.213+0000] {dag.py:3504} INFO - Setting next_dagrun for example_subdag_operator.section-2 to None, run_after=None
[2025-12-16T17:54:27.217+0000] {logging_mixin.py:150} INFO - [2025-12-16T17:54:27.217+0000] {dag.py:2742} INFO - Sync 2 DAGs
[2025-12-16T17:54:27.220+0000] {logging_mixin.py:150} INFO - [2025-12-16T17:54:27.220+0000] {dag.py:3504} INFO - Setting next_dagrun for example_subdag_operator.section-1 to None, run_after=None
[2025-12-16T17:54:27.220+0000] {logging_mixin.py:150} INFO - [2025-12-16T17:54:27.220+0000] {dag.py:3504} INFO - Setting next_dagrun for example_subdag_operator.section-2 to None, run_after=None
[2025-12-16T17:54:27.232+0000] {processor.py:179} INFO - Processing /home/vscode/.local/lib/python3.10/site-packages/airflow/example_dags/example_subdag_operator.py took 0.065 seconds
[2025-12-16T17:55:14.606+0000] {processor.py:157} INFO - Started process (PID=4665) to work on /home/vscode/.local/lib/python3.10/site-packages/airflow/example_dags/example_subdag_operator.py
[2025-12-16T17:55:14.607+0000] {processor.py:826} INFO - Processing file /home/vscode/.local/lib/python3.10/site-packages/airflow/example_dags/example_subdag_operator.py for tasks to queue
[2025-12-16T17:55:14.607+0000] {logging_mixin.py:150} INFO - [2025-12-16T17:55:14.607+0000] {dagbag.py:541} INFO - Filling up the DagBag from /home/vscode/.local/lib/python3.10/site-packages/airflow/example_dags/example_subdag_operator.py
[2025-12-16T17:55:14.621+0000] {processor.py:836} INFO - DAG(s) dict_keys(['example_subdag_operator.section-1', 'example_subdag_operator.section-2', 'example_subdag_operator']) retrieved from /home/vscode/.local/lib/python3.10/site-packages/airflow/example_dags/example_subdag_operator.py
[2025-12-16T17:55:14.632+0000] {logging_mixin.py:150} INFO - [2025-12-16T17:55:14.632+0000] {dag.py:2742} INFO - Sync 3 DAGs
[2025-12-16T17:55:14.645+0000] {logging_mixin.py:150} INFO - [2025-12-16T17:55:14.645+0000] {dag.py:3504} INFO - Setting next_dagrun for example_subdag_operator to 2022-01-01T00:00:00+00:00, run_after=2022-01-01T00:00:00+00:00
[2025-12-16T17:55:14.647+0000] {logging_mixin.py:150} INFO - [2025-12-16T17:55:14.647+0000] {dag.py:3504} INFO - Setting next_dagrun for example_subdag_operator.section-1 to None, run_after=None
[2025-12-16T17:55:14.648+0000] {logging_mixin.py:150} INFO - [2025-12-16T17:55:14.648+0000] {dag.py:3504} INFO - Setting next_dagrun for example_subdag_operator.section-2 to None, run_after=None
[2025-12-16T17:55:14.652+0000] {logging_mixin.py:150} INFO - [2025-12-16T17:55:14.652+0000] {dag.py:2742} INFO - Sync 2 DAGs
[2025-12-16T17:55:14.655+0000] {logging_mixin.py:150} INFO - [2025-12-16T17:55:14.654+0000] {dag.py:3504} INFO - Setting next_dagrun for example_subdag_operator.section-1 to None, run_after=None
[2025-12-16T17:55:14.655+0000] {logging_mixin.py:150} INFO - [2025-12-16T17:55:14.655+0000] {dag.py:3504} INFO - Setting next_dagrun for example_subdag_operator.section-2 to None, run_after=None
[2025-12-16T17:55:14.665+0000] {processor.py:179} INFO - Processing /home/vscode/.local/lib/python3.10/site-packages/airflow/example_dags/example_subdag_operator.py took 0.061 seconds
[2025-12-16T17:56:00.645+0000] {processor.py:157} INFO - Started process (PID=5102) to work on /home/vscode/.local/lib/python3.10/site-packages/airflow/example_dags/example_subdag_operator.py
[2025-12-16T17:56:00.646+0000] {processor.py:826} INFO - Processing file /home/vscode/.local/lib/python3.10/site-packages/airflow/example_dags/example_subdag_operator.py for tasks to queue
[2025-12-16T17:56:00.646+0000] {logging_mixin.py:150} INFO - [2025-12-16T17:56:00.646+0000] {dagbag.py:541} INFO - Filling up the DagBag from /home/vscode/.local/lib/python3.10/site-packages/airflow/example_dags/example_subdag_operator.py
[2025-12-16T17:56:00.660+0000] {processor.py:836} INFO - DAG(s) dict_keys(['example_subdag_operator.section-1', 'example_subdag_operator.section-2', 'example_subdag_operator']) retrieved from /home/vscode/.local/lib/python3.10/site-packages/airflow/example_dags/example_subdag_operator.py
[2025-12-16T17:56:00.671+0000] {logging_mixin.py:150} INFO - [2025-12-16T17:56:00.671+0000] {dag.py:2742} INFO - Sync 3 DAGs
[2025-12-16T17:56:00.684+0000] {logging_mixin.py:150} INFO - [2025-12-16T17:56:00.684+0000] {dag.py:3504} INFO - Setting next_dagrun for example_subdag_operator to 2022-01-01T00:00:00+00:00, run_after=2022-01-01T00:00:00+00:00
[2025-12-16T17:56:00.686+0000] {logging_mixin.py:150} INFO - [2025-12-16T17:56:00.686+0000] {dag.py:3504} INFO - Setting next_dagrun for example_subdag_operator.section-1 to None, run_after=None
[2025-12-16T17:56:00.687+0000] {logging_mixin.py:150} INFO - [2025-12-16T17:56:00.687+0000] {dag.py:3504} INFO - Setting next_dagrun for example_subdag_operator.section-2 to None, run_after=None
[2025-12-16T17:56:00.691+0000] {logging_mixin.py:150} INFO - [2025-12-16T17:56:00.691+0000] {dag.py:2742} INFO - Sync 2 DAGs
[2025-12-16T17:56:00.694+0000] {logging_mixin.py:150} INFO - [2025-12-16T17:56:00.694+0000] {dag.py:3504} INFO - Setting next_dagrun for example_subdag_operator.section-1 to None, run_after=None
[2025-12-16T17:56:00.694+0000] {logging_mixin.py:150} INFO - [2025-12-16T17:56:00.694+0000] {dag.py:3504} INFO - Setting next_dagrun for example_subdag_operator.section-2 to None, run_after=None
[2025-12-16T17:56:00.704+0000] {processor.py:179} INFO - Processing /home/vscode/.local/lib/python3.10/site-packages/airflow/example_dags/example_subdag_operator.py took 0.061 seconds
[2025-12-16T17:56:50.679+0000] {processor.py:157} INFO - Started process (PID=5478) to work on /home/vscode/.local/lib/python3.10/site-packages/airflow/example_dags/example_subdag_operator.py
[2025-12-16T17:56:50.680+0000] {processor.py:826} INFO - Processing file /home/vscode/.local/lib/python3.10/site-packages/airflow/example_dags/example_subdag_operator.py for tasks to queue
[2025-12-16T17:56:50.680+0000] {logging_mixin.py:150} INFO - [2025-12-16T17:56:50.680+0000] {dagbag.py:541} INFO - Filling up the DagBag from /home/vscode/.local/lib/python3.10/site-packages/airflow/example_dags/example_subdag_operator.py
[2025-12-16T17:56:50.694+0000] {processor.py:836} INFO - DAG(s) dict_keys(['example_subdag_operator.section-1', 'example_subdag_operator.section-2', 'example_subdag_operator']) retrieved from /home/vscode/.local/lib/python3.10/site-packages/airflow/example_dags/example_subdag_operator.py
[2025-12-16T17:56:50.705+0000] {logging_mixin.py:150} INFO - [2025-12-16T17:56:50.705+0000] {dag.py:2742} INFO - Sync 3 DAGs
[2025-12-16T17:56:50.719+0000] {logging_mixin.py:150} INFO - [2025-12-16T17:56:50.719+0000] {dag.py:3504} INFO - Setting next_dagrun for example_subdag_operator to 2022-01-01T00:00:00+00:00, run_after=2022-01-01T00:00:00+00:00
[2025-12-16T17:56:50.721+0000] {logging_mixin.py:150} INFO - [2025-12-16T17:56:50.721+0000] {dag.py:3504} INFO - Setting next_dagrun for example_subdag_operator.section-1 to None, run_after=None
[2025-12-16T17:56:50.721+0000] {logging_mixin.py:150} INFO - [2025-12-16T17:56:50.721+0000] {dag.py:3504} INFO - Setting next_dagrun for example_subdag_operator.section-2 to None, run_after=None
[2025-12-16T17:56:50.726+0000] {logging_mixin.py:150} INFO - [2025-12-16T17:56:50.726+0000] {dag.py:2742} INFO - Sync 2 DAGs
[2025-12-16T17:56:50.730+0000] {logging_mixin.py:150} INFO - [2025-12-16T17:56:50.730+0000] {dag.py:3504} INFO - Setting next_dagrun for example_subdag_operator.section-1 to None, run_after=None
[2025-12-16T17:56:50.730+0000] {logging_mixin.py:150} INFO - [2025-12-16T17:56:50.730+0000] {dag.py:3504} INFO - Setting next_dagrun for example_subdag_operator.section-2 to None, run_after=None
[2025-12-16T17:56:50.740+0000] {processor.py:179} INFO - Processing /home/vscode/.local/lib/python3.10/site-packages/airflow/example_dags/example_subdag_operator.py took 0.063 seconds
[2025-12-16T17:57:35.219+0000] {processor.py:157} INFO - Started process (PID=5968) to work on /home/vscode/.local/lib/python3.10/site-packages/airflow/example_dags/example_subdag_operator.py
[2025-12-16T17:57:35.220+0000] {processor.py:826} INFO - Processing file /home/vscode/.local/lib/python3.10/site-packages/airflow/example_dags/example_subdag_operator.py for tasks to queue
[2025-12-16T17:57:35.220+0000] {logging_mixin.py:150} INFO - [2025-12-16T17:57:35.220+0000] {dagbag.py:541} INFO - Filling up the DagBag from /home/vscode/.local/lib/python3.10/site-packages/airflow/example_dags/example_subdag_operator.py
[2025-12-16T17:57:35.235+0000] {processor.py:836} INFO - DAG(s) dict_keys(['example_subdag_operator.section-1', 'example_subdag_operator.section-2', 'example_subdag_operator']) retrieved from /home/vscode/.local/lib/python3.10/site-packages/airflow/example_dags/example_subdag_operator.py
[2025-12-16T17:57:35.246+0000] {logging_mixin.py:150} INFO - [2025-12-16T17:57:35.246+0000] {dag.py:2742} INFO - Sync 3 DAGs
[2025-12-16T17:57:35.260+0000] {logging_mixin.py:150} INFO - [2025-12-16T17:57:35.259+0000] {dag.py:3504} INFO - Setting next_dagrun for example_subdag_operator to 2022-01-01T00:00:00+00:00, run_after=2022-01-01T00:00:00+00:00
[2025-12-16T17:57:35.261+0000] {logging_mixin.py:150} INFO - [2025-12-16T17:57:35.261+0000] {dag.py:3504} INFO - Setting next_dagrun for example_subdag_operator.section-1 to None, run_after=None
[2025-12-16T17:57:35.262+0000] {logging_mixin.py:150} INFO - [2025-12-16T17:57:35.262+0000] {dag.py:3504} INFO - Setting next_dagrun for example_subdag_operator.section-2 to None, run_after=None
[2025-12-16T17:57:35.266+0000] {logging_mixin.py:150} INFO - [2025-12-16T17:57:35.266+0000] {dag.py:2742} INFO - Sync 2 DAGs
[2025-12-16T17:57:35.269+0000] {logging_mixin.py:150} INFO - [2025-12-16T17:57:35.269+0000] {dag.py:3504} INFO - Setting next_dagrun for example_subdag_operator.section-1 to None, run_after=None
[2025-12-16T17:57:35.269+0000] {logging_mixin.py:150} INFO - [2025-12-16T17:57:35.269+0000] {dag.py:3504} INFO - Setting next_dagrun for example_subdag_operator.section-2 to None, run_after=None
[2025-12-16T17:57:35.279+0000] {processor.py:179} INFO - Processing /home/vscode/.local/lib/python3.10/site-packages/airflow/example_dags/example_subdag_operator.py took 0.062 seconds
[2025-12-16T17:58:22.583+0000] {processor.py:157} INFO - Started process (PID=6285) to work on /home/vscode/.local/lib/python3.10/site-packages/airflow/example_dags/example_subdag_operator.py
[2025-12-16T17:58:22.583+0000] {processor.py:826} INFO - Processing file /home/vscode/.local/lib/python3.10/site-packages/airflow/example_dags/example_subdag_operator.py for tasks to queue
[2025-12-16T17:58:22.584+0000] {logging_mixin.py:150} INFO - [2025-12-16T17:58:22.584+0000] {dagbag.py:541} INFO - Filling up the DagBag from /home/vscode/.local/lib/python3.10/site-packages/airflow/example_dags/example_subdag_operator.py
[2025-12-16T17:58:22.598+0000] {processor.py:836} INFO - DAG(s) dict_keys(['example_subdag_operator.section-1', 'example_subdag_operator.section-2', 'example_subdag_operator']) retrieved from /home/vscode/.local/lib/python3.10/site-packages/airflow/example_dags/example_subdag_operator.py
[2025-12-16T17:58:22.609+0000] {logging_mixin.py:150} INFO - [2025-12-16T17:58:22.609+0000] {dag.py:2742} INFO - Sync 3 DAGs
[2025-12-16T17:58:22.623+0000] {logging_mixin.py:150} INFO - [2025-12-16T17:58:22.623+0000] {dag.py:3504} INFO - Setting next_dagrun for example_subdag_operator to 2022-01-01T00:00:00+00:00, run_after=2022-01-01T00:00:00+00:00
[2025-12-16T17:58:22.625+0000] {logging_mixin.py:150} INFO - [2025-12-16T17:58:22.625+0000] {dag.py:3504} INFO - Setting next_dagrun for example_subdag_operator.section-1 to None, run_after=None
[2025-12-16T17:58:22.625+0000] {logging_mixin.py:150} INFO - [2025-12-16T17:58:22.625+0000] {dag.py:3504} INFO - Setting next_dagrun for example_subdag_operator.section-2 to None, run_after=None
[2025-12-16T17:58:22.629+0000] {logging_mixin.py:150} INFO - [2025-12-16T17:58:22.629+0000] {dag.py:2742} INFO - Sync 2 DAGs
[2025-12-16T17:58:22.632+0000] {logging_mixin.py:150} INFO - [2025-12-16T17:58:22.632+0000] {dag.py:3504} INFO - Setting next_dagrun for example_subdag_operator.section-1 to None, run_after=None
[2025-12-16T17:58:22.632+0000] {logging_mixin.py:150} INFO - [2025-12-16T17:58:22.632+0000] {dag.py:3504} INFO - Setting next_dagrun for example_subdag_operator.section-2 to None, run_after=None
[2025-12-16T17:58:22.642+0000] {processor.py:179} INFO - Processing /home/vscode/.local/lib/python3.10/site-packages/airflow/example_dags/example_subdag_operator.py took 0.062 seconds
[2025-12-16T17:59:12.262+0000] {processor.py:157} INFO - Started process (PID=6612) to work on /home/vscode/.local/lib/python3.10/site-packages/airflow/example_dags/example_subdag_operator.py
[2025-12-16T17:59:12.263+0000] {processor.py:826} INFO - Processing file /home/vscode/.local/lib/python3.10/site-packages/airflow/example_dags/example_subdag_operator.py for tasks to queue
[2025-12-16T17:59:12.263+0000] {logging_mixin.py:150} INFO - [2025-12-16T17:59:12.263+0000] {dagbag.py:541} INFO - Filling up the DagBag from /home/vscode/.local/lib/python3.10/site-packages/airflow/example_dags/example_subdag_operator.py
[2025-12-16T17:59:12.277+0000] {processor.py:836} INFO - DAG(s) dict_keys(['example_subdag_operator.section-1', 'example_subdag_operator.section-2', 'example_subdag_operator']) retrieved from /home/vscode/.local/lib/python3.10/site-packages/airflow/example_dags/example_subdag_operator.py
[2025-12-16T17:59:12.288+0000] {logging_mixin.py:150} INFO - [2025-12-16T17:59:12.288+0000] {dag.py:2742} INFO - Sync 3 DAGs
[2025-12-16T17:59:12.302+0000] {logging_mixin.py:150} INFO - [2025-12-16T17:59:12.302+0000] {dag.py:3504} INFO - Setting next_dagrun for example_subdag_operator to 2022-01-01T00:00:00+00:00, run_after=2022-01-01T00:00:00+00:00
[2025-12-16T17:59:12.304+0000] {logging_mixin.py:150} INFO - [2025-12-16T17:59:12.304+0000] {dag.py:3504} INFO - Setting next_dagrun for example_subdag_operator.section-1 to None, run_after=None
[2025-12-16T17:59:12.305+0000] {logging_mixin.py:150} INFO - [2025-12-16T17:59:12.304+0000] {dag.py:3504} INFO - Setting next_dagrun for example_subdag_operator.section-2 to None, run_after=None
[2025-12-16T17:59:12.309+0000] {logging_mixin.py:150} INFO - [2025-12-16T17:59:12.309+0000] {dag.py:2742} INFO - Sync 2 DAGs
[2025-12-16T17:59:12.311+0000] {logging_mixin.py:150} INFO - [2025-12-16T17:59:12.311+0000] {dag.py:3504} INFO - Setting next_dagrun for example_subdag_operator.section-1 to None, run_after=None
[2025-12-16T17:59:12.312+0000] {logging_mixin.py:150} INFO - [2025-12-16T17:59:12.312+0000] {dag.py:3504} INFO - Setting next_dagrun for example_subdag_operator.section-2 to None, run_after=None
[2025-12-16T17:59:12.322+0000] {processor.py:179} INFO - Processing /home/vscode/.local/lib/python3.10/site-packages/airflow/example_dags/example_subdag_operator.py took 0.062 seconds
[2025-12-16T17:59:58.476+0000] {processor.py:157} INFO - Started process (PID=6922) to work on /home/vscode/.local/lib/python3.10/site-packages/airflow/example_dags/example_subdag_operator.py
[2025-12-16T17:59:58.477+0000] {processor.py:826} INFO - Processing file /home/vscode/.local/lib/python3.10/site-packages/airflow/example_dags/example_subdag_operator.py for tasks to queue
[2025-12-16T17:59:58.477+0000] {logging_mixin.py:150} INFO - [2025-12-16T17:59:58.477+0000] {dagbag.py:541} INFO - Filling up the DagBag from /home/vscode/.local/lib/python3.10/site-packages/airflow/example_dags/example_subdag_operator.py
[2025-12-16T17:59:58.495+0000] {processor.py:836} INFO - DAG(s) dict_keys(['example_subdag_operator.section-1', 'example_subdag_operator.section-2', 'example_subdag_operator']) retrieved from /home/vscode/.local/lib/python3.10/site-packages/airflow/example_dags/example_subdag_operator.py
[2025-12-16T17:59:58.511+0000] {logging_mixin.py:150} INFO - [2025-12-16T17:59:58.511+0000] {dag.py:2742} INFO - Sync 3 DAGs
[2025-12-16T17:59:58.533+0000] {logging_mixin.py:150} INFO - [2025-12-16T17:59:58.533+0000] {dag.py:3504} INFO - Setting next_dagrun for example_subdag_operator to 2022-01-01T00:00:00+00:00, run_after=2022-01-01T00:00:00+00:00
[2025-12-16T17:59:58.535+0000] {logging_mixin.py:150} INFO - [2025-12-16T17:59:58.535+0000] {dag.py:3504} INFO - Setting next_dagrun for example_subdag_operator.section-1 to None, run_after=None
[2025-12-16T17:59:58.536+0000] {logging_mixin.py:150} INFO - [2025-12-16T17:59:58.535+0000] {dag.py:3504} INFO - Setting next_dagrun for example_subdag_operator.section-2 to None, run_after=None
[2025-12-16T17:59:58.540+0000] {logging_mixin.py:150} INFO - [2025-12-16T17:59:58.539+0000] {dag.py:2742} INFO - Sync 2 DAGs
[2025-12-16T17:59:58.542+0000] {logging_mixin.py:150} INFO - [2025-12-16T17:59:58.542+0000] {dag.py:3504} INFO - Setting next_dagrun for example_subdag_operator.section-1 to None, run_after=None
[2025-12-16T17:59:58.542+0000] {logging_mixin.py:150} INFO - [2025-12-16T17:59:58.542+0000] {dag.py:3504} INFO - Setting next_dagrun for example_subdag_operator.section-2 to None, run_after=None
[2025-12-16T17:59:58.556+0000] {processor.py:179} INFO - Processing /home/vscode/.local/lib/python3.10/site-packages/airflow/example_dags/example_subdag_operator.py took 0.081 seconds
[2025-12-16T18:00:42.537+0000] {processor.py:157} INFO - Started process (PID=7217) to work on /home/vscode/.local/lib/python3.10/site-packages/airflow/example_dags/example_subdag_operator.py
[2025-12-16T18:00:42.538+0000] {processor.py:826} INFO - Processing file /home/vscode/.local/lib/python3.10/site-packages/airflow/example_dags/example_subdag_operator.py for tasks to queue
[2025-12-16T18:00:42.538+0000] {logging_mixin.py:150} INFO - [2025-12-16T18:00:42.538+0000] {dagbag.py:541} INFO - Filling up the DagBag from /home/vscode/.local/lib/python3.10/site-packages/airflow/example_dags/example_subdag_operator.py
[2025-12-16T18:00:42.552+0000] {processor.py:836} INFO - DAG(s) dict_keys(['example_subdag_operator.section-1', 'example_subdag_operator.section-2', 'example_subdag_operator']) retrieved from /home/vscode/.local/lib/python3.10/site-packages/airflow/example_dags/example_subdag_operator.py
[2025-12-16T18:00:42.563+0000] {logging_mixin.py:150} INFO - [2025-12-16T18:00:42.563+0000] {dag.py:2742} INFO - Sync 3 DAGs
[2025-12-16T18:00:42.577+0000] {logging_mixin.py:150} INFO - [2025-12-16T18:00:42.577+0000] {dag.py:3504} INFO - Setting next_dagrun for example_subdag_operator to 2022-01-01T00:00:00+00:00, run_after=2022-01-01T00:00:00+00:00
[2025-12-16T18:00:42.579+0000] {logging_mixin.py:150} INFO - [2025-12-16T18:00:42.579+0000] {dag.py:3504} INFO - Setting next_dagrun for example_subdag_operator.section-1 to None, run_after=None
[2025-12-16T18:00:42.580+0000] {logging_mixin.py:150} INFO - [2025-12-16T18:00:42.580+0000] {dag.py:3504} INFO - Setting next_dagrun for example_subdag_operator.section-2 to None, run_after=None
[2025-12-16T18:00:42.584+0000] {logging_mixin.py:150} INFO - [2025-12-16T18:00:42.584+0000] {dag.py:2742} INFO - Sync 2 DAGs
[2025-12-16T18:00:42.586+0000] {logging_mixin.py:150} INFO - [2025-12-16T18:00:42.586+0000] {dag.py:3504} INFO - Setting next_dagrun for example_subdag_operator.section-1 to None, run_after=None
[2025-12-16T18:00:42.587+0000] {logging_mixin.py:150} INFO - [2025-12-16T18:00:42.586+0000] {dag.py:3504} INFO - Setting next_dagrun for example_subdag_operator.section-2 to None, run_after=None
[2025-12-16T18:00:42.597+0000] {processor.py:179} INFO - Processing /home/vscode/.local/lib/python3.10/site-packages/airflow/example_dags/example_subdag_operator.py took 0.061 seconds
[2025-12-16T18:01:28.824+0000] {processor.py:157} INFO - Started process (PID=7530) to work on /home/vscode/.local/lib/python3.10/site-packages/airflow/example_dags/example_subdag_operator.py
[2025-12-16T18:01:28.825+0000] {processor.py:826} INFO - Processing file /home/vscode/.local/lib/python3.10/site-packages/airflow/example_dags/example_subdag_operator.py for tasks to queue
[2025-12-16T18:01:28.825+0000] {logging_mixin.py:150} INFO - [2025-12-16T18:01:28.825+0000] {dagbag.py:541} INFO - Filling up the DagBag from /home/vscode/.local/lib/python3.10/site-packages/airflow/example_dags/example_subdag_operator.py
[2025-12-16T18:01:28.839+0000] {processor.py:836} INFO - DAG(s) dict_keys(['example_subdag_operator.section-1', 'example_subdag_operator.section-2', 'example_subdag_operator']) retrieved from /home/vscode/.local/lib/python3.10/site-packages/airflow/example_dags/example_subdag_operator.py
[2025-12-16T18:01:28.850+0000] {logging_mixin.py:150} INFO - [2025-12-16T18:01:28.850+0000] {dag.py:2742} INFO - Sync 3 DAGs
[2025-12-16T18:01:28.864+0000] {logging_mixin.py:150} INFO - [2025-12-16T18:01:28.864+0000] {dag.py:3504} INFO - Setting next_dagrun for example_subdag_operator to 2022-01-01T00:00:00+00:00, run_after=2022-01-01T00:00:00+00:00
[2025-12-16T18:01:28.866+0000] {logging_mixin.py:150} INFO - [2025-12-16T18:01:28.866+0000] {dag.py:3504} INFO - Setting next_dagrun for example_subdag_operator.section-1 to None, run_after=None
[2025-12-16T18:01:28.867+0000] {logging_mixin.py:150} INFO - [2025-12-16T18:01:28.867+0000] {dag.py:3504} INFO - Setting next_dagrun for example_subdag_operator.section-2 to None, run_after=None
[2025-12-16T18:01:28.871+0000] {logging_mixin.py:150} INFO - [2025-12-16T18:01:28.871+0000] {dag.py:2742} INFO - Sync 2 DAGs
[2025-12-16T18:01:28.874+0000] {logging_mixin.py:150} INFO - [2025-12-16T18:01:28.874+0000] {dag.py:3504} INFO - Setting next_dagrun for example_subdag_operator.section-1 to None, run_after=None
[2025-12-16T18:01:28.874+0000] {logging_mixin.py:150} INFO - [2025-12-16T18:01:28.874+0000] {dag.py:3504} INFO - Setting next_dagrun for example_subdag_operator.section-2 to None, run_after=None
[2025-12-16T18:01:28.884+0000] {processor.py:179} INFO - Processing /home/vscode/.local/lib/python3.10/site-packages/airflow/example_dags/example_subdag_operator.py took 0.062 seconds
[2025-12-16T18:02:16.694+0000] {processor.py:157} INFO - Started process (PID=7847) to work on /home/vscode/.local/lib/python3.10/site-packages/airflow/example_dags/example_subdag_operator.py
[2025-12-16T18:02:16.695+0000] {processor.py:826} INFO - Processing file /home/vscode/.local/lib/python3.10/site-packages/airflow/example_dags/example_subdag_operator.py for tasks to queue
[2025-12-16T18:02:16.695+0000] {logging_mixin.py:150} INFO - [2025-12-16T18:02:16.695+0000] {dagbag.py:541} INFO - Filling up the DagBag from /home/vscode/.local/lib/python3.10/site-packages/airflow/example_dags/example_subdag_operator.py
[2025-12-16T18:02:16.713+0000] {processor.py:836} INFO - DAG(s) dict_keys(['example_subdag_operator.section-1', 'example_subdag_operator.section-2', 'example_subdag_operator']) retrieved from /home/vscode/.local/lib/python3.10/site-packages/airflow/example_dags/example_subdag_operator.py
[2025-12-16T18:02:16.725+0000] {logging_mixin.py:150} INFO - [2025-12-16T18:02:16.725+0000] {dag.py:2742} INFO - Sync 3 DAGs
[2025-12-16T18:02:16.739+0000] {logging_mixin.py:150} INFO - [2025-12-16T18:02:16.739+0000] {dag.py:3504} INFO - Setting next_dagrun for example_subdag_operator to 2022-01-01T00:00:00+00:00, run_after=2022-01-01T00:00:00+00:00
[2025-12-16T18:02:16.741+0000] {logging_mixin.py:150} INFO - [2025-12-16T18:02:16.741+0000] {dag.py:3504} INFO - Setting next_dagrun for example_subdag_operator.section-1 to None, run_after=None
[2025-12-16T18:02:16.742+0000] {logging_mixin.py:150} INFO - [2025-12-16T18:02:16.742+0000] {dag.py:3504} INFO - Setting next_dagrun for example_subdag_operator.section-2 to None, run_after=None
[2025-12-16T18:02:16.746+0000] {logging_mixin.py:150} INFO - [2025-12-16T18:02:16.746+0000] {dag.py:2742} INFO - Sync 2 DAGs
[2025-12-16T18:02:16.749+0000] {logging_mixin.py:150} INFO - [2025-12-16T18:02:16.748+0000] {dag.py:3504} INFO - Setting next_dagrun for example_subdag_operator.section-1 to None, run_after=None
[2025-12-16T18:02:16.749+0000] {logging_mixin.py:150} INFO - [2025-12-16T18:02:16.749+0000] {dag.py:3504} INFO - Setting next_dagrun for example_subdag_operator.section-2 to None, run_after=None
[2025-12-16T18:02:16.759+0000] {processor.py:179} INFO - Processing /home/vscode/.local/lib/python3.10/site-packages/airflow/example_dags/example_subdag_operator.py took 0.067 seconds
[2025-12-16T18:03:03.536+0000] {processor.py:157} INFO - Started process (PID=8152) to work on /home/vscode/.local/lib/python3.10/site-packages/airflow/example_dags/example_subdag_operator.py
[2025-12-16T18:03:03.536+0000] {processor.py:826} INFO - Processing file /home/vscode/.local/lib/python3.10/site-packages/airflow/example_dags/example_subdag_operator.py for tasks to queue
[2025-12-16T18:03:03.537+0000] {logging_mixin.py:150} INFO - [2025-12-16T18:03:03.537+0000] {dagbag.py:541} INFO - Filling up the DagBag from /home/vscode/.local/lib/python3.10/site-packages/airflow/example_dags/example_subdag_operator.py
[2025-12-16T18:03:03.552+0000] {processor.py:836} INFO - DAG(s) dict_keys(['example_subdag_operator.section-1', 'example_subdag_operator.section-2', 'example_subdag_operator']) retrieved from /home/vscode/.local/lib/python3.10/site-packages/airflow/example_dags/example_subdag_operator.py
[2025-12-16T18:03:03.563+0000] {logging_mixin.py:150} INFO - [2025-12-16T18:03:03.563+0000] {dag.py:2742} INFO - Sync 3 DAGs
[2025-12-16T18:03:03.577+0000] {logging_mixin.py:150} INFO - [2025-12-16T18:03:03.577+0000] {dag.py:3504} INFO - Setting next_dagrun for example_subdag_operator to 2022-01-01T00:00:00+00:00, run_after=2022-01-01T00:00:00+00:00
[2025-12-16T18:03:03.579+0000] {logging_mixin.py:150} INFO - [2025-12-16T18:03:03.579+0000] {dag.py:3504} INFO - Setting next_dagrun for example_subdag_operator.section-1 to None, run_after=None
[2025-12-16T18:03:03.579+0000] {logging_mixin.py:150} INFO - [2025-12-16T18:03:03.579+0000] {dag.py:3504} INFO - Setting next_dagrun for example_subdag_operator.section-2 to None, run_after=None
[2025-12-16T18:03:03.583+0000] {logging_mixin.py:150} INFO - [2025-12-16T18:03:03.583+0000] {dag.py:2742} INFO - Sync 2 DAGs
[2025-12-16T18:03:03.586+0000] {logging_mixin.py:150} INFO - [2025-12-16T18:03:03.586+0000] {dag.py:3504} INFO - Setting next_dagrun for example_subdag_operator.section-1 to None, run_after=None
[2025-12-16T18:03:03.586+0000] {logging_mixin.py:150} INFO - [2025-12-16T18:03:03.586+0000] {dag.py:3504} INFO - Setting next_dagrun for example_subdag_operator.section-2 to None, run_after=None
[2025-12-16T18:03:03.598+0000] {processor.py:179} INFO - Processing /home/vscode/.local/lib/python3.10/site-packages/airflow/example_dags/example_subdag_operator.py took 0.064 seconds
[2025-12-16T18:03:50.208+0000] {processor.py:157} INFO - Started process (PID=8465) to work on /home/vscode/.local/lib/python3.10/site-packages/airflow/example_dags/example_subdag_operator.py
[2025-12-16T18:03:50.209+0000] {processor.py:826} INFO - Processing file /home/vscode/.local/lib/python3.10/site-packages/airflow/example_dags/example_subdag_operator.py for tasks to queue
[2025-12-16T18:03:50.209+0000] {logging_mixin.py:150} INFO - [2025-12-16T18:03:50.209+0000] {dagbag.py:541} INFO - Filling up the DagBag from /home/vscode/.local/lib/python3.10/site-packages/airflow/example_dags/example_subdag_operator.py
[2025-12-16T18:03:50.224+0000] {processor.py:836} INFO - DAG(s) dict_keys(['example_subdag_operator.section-1', 'example_subdag_operator.section-2', 'example_subdag_operator']) retrieved from /home/vscode/.local/lib/python3.10/site-packages/airflow/example_dags/example_subdag_operator.py
[2025-12-16T18:03:50.235+0000] {logging_mixin.py:150} INFO - [2025-12-16T18:03:50.235+0000] {dag.py:2742} INFO - Sync 3 DAGs
[2025-12-16T18:03:50.249+0000] {logging_mixin.py:150} INFO - [2025-12-16T18:03:50.249+0000] {dag.py:3504} INFO - Setting next_dagrun for example_subdag_operator to 2022-01-01T00:00:00+00:00, run_after=2022-01-01T00:00:00+00:00
[2025-12-16T18:03:50.251+0000] {logging_mixin.py:150} INFO - [2025-12-16T18:03:50.251+0000] {dag.py:3504} INFO - Setting next_dagrun for example_subdag_operator.section-1 to None, run_after=None
[2025-12-16T18:03:50.252+0000] {logging_mixin.py:150} INFO - [2025-12-16T18:03:50.252+0000] {dag.py:3504} INFO - Setting next_dagrun for example_subdag_operator.section-2 to None, run_after=None
[2025-12-16T18:03:50.256+0000] {logging_mixin.py:150} INFO - [2025-12-16T18:03:50.256+0000] {dag.py:2742} INFO - Sync 2 DAGs
[2025-12-16T18:03:50.259+0000] {logging_mixin.py:150} INFO - [2025-12-16T18:03:50.259+0000] {dag.py:3504} INFO - Setting next_dagrun for example_subdag_operator.section-1 to None, run_after=None
[2025-12-16T18:03:50.259+0000] {logging_mixin.py:150} INFO - [2025-12-16T18:03:50.259+0000] {dag.py:3504} INFO - Setting next_dagrun for example_subdag_operator.section-2 to None, run_after=None
[2025-12-16T18:03:50.269+0000] {processor.py:179} INFO - Processing /home/vscode/.local/lib/python3.10/site-packages/airflow/example_dags/example_subdag_operator.py took 0.064 seconds
[2025-12-16T18:04:39.981+0000] {processor.py:157} INFO - Started process (PID=8805) to work on /home/vscode/.local/lib/python3.10/site-packages/airflow/example_dags/example_subdag_operator.py
[2025-12-16T18:04:39.982+0000] {processor.py:826} INFO - Processing file /home/vscode/.local/lib/python3.10/site-packages/airflow/example_dags/example_subdag_operator.py for tasks to queue
[2025-12-16T18:04:39.983+0000] {logging_mixin.py:150} INFO - [2025-12-16T18:04:39.982+0000] {dagbag.py:541} INFO - Filling up the DagBag from /home/vscode/.local/lib/python3.10/site-packages/airflow/example_dags/example_subdag_operator.py
[2025-12-16T18:04:40.004+0000] {processor.py:836} INFO - DAG(s) dict_keys(['example_subdag_operator.section-1', 'example_subdag_operator.section-2', 'example_subdag_operator']) retrieved from /home/vscode/.local/lib/python3.10/site-packages/airflow/example_dags/example_subdag_operator.py
[2025-12-16T18:04:40.016+0000] {logging_mixin.py:150} INFO - [2025-12-16T18:04:40.016+0000] {dag.py:2742} INFO - Sync 3 DAGs
[2025-12-16T18:04:40.032+0000] {logging_mixin.py:150} INFO - [2025-12-16T18:04:40.032+0000] {dag.py:3504} INFO - Setting next_dagrun for example_subdag_operator to 2022-01-01T00:00:00+00:00, run_after=2022-01-01T00:00:00+00:00
[2025-12-16T18:04:40.034+0000] {logging_mixin.py:150} INFO - [2025-12-16T18:04:40.034+0000] {dag.py:3504} INFO - Setting next_dagrun for example_subdag_operator.section-1 to None, run_after=None
[2025-12-16T18:04:40.034+0000] {logging_mixin.py:150} INFO - [2025-12-16T18:04:40.034+0000] {dag.py:3504} INFO - Setting next_dagrun for example_subdag_operator.section-2 to None, run_after=None
[2025-12-16T18:04:40.039+0000] {logging_mixin.py:150} INFO - [2025-12-16T18:04:40.038+0000] {dag.py:2742} INFO - Sync 2 DAGs
[2025-12-16T18:04:40.041+0000] {logging_mixin.py:150} INFO - [2025-12-16T18:04:40.041+0000] {dag.py:3504} INFO - Setting next_dagrun for example_subdag_operator.section-1 to None, run_after=None
[2025-12-16T18:04:40.042+0000] {logging_mixin.py:150} INFO - [2025-12-16T18:04:40.041+0000] {dag.py:3504} INFO - Setting next_dagrun for example_subdag_operator.section-2 to None, run_after=None
[2025-12-16T18:04:40.053+0000] {processor.py:179} INFO - Processing /home/vscode/.local/lib/python3.10/site-packages/airflow/example_dags/example_subdag_operator.py took 0.076 seconds
[2025-12-16T18:05:28.002+0000] {processor.py:157} INFO - Started process (PID=9117) to work on /home/vscode/.local/lib/python3.10/site-packages/airflow/example_dags/example_subdag_operator.py
[2025-12-16T18:05:28.003+0000] {processor.py:826} INFO - Processing file /home/vscode/.local/lib/python3.10/site-packages/airflow/example_dags/example_subdag_operator.py for tasks to queue
[2025-12-16T18:05:28.003+0000] {logging_mixin.py:150} INFO - [2025-12-16T18:05:28.003+0000] {dagbag.py:541} INFO - Filling up the DagBag from /home/vscode/.local/lib/python3.10/site-packages/airflow/example_dags/example_subdag_operator.py
[2025-12-16T18:05:28.018+0000] {processor.py:836} INFO - DAG(s) dict_keys(['example_subdag_operator.section-1', 'example_subdag_operator.section-2', 'example_subdag_operator']) retrieved from /home/vscode/.local/lib/python3.10/site-packages/airflow/example_dags/example_subdag_operator.py
[2025-12-16T18:05:28.029+0000] {logging_mixin.py:150} INFO - [2025-12-16T18:05:28.029+0000] {dag.py:2742} INFO - Sync 3 DAGs
[2025-12-16T18:05:28.043+0000] {logging_mixin.py:150} INFO - [2025-12-16T18:05:28.043+0000] {dag.py:3504} INFO - Setting next_dagrun for example_subdag_operator to 2022-01-01T00:00:00+00:00, run_after=2022-01-01T00:00:00+00:00
[2025-12-16T18:05:28.045+0000] {logging_mixin.py:150} INFO - [2025-12-16T18:05:28.045+0000] {dag.py:3504} INFO - Setting next_dagrun for example_subdag_operator.section-1 to None, run_after=None
[2025-12-16T18:05:28.046+0000] {logging_mixin.py:150} INFO - [2025-12-16T18:05:28.046+0000] {dag.py:3504} INFO - Setting next_dagrun for example_subdag_operator.section-2 to None, run_after=None
[2025-12-16T18:05:28.050+0000] {logging_mixin.py:150} INFO - [2025-12-16T18:05:28.050+0000] {dag.py:2742} INFO - Sync 2 DAGs
[2025-12-16T18:05:28.052+0000] {logging_mixin.py:150} INFO - [2025-12-16T18:05:28.052+0000] {dag.py:3504} INFO - Setting next_dagrun for example_subdag_operator.section-1 to None, run_after=None
[2025-12-16T18:05:28.053+0000] {logging_mixin.py:150} INFO - [2025-12-16T18:05:28.052+0000] {dag.py:3504} INFO - Setting next_dagrun for example_subdag_operator.section-2 to None, run_after=None
[2025-12-16T18:05:28.063+0000] {processor.py:179} INFO - Processing /home/vscode/.local/lib/python3.10/site-packages/airflow/example_dags/example_subdag_operator.py took 0.062 seconds
[2025-12-16T18:06:15.094+0000] {processor.py:157} INFO - Started process (PID=9429) to work on /home/vscode/.local/lib/python3.10/site-packages/airflow/example_dags/example_subdag_operator.py
[2025-12-16T18:06:15.095+0000] {processor.py:826} INFO - Processing file /home/vscode/.local/lib/python3.10/site-packages/airflow/example_dags/example_subdag_operator.py for tasks to queue
[2025-12-16T18:06:15.096+0000] {logging_mixin.py:150} INFO - [2025-12-16T18:06:15.096+0000] {dagbag.py:541} INFO - Filling up the DagBag from /home/vscode/.local/lib/python3.10/site-packages/airflow/example_dags/example_subdag_operator.py
[2025-12-16T18:06:15.110+0000] {processor.py:836} INFO - DAG(s) dict_keys(['example_subdag_operator.section-1', 'example_subdag_operator.section-2', 'example_subdag_operator']) retrieved from /home/vscode/.local/lib/python3.10/site-packages/airflow/example_dags/example_subdag_operator.py
[2025-12-16T18:06:15.121+0000] {logging_mixin.py:150} INFO - [2025-12-16T18:06:15.121+0000] {dag.py:2742} INFO - Sync 3 DAGs
[2025-12-16T18:06:15.135+0000] {logging_mixin.py:150} INFO - [2025-12-16T18:06:15.135+0000] {dag.py:3504} INFO - Setting next_dagrun for example_subdag_operator to 2022-01-01T00:00:00+00:00, run_after=2022-01-01T00:00:00+00:00
[2025-12-16T18:06:15.137+0000] {logging_mixin.py:150} INFO - [2025-12-16T18:06:15.137+0000] {dag.py:3504} INFO - Setting next_dagrun for example_subdag_operator.section-1 to None, run_after=None
[2025-12-16T18:06:15.138+0000] {logging_mixin.py:150} INFO - [2025-12-16T18:06:15.138+0000] {dag.py:3504} INFO - Setting next_dagrun for example_subdag_operator.section-2 to None, run_after=None
[2025-12-16T18:06:15.142+0000] {logging_mixin.py:150} INFO - [2025-12-16T18:06:15.142+0000] {dag.py:2742} INFO - Sync 2 DAGs
[2025-12-16T18:06:15.145+0000] {logging_mixin.py:150} INFO - [2025-12-16T18:06:15.145+0000] {dag.py:3504} INFO - Setting next_dagrun for example_subdag_operator.section-1 to None, run_after=None
[2025-12-16T18:06:15.145+0000] {logging_mixin.py:150} INFO - [2025-12-16T18:06:15.145+0000] {dag.py:3504} INFO - Setting next_dagrun for example_subdag_operator.section-2 to None, run_after=None
[2025-12-16T18:06:15.155+0000] {processor.py:179} INFO - Processing /home/vscode/.local/lib/python3.10/site-packages/airflow/example_dags/example_subdag_operator.py took 0.063 seconds
[2025-12-16T18:07:01.336+0000] {processor.py:157} INFO - Started process (PID=9739) to work on /home/vscode/.local/lib/python3.10/site-packages/airflow/example_dags/example_subdag_operator.py
[2025-12-16T18:07:01.337+0000] {processor.py:826} INFO - Processing file /home/vscode/.local/lib/python3.10/site-packages/airflow/example_dags/example_subdag_operator.py for tasks to queue
[2025-12-16T18:07:01.338+0000] {logging_mixin.py:150} INFO - [2025-12-16T18:07:01.337+0000] {dagbag.py:541} INFO - Filling up the DagBag from /home/vscode/.local/lib/python3.10/site-packages/airflow/example_dags/example_subdag_operator.py
[2025-12-16T18:07:01.353+0000] {processor.py:836} INFO - DAG(s) dict_keys(['example_subdag_operator.section-1', 'example_subdag_operator.section-2', 'example_subdag_operator']) retrieved from /home/vscode/.local/lib/python3.10/site-packages/airflow/example_dags/example_subdag_operator.py
[2025-12-16T18:07:01.365+0000] {logging_mixin.py:150} INFO - [2025-12-16T18:07:01.365+0000] {dag.py:2742} INFO - Sync 3 DAGs
[2025-12-16T18:07:01.379+0000] {logging_mixin.py:150} INFO - [2025-12-16T18:07:01.379+0000] {dag.py:3504} INFO - Setting next_dagrun for example_subdag_operator to 2022-01-01T00:00:00+00:00, run_after=2022-01-01T00:00:00+00:00
[2025-12-16T18:07:01.381+0000] {logging_mixin.py:150} INFO - [2025-12-16T18:07:01.381+0000] {dag.py:3504} INFO - Setting next_dagrun for example_subdag_operator.section-1 to None, run_after=None
[2025-12-16T18:07:01.382+0000] {logging_mixin.py:150} INFO - [2025-12-16T18:07:01.381+0000] {dag.py:3504} INFO - Setting next_dagrun for example_subdag_operator.section-2 to None, run_after=None
[2025-12-16T18:07:01.386+0000] {logging_mixin.py:150} INFO - [2025-12-16T18:07:01.386+0000] {dag.py:2742} INFO - Sync 2 DAGs
[2025-12-16T18:07:01.389+0000] {logging_mixin.py:150} INFO - [2025-12-16T18:07:01.389+0000] {dag.py:3504} INFO - Setting next_dagrun for example_subdag_operator.section-1 to None, run_after=None
[2025-12-16T18:07:01.389+0000] {logging_mixin.py:150} INFO - [2025-12-16T18:07:01.389+0000] {dag.py:3504} INFO - Setting next_dagrun for example_subdag_operator.section-2 to None, run_after=None
[2025-12-16T18:07:01.401+0000] {processor.py:179} INFO - Processing /home/vscode/.local/lib/python3.10/site-packages/airflow/example_dags/example_subdag_operator.py took 0.067 seconds
[2025-12-16T18:07:50.807+0000] {processor.py:157} INFO - Started process (PID=10065) to work on /home/vscode/.local/lib/python3.10/site-packages/airflow/example_dags/example_subdag_operator.py
[2025-12-16T18:07:50.808+0000] {processor.py:826} INFO - Processing file /home/vscode/.local/lib/python3.10/site-packages/airflow/example_dags/example_subdag_operator.py for tasks to queue
[2025-12-16T18:07:50.808+0000] {logging_mixin.py:150} INFO - [2025-12-16T18:07:50.808+0000] {dagbag.py:541} INFO - Filling up the DagBag from /home/vscode/.local/lib/python3.10/site-packages/airflow/example_dags/example_subdag_operator.py
[2025-12-16T18:07:50.822+0000] {processor.py:836} INFO - DAG(s) dict_keys(['example_subdag_operator.section-1', 'example_subdag_operator.section-2', 'example_subdag_operator']) retrieved from /home/vscode/.local/lib/python3.10/site-packages/airflow/example_dags/example_subdag_operator.py
[2025-12-16T18:07:50.833+0000] {logging_mixin.py:150} INFO - [2025-12-16T18:07:50.833+0000] {dag.py:2742} INFO - Sync 3 DAGs
[2025-12-16T18:07:50.847+0000] {logging_mixin.py:150} INFO - [2025-12-16T18:07:50.847+0000] {dag.py:3504} INFO - Setting next_dagrun for example_subdag_operator to 2022-01-01T00:00:00+00:00, run_after=2022-01-01T00:00:00+00:00
[2025-12-16T18:07:50.849+0000] {logging_mixin.py:150} INFO - [2025-12-16T18:07:50.849+0000] {dag.py:3504} INFO - Setting next_dagrun for example_subdag_operator.section-1 to None, run_after=None
[2025-12-16T18:07:50.850+0000] {logging_mixin.py:150} INFO - [2025-12-16T18:07:50.850+0000] {dag.py:3504} INFO - Setting next_dagrun for example_subdag_operator.section-2 to None, run_after=None
[2025-12-16T18:07:50.854+0000] {logging_mixin.py:150} INFO - [2025-12-16T18:07:50.854+0000] {dag.py:2742} INFO - Sync 2 DAGs
[2025-12-16T18:07:50.857+0000] {logging_mixin.py:150} INFO - [2025-12-16T18:07:50.857+0000] {dag.py:3504} INFO - Setting next_dagrun for example_subdag_operator.section-1 to None, run_after=None
[2025-12-16T18:07:50.857+0000] {logging_mixin.py:150} INFO - [2025-12-16T18:07:50.857+0000] {dag.py:3504} INFO - Setting next_dagrun for example_subdag_operator.section-2 to None, run_after=None
[2025-12-16T18:07:50.868+0000] {processor.py:179} INFO - Processing /home/vscode/.local/lib/python3.10/site-packages/airflow/example_dags/example_subdag_operator.py took 0.063 seconds
[2025-12-16T18:08:37.787+0000] {processor.py:157} INFO - Started process (PID=10383) to work on /home/vscode/.local/lib/python3.10/site-packages/airflow/example_dags/example_subdag_operator.py
[2025-12-16T18:08:37.788+0000] {processor.py:826} INFO - Processing file /home/vscode/.local/lib/python3.10/site-packages/airflow/example_dags/example_subdag_operator.py for tasks to queue
[2025-12-16T18:08:37.789+0000] {logging_mixin.py:150} INFO - [2025-12-16T18:08:37.789+0000] {dagbag.py:541} INFO - Filling up the DagBag from /home/vscode/.local/lib/python3.10/site-packages/airflow/example_dags/example_subdag_operator.py
[2025-12-16T18:08:37.807+0000] {processor.py:836} INFO - DAG(s) dict_keys(['example_subdag_operator.section-1', 'example_subdag_operator.section-2', 'example_subdag_operator']) retrieved from /home/vscode/.local/lib/python3.10/site-packages/airflow/example_dags/example_subdag_operator.py
[2025-12-16T18:08:37.818+0000] {logging_mixin.py:150} INFO - [2025-12-16T18:08:37.818+0000] {dag.py:2742} INFO - Sync 3 DAGs
[2025-12-16T18:08:37.832+0000] {logging_mixin.py:150} INFO - [2025-12-16T18:08:37.832+0000] {dag.py:3504} INFO - Setting next_dagrun for example_subdag_operator to 2022-01-01T00:00:00+00:00, run_after=2022-01-01T00:00:00+00:00
[2025-12-16T18:08:37.834+0000] {logging_mixin.py:150} INFO - [2025-12-16T18:08:37.834+0000] {dag.py:3504} INFO - Setting next_dagrun for example_subdag_operator.section-1 to None, run_after=None
[2025-12-16T18:08:37.835+0000] {logging_mixin.py:150} INFO - [2025-12-16T18:08:37.835+0000] {dag.py:3504} INFO - Setting next_dagrun for example_subdag_operator.section-2 to None, run_after=None
[2025-12-16T18:08:37.839+0000] {logging_mixin.py:150} INFO - [2025-12-16T18:08:37.839+0000] {dag.py:2742} INFO - Sync 2 DAGs
[2025-12-16T18:08:37.842+0000] {logging_mixin.py:150} INFO - [2025-12-16T18:08:37.842+0000] {dag.py:3504} INFO - Setting next_dagrun for example_subdag_operator.section-1 to None, run_after=None
[2025-12-16T18:08:37.842+0000] {logging_mixin.py:150} INFO - [2025-12-16T18:08:37.842+0000] {dag.py:3504} INFO - Setting next_dagrun for example_subdag_operator.section-2 to None, run_after=None
[2025-12-16T18:08:37.853+0000] {processor.py:179} INFO - Processing /home/vscode/.local/lib/python3.10/site-packages/airflow/example_dags/example_subdag_operator.py took 0.069 seconds
[2025-12-16T18:09:26.361+0000] {processor.py:157} INFO - Started process (PID=10697) to work on /home/vscode/.local/lib/python3.10/site-packages/airflow/example_dags/example_subdag_operator.py
[2025-12-16T18:09:26.362+0000] {processor.py:826} INFO - Processing file /home/vscode/.local/lib/python3.10/site-packages/airflow/example_dags/example_subdag_operator.py for tasks to queue
[2025-12-16T18:09:26.362+0000] {logging_mixin.py:150} INFO - [2025-12-16T18:09:26.362+0000] {dagbag.py:541} INFO - Filling up the DagBag from /home/vscode/.local/lib/python3.10/site-packages/airflow/example_dags/example_subdag_operator.py
[2025-12-16T18:09:26.376+0000] {processor.py:836} INFO - DAG(s) dict_keys(['example_subdag_operator.section-1', 'example_subdag_operator.section-2', 'example_subdag_operator']) retrieved from /home/vscode/.local/lib/python3.10/site-packages/airflow/example_dags/example_subdag_operator.py
[2025-12-16T18:09:26.387+0000] {logging_mixin.py:150} INFO - [2025-12-16T18:09:26.387+0000] {dag.py:2742} INFO - Sync 3 DAGs
[2025-12-16T18:09:26.402+0000] {logging_mixin.py:150} INFO - [2025-12-16T18:09:26.402+0000] {dag.py:3504} INFO - Setting next_dagrun for example_subdag_operator to 2022-01-01T00:00:00+00:00, run_after=2022-01-01T00:00:00+00:00
[2025-12-16T18:09:26.404+0000] {logging_mixin.py:150} INFO - [2025-12-16T18:09:26.404+0000] {dag.py:3504} INFO - Setting next_dagrun for example_subdag_operator.section-1 to None, run_after=None
[2025-12-16T18:09:26.405+0000] {logging_mixin.py:150} INFO - [2025-12-16T18:09:26.405+0000] {dag.py:3504} INFO - Setting next_dagrun for example_subdag_operator.section-2 to None, run_after=None
[2025-12-16T18:09:26.409+0000] {logging_mixin.py:150} INFO - [2025-12-16T18:09:26.409+0000] {dag.py:2742} INFO - Sync 2 DAGs
[2025-12-16T18:09:26.412+0000] {logging_mixin.py:150} INFO - [2025-12-16T18:09:26.412+0000] {dag.py:3504} INFO - Setting next_dagrun for example_subdag_operator.section-1 to None, run_after=None
[2025-12-16T18:09:26.412+0000] {logging_mixin.py:150} INFO - [2025-12-16T18:09:26.412+0000] {dag.py:3504} INFO - Setting next_dagrun for example_subdag_operator.section-2 to None, run_after=None
[2025-12-16T18:09:26.423+0000] {processor.py:179} INFO - Processing /home/vscode/.local/lib/python3.10/site-packages/airflow/example_dags/example_subdag_operator.py took 0.064 seconds
[2025-12-16T18:10:11.775+0000] {processor.py:157} INFO - Started process (PID=11007) to work on /home/vscode/.local/lib/python3.10/site-packages/airflow/example_dags/example_subdag_operator.py
[2025-12-16T18:10:11.776+0000] {processor.py:826} INFO - Processing file /home/vscode/.local/lib/python3.10/site-packages/airflow/example_dags/example_subdag_operator.py for tasks to queue
[2025-12-16T18:10:11.777+0000] {logging_mixin.py:150} INFO - [2025-12-16T18:10:11.776+0000] {dagbag.py:541} INFO - Filling up the DagBag from /home/vscode/.local/lib/python3.10/site-packages/airflow/example_dags/example_subdag_operator.py
[2025-12-16T18:10:11.791+0000] {processor.py:836} INFO - DAG(s) dict_keys(['example_subdag_operator.section-1', 'example_subdag_operator.section-2', 'example_subdag_operator']) retrieved from /home/vscode/.local/lib/python3.10/site-packages/airflow/example_dags/example_subdag_operator.py
[2025-12-16T18:10:11.803+0000] {logging_mixin.py:150} INFO - [2025-12-16T18:10:11.803+0000] {dag.py:2742} INFO - Sync 3 DAGs
[2025-12-16T18:10:11.818+0000] {logging_mixin.py:150} INFO - [2025-12-16T18:10:11.818+0000] {dag.py:3504} INFO - Setting next_dagrun for example_subdag_operator to 2022-01-01T00:00:00+00:00, run_after=2022-01-01T00:00:00+00:00
[2025-12-16T18:10:11.820+0000] {logging_mixin.py:150} INFO - [2025-12-16T18:10:11.820+0000] {dag.py:3504} INFO - Setting next_dagrun for example_subdag_operator.section-1 to None, run_after=None
[2025-12-16T18:10:11.820+0000] {logging_mixin.py:150} INFO - [2025-12-16T18:10:11.820+0000] {dag.py:3504} INFO - Setting next_dagrun for example_subdag_operator.section-2 to None, run_after=None
[2025-12-16T18:10:11.825+0000] {logging_mixin.py:150} INFO - [2025-12-16T18:10:11.825+0000] {dag.py:2742} INFO - Sync 2 DAGs
[2025-12-16T18:10:11.828+0000] {logging_mixin.py:150} INFO - [2025-12-16T18:10:11.828+0000] {dag.py:3504} INFO - Setting next_dagrun for example_subdag_operator.section-1 to None, run_after=None
[2025-12-16T18:10:11.828+0000] {logging_mixin.py:150} INFO - [2025-12-16T18:10:11.828+0000] {dag.py:3504} INFO - Setting next_dagrun for example_subdag_operator.section-2 to None, run_after=None
[2025-12-16T18:10:11.838+0000] {processor.py:179} INFO - Processing /home/vscode/.local/lib/python3.10/site-packages/airflow/example_dags/example_subdag_operator.py took 0.066 seconds
[2025-12-16T18:11:03.388+0000] {processor.py:157} INFO - Started process (PID=11348) to work on /home/vscode/.local/lib/python3.10/site-packages/airflow/example_dags/example_subdag_operator.py
[2025-12-16T18:11:03.389+0000] {processor.py:826} INFO - Processing file /home/vscode/.local/lib/python3.10/site-packages/airflow/example_dags/example_subdag_operator.py for tasks to queue
[2025-12-16T18:11:03.390+0000] {logging_mixin.py:150} INFO - [2025-12-16T18:11:03.389+0000] {dagbag.py:541} INFO - Filling up the DagBag from /home/vscode/.local/lib/python3.10/site-packages/airflow/example_dags/example_subdag_operator.py
[2025-12-16T18:11:03.410+0000] {processor.py:836} INFO - DAG(s) dict_keys(['example_subdag_operator.section-1', 'example_subdag_operator.section-2', 'example_subdag_operator']) retrieved from /home/vscode/.local/lib/python3.10/site-packages/airflow/example_dags/example_subdag_operator.py
[2025-12-16T18:11:03.426+0000] {logging_mixin.py:150} INFO - [2025-12-16T18:11:03.425+0000] {dag.py:2742} INFO - Sync 3 DAGs
[2025-12-16T18:11:03.439+0000] {logging_mixin.py:150} INFO - [2025-12-16T18:11:03.439+0000] {dag.py:3504} INFO - Setting next_dagrun for example_subdag_operator to 2022-01-01T00:00:00+00:00, run_after=2022-01-01T00:00:00+00:00
[2025-12-16T18:11:03.441+0000] {logging_mixin.py:150} INFO - [2025-12-16T18:11:03.441+0000] {dag.py:3504} INFO - Setting next_dagrun for example_subdag_operator.section-1 to None, run_after=None
[2025-12-16T18:11:03.442+0000] {logging_mixin.py:150} INFO - [2025-12-16T18:11:03.442+0000] {dag.py:3504} INFO - Setting next_dagrun for example_subdag_operator.section-2 to None, run_after=None
[2025-12-16T18:11:03.446+0000] {logging_mixin.py:150} INFO - [2025-12-16T18:11:03.446+0000] {dag.py:2742} INFO - Sync 2 DAGs
[2025-12-16T18:11:03.448+0000] {logging_mixin.py:150} INFO - [2025-12-16T18:11:03.448+0000] {dag.py:3504} INFO - Setting next_dagrun for example_subdag_operator.section-1 to None, run_after=None
[2025-12-16T18:11:03.449+0000] {logging_mixin.py:150} INFO - [2025-12-16T18:11:03.449+0000] {dag.py:3504} INFO - Setting next_dagrun for example_subdag_operator.section-2 to None, run_after=None
[2025-12-16T18:11:03.459+0000] {processor.py:179} INFO - Processing /home/vscode/.local/lib/python3.10/site-packages/airflow/example_dags/example_subdag_operator.py took 0.074 seconds
[2025-12-16T18:11:50.222+0000] {processor.py:157} INFO - Started process (PID=11659) to work on /home/vscode/.local/lib/python3.10/site-packages/airflow/example_dags/example_subdag_operator.py
[2025-12-16T18:11:50.223+0000] {processor.py:826} INFO - Processing file /home/vscode/.local/lib/python3.10/site-packages/airflow/example_dags/example_subdag_operator.py for tasks to queue
[2025-12-16T18:11:50.224+0000] {logging_mixin.py:150} INFO - [2025-12-16T18:11:50.223+0000] {dagbag.py:541} INFO - Filling up the DagBag from /home/vscode/.local/lib/python3.10/site-packages/airflow/example_dags/example_subdag_operator.py
[2025-12-16T18:11:50.237+0000] {processor.py:836} INFO - DAG(s) dict_keys(['example_subdag_operator.section-1', 'example_subdag_operator.section-2', 'example_subdag_operator']) retrieved from /home/vscode/.local/lib/python3.10/site-packages/airflow/example_dags/example_subdag_operator.py
[2025-12-16T18:11:50.248+0000] {logging_mixin.py:150} INFO - [2025-12-16T18:11:50.248+0000] {dag.py:2742} INFO - Sync 3 DAGs
[2025-12-16T18:11:50.261+0000] {logging_mixin.py:150} INFO - [2025-12-16T18:11:50.261+0000] {dag.py:3504} INFO - Setting next_dagrun for example_subdag_operator to 2022-01-01T00:00:00+00:00, run_after=2022-01-01T00:00:00+00:00
[2025-12-16T18:11:50.263+0000] {logging_mixin.py:150} INFO - [2025-12-16T18:11:50.263+0000] {dag.py:3504} INFO - Setting next_dagrun for example_subdag_operator.section-1 to None, run_after=None
[2025-12-16T18:11:50.264+0000] {logging_mixin.py:150} INFO - [2025-12-16T18:11:50.264+0000] {dag.py:3504} INFO - Setting next_dagrun for example_subdag_operator.section-2 to None, run_after=None
[2025-12-16T18:11:50.268+0000] {logging_mixin.py:150} INFO - [2025-12-16T18:11:50.268+0000] {dag.py:2742} INFO - Sync 2 DAGs
[2025-12-16T18:11:50.271+0000] {logging_mixin.py:150} INFO - [2025-12-16T18:11:50.271+0000] {dag.py:3504} INFO - Setting next_dagrun for example_subdag_operator.section-1 to None, run_after=None
[2025-12-16T18:11:50.271+0000] {logging_mixin.py:150} INFO - [2025-12-16T18:11:50.271+0000] {dag.py:3504} INFO - Setting next_dagrun for example_subdag_operator.section-2 to None, run_after=None
[2025-12-16T18:11:50.281+0000] {processor.py:179} INFO - Processing /home/vscode/.local/lib/python3.10/site-packages/airflow/example_dags/example_subdag_operator.py took 0.061 seconds
[2025-12-16T18:12:43.046+0000] {processor.py:157} INFO - Started process (PID=12009) to work on /home/vscode/.local/lib/python3.10/site-packages/airflow/example_dags/example_subdag_operator.py
[2025-12-16T18:12:43.046+0000] {processor.py:826} INFO - Processing file /home/vscode/.local/lib/python3.10/site-packages/airflow/example_dags/example_subdag_operator.py for tasks to queue
[2025-12-16T18:12:43.047+0000] {logging_mixin.py:150} INFO - [2025-12-16T18:12:43.047+0000] {dagbag.py:541} INFO - Filling up the DagBag from /home/vscode/.local/lib/python3.10/site-packages/airflow/example_dags/example_subdag_operator.py
[2025-12-16T18:12:43.061+0000] {processor.py:836} INFO - DAG(s) dict_keys(['example_subdag_operator.section-1', 'example_subdag_operator.section-2', 'example_subdag_operator']) retrieved from /home/vscode/.local/lib/python3.10/site-packages/airflow/example_dags/example_subdag_operator.py
[2025-12-16T18:12:43.072+0000] {logging_mixin.py:150} INFO - [2025-12-16T18:12:43.072+0000] {dag.py:2742} INFO - Sync 3 DAGs
[2025-12-16T18:12:43.090+0000] {logging_mixin.py:150} INFO - [2025-12-16T18:12:43.090+0000] {dag.py:3504} INFO - Setting next_dagrun for example_subdag_operator to 2022-01-01T00:00:00+00:00, run_after=2022-01-01T00:00:00+00:00
[2025-12-16T18:12:43.093+0000] {logging_mixin.py:150} INFO - [2025-12-16T18:12:43.093+0000] {dag.py:3504} INFO - Setting next_dagrun for example_subdag_operator.section-1 to None, run_after=None
[2025-12-16T18:12:43.094+0000] {logging_mixin.py:150} INFO - [2025-12-16T18:12:43.094+0000] {dag.py:3504} INFO - Setting next_dagrun for example_subdag_operator.section-2 to None, run_after=None
[2025-12-16T18:12:43.099+0000] {logging_mixin.py:150} INFO - [2025-12-16T18:12:43.099+0000] {dag.py:2742} INFO - Sync 2 DAGs
[2025-12-16T18:12:43.103+0000] {logging_mixin.py:150} INFO - [2025-12-16T18:12:43.103+0000] {dag.py:3504} INFO - Setting next_dagrun for example_subdag_operator.section-1 to None, run_after=None
[2025-12-16T18:12:43.104+0000] {logging_mixin.py:150} INFO - [2025-12-16T18:12:43.103+0000] {dag.py:3504} INFO - Setting next_dagrun for example_subdag_operator.section-2 to None, run_after=None
[2025-12-16T18:12:43.118+0000] {processor.py:179} INFO - Processing /home/vscode/.local/lib/python3.10/site-packages/airflow/example_dags/example_subdag_operator.py took 0.075 seconds
[2025-12-16T18:13:25.435+0000] {processor.py:157} INFO - Started process (PID=12290) to work on /home/vscode/.local/lib/python3.10/site-packages/airflow/example_dags/example_subdag_operator.py
[2025-12-16T18:13:25.436+0000] {processor.py:826} INFO - Processing file /home/vscode/.local/lib/python3.10/site-packages/airflow/example_dags/example_subdag_operator.py for tasks to queue
[2025-12-16T18:13:25.436+0000] {logging_mixin.py:150} INFO - [2025-12-16T18:13:25.436+0000] {dagbag.py:541} INFO - Filling up the DagBag from /home/vscode/.local/lib/python3.10/site-packages/airflow/example_dags/example_subdag_operator.py
[2025-12-16T18:13:25.450+0000] {processor.py:836} INFO - DAG(s) dict_keys(['example_subdag_operator.section-1', 'example_subdag_operator.section-2', 'example_subdag_operator']) retrieved from /home/vscode/.local/lib/python3.10/site-packages/airflow/example_dags/example_subdag_operator.py
[2025-12-16T18:13:25.461+0000] {logging_mixin.py:150} INFO - [2025-12-16T18:13:25.461+0000] {dag.py:2742} INFO - Sync 3 DAGs
[2025-12-16T18:13:25.474+0000] {logging_mixin.py:150} INFO - [2025-12-16T18:13:25.474+0000] {dag.py:3504} INFO - Setting next_dagrun for example_subdag_operator to 2022-01-01T00:00:00+00:00, run_after=2022-01-01T00:00:00+00:00
[2025-12-16T18:13:25.476+0000] {logging_mixin.py:150} INFO - [2025-12-16T18:13:25.476+0000] {dag.py:3504} INFO - Setting next_dagrun for example_subdag_operator.section-1 to None, run_after=None
[2025-12-16T18:13:25.477+0000] {logging_mixin.py:150} INFO - [2025-12-16T18:13:25.477+0000] {dag.py:3504} INFO - Setting next_dagrun for example_subdag_operator.section-2 to None, run_after=None
[2025-12-16T18:13:25.481+0000] {logging_mixin.py:150} INFO - [2025-12-16T18:13:25.481+0000] {dag.py:2742} INFO - Sync 2 DAGs
[2025-12-16T18:13:25.484+0000] {logging_mixin.py:150} INFO - [2025-12-16T18:13:25.484+0000] {dag.py:3504} INFO - Setting next_dagrun for example_subdag_operator.section-1 to None, run_after=None
[2025-12-16T18:13:25.484+0000] {logging_mixin.py:150} INFO - [2025-12-16T18:13:25.484+0000] {dag.py:3504} INFO - Setting next_dagrun for example_subdag_operator.section-2 to None, run_after=None
[2025-12-16T18:13:25.506+0000] {processor.py:179} INFO - Processing /home/vscode/.local/lib/python3.10/site-packages/airflow/example_dags/example_subdag_operator.py took 0.073 seconds
[2025-12-16T18:14:14.462+0000] {processor.py:157} INFO - Started process (PID=12610) to work on /home/vscode/.local/lib/python3.10/site-packages/airflow/example_dags/example_subdag_operator.py
[2025-12-16T18:14:14.463+0000] {processor.py:826} INFO - Processing file /home/vscode/.local/lib/python3.10/site-packages/airflow/example_dags/example_subdag_operator.py for tasks to queue
[2025-12-16T18:14:14.464+0000] {logging_mixin.py:150} INFO - [2025-12-16T18:14:14.463+0000] {dagbag.py:541} INFO - Filling up the DagBag from /home/vscode/.local/lib/python3.10/site-packages/airflow/example_dags/example_subdag_operator.py
[2025-12-16T18:14:14.484+0000] {processor.py:836} INFO - DAG(s) dict_keys(['example_subdag_operator.section-1', 'example_subdag_operator.section-2', 'example_subdag_operator']) retrieved from /home/vscode/.local/lib/python3.10/site-packages/airflow/example_dags/example_subdag_operator.py
[2025-12-16T18:14:14.500+0000] {logging_mixin.py:150} INFO - [2025-12-16T18:14:14.500+0000] {dag.py:2742} INFO - Sync 3 DAGs
[2025-12-16T18:14:14.518+0000] {logging_mixin.py:150} INFO - [2025-12-16T18:14:14.518+0000] {dag.py:3504} INFO - Setting next_dagrun for example_subdag_operator to 2022-01-01T00:00:00+00:00, run_after=2022-01-01T00:00:00+00:00
[2025-12-16T18:14:14.521+0000] {logging_mixin.py:150} INFO - [2025-12-16T18:14:14.521+0000] {dag.py:3504} INFO - Setting next_dagrun for example_subdag_operator.section-1 to None, run_after=None
[2025-12-16T18:14:14.522+0000] {logging_mixin.py:150} INFO - [2025-12-16T18:14:14.521+0000] {dag.py:3504} INFO - Setting next_dagrun for example_subdag_operator.section-2 to None, run_after=None
[2025-12-16T18:14:14.527+0000] {logging_mixin.py:150} INFO - [2025-12-16T18:14:14.527+0000] {dag.py:2742} INFO - Sync 2 DAGs
[2025-12-16T18:14:14.530+0000] {logging_mixin.py:150} INFO - [2025-12-16T18:14:14.530+0000] {dag.py:3504} INFO - Setting next_dagrun for example_subdag_operator.section-1 to None, run_after=None
[2025-12-16T18:14:14.530+0000] {logging_mixin.py:150} INFO - [2025-12-16T18:14:14.530+0000] {dag.py:3504} INFO - Setting next_dagrun for example_subdag_operator.section-2 to None, run_after=None
[2025-12-16T18:14:14.542+0000] {processor.py:179} INFO - Processing /home/vscode/.local/lib/python3.10/site-packages/airflow/example_dags/example_subdag_operator.py took 0.083 seconds
[2025-12-16T18:15:04.036+0000] {processor.py:157} INFO - Started process (PID=12949) to work on /home/vscode/.local/lib/python3.10/site-packages/airflow/example_dags/example_subdag_operator.py
[2025-12-16T18:15:04.037+0000] {processor.py:826} INFO - Processing file /home/vscode/.local/lib/python3.10/site-packages/airflow/example_dags/example_subdag_operator.py for tasks to queue
[2025-12-16T18:15:04.038+0000] {logging_mixin.py:150} INFO - [2025-12-16T18:15:04.038+0000] {dagbag.py:541} INFO - Filling up the DagBag from /home/vscode/.local/lib/python3.10/site-packages/airflow/example_dags/example_subdag_operator.py
[2025-12-16T18:15:04.053+0000] {processor.py:836} INFO - DAG(s) dict_keys(['example_subdag_operator.section-1', 'example_subdag_operator.section-2', 'example_subdag_operator']) retrieved from /home/vscode/.local/lib/python3.10/site-packages/airflow/example_dags/example_subdag_operator.py
[2025-12-16T18:15:04.064+0000] {logging_mixin.py:150} INFO - [2025-12-16T18:15:04.064+0000] {dag.py:2742} INFO - Sync 3 DAGs
[2025-12-16T18:15:04.078+0000] {logging_mixin.py:150} INFO - [2025-12-16T18:15:04.078+0000] {dag.py:3504} INFO - Setting next_dagrun for example_subdag_operator to 2022-01-01T00:00:00+00:00, run_after=2022-01-01T00:00:00+00:00
[2025-12-16T18:15:04.080+0000] {logging_mixin.py:150} INFO - [2025-12-16T18:15:04.080+0000] {dag.py:3504} INFO - Setting next_dagrun for example_subdag_operator.section-1 to None, run_after=None
[2025-12-16T18:15:04.081+0000] {logging_mixin.py:150} INFO - [2025-12-16T18:15:04.080+0000] {dag.py:3504} INFO - Setting next_dagrun for example_subdag_operator.section-2 to None, run_after=None
[2025-12-16T18:15:04.085+0000] {logging_mixin.py:150} INFO - [2025-12-16T18:15:04.084+0000] {dag.py:2742} INFO - Sync 2 DAGs
[2025-12-16T18:15:04.088+0000] {logging_mixin.py:150} INFO - [2025-12-16T18:15:04.088+0000] {dag.py:3504} INFO - Setting next_dagrun for example_subdag_operator.section-1 to None, run_after=None
[2025-12-16T18:15:04.089+0000] {logging_mixin.py:150} INFO - [2025-12-16T18:15:04.088+0000] {dag.py:3504} INFO - Setting next_dagrun for example_subdag_operator.section-2 to None, run_after=None
[2025-12-16T18:15:04.127+0000] {processor.py:179} INFO - Processing /home/vscode/.local/lib/python3.10/site-packages/airflow/example_dags/example_subdag_operator.py took 0.094 seconds
[2025-12-16T18:15:55.513+0000] {processor.py:157} INFO - Started process (PID=13287) to work on /home/vscode/.local/lib/python3.10/site-packages/airflow/example_dags/example_subdag_operator.py
[2025-12-16T18:15:55.514+0000] {processor.py:826} INFO - Processing file /home/vscode/.local/lib/python3.10/site-packages/airflow/example_dags/example_subdag_operator.py for tasks to queue
[2025-12-16T18:15:55.515+0000] {logging_mixin.py:150} INFO - [2025-12-16T18:15:55.514+0000] {dagbag.py:541} INFO - Filling up the DagBag from /home/vscode/.local/lib/python3.10/site-packages/airflow/example_dags/example_subdag_operator.py
[2025-12-16T18:15:55.530+0000] {processor.py:836} INFO - DAG(s) dict_keys(['example_subdag_operator.section-1', 'example_subdag_operator.section-2', 'example_subdag_operator']) retrieved from /home/vscode/.local/lib/python3.10/site-packages/airflow/example_dags/example_subdag_operator.py
[2025-12-16T18:15:55.542+0000] {logging_mixin.py:150} INFO - [2025-12-16T18:15:55.542+0000] {dag.py:2742} INFO - Sync 3 DAGs
[2025-12-16T18:15:55.556+0000] {logging_mixin.py:150} INFO - [2025-12-16T18:15:55.556+0000] {dag.py:3504} INFO - Setting next_dagrun for example_subdag_operator to 2022-01-01T00:00:00+00:00, run_after=2022-01-01T00:00:00+00:00
[2025-12-16T18:15:55.558+0000] {logging_mixin.py:150} INFO - [2025-12-16T18:15:55.558+0000] {dag.py:3504} INFO - Setting next_dagrun for example_subdag_operator.section-1 to None, run_after=None
[2025-12-16T18:15:55.559+0000] {logging_mixin.py:150} INFO - [2025-12-16T18:15:55.559+0000] {dag.py:3504} INFO - Setting next_dagrun for example_subdag_operator.section-2 to None, run_after=None
[2025-12-16T18:15:55.563+0000] {logging_mixin.py:150} INFO - [2025-12-16T18:15:55.563+0000] {dag.py:2742} INFO - Sync 2 DAGs
[2025-12-16T18:15:55.566+0000] {logging_mixin.py:150} INFO - [2025-12-16T18:15:55.565+0000] {dag.py:3504} INFO - Setting next_dagrun for example_subdag_operator.section-1 to None, run_after=None
[2025-12-16T18:15:55.566+0000] {logging_mixin.py:150} INFO - [2025-12-16T18:15:55.566+0000] {dag.py:3504} INFO - Setting next_dagrun for example_subdag_operator.section-2 to None, run_after=None
[2025-12-16T18:15:55.576+0000] {processor.py:179} INFO - Processing /home/vscode/.local/lib/python3.10/site-packages/airflow/example_dags/example_subdag_operator.py took 0.065 seconds
[2025-12-16T18:16:41.607+0000] {processor.py:157} INFO - Started process (PID=13591) to work on /home/vscode/.local/lib/python3.10/site-packages/airflow/example_dags/example_subdag_operator.py
[2025-12-16T18:16:41.607+0000] {processor.py:826} INFO - Processing file /home/vscode/.local/lib/python3.10/site-packages/airflow/example_dags/example_subdag_operator.py for tasks to queue
[2025-12-16T18:16:41.608+0000] {logging_mixin.py:150} INFO - [2025-12-16T18:16:41.608+0000] {dagbag.py:541} INFO - Filling up the DagBag from /home/vscode/.local/lib/python3.10/site-packages/airflow/example_dags/example_subdag_operator.py
[2025-12-16T18:16:41.622+0000] {processor.py:836} INFO - DAG(s) dict_keys(['example_subdag_operator.section-1', 'example_subdag_operator.section-2', 'example_subdag_operator']) retrieved from /home/vscode/.local/lib/python3.10/site-packages/airflow/example_dags/example_subdag_operator.py
[2025-12-16T18:16:41.632+0000] {logging_mixin.py:150} INFO - [2025-12-16T18:16:41.632+0000] {dag.py:2742} INFO - Sync 3 DAGs
[2025-12-16T18:16:41.646+0000] {logging_mixin.py:150} INFO - [2025-12-16T18:16:41.646+0000] {dag.py:3504} INFO - Setting next_dagrun for example_subdag_operator to 2022-01-01T00:00:00+00:00, run_after=2022-01-01T00:00:00+00:00
[2025-12-16T18:16:41.648+0000] {logging_mixin.py:150} INFO - [2025-12-16T18:16:41.648+0000] {dag.py:3504} INFO - Setting next_dagrun for example_subdag_operator.section-1 to None, run_after=None
[2025-12-16T18:16:41.648+0000] {logging_mixin.py:150} INFO - [2025-12-16T18:16:41.648+0000] {dag.py:3504} INFO - Setting next_dagrun for example_subdag_operator.section-2 to None, run_after=None
[2025-12-16T18:16:41.652+0000] {logging_mixin.py:150} INFO - [2025-12-16T18:16:41.652+0000] {dag.py:2742} INFO - Sync 2 DAGs
[2025-12-16T18:16:41.655+0000] {logging_mixin.py:150} INFO - [2025-12-16T18:16:41.655+0000] {dag.py:3504} INFO - Setting next_dagrun for example_subdag_operator.section-1 to None, run_after=None
[2025-12-16T18:16:41.655+0000] {logging_mixin.py:150} INFO - [2025-12-16T18:16:41.655+0000] {dag.py:3504} INFO - Setting next_dagrun for example_subdag_operator.section-2 to None, run_after=None
[2025-12-16T18:16:41.665+0000] {processor.py:179} INFO - Processing /home/vscode/.local/lib/python3.10/site-packages/airflow/example_dags/example_subdag_operator.py took 0.060 seconds
[2025-12-16T18:17:31.861+0000] {processor.py:157} INFO - Started process (PID=13931) to work on /home/vscode/.local/lib/python3.10/site-packages/airflow/example_dags/example_subdag_operator.py
[2025-12-16T18:17:31.862+0000] {processor.py:826} INFO - Processing file /home/vscode/.local/lib/python3.10/site-packages/airflow/example_dags/example_subdag_operator.py for tasks to queue
[2025-12-16T18:17:31.862+0000] {logging_mixin.py:150} INFO - [2025-12-16T18:17:31.862+0000] {dagbag.py:541} INFO - Filling up the DagBag from /home/vscode/.local/lib/python3.10/site-packages/airflow/example_dags/example_subdag_operator.py
[2025-12-16T18:17:31.876+0000] {processor.py:836} INFO - DAG(s) dict_keys(['example_subdag_operator.section-1', 'example_subdag_operator.section-2', 'example_subdag_operator']) retrieved from /home/vscode/.local/lib/python3.10/site-packages/airflow/example_dags/example_subdag_operator.py
[2025-12-16T18:17:31.887+0000] {logging_mixin.py:150} INFO - [2025-12-16T18:17:31.886+0000] {dag.py:2742} INFO - Sync 3 DAGs
[2025-12-16T18:17:31.900+0000] {logging_mixin.py:150} INFO - [2025-12-16T18:17:31.900+0000] {dag.py:3504} INFO - Setting next_dagrun for example_subdag_operator to 2022-01-01T00:00:00+00:00, run_after=2022-01-01T00:00:00+00:00
[2025-12-16T18:17:31.902+0000] {logging_mixin.py:150} INFO - [2025-12-16T18:17:31.902+0000] {dag.py:3504} INFO - Setting next_dagrun for example_subdag_operator.section-1 to None, run_after=None
[2025-12-16T18:17:31.903+0000] {logging_mixin.py:150} INFO - [2025-12-16T18:17:31.903+0000] {dag.py:3504} INFO - Setting next_dagrun for example_subdag_operator.section-2 to None, run_after=None
[2025-12-16T18:17:31.907+0000] {logging_mixin.py:150} INFO - [2025-12-16T18:17:31.907+0000] {dag.py:2742} INFO - Sync 2 DAGs
[2025-12-16T18:17:31.910+0000] {logging_mixin.py:150} INFO - [2025-12-16T18:17:31.909+0000] {dag.py:3504} INFO - Setting next_dagrun for example_subdag_operator.section-1 to None, run_after=None
[2025-12-16T18:17:31.910+0000] {logging_mixin.py:150} INFO - [2025-12-16T18:17:31.910+0000] {dag.py:3504} INFO - Setting next_dagrun for example_subdag_operator.section-2 to None, run_after=None
[2025-12-16T18:17:31.920+0000] {processor.py:179} INFO - Processing /home/vscode/.local/lib/python3.10/site-packages/airflow/example_dags/example_subdag_operator.py took 0.061 seconds
[2025-12-16T18:18:17.782+0000] {processor.py:157} INFO - Started process (PID=14228) to work on /home/vscode/.local/lib/python3.10/site-packages/airflow/example_dags/example_subdag_operator.py
[2025-12-16T18:18:17.783+0000] {processor.py:826} INFO - Processing file /home/vscode/.local/lib/python3.10/site-packages/airflow/example_dags/example_subdag_operator.py for tasks to queue
[2025-12-16T18:18:17.783+0000] {logging_mixin.py:150} INFO - [2025-12-16T18:18:17.783+0000] {dagbag.py:541} INFO - Filling up the DagBag from /home/vscode/.local/lib/python3.10/site-packages/airflow/example_dags/example_subdag_operator.py
[2025-12-16T18:18:17.797+0000] {processor.py:836} INFO - DAG(s) dict_keys(['example_subdag_operator.section-1', 'example_subdag_operator.section-2', 'example_subdag_operator']) retrieved from /home/vscode/.local/lib/python3.10/site-packages/airflow/example_dags/example_subdag_operator.py
[2025-12-16T18:18:17.808+0000] {logging_mixin.py:150} INFO - [2025-12-16T18:18:17.808+0000] {dag.py:2742} INFO - Sync 3 DAGs
[2025-12-16T18:18:17.822+0000] {logging_mixin.py:150} INFO - [2025-12-16T18:18:17.822+0000] {dag.py:3504} INFO - Setting next_dagrun for example_subdag_operator to 2022-01-01T00:00:00+00:00, run_after=2022-01-01T00:00:00+00:00
[2025-12-16T18:18:17.824+0000] {logging_mixin.py:150} INFO - [2025-12-16T18:18:17.824+0000] {dag.py:3504} INFO - Setting next_dagrun for example_subdag_operator.section-1 to None, run_after=None
[2025-12-16T18:18:17.825+0000] {logging_mixin.py:150} INFO - [2025-12-16T18:18:17.824+0000] {dag.py:3504} INFO - Setting next_dagrun for example_subdag_operator.section-2 to None, run_after=None
[2025-12-16T18:18:17.829+0000] {logging_mixin.py:150} INFO - [2025-12-16T18:18:17.828+0000] {dag.py:2742} INFO - Sync 2 DAGs
[2025-12-16T18:18:17.831+0000] {logging_mixin.py:150} INFO - [2025-12-16T18:18:17.831+0000] {dag.py:3504} INFO - Setting next_dagrun for example_subdag_operator.section-1 to None, run_after=None
[2025-12-16T18:18:17.831+0000] {logging_mixin.py:150} INFO - [2025-12-16T18:18:17.831+0000] {dag.py:3504} INFO - Setting next_dagrun for example_subdag_operator.section-2 to None, run_after=None
[2025-12-16T18:18:17.841+0000] {processor.py:179} INFO - Processing /home/vscode/.local/lib/python3.10/site-packages/airflow/example_dags/example_subdag_operator.py took 0.062 seconds
[2025-12-16T18:19:05.577+0000] {processor.py:157} INFO - Started process (PID=14552) to work on /home/vscode/.local/lib/python3.10/site-packages/airflow/example_dags/example_subdag_operator.py
[2025-12-16T18:19:05.578+0000] {processor.py:826} INFO - Processing file /home/vscode/.local/lib/python3.10/site-packages/airflow/example_dags/example_subdag_operator.py for tasks to queue
[2025-12-16T18:19:05.579+0000] {logging_mixin.py:150} INFO - [2025-12-16T18:19:05.578+0000] {dagbag.py:541} INFO - Filling up the DagBag from /home/vscode/.local/lib/python3.10/site-packages/airflow/example_dags/example_subdag_operator.py
[2025-12-16T18:19:05.593+0000] {processor.py:836} INFO - DAG(s) dict_keys(['example_subdag_operator.section-1', 'example_subdag_operator.section-2', 'example_subdag_operator']) retrieved from /home/vscode/.local/lib/python3.10/site-packages/airflow/example_dags/example_subdag_operator.py
[2025-12-16T18:19:05.604+0000] {logging_mixin.py:150} INFO - [2025-12-16T18:19:05.603+0000] {dag.py:2742} INFO - Sync 3 DAGs
[2025-12-16T18:19:05.617+0000] {logging_mixin.py:150} INFO - [2025-12-16T18:19:05.617+0000] {dag.py:3504} INFO - Setting next_dagrun for example_subdag_operator to 2022-01-01T00:00:00+00:00, run_after=2022-01-01T00:00:00+00:00
[2025-12-16T18:19:05.619+0000] {logging_mixin.py:150} INFO - [2025-12-16T18:19:05.619+0000] {dag.py:3504} INFO - Setting next_dagrun for example_subdag_operator.section-1 to None, run_after=None
[2025-12-16T18:19:05.620+0000] {logging_mixin.py:150} INFO - [2025-12-16T18:19:05.619+0000] {dag.py:3504} INFO - Setting next_dagrun for example_subdag_operator.section-2 to None, run_after=None
[2025-12-16T18:19:05.623+0000] {logging_mixin.py:150} INFO - [2025-12-16T18:19:05.623+0000] {dag.py:2742} INFO - Sync 2 DAGs
[2025-12-16T18:19:05.626+0000] {logging_mixin.py:150} INFO - [2025-12-16T18:19:05.626+0000] {dag.py:3504} INFO - Setting next_dagrun for example_subdag_operator.section-1 to None, run_after=None
[2025-12-16T18:19:05.626+0000] {logging_mixin.py:150} INFO - [2025-12-16T18:19:05.626+0000] {dag.py:3504} INFO - Setting next_dagrun for example_subdag_operator.section-2 to None, run_after=None
[2025-12-16T18:19:05.637+0000] {processor.py:179} INFO - Processing /home/vscode/.local/lib/python3.10/site-packages/airflow/example_dags/example_subdag_operator.py took 0.061 seconds
[2025-12-16T18:19:49.976+0000] {processor.py:157} INFO - Started process (PID=14841) to work on /home/vscode/.local/lib/python3.10/site-packages/airflow/example_dags/example_subdag_operator.py
[2025-12-16T18:19:49.977+0000] {processor.py:826} INFO - Processing file /home/vscode/.local/lib/python3.10/site-packages/airflow/example_dags/example_subdag_operator.py for tasks to queue
[2025-12-16T18:19:49.977+0000] {logging_mixin.py:150} INFO - [2025-12-16T18:19:49.977+0000] {dagbag.py:541} INFO - Filling up the DagBag from /home/vscode/.local/lib/python3.10/site-packages/airflow/example_dags/example_subdag_operator.py
[2025-12-16T18:19:49.991+0000] {processor.py:836} INFO - DAG(s) dict_keys(['example_subdag_operator.section-1', 'example_subdag_operator.section-2', 'example_subdag_operator']) retrieved from /home/vscode/.local/lib/python3.10/site-packages/airflow/example_dags/example_subdag_operator.py
[2025-12-16T18:19:50.002+0000] {logging_mixin.py:150} INFO - [2025-12-16T18:19:50.002+0000] {dag.py:2742} INFO - Sync 3 DAGs
[2025-12-16T18:19:50.016+0000] {logging_mixin.py:150} INFO - [2025-12-16T18:19:50.016+0000] {dag.py:3504} INFO - Setting next_dagrun for example_subdag_operator to 2022-01-01T00:00:00+00:00, run_after=2022-01-01T00:00:00+00:00
[2025-12-16T18:19:50.018+0000] {logging_mixin.py:150} INFO - [2025-12-16T18:19:50.018+0000] {dag.py:3504} INFO - Setting next_dagrun for example_subdag_operator.section-1 to None, run_after=None
[2025-12-16T18:19:50.019+0000] {logging_mixin.py:150} INFO - [2025-12-16T18:19:50.019+0000] {dag.py:3504} INFO - Setting next_dagrun for example_subdag_operator.section-2 to None, run_after=None
[2025-12-16T18:19:50.023+0000] {logging_mixin.py:150} INFO - [2025-12-16T18:19:50.023+0000] {dag.py:2742} INFO - Sync 2 DAGs
[2025-12-16T18:19:50.026+0000] {logging_mixin.py:150} INFO - [2025-12-16T18:19:50.025+0000] {dag.py:3504} INFO - Setting next_dagrun for example_subdag_operator.section-1 to None, run_after=None
[2025-12-16T18:19:50.026+0000] {logging_mixin.py:150} INFO - [2025-12-16T18:19:50.026+0000] {dag.py:3504} INFO - Setting next_dagrun for example_subdag_operator.section-2 to None, run_after=None
[2025-12-16T18:19:50.036+0000] {processor.py:179} INFO - Processing /home/vscode/.local/lib/python3.10/site-packages/airflow/example_dags/example_subdag_operator.py took 0.062 seconds
[2025-12-16T18:20:39.250+0000] {processor.py:157} INFO - Started process (PID=15169) to work on /home/vscode/.local/lib/python3.10/site-packages/airflow/example_dags/example_subdag_operator.py
[2025-12-16T18:20:39.251+0000] {processor.py:826} INFO - Processing file /home/vscode/.local/lib/python3.10/site-packages/airflow/example_dags/example_subdag_operator.py for tasks to queue
[2025-12-16T18:20:39.251+0000] {logging_mixin.py:150} INFO - [2025-12-16T18:20:39.251+0000] {dagbag.py:541} INFO - Filling up the DagBag from /home/vscode/.local/lib/python3.10/site-packages/airflow/example_dags/example_subdag_operator.py
[2025-12-16T18:20:39.265+0000] {processor.py:836} INFO - DAG(s) dict_keys(['example_subdag_operator.section-1', 'example_subdag_operator.section-2', 'example_subdag_operator']) retrieved from /home/vscode/.local/lib/python3.10/site-packages/airflow/example_dags/example_subdag_operator.py
[2025-12-16T18:20:39.276+0000] {logging_mixin.py:150} INFO - [2025-12-16T18:20:39.276+0000] {dag.py:2742} INFO - Sync 3 DAGs
[2025-12-16T18:20:39.289+0000] {logging_mixin.py:150} INFO - [2025-12-16T18:20:39.289+0000] {dag.py:3504} INFO - Setting next_dagrun for example_subdag_operator to 2022-01-01T00:00:00+00:00, run_after=2022-01-01T00:00:00+00:00
[2025-12-16T18:20:39.291+0000] {logging_mixin.py:150} INFO - [2025-12-16T18:20:39.291+0000] {dag.py:3504} INFO - Setting next_dagrun for example_subdag_operator.section-1 to None, run_after=None
[2025-12-16T18:20:39.292+0000] {logging_mixin.py:150} INFO - [2025-12-16T18:20:39.292+0000] {dag.py:3504} INFO - Setting next_dagrun for example_subdag_operator.section-2 to None, run_after=None
[2025-12-16T18:20:39.296+0000] {logging_mixin.py:150} INFO - [2025-12-16T18:20:39.296+0000] {dag.py:2742} INFO - Sync 2 DAGs
[2025-12-16T18:20:39.299+0000] {logging_mixin.py:150} INFO - [2025-12-16T18:20:39.299+0000] {dag.py:3504} INFO - Setting next_dagrun for example_subdag_operator.section-1 to None, run_after=None
[2025-12-16T18:20:39.299+0000] {logging_mixin.py:150} INFO - [2025-12-16T18:20:39.299+0000] {dag.py:3504} INFO - Setting next_dagrun for example_subdag_operator.section-2 to None, run_after=None
[2025-12-16T18:20:39.309+0000] {processor.py:179} INFO - Processing /home/vscode/.local/lib/python3.10/site-packages/airflow/example_dags/example_subdag_operator.py took 0.061 seconds
[2025-12-16T18:21:26.579+0000] {processor.py:157} INFO - Started process (PID=15493) to work on /home/vscode/.local/lib/python3.10/site-packages/airflow/example_dags/example_subdag_operator.py
[2025-12-16T18:21:26.579+0000] {processor.py:826} INFO - Processing file /home/vscode/.local/lib/python3.10/site-packages/airflow/example_dags/example_subdag_operator.py for tasks to queue
[2025-12-16T18:21:26.580+0000] {logging_mixin.py:150} INFO - [2025-12-16T18:21:26.580+0000] {dagbag.py:541} INFO - Filling up the DagBag from /home/vscode/.local/lib/python3.10/site-packages/airflow/example_dags/example_subdag_operator.py
[2025-12-16T18:21:26.593+0000] {processor.py:836} INFO - DAG(s) dict_keys(['example_subdag_operator.section-1', 'example_subdag_operator.section-2', 'example_subdag_operator']) retrieved from /home/vscode/.local/lib/python3.10/site-packages/airflow/example_dags/example_subdag_operator.py
[2025-12-16T18:21:26.604+0000] {logging_mixin.py:150} INFO - [2025-12-16T18:21:26.604+0000] {dag.py:2742} INFO - Sync 3 DAGs
[2025-12-16T18:21:26.617+0000] {logging_mixin.py:150} INFO - [2025-12-16T18:21:26.617+0000] {dag.py:3504} INFO - Setting next_dagrun for example_subdag_operator to 2022-01-01T00:00:00+00:00, run_after=2022-01-01T00:00:00+00:00
[2025-12-16T18:21:26.619+0000] {logging_mixin.py:150} INFO - [2025-12-16T18:21:26.619+0000] {dag.py:3504} INFO - Setting next_dagrun for example_subdag_operator.section-1 to None, run_after=None
[2025-12-16T18:21:26.620+0000] {logging_mixin.py:150} INFO - [2025-12-16T18:21:26.620+0000] {dag.py:3504} INFO - Setting next_dagrun for example_subdag_operator.section-2 to None, run_after=None
[2025-12-16T18:21:26.624+0000] {logging_mixin.py:150} INFO - [2025-12-16T18:21:26.624+0000] {dag.py:2742} INFO - Sync 2 DAGs
[2025-12-16T18:21:26.626+0000] {logging_mixin.py:150} INFO - [2025-12-16T18:21:26.626+0000] {dag.py:3504} INFO - Setting next_dagrun for example_subdag_operator.section-1 to None, run_after=None
[2025-12-16T18:21:26.627+0000] {logging_mixin.py:150} INFO - [2025-12-16T18:21:26.627+0000] {dag.py:3504} INFO - Setting next_dagrun for example_subdag_operator.section-2 to None, run_after=None
[2025-12-16T18:21:26.637+0000] {processor.py:179} INFO - Processing /home/vscode/.local/lib/python3.10/site-packages/airflow/example_dags/example_subdag_operator.py took 0.061 seconds
[2025-12-16T18:22:14.658+0000] {processor.py:157} INFO - Started process (PID=15807) to work on /home/vscode/.local/lib/python3.10/site-packages/airflow/example_dags/example_subdag_operator.py
[2025-12-16T18:22:14.658+0000] {processor.py:826} INFO - Processing file /home/vscode/.local/lib/python3.10/site-packages/airflow/example_dags/example_subdag_operator.py for tasks to queue
[2025-12-16T18:22:14.659+0000] {logging_mixin.py:150} INFO - [2025-12-16T18:22:14.659+0000] {dagbag.py:541} INFO - Filling up the DagBag from /home/vscode/.local/lib/python3.10/site-packages/airflow/example_dags/example_subdag_operator.py
[2025-12-16T18:22:14.672+0000] {processor.py:836} INFO - DAG(s) dict_keys(['example_subdag_operator.section-1', 'example_subdag_operator.section-2', 'example_subdag_operator']) retrieved from /home/vscode/.local/lib/python3.10/site-packages/airflow/example_dags/example_subdag_operator.py
[2025-12-16T18:22:14.683+0000] {logging_mixin.py:150} INFO - [2025-12-16T18:22:14.683+0000] {dag.py:2742} INFO - Sync 3 DAGs
[2025-12-16T18:22:14.696+0000] {logging_mixin.py:150} INFO - [2025-12-16T18:22:14.696+0000] {dag.py:3504} INFO - Setting next_dagrun for example_subdag_operator to 2022-01-01T00:00:00+00:00, run_after=2022-01-01T00:00:00+00:00
[2025-12-16T18:22:14.698+0000] {logging_mixin.py:150} INFO - [2025-12-16T18:22:14.698+0000] {dag.py:3504} INFO - Setting next_dagrun for example_subdag_operator.section-1 to None, run_after=None
[2025-12-16T18:22:14.699+0000] {logging_mixin.py:150} INFO - [2025-12-16T18:22:14.699+0000] {dag.py:3504} INFO - Setting next_dagrun for example_subdag_operator.section-2 to None, run_after=None
[2025-12-16T18:22:14.703+0000] {logging_mixin.py:150} INFO - [2025-12-16T18:22:14.703+0000] {dag.py:2742} INFO - Sync 2 DAGs
[2025-12-16T18:22:14.706+0000] {logging_mixin.py:150} INFO - [2025-12-16T18:22:14.705+0000] {dag.py:3504} INFO - Setting next_dagrun for example_subdag_operator.section-1 to None, run_after=None
[2025-12-16T18:22:14.706+0000] {logging_mixin.py:150} INFO - [2025-12-16T18:22:14.706+0000] {dag.py:3504} INFO - Setting next_dagrun for example_subdag_operator.section-2 to None, run_after=None
[2025-12-16T18:22:14.716+0000] {processor.py:179} INFO - Processing /home/vscode/.local/lib/python3.10/site-packages/airflow/example_dags/example_subdag_operator.py took 0.060 seconds
[2025-12-16T18:23:05.758+0000] {processor.py:157} INFO - Started process (PID=16148) to work on /home/vscode/.local/lib/python3.10/site-packages/airflow/example_dags/example_subdag_operator.py
[2025-12-16T18:23:05.759+0000] {processor.py:826} INFO - Processing file /home/vscode/.local/lib/python3.10/site-packages/airflow/example_dags/example_subdag_operator.py for tasks to queue
[2025-12-16T18:23:05.759+0000] {logging_mixin.py:150} INFO - [2025-12-16T18:23:05.759+0000] {dagbag.py:541} INFO - Filling up the DagBag from /home/vscode/.local/lib/python3.10/site-packages/airflow/example_dags/example_subdag_operator.py
[2025-12-16T18:23:05.773+0000] {processor.py:836} INFO - DAG(s) dict_keys(['example_subdag_operator.section-1', 'example_subdag_operator.section-2', 'example_subdag_operator']) retrieved from /home/vscode/.local/lib/python3.10/site-packages/airflow/example_dags/example_subdag_operator.py
[2025-12-16T18:23:05.784+0000] {logging_mixin.py:150} INFO - [2025-12-16T18:23:05.784+0000] {dag.py:2742} INFO - Sync 3 DAGs
[2025-12-16T18:23:05.798+0000] {logging_mixin.py:150} INFO - [2025-12-16T18:23:05.797+0000] {dag.py:3504} INFO - Setting next_dagrun for example_subdag_operator to 2022-01-01T00:00:00+00:00, run_after=2022-01-01T00:00:00+00:00
[2025-12-16T18:23:05.799+0000] {logging_mixin.py:150} INFO - [2025-12-16T18:23:05.799+0000] {dag.py:3504} INFO - Setting next_dagrun for example_subdag_operator.section-1 to None, run_after=None
[2025-12-16T18:23:05.800+0000] {logging_mixin.py:150} INFO - [2025-12-16T18:23:05.800+0000] {dag.py:3504} INFO - Setting next_dagrun for example_subdag_operator.section-2 to None, run_after=None
[2025-12-16T18:23:05.804+0000] {logging_mixin.py:150} INFO - [2025-12-16T18:23:05.804+0000] {dag.py:2742} INFO - Sync 2 DAGs
[2025-12-16T18:23:05.807+0000] {logging_mixin.py:150} INFO - [2025-12-16T18:23:05.807+0000] {dag.py:3504} INFO - Setting next_dagrun for example_subdag_operator.section-1 to None, run_after=None
[2025-12-16T18:23:05.807+0000] {logging_mixin.py:150} INFO - [2025-12-16T18:23:05.807+0000] {dag.py:3504} INFO - Setting next_dagrun for example_subdag_operator.section-2 to None, run_after=None
[2025-12-16T18:23:05.817+0000] {processor.py:179} INFO - Processing /home/vscode/.local/lib/python3.10/site-packages/airflow/example_dags/example_subdag_operator.py took 0.061 seconds
[2025-12-16T18:23:48.874+0000] {processor.py:157} INFO - Started process (PID=16436) to work on /home/vscode/.local/lib/python3.10/site-packages/airflow/example_dags/example_subdag_operator.py
[2025-12-16T18:23:48.875+0000] {processor.py:826} INFO - Processing file /home/vscode/.local/lib/python3.10/site-packages/airflow/example_dags/example_subdag_operator.py for tasks to queue
[2025-12-16T18:23:48.875+0000] {logging_mixin.py:150} INFO - [2025-12-16T18:23:48.875+0000] {dagbag.py:541} INFO - Filling up the DagBag from /home/vscode/.local/lib/python3.10/site-packages/airflow/example_dags/example_subdag_operator.py
[2025-12-16T18:23:48.889+0000] {processor.py:836} INFO - DAG(s) dict_keys(['example_subdag_operator.section-1', 'example_subdag_operator.section-2', 'example_subdag_operator']) retrieved from /home/vscode/.local/lib/python3.10/site-packages/airflow/example_dags/example_subdag_operator.py
[2025-12-16T18:23:48.899+0000] {logging_mixin.py:150} INFO - [2025-12-16T18:23:48.899+0000] {dag.py:2742} INFO - Sync 3 DAGs
[2025-12-16T18:23:48.913+0000] {logging_mixin.py:150} INFO - [2025-12-16T18:23:48.913+0000] {dag.py:3504} INFO - Setting next_dagrun for example_subdag_operator to 2022-01-01T00:00:00+00:00, run_after=2022-01-01T00:00:00+00:00
[2025-12-16T18:23:48.915+0000] {logging_mixin.py:150} INFO - [2025-12-16T18:23:48.915+0000] {dag.py:3504} INFO - Setting next_dagrun for example_subdag_operator.section-1 to None, run_after=None
[2025-12-16T18:23:48.915+0000] {logging_mixin.py:150} INFO - [2025-12-16T18:23:48.915+0000] {dag.py:3504} INFO - Setting next_dagrun for example_subdag_operator.section-2 to None, run_after=None
[2025-12-16T18:23:48.919+0000] {logging_mixin.py:150} INFO - [2025-12-16T18:23:48.919+0000] {dag.py:2742} INFO - Sync 2 DAGs
[2025-12-16T18:23:48.922+0000] {logging_mixin.py:150} INFO - [2025-12-16T18:23:48.922+0000] {dag.py:3504} INFO - Setting next_dagrun for example_subdag_operator.section-1 to None, run_after=None
[2025-12-16T18:23:48.922+0000] {logging_mixin.py:150} INFO - [2025-12-16T18:23:48.922+0000] {dag.py:3504} INFO - Setting next_dagrun for example_subdag_operator.section-2 to None, run_after=None
[2025-12-16T18:23:48.932+0000] {processor.py:179} INFO - Processing /home/vscode/.local/lib/python3.10/site-packages/airflow/example_dags/example_subdag_operator.py took 0.060 seconds
[2025-12-16T18:24:35.418+0000] {processor.py:157} INFO - Started process (PID=16745) to work on /home/vscode/.local/lib/python3.10/site-packages/airflow/example_dags/example_subdag_operator.py
[2025-12-16T18:24:35.419+0000] {processor.py:826} INFO - Processing file /home/vscode/.local/lib/python3.10/site-packages/airflow/example_dags/example_subdag_operator.py for tasks to queue
[2025-12-16T18:24:35.419+0000] {logging_mixin.py:150} INFO - [2025-12-16T18:24:35.419+0000] {dagbag.py:541} INFO - Filling up the DagBag from /home/vscode/.local/lib/python3.10/site-packages/airflow/example_dags/example_subdag_operator.py
[2025-12-16T18:24:35.433+0000] {processor.py:836} INFO - DAG(s) dict_keys(['example_subdag_operator.section-1', 'example_subdag_operator.section-2', 'example_subdag_operator']) retrieved from /home/vscode/.local/lib/python3.10/site-packages/airflow/example_dags/example_subdag_operator.py
[2025-12-16T18:24:35.444+0000] {logging_mixin.py:150} INFO - [2025-12-16T18:24:35.444+0000] {dag.py:2742} INFO - Sync 3 DAGs
[2025-12-16T18:24:35.457+0000] {logging_mixin.py:150} INFO - [2025-12-16T18:24:35.457+0000] {dag.py:3504} INFO - Setting next_dagrun for example_subdag_operator to 2022-01-01T00:00:00+00:00, run_after=2022-01-01T00:00:00+00:00
[2025-12-16T18:24:35.459+0000] {logging_mixin.py:150} INFO - [2025-12-16T18:24:35.459+0000] {dag.py:3504} INFO - Setting next_dagrun for example_subdag_operator.section-1 to None, run_after=None
[2025-12-16T18:24:35.460+0000] {logging_mixin.py:150} INFO - [2025-12-16T18:24:35.460+0000] {dag.py:3504} INFO - Setting next_dagrun for example_subdag_operator.section-2 to None, run_after=None
[2025-12-16T18:24:35.464+0000] {logging_mixin.py:150} INFO - [2025-12-16T18:24:35.464+0000] {dag.py:2742} INFO - Sync 2 DAGs
[2025-12-16T18:24:35.467+0000] {logging_mixin.py:150} INFO - [2025-12-16T18:24:35.467+0000] {dag.py:3504} INFO - Setting next_dagrun for example_subdag_operator.section-1 to None, run_after=None
[2025-12-16T18:24:35.467+0000] {logging_mixin.py:150} INFO - [2025-12-16T18:24:35.467+0000] {dag.py:3504} INFO - Setting next_dagrun for example_subdag_operator.section-2 to None, run_after=None
[2025-12-16T18:24:35.477+0000] {processor.py:179} INFO - Processing /home/vscode/.local/lib/python3.10/site-packages/airflow/example_dags/example_subdag_operator.py took 0.061 seconds
[2025-12-16T18:25:28.032+0000] {processor.py:157} INFO - Started process (PID=17097) to work on /home/vscode/.local/lib/python3.10/site-packages/airflow/example_dags/example_subdag_operator.py
[2025-12-16T18:25:28.032+0000] {processor.py:826} INFO - Processing file /home/vscode/.local/lib/python3.10/site-packages/airflow/example_dags/example_subdag_operator.py for tasks to queue
[2025-12-16T18:25:28.033+0000] {logging_mixin.py:150} INFO - [2025-12-16T18:25:28.033+0000] {dagbag.py:541} INFO - Filling up the DagBag from /home/vscode/.local/lib/python3.10/site-packages/airflow/example_dags/example_subdag_operator.py
[2025-12-16T18:25:28.046+0000] {processor.py:836} INFO - DAG(s) dict_keys(['example_subdag_operator.section-1', 'example_subdag_operator.section-2', 'example_subdag_operator']) retrieved from /home/vscode/.local/lib/python3.10/site-packages/airflow/example_dags/example_subdag_operator.py
[2025-12-16T18:25:28.057+0000] {logging_mixin.py:150} INFO - [2025-12-16T18:25:28.057+0000] {dag.py:2742} INFO - Sync 3 DAGs
[2025-12-16T18:25:28.071+0000] {logging_mixin.py:150} INFO - [2025-12-16T18:25:28.071+0000] {dag.py:3504} INFO - Setting next_dagrun for example_subdag_operator to 2022-01-01T00:00:00+00:00, run_after=2022-01-01T00:00:00+00:00
[2025-12-16T18:25:28.073+0000] {logging_mixin.py:150} INFO - [2025-12-16T18:25:28.073+0000] {dag.py:3504} INFO - Setting next_dagrun for example_subdag_operator.section-1 to None, run_after=None
[2025-12-16T18:25:28.074+0000] {logging_mixin.py:150} INFO - [2025-12-16T18:25:28.074+0000] {dag.py:3504} INFO - Setting next_dagrun for example_subdag_operator.section-2 to None, run_after=None
[2025-12-16T18:25:28.078+0000] {logging_mixin.py:150} INFO - [2025-12-16T18:25:28.078+0000] {dag.py:2742} INFO - Sync 2 DAGs
[2025-12-16T18:25:28.080+0000] {logging_mixin.py:150} INFO - [2025-12-16T18:25:28.080+0000] {dag.py:3504} INFO - Setting next_dagrun for example_subdag_operator.section-1 to None, run_after=None
[2025-12-16T18:25:28.081+0000] {logging_mixin.py:150} INFO - [2025-12-16T18:25:28.081+0000] {dag.py:3504} INFO - Setting next_dagrun for example_subdag_operator.section-2 to None, run_after=None
[2025-12-16T18:25:28.091+0000] {processor.py:179} INFO - Processing /home/vscode/.local/lib/python3.10/site-packages/airflow/example_dags/example_subdag_operator.py took 0.061 seconds
[2025-12-16T18:26:11.791+0000] {processor.py:157} INFO - Started process (PID=17386) to work on /home/vscode/.local/lib/python3.10/site-packages/airflow/example_dags/example_subdag_operator.py
[2025-12-16T18:26:11.791+0000] {processor.py:826} INFO - Processing file /home/vscode/.local/lib/python3.10/site-packages/airflow/example_dags/example_subdag_operator.py for tasks to queue
[2025-12-16T18:26:11.792+0000] {logging_mixin.py:150} INFO - [2025-12-16T18:26:11.792+0000] {dagbag.py:541} INFO - Filling up the DagBag from /home/vscode/.local/lib/python3.10/site-packages/airflow/example_dags/example_subdag_operator.py
[2025-12-16T18:26:11.807+0000] {processor.py:836} INFO - DAG(s) dict_keys(['example_subdag_operator.section-1', 'example_subdag_operator.section-2', 'example_subdag_operator']) retrieved from /home/vscode/.local/lib/python3.10/site-packages/airflow/example_dags/example_subdag_operator.py
[2025-12-16T18:26:11.818+0000] {logging_mixin.py:150} INFO - [2025-12-16T18:26:11.818+0000] {dag.py:2742} INFO - Sync 3 DAGs
[2025-12-16T18:26:11.832+0000] {logging_mixin.py:150} INFO - [2025-12-16T18:26:11.832+0000] {dag.py:3504} INFO - Setting next_dagrun for example_subdag_operator to 2022-01-01T00:00:00+00:00, run_after=2022-01-01T00:00:00+00:00
[2025-12-16T18:26:11.834+0000] {logging_mixin.py:150} INFO - [2025-12-16T18:26:11.834+0000] {dag.py:3504} INFO - Setting next_dagrun for example_subdag_operator.section-1 to None, run_after=None
[2025-12-16T18:26:11.834+0000] {logging_mixin.py:150} INFO - [2025-12-16T18:26:11.834+0000] {dag.py:3504} INFO - Setting next_dagrun for example_subdag_operator.section-2 to None, run_after=None
[2025-12-16T18:26:11.839+0000] {logging_mixin.py:150} INFO - [2025-12-16T18:26:11.839+0000] {dag.py:2742} INFO - Sync 2 DAGs
[2025-12-16T18:26:11.843+0000] {logging_mixin.py:150} INFO - [2025-12-16T18:26:11.843+0000] {dag.py:3504} INFO - Setting next_dagrun for example_subdag_operator.section-1 to None, run_after=None
[2025-12-16T18:26:11.843+0000] {logging_mixin.py:150} INFO - [2025-12-16T18:26:11.843+0000] {dag.py:3504} INFO - Setting next_dagrun for example_subdag_operator.section-2 to None, run_after=None
[2025-12-16T18:26:11.856+0000] {processor.py:179} INFO - Processing /home/vscode/.local/lib/python3.10/site-packages/airflow/example_dags/example_subdag_operator.py took 0.068 seconds
