[2025-12-16T17:54:06.598+0000] {processor.py:157} INFO - Started process (PID=4056) to work on /home/vscode/.local/lib/python3.10/site-packages/airflow/example_dags/example_branch_labels.py
[2025-12-16T17:54:06.599+0000] {processor.py:826} INFO - Processing file /home/vscode/.local/lib/python3.10/site-packages/airflow/example_dags/example_branch_labels.py for tasks to queue
[2025-12-16T17:54:06.600+0000] {logging_mixin.py:150} INFO - [2025-12-16T17:54:06.599+0000] {dagbag.py:541} INFO - Filling up the DagBag from /home/vscode/.local/lib/python3.10/site-packages/airflow/example_dags/example_branch_labels.py
[2025-12-16T17:54:06.605+0000] {processor.py:836} INFO - DAG(s) dict_keys(['example_branch_labels']) retrieved from /home/vscode/.local/lib/python3.10/site-packages/airflow/example_dags/example_branch_labels.py
[2025-12-16T17:54:06.682+0000] {logging_mixin.py:150} INFO - [2025-12-16T17:54:06.682+0000] {manager.py:504} INFO - Created Permission View: can read on DAG:example_branch_labels
[2025-12-16T17:54:06.690+0000] {logging_mixin.py:150} INFO - [2025-12-16T17:54:06.690+0000] {manager.py:504} INFO - Created Permission View: can delete on DAG:example_branch_labels
[2025-12-16T17:54:06.696+0000] {logging_mixin.py:150} INFO - [2025-12-16T17:54:06.696+0000] {manager.py:504} INFO - Created Permission View: can edit on DAG:example_branch_labels
[2025-12-16T17:54:06.703+0000] {logging_mixin.py:150} INFO - [2025-12-16T17:54:06.703+0000] {dag.py:2742} INFO - Sync 1 DAGs
[2025-12-16T17:54:06.711+0000] {logging_mixin.py:150} INFO - [2025-12-16T17:54:06.711+0000] {dag.py:2763} INFO - Creating ORM DAG for example_branch_labels
[2025-12-16T17:54:06.718+0000] {logging_mixin.py:150} INFO - [2025-12-16T17:54:06.718+0000] {dag.py:3504} INFO - Setting next_dagrun for example_branch_labels to 2025-12-15T00:00:00+00:00, run_after=2025-12-16T00:00:00+00:00
[2025-12-16T17:54:06.731+0000] {processor.py:179} INFO - Processing /home/vscode/.local/lib/python3.10/site-packages/airflow/example_dags/example_branch_labels.py took 0.134 seconds
[2025-12-16T17:54:59.830+0000] {processor.py:157} INFO - Started process (PID=4555) to work on /home/vscode/.local/lib/python3.10/site-packages/airflow/example_dags/example_branch_labels.py
[2025-12-16T17:54:59.832+0000] {processor.py:826} INFO - Processing file /home/vscode/.local/lib/python3.10/site-packages/airflow/example_dags/example_branch_labels.py for tasks to queue
[2025-12-16T17:54:59.832+0000] {logging_mixin.py:150} INFO - [2025-12-16T17:54:59.832+0000] {dagbag.py:541} INFO - Filling up the DagBag from /home/vscode/.local/lib/python3.10/site-packages/airflow/example_dags/example_branch_labels.py
[2025-12-16T17:54:59.838+0000] {processor.py:836} INFO - DAG(s) dict_keys(['example_branch_labels']) retrieved from /home/vscode/.local/lib/python3.10/site-packages/airflow/example_dags/example_branch_labels.py
[2025-12-16T17:54:59.851+0000] {logging_mixin.py:150} INFO - [2025-12-16T17:54:59.851+0000] {dag.py:2742} INFO - Sync 1 DAGs
[2025-12-16T17:54:59.867+0000] {logging_mixin.py:150} INFO - [2025-12-16T17:54:59.867+0000] {dag.py:3504} INFO - Setting next_dagrun for example_branch_labels to 2025-12-15T00:00:00+00:00, run_after=2025-12-16T00:00:00+00:00
[2025-12-16T17:54:59.886+0000] {processor.py:179} INFO - Processing /home/vscode/.local/lib/python3.10/site-packages/airflow/example_dags/example_branch_labels.py took 0.058 seconds
[2025-12-16T17:55:47.207+0000] {processor.py:157} INFO - Started process (PID=4994) to work on /home/vscode/.local/lib/python3.10/site-packages/airflow/example_dags/example_branch_labels.py
[2025-12-16T17:55:47.207+0000] {processor.py:826} INFO - Processing file /home/vscode/.local/lib/python3.10/site-packages/airflow/example_dags/example_branch_labels.py for tasks to queue
[2025-12-16T17:55:47.208+0000] {logging_mixin.py:150} INFO - [2025-12-16T17:55:47.208+0000] {dagbag.py:541} INFO - Filling up the DagBag from /home/vscode/.local/lib/python3.10/site-packages/airflow/example_dags/example_branch_labels.py
[2025-12-16T17:55:47.214+0000] {processor.py:836} INFO - DAG(s) dict_keys(['example_branch_labels']) retrieved from /home/vscode/.local/lib/python3.10/site-packages/airflow/example_dags/example_branch_labels.py
[2025-12-16T17:55:47.227+0000] {logging_mixin.py:150} INFO - [2025-12-16T17:55:47.227+0000] {dag.py:2742} INFO - Sync 1 DAGs
[2025-12-16T17:55:47.250+0000] {logging_mixin.py:150} INFO - [2025-12-16T17:55:47.250+0000] {dag.py:3504} INFO - Setting next_dagrun for example_branch_labels to 2025-12-15T00:00:00+00:00, run_after=2025-12-16T00:00:00+00:00
[2025-12-16T17:55:47.288+0000] {processor.py:179} INFO - Processing /home/vscode/.local/lib/python3.10/site-packages/airflow/example_dags/example_branch_labels.py took 0.084 seconds
[2025-12-16T17:56:37.802+0000] {processor.py:157} INFO - Started process (PID=5381) to work on /home/vscode/.local/lib/python3.10/site-packages/airflow/example_dags/example_branch_labels.py
[2025-12-16T17:56:37.803+0000] {processor.py:826} INFO - Processing file /home/vscode/.local/lib/python3.10/site-packages/airflow/example_dags/example_branch_labels.py for tasks to queue
[2025-12-16T17:56:37.804+0000] {logging_mixin.py:150} INFO - [2025-12-16T17:56:37.803+0000] {dagbag.py:541} INFO - Filling up the DagBag from /home/vscode/.local/lib/python3.10/site-packages/airflow/example_dags/example_branch_labels.py
[2025-12-16T17:56:37.809+0000] {processor.py:836} INFO - DAG(s) dict_keys(['example_branch_labels']) retrieved from /home/vscode/.local/lib/python3.10/site-packages/airflow/example_dags/example_branch_labels.py
[2025-12-16T17:56:37.825+0000] {logging_mixin.py:150} INFO - [2025-12-16T17:56:37.825+0000] {dag.py:2742} INFO - Sync 1 DAGs
[2025-12-16T17:56:37.840+0000] {logging_mixin.py:150} INFO - [2025-12-16T17:56:37.840+0000] {dag.py:3504} INFO - Setting next_dagrun for example_branch_labels to 2025-12-15T00:00:00+00:00, run_after=2025-12-16T00:00:00+00:00
[2025-12-16T17:56:37.855+0000] {processor.py:179} INFO - Processing /home/vscode/.local/lib/python3.10/site-packages/airflow/example_dags/example_branch_labels.py took 0.055 seconds
[2025-12-16T17:57:24.175+0000] {processor.py:157} INFO - Started process (PID=5882) to work on /home/vscode/.local/lib/python3.10/site-packages/airflow/example_dags/example_branch_labels.py
[2025-12-16T17:57:24.175+0000] {processor.py:826} INFO - Processing file /home/vscode/.local/lib/python3.10/site-packages/airflow/example_dags/example_branch_labels.py for tasks to queue
[2025-12-16T17:57:24.176+0000] {logging_mixin.py:150} INFO - [2025-12-16T17:57:24.176+0000] {dagbag.py:541} INFO - Filling up the DagBag from /home/vscode/.local/lib/python3.10/site-packages/airflow/example_dags/example_branch_labels.py
[2025-12-16T17:57:24.182+0000] {processor.py:836} INFO - DAG(s) dict_keys(['example_branch_labels']) retrieved from /home/vscode/.local/lib/python3.10/site-packages/airflow/example_dags/example_branch_labels.py
[2025-12-16T17:57:24.194+0000] {logging_mixin.py:150} INFO - [2025-12-16T17:57:24.193+0000] {dag.py:2742} INFO - Sync 1 DAGs
[2025-12-16T17:57:24.209+0000] {logging_mixin.py:150} INFO - [2025-12-16T17:57:24.208+0000] {dag.py:3504} INFO - Setting next_dagrun for example_branch_labels to 2025-12-15T00:00:00+00:00, run_after=2025-12-16T00:00:00+00:00
[2025-12-16T17:57:24.226+0000] {processor.py:179} INFO - Processing /home/vscode/.local/lib/python3.10/site-packages/airflow/example_dags/example_branch_labels.py took 0.053 seconds
[2025-12-16T17:58:12.307+0000] {processor.py:157} INFO - Started process (PID=6214) to work on /home/vscode/.local/lib/python3.10/site-packages/airflow/example_dags/example_branch_labels.py
[2025-12-16T17:58:12.307+0000] {processor.py:826} INFO - Processing file /home/vscode/.local/lib/python3.10/site-packages/airflow/example_dags/example_branch_labels.py for tasks to queue
[2025-12-16T17:58:12.308+0000] {logging_mixin.py:150} INFO - [2025-12-16T17:58:12.308+0000] {dagbag.py:541} INFO - Filling up the DagBag from /home/vscode/.local/lib/python3.10/site-packages/airflow/example_dags/example_branch_labels.py
[2025-12-16T17:58:12.314+0000] {processor.py:836} INFO - DAG(s) dict_keys(['example_branch_labels']) retrieved from /home/vscode/.local/lib/python3.10/site-packages/airflow/example_dags/example_branch_labels.py
[2025-12-16T17:58:12.326+0000] {logging_mixin.py:150} INFO - [2025-12-16T17:58:12.326+0000] {dag.py:2742} INFO - Sync 1 DAGs
[2025-12-16T17:58:12.341+0000] {logging_mixin.py:150} INFO - [2025-12-16T17:58:12.341+0000] {dag.py:3504} INFO - Setting next_dagrun for example_branch_labels to 2025-12-15T00:00:00+00:00, run_after=2025-12-16T00:00:00+00:00
[2025-12-16T17:58:12.355+0000] {processor.py:179} INFO - Processing /home/vscode/.local/lib/python3.10/site-packages/airflow/example_dags/example_branch_labels.py took 0.051 seconds
[2025-12-16T17:58:59.701+0000] {processor.py:157} INFO - Started process (PID=6527) to work on /home/vscode/.local/lib/python3.10/site-packages/airflow/example_dags/example_branch_labels.py
[2025-12-16T17:58:59.701+0000] {processor.py:826} INFO - Processing file /home/vscode/.local/lib/python3.10/site-packages/airflow/example_dags/example_branch_labels.py for tasks to queue
[2025-12-16T17:58:59.702+0000] {logging_mixin.py:150} INFO - [2025-12-16T17:58:59.701+0000] {dagbag.py:541} INFO - Filling up the DagBag from /home/vscode/.local/lib/python3.10/site-packages/airflow/example_dags/example_branch_labels.py
[2025-12-16T17:58:59.707+0000] {processor.py:836} INFO - DAG(s) dict_keys(['example_branch_labels']) retrieved from /home/vscode/.local/lib/python3.10/site-packages/airflow/example_dags/example_branch_labels.py
[2025-12-16T17:58:59.719+0000] {logging_mixin.py:150} INFO - [2025-12-16T17:58:59.719+0000] {dag.py:2742} INFO - Sync 1 DAGs
[2025-12-16T17:58:59.734+0000] {logging_mixin.py:150} INFO - [2025-12-16T17:58:59.734+0000] {dag.py:3504} INFO - Setting next_dagrun for example_branch_labels to 2025-12-15T00:00:00+00:00, run_after=2025-12-16T00:00:00+00:00
[2025-12-16T17:58:59.748+0000] {processor.py:179} INFO - Processing /home/vscode/.local/lib/python3.10/site-packages/airflow/example_dags/example_branch_labels.py took 0.049 seconds
[2025-12-16T17:59:45.913+0000] {processor.py:157} INFO - Started process (PID=6843) to work on /home/vscode/.local/lib/python3.10/site-packages/airflow/example_dags/example_branch_labels.py
[2025-12-16T17:59:45.914+0000] {processor.py:826} INFO - Processing file /home/vscode/.local/lib/python3.10/site-packages/airflow/example_dags/example_branch_labels.py for tasks to queue
[2025-12-16T17:59:45.915+0000] {logging_mixin.py:150} INFO - [2025-12-16T17:59:45.914+0000] {dagbag.py:541} INFO - Filling up the DagBag from /home/vscode/.local/lib/python3.10/site-packages/airflow/example_dags/example_branch_labels.py
[2025-12-16T17:59:45.920+0000] {processor.py:836} INFO - DAG(s) dict_keys(['example_branch_labels']) retrieved from /home/vscode/.local/lib/python3.10/site-packages/airflow/example_dags/example_branch_labels.py
[2025-12-16T17:59:45.932+0000] {logging_mixin.py:150} INFO - [2025-12-16T17:59:45.932+0000] {dag.py:2742} INFO - Sync 1 DAGs
[2025-12-16T17:59:45.946+0000] {logging_mixin.py:150} INFO - [2025-12-16T17:59:45.946+0000] {dag.py:3504} INFO - Setting next_dagrun for example_branch_labels to 2025-12-15T00:00:00+00:00, run_after=2025-12-16T00:00:00+00:00
[2025-12-16T17:59:45.960+0000] {processor.py:179} INFO - Processing /home/vscode/.local/lib/python3.10/site-packages/airflow/example_dags/example_branch_labels.py took 0.049 seconds
[2025-12-16T18:00:31.129+0000] {processor.py:157} INFO - Started process (PID=7140) to work on /home/vscode/.local/lib/python3.10/site-packages/airflow/example_dags/example_branch_labels.py
[2025-12-16T18:00:31.130+0000] {processor.py:826} INFO - Processing file /home/vscode/.local/lib/python3.10/site-packages/airflow/example_dags/example_branch_labels.py for tasks to queue
[2025-12-16T18:00:31.130+0000] {logging_mixin.py:150} INFO - [2025-12-16T18:00:31.130+0000] {dagbag.py:541} INFO - Filling up the DagBag from /home/vscode/.local/lib/python3.10/site-packages/airflow/example_dags/example_branch_labels.py
[2025-12-16T18:00:31.136+0000] {processor.py:836} INFO - DAG(s) dict_keys(['example_branch_labels']) retrieved from /home/vscode/.local/lib/python3.10/site-packages/airflow/example_dags/example_branch_labels.py
[2025-12-16T18:00:31.148+0000] {logging_mixin.py:150} INFO - [2025-12-16T18:00:31.147+0000] {dag.py:2742} INFO - Sync 1 DAGs
[2025-12-16T18:00:31.169+0000] {logging_mixin.py:150} INFO - [2025-12-16T18:00:31.169+0000] {dag.py:3504} INFO - Setting next_dagrun for example_branch_labels to 2025-12-15T00:00:00+00:00, run_after=2025-12-16T00:00:00+00:00
[2025-12-16T18:00:31.189+0000] {processor.py:179} INFO - Processing /home/vscode/.local/lib/python3.10/site-packages/airflow/example_dags/example_branch_labels.py took 0.063 seconds
[2025-12-16T18:01:18.254+0000] {processor.py:157} INFO - Started process (PID=7460) to work on /home/vscode/.local/lib/python3.10/site-packages/airflow/example_dags/example_branch_labels.py
[2025-12-16T18:01:18.254+0000] {processor.py:826} INFO - Processing file /home/vscode/.local/lib/python3.10/site-packages/airflow/example_dags/example_branch_labels.py for tasks to queue
[2025-12-16T18:01:18.255+0000] {logging_mixin.py:150} INFO - [2025-12-16T18:01:18.254+0000] {dagbag.py:541} INFO - Filling up the DagBag from /home/vscode/.local/lib/python3.10/site-packages/airflow/example_dags/example_branch_labels.py
[2025-12-16T18:01:18.260+0000] {processor.py:836} INFO - DAG(s) dict_keys(['example_branch_labels']) retrieved from /home/vscode/.local/lib/python3.10/site-packages/airflow/example_dags/example_branch_labels.py
[2025-12-16T18:01:18.272+0000] {logging_mixin.py:150} INFO - [2025-12-16T18:01:18.272+0000] {dag.py:2742} INFO - Sync 1 DAGs
[2025-12-16T18:01:18.287+0000] {logging_mixin.py:150} INFO - [2025-12-16T18:01:18.287+0000] {dag.py:3504} INFO - Setting next_dagrun for example_branch_labels to 2025-12-15T00:00:00+00:00, run_after=2025-12-16T00:00:00+00:00
[2025-12-16T18:01:18.301+0000] {processor.py:179} INFO - Processing /home/vscode/.local/lib/python3.10/site-packages/airflow/example_dags/example_branch_labels.py took 0.050 seconds
[2025-12-16T18:02:04.754+0000] {processor.py:157} INFO - Started process (PID=7764) to work on /home/vscode/.local/lib/python3.10/site-packages/airflow/example_dags/example_branch_labels.py
[2025-12-16T18:02:04.754+0000] {processor.py:826} INFO - Processing file /home/vscode/.local/lib/python3.10/site-packages/airflow/example_dags/example_branch_labels.py for tasks to queue
[2025-12-16T18:02:04.755+0000] {logging_mixin.py:150} INFO - [2025-12-16T18:02:04.755+0000] {dagbag.py:541} INFO - Filling up the DagBag from /home/vscode/.local/lib/python3.10/site-packages/airflow/example_dags/example_branch_labels.py
[2025-12-16T18:02:04.760+0000] {processor.py:836} INFO - DAG(s) dict_keys(['example_branch_labels']) retrieved from /home/vscode/.local/lib/python3.10/site-packages/airflow/example_dags/example_branch_labels.py
[2025-12-16T18:02:04.772+0000] {logging_mixin.py:150} INFO - [2025-12-16T18:02:04.772+0000] {dag.py:2742} INFO - Sync 1 DAGs
[2025-12-16T18:02:04.786+0000] {logging_mixin.py:150} INFO - [2025-12-16T18:02:04.786+0000] {dag.py:3504} INFO - Setting next_dagrun for example_branch_labels to 2025-12-15T00:00:00+00:00, run_after=2025-12-16T00:00:00+00:00
[2025-12-16T18:02:04.800+0000] {processor.py:179} INFO - Processing /home/vscode/.local/lib/python3.10/site-packages/airflow/example_dags/example_branch_labels.py took 0.049 seconds
[2025-12-16T18:02:49.827+0000] {processor.py:157} INFO - Started process (PID=8066) to work on /home/vscode/.local/lib/python3.10/site-packages/airflow/example_dags/example_branch_labels.py
[2025-12-16T18:02:49.828+0000] {processor.py:826} INFO - Processing file /home/vscode/.local/lib/python3.10/site-packages/airflow/example_dags/example_branch_labels.py for tasks to queue
[2025-12-16T18:02:49.828+0000] {logging_mixin.py:150} INFO - [2025-12-16T18:02:49.828+0000] {dagbag.py:541} INFO - Filling up the DagBag from /home/vscode/.local/lib/python3.10/site-packages/airflow/example_dags/example_branch_labels.py
[2025-12-16T18:02:49.834+0000] {processor.py:836} INFO - DAG(s) dict_keys(['example_branch_labels']) retrieved from /home/vscode/.local/lib/python3.10/site-packages/airflow/example_dags/example_branch_labels.py
[2025-12-16T18:02:49.847+0000] {logging_mixin.py:150} INFO - [2025-12-16T18:02:49.847+0000] {dag.py:2742} INFO - Sync 1 DAGs
[2025-12-16T18:02:49.862+0000] {logging_mixin.py:150} INFO - [2025-12-16T18:02:49.862+0000] {dag.py:3504} INFO - Setting next_dagrun for example_branch_labels to 2025-12-15T00:00:00+00:00, run_after=2025-12-16T00:00:00+00:00
[2025-12-16T18:02:49.879+0000] {processor.py:179} INFO - Processing /home/vscode/.local/lib/python3.10/site-packages/airflow/example_dags/example_branch_labels.py took 0.054 seconds
[2025-12-16T18:03:39.928+0000] {processor.py:157} INFO - Started process (PID=8402) to work on /home/vscode/.local/lib/python3.10/site-packages/airflow/example_dags/example_branch_labels.py
[2025-12-16T18:03:39.929+0000] {processor.py:826} INFO - Processing file /home/vscode/.local/lib/python3.10/site-packages/airflow/example_dags/example_branch_labels.py for tasks to queue
[2025-12-16T18:03:39.929+0000] {logging_mixin.py:150} INFO - [2025-12-16T18:03:39.929+0000] {dagbag.py:541} INFO - Filling up the DagBag from /home/vscode/.local/lib/python3.10/site-packages/airflow/example_dags/example_branch_labels.py
[2025-12-16T18:03:39.935+0000] {processor.py:836} INFO - DAG(s) dict_keys(['example_branch_labels']) retrieved from /home/vscode/.local/lib/python3.10/site-packages/airflow/example_dags/example_branch_labels.py
[2025-12-16T18:03:39.947+0000] {logging_mixin.py:150} INFO - [2025-12-16T18:03:39.947+0000] {dag.py:2742} INFO - Sync 1 DAGs
[2025-12-16T18:03:39.962+0000] {logging_mixin.py:150} INFO - [2025-12-16T18:03:39.962+0000] {dag.py:3504} INFO - Setting next_dagrun for example_branch_labels to 2025-12-15T00:00:00+00:00, run_after=2025-12-16T00:00:00+00:00
[2025-12-16T18:03:39.982+0000] {processor.py:179} INFO - Processing /home/vscode/.local/lib/python3.10/site-packages/airflow/example_dags/example_branch_labels.py took 0.057 seconds
[2025-12-16T18:04:25.974+0000] {processor.py:157} INFO - Started process (PID=8705) to work on /home/vscode/.local/lib/python3.10/site-packages/airflow/example_dags/example_branch_labels.py
[2025-12-16T18:04:25.974+0000] {processor.py:826} INFO - Processing file /home/vscode/.local/lib/python3.10/site-packages/airflow/example_dags/example_branch_labels.py for tasks to queue
[2025-12-16T18:04:25.975+0000] {logging_mixin.py:150} INFO - [2025-12-16T18:04:25.975+0000] {dagbag.py:541} INFO - Filling up the DagBag from /home/vscode/.local/lib/python3.10/site-packages/airflow/example_dags/example_branch_labels.py
[2025-12-16T18:04:25.985+0000] {processor.py:836} INFO - DAG(s) dict_keys(['example_branch_labels']) retrieved from /home/vscode/.local/lib/python3.10/site-packages/airflow/example_dags/example_branch_labels.py
[2025-12-16T18:04:26.004+0000] {logging_mixin.py:150} INFO - [2025-12-16T18:04:26.004+0000] {dag.py:2742} INFO - Sync 1 DAGs
[2025-12-16T18:04:26.027+0000] {logging_mixin.py:150} INFO - [2025-12-16T18:04:26.027+0000] {dag.py:3504} INFO - Setting next_dagrun for example_branch_labels to 2025-12-15T00:00:00+00:00, run_after=2025-12-16T00:00:00+00:00
[2025-12-16T18:04:26.048+0000] {processor.py:179} INFO - Processing /home/vscode/.local/lib/python3.10/site-packages/airflow/example_dags/example_branch_labels.py took 0.078 seconds
[2025-12-16T18:05:17.409+0000] {processor.py:157} INFO - Started process (PID=9047) to work on /home/vscode/.local/lib/python3.10/site-packages/airflow/example_dags/example_branch_labels.py
[2025-12-16T18:05:17.410+0000] {processor.py:826} INFO - Processing file /home/vscode/.local/lib/python3.10/site-packages/airflow/example_dags/example_branch_labels.py for tasks to queue
[2025-12-16T18:05:17.410+0000] {logging_mixin.py:150} INFO - [2025-12-16T18:05:17.410+0000] {dagbag.py:541} INFO - Filling up the DagBag from /home/vscode/.local/lib/python3.10/site-packages/airflow/example_dags/example_branch_labels.py
[2025-12-16T18:05:17.416+0000] {processor.py:836} INFO - DAG(s) dict_keys(['example_branch_labels']) retrieved from /home/vscode/.local/lib/python3.10/site-packages/airflow/example_dags/example_branch_labels.py
[2025-12-16T18:05:17.428+0000] {logging_mixin.py:150} INFO - [2025-12-16T18:05:17.428+0000] {dag.py:2742} INFO - Sync 1 DAGs
[2025-12-16T18:05:17.443+0000] {logging_mixin.py:150} INFO - [2025-12-16T18:05:17.443+0000] {dag.py:3504} INFO - Setting next_dagrun for example_branch_labels to 2025-12-15T00:00:00+00:00, run_after=2025-12-16T00:00:00+00:00
[2025-12-16T18:05:17.457+0000] {processor.py:179} INFO - Processing /home/vscode/.local/lib/python3.10/site-packages/airflow/example_dags/example_branch_labels.py took 0.051 seconds
[2025-12-16T18:06:03.107+0000] {processor.py:157} INFO - Started process (PID=9351) to work on /home/vscode/.local/lib/python3.10/site-packages/airflow/example_dags/example_branch_labels.py
[2025-12-16T18:06:03.107+0000] {processor.py:826} INFO - Processing file /home/vscode/.local/lib/python3.10/site-packages/airflow/example_dags/example_branch_labels.py for tasks to queue
[2025-12-16T18:06:03.108+0000] {logging_mixin.py:150} INFO - [2025-12-16T18:06:03.108+0000] {dagbag.py:541} INFO - Filling up the DagBag from /home/vscode/.local/lib/python3.10/site-packages/airflow/example_dags/example_branch_labels.py
[2025-12-16T18:06:03.114+0000] {processor.py:836} INFO - DAG(s) dict_keys(['example_branch_labels']) retrieved from /home/vscode/.local/lib/python3.10/site-packages/airflow/example_dags/example_branch_labels.py
[2025-12-16T18:06:03.125+0000] {logging_mixin.py:150} INFO - [2025-12-16T18:06:03.125+0000] {dag.py:2742} INFO - Sync 1 DAGs
[2025-12-16T18:06:03.141+0000] {logging_mixin.py:150} INFO - [2025-12-16T18:06:03.141+0000] {dag.py:3504} INFO - Setting next_dagrun for example_branch_labels to 2025-12-15T00:00:00+00:00, run_after=2025-12-16T00:00:00+00:00
[2025-12-16T18:06:03.156+0000] {processor.py:179} INFO - Processing /home/vscode/.local/lib/python3.10/site-packages/airflow/example_dags/example_branch_labels.py took 0.052 seconds
[2025-12-16T18:06:48.261+0000] {processor.py:157} INFO - Started process (PID=9654) to work on /home/vscode/.local/lib/python3.10/site-packages/airflow/example_dags/example_branch_labels.py
[2025-12-16T18:06:48.261+0000] {processor.py:826} INFO - Processing file /home/vscode/.local/lib/python3.10/site-packages/airflow/example_dags/example_branch_labels.py for tasks to queue
[2025-12-16T18:06:48.262+0000] {logging_mixin.py:150} INFO - [2025-12-16T18:06:48.262+0000] {dagbag.py:541} INFO - Filling up the DagBag from /home/vscode/.local/lib/python3.10/site-packages/airflow/example_dags/example_branch_labels.py
[2025-12-16T18:06:48.267+0000] {processor.py:836} INFO - DAG(s) dict_keys(['example_branch_labels']) retrieved from /home/vscode/.local/lib/python3.10/site-packages/airflow/example_dags/example_branch_labels.py
[2025-12-16T18:06:48.281+0000] {logging_mixin.py:150} INFO - [2025-12-16T18:06:48.281+0000] {dag.py:2742} INFO - Sync 1 DAGs
[2025-12-16T18:06:48.296+0000] {logging_mixin.py:150} INFO - [2025-12-16T18:06:48.296+0000] {dag.py:3504} INFO - Setting next_dagrun for example_branch_labels to 2025-12-15T00:00:00+00:00, run_after=2025-12-16T00:00:00+00:00
[2025-12-16T18:06:48.310+0000] {processor.py:179} INFO - Processing /home/vscode/.local/lib/python3.10/site-packages/airflow/example_dags/example_branch_labels.py took 0.052 seconds
[2025-12-16T18:07:37.377+0000] {processor.py:157} INFO - Started process (PID=9979) to work on /home/vscode/.local/lib/python3.10/site-packages/airflow/example_dags/example_branch_labels.py
[2025-12-16T18:07:37.378+0000] {processor.py:826} INFO - Processing file /home/vscode/.local/lib/python3.10/site-packages/airflow/example_dags/example_branch_labels.py for tasks to queue
[2025-12-16T18:07:37.379+0000] {logging_mixin.py:150} INFO - [2025-12-16T18:07:37.378+0000] {dagbag.py:541} INFO - Filling up the DagBag from /home/vscode/.local/lib/python3.10/site-packages/airflow/example_dags/example_branch_labels.py
[2025-12-16T18:07:37.386+0000] {processor.py:836} INFO - DAG(s) dict_keys(['example_branch_labels']) retrieved from /home/vscode/.local/lib/python3.10/site-packages/airflow/example_dags/example_branch_labels.py
[2025-12-16T18:07:37.407+0000] {logging_mixin.py:150} INFO - [2025-12-16T18:07:37.407+0000] {dag.py:2742} INFO - Sync 1 DAGs
[2025-12-16T18:07:37.422+0000] {logging_mixin.py:150} INFO - [2025-12-16T18:07:37.422+0000] {dag.py:3504} INFO - Setting next_dagrun for example_branch_labels to 2025-12-15T00:00:00+00:00, run_after=2025-12-16T00:00:00+00:00
[2025-12-16T18:07:37.437+0000] {processor.py:179} INFO - Processing /home/vscode/.local/lib/python3.10/site-packages/airflow/example_dags/example_branch_labels.py took 0.063 seconds
[2025-12-16T18:08:27.505+0000] {processor.py:157} INFO - Started process (PID=10308) to work on /home/vscode/.local/lib/python3.10/site-packages/airflow/example_dags/example_branch_labels.py
[2025-12-16T18:08:27.506+0000] {processor.py:826} INFO - Processing file /home/vscode/.local/lib/python3.10/site-packages/airflow/example_dags/example_branch_labels.py for tasks to queue
[2025-12-16T18:08:27.506+0000] {logging_mixin.py:150} INFO - [2025-12-16T18:08:27.506+0000] {dagbag.py:541} INFO - Filling up the DagBag from /home/vscode/.local/lib/python3.10/site-packages/airflow/example_dags/example_branch_labels.py
[2025-12-16T18:08:27.512+0000] {processor.py:836} INFO - DAG(s) dict_keys(['example_branch_labels']) retrieved from /home/vscode/.local/lib/python3.10/site-packages/airflow/example_dags/example_branch_labels.py
[2025-12-16T18:08:27.524+0000] {logging_mixin.py:150} INFO - [2025-12-16T18:08:27.523+0000] {dag.py:2742} INFO - Sync 1 DAGs
[2025-12-16T18:08:27.539+0000] {logging_mixin.py:150} INFO - [2025-12-16T18:08:27.539+0000] {dag.py:3504} INFO - Setting next_dagrun for example_branch_labels to 2025-12-15T00:00:00+00:00, run_after=2025-12-16T00:00:00+00:00
[2025-12-16T18:08:27.554+0000] {processor.py:179} INFO - Processing /home/vscode/.local/lib/python3.10/site-packages/airflow/example_dags/example_branch_labels.py took 0.051 seconds
[2025-12-16T18:09:13.758+0000] {processor.py:157} INFO - Started process (PID=10618) to work on /home/vscode/.local/lib/python3.10/site-packages/airflow/example_dags/example_branch_labels.py
[2025-12-16T18:09:13.759+0000] {processor.py:826} INFO - Processing file /home/vscode/.local/lib/python3.10/site-packages/airflow/example_dags/example_branch_labels.py for tasks to queue
[2025-12-16T18:09:13.759+0000] {logging_mixin.py:150} INFO - [2025-12-16T18:09:13.759+0000] {dagbag.py:541} INFO - Filling up the DagBag from /home/vscode/.local/lib/python3.10/site-packages/airflow/example_dags/example_branch_labels.py
[2025-12-16T18:09:13.765+0000] {processor.py:836} INFO - DAG(s) dict_keys(['example_branch_labels']) retrieved from /home/vscode/.local/lib/python3.10/site-packages/airflow/example_dags/example_branch_labels.py
[2025-12-16T18:09:13.777+0000] {logging_mixin.py:150} INFO - [2025-12-16T18:09:13.777+0000] {dag.py:2742} INFO - Sync 1 DAGs
[2025-12-16T18:09:13.792+0000] {logging_mixin.py:150} INFO - [2025-12-16T18:09:13.792+0000] {dag.py:3504} INFO - Setting next_dagrun for example_branch_labels to 2025-12-15T00:00:00+00:00, run_after=2025-12-16T00:00:00+00:00
[2025-12-16T18:09:13.808+0000] {processor.py:179} INFO - Processing /home/vscode/.local/lib/python3.10/site-packages/airflow/example_dags/example_branch_labels.py took 0.052 seconds
[2025-12-16T18:10:01.430+0000] {processor.py:157} INFO - Started process (PID=10937) to work on /home/vscode/.local/lib/python3.10/site-packages/airflow/example_dags/example_branch_labels.py
[2025-12-16T18:10:01.430+0000] {processor.py:826} INFO - Processing file /home/vscode/.local/lib/python3.10/site-packages/airflow/example_dags/example_branch_labels.py for tasks to queue
[2025-12-16T18:10:01.431+0000] {logging_mixin.py:150} INFO - [2025-12-16T18:10:01.431+0000] {dagbag.py:541} INFO - Filling up the DagBag from /home/vscode/.local/lib/python3.10/site-packages/airflow/example_dags/example_branch_labels.py
[2025-12-16T18:10:01.439+0000] {processor.py:836} INFO - DAG(s) dict_keys(['example_branch_labels']) retrieved from /home/vscode/.local/lib/python3.10/site-packages/airflow/example_dags/example_branch_labels.py
[2025-12-16T18:10:01.457+0000] {logging_mixin.py:150} INFO - [2025-12-16T18:10:01.457+0000] {dag.py:2742} INFO - Sync 1 DAGs
[2025-12-16T18:10:01.477+0000] {logging_mixin.py:150} INFO - [2025-12-16T18:10:01.477+0000] {dag.py:3504} INFO - Setting next_dagrun for example_branch_labels to 2025-12-15T00:00:00+00:00, run_after=2025-12-16T00:00:00+00:00
[2025-12-16T18:10:01.496+0000] {processor.py:179} INFO - Processing /home/vscode/.local/lib/python3.10/site-packages/airflow/example_dags/example_branch_labels.py took 0.069 seconds
[2025-12-16T18:10:49.771+0000] {processor.py:157} INFO - Started process (PID=11255) to work on /home/vscode/.local/lib/python3.10/site-packages/airflow/example_dags/example_branch_labels.py
[2025-12-16T18:10:49.771+0000] {processor.py:826} INFO - Processing file /home/vscode/.local/lib/python3.10/site-packages/airflow/example_dags/example_branch_labels.py for tasks to queue
[2025-12-16T18:10:49.772+0000] {logging_mixin.py:150} INFO - [2025-12-16T18:10:49.772+0000] {dagbag.py:541} INFO - Filling up the DagBag from /home/vscode/.local/lib/python3.10/site-packages/airflow/example_dags/example_branch_labels.py
[2025-12-16T18:10:49.778+0000] {processor.py:836} INFO - DAG(s) dict_keys(['example_branch_labels']) retrieved from /home/vscode/.local/lib/python3.10/site-packages/airflow/example_dags/example_branch_labels.py
[2025-12-16T18:10:49.789+0000] {logging_mixin.py:150} INFO - [2025-12-16T18:10:49.789+0000] {dag.py:2742} INFO - Sync 1 DAGs
[2025-12-16T18:10:49.804+0000] {logging_mixin.py:150} INFO - [2025-12-16T18:10:49.804+0000] {dag.py:3504} INFO - Setting next_dagrun for example_branch_labels to 2025-12-15T00:00:00+00:00, run_after=2025-12-16T00:00:00+00:00
[2025-12-16T18:10:49.818+0000] {processor.py:179} INFO - Processing /home/vscode/.local/lib/python3.10/site-packages/airflow/example_dags/example_branch_labels.py took 0.050 seconds
[2025-12-16T18:11:39.930+0000] {processor.py:157} INFO - Started process (PID=11591) to work on /home/vscode/.local/lib/python3.10/site-packages/airflow/example_dags/example_branch_labels.py
[2025-12-16T18:11:39.931+0000] {processor.py:826} INFO - Processing file /home/vscode/.local/lib/python3.10/site-packages/airflow/example_dags/example_branch_labels.py for tasks to queue
[2025-12-16T18:11:39.931+0000] {logging_mixin.py:150} INFO - [2025-12-16T18:11:39.931+0000] {dagbag.py:541} INFO - Filling up the DagBag from /home/vscode/.local/lib/python3.10/site-packages/airflow/example_dags/example_branch_labels.py
[2025-12-16T18:11:39.937+0000] {processor.py:836} INFO - DAG(s) dict_keys(['example_branch_labels']) retrieved from /home/vscode/.local/lib/python3.10/site-packages/airflow/example_dags/example_branch_labels.py
[2025-12-16T18:11:39.949+0000] {logging_mixin.py:150} INFO - [2025-12-16T18:11:39.949+0000] {dag.py:2742} INFO - Sync 1 DAGs
[2025-12-16T18:11:39.964+0000] {logging_mixin.py:150} INFO - [2025-12-16T18:11:39.964+0000] {dag.py:3504} INFO - Setting next_dagrun for example_branch_labels to 2025-12-15T00:00:00+00:00, run_after=2025-12-16T00:00:00+00:00
[2025-12-16T18:11:39.978+0000] {processor.py:179} INFO - Processing /home/vscode/.local/lib/python3.10/site-packages/airflow/example_dags/example_branch_labels.py took 0.051 seconds
[2025-12-16T18:12:31.314+0000] {processor.py:157} INFO - Started process (PID=11931) to work on /home/vscode/.local/lib/python3.10/site-packages/airflow/example_dags/example_branch_labels.py
[2025-12-16T18:12:31.315+0000] {processor.py:826} INFO - Processing file /home/vscode/.local/lib/python3.10/site-packages/airflow/example_dags/example_branch_labels.py for tasks to queue
[2025-12-16T18:12:31.315+0000] {logging_mixin.py:150} INFO - [2025-12-16T18:12:31.315+0000] {dagbag.py:541} INFO - Filling up the DagBag from /home/vscode/.local/lib/python3.10/site-packages/airflow/example_dags/example_branch_labels.py
[2025-12-16T18:12:31.321+0000] {processor.py:836} INFO - DAG(s) dict_keys(['example_branch_labels']) retrieved from /home/vscode/.local/lib/python3.10/site-packages/airflow/example_dags/example_branch_labels.py
[2025-12-16T18:12:31.332+0000] {logging_mixin.py:150} INFO - [2025-12-16T18:12:31.332+0000] {dag.py:2742} INFO - Sync 1 DAGs
[2025-12-16T18:12:31.347+0000] {logging_mixin.py:150} INFO - [2025-12-16T18:12:31.347+0000] {dag.py:3504} INFO - Setting next_dagrun for example_branch_labels to 2025-12-15T00:00:00+00:00, run_after=2025-12-16T00:00:00+00:00
[2025-12-16T18:12:31.361+0000] {processor.py:179} INFO - Processing /home/vscode/.local/lib/python3.10/site-packages/airflow/example_dags/example_branch_labels.py took 0.049 seconds
[2025-12-16T18:13:17.650+0000] {processor.py:157} INFO - Started process (PID=12234) to work on /home/vscode/.local/lib/python3.10/site-packages/airflow/example_dags/example_branch_labels.py
[2025-12-16T18:13:17.651+0000] {processor.py:826} INFO - Processing file /home/vscode/.local/lib/python3.10/site-packages/airflow/example_dags/example_branch_labels.py for tasks to queue
[2025-12-16T18:13:17.652+0000] {logging_mixin.py:150} INFO - [2025-12-16T18:13:17.652+0000] {dagbag.py:541} INFO - Filling up the DagBag from /home/vscode/.local/lib/python3.10/site-packages/airflow/example_dags/example_branch_labels.py
[2025-12-16T18:13:17.660+0000] {processor.py:836} INFO - DAG(s) dict_keys(['example_branch_labels']) retrieved from /home/vscode/.local/lib/python3.10/site-packages/airflow/example_dags/example_branch_labels.py
[2025-12-16T18:13:17.673+0000] {logging_mixin.py:150} INFO - [2025-12-16T18:13:17.673+0000] {dag.py:2742} INFO - Sync 1 DAGs
[2025-12-16T18:13:17.688+0000] {logging_mixin.py:150} INFO - [2025-12-16T18:13:17.687+0000] {dag.py:3504} INFO - Setting next_dagrun for example_branch_labels to 2025-12-15T00:00:00+00:00, run_after=2025-12-16T00:00:00+00:00
[2025-12-16T18:13:17.702+0000] {processor.py:179} INFO - Processing /home/vscode/.local/lib/python3.10/site-packages/airflow/example_dags/example_branch_labels.py took 0.055 seconds
[2025-12-16T18:14:03.715+0000] {processor.py:157} INFO - Started process (PID=12546) to work on /home/vscode/.local/lib/python3.10/site-packages/airflow/example_dags/example_branch_labels.py
[2025-12-16T18:14:03.716+0000] {processor.py:826} INFO - Processing file /home/vscode/.local/lib/python3.10/site-packages/airflow/example_dags/example_branch_labels.py for tasks to queue
[2025-12-16T18:14:03.717+0000] {logging_mixin.py:150} INFO - [2025-12-16T18:14:03.716+0000] {dagbag.py:541} INFO - Filling up the DagBag from /home/vscode/.local/lib/python3.10/site-packages/airflow/example_dags/example_branch_labels.py
[2025-12-16T18:14:03.722+0000] {processor.py:836} INFO - DAG(s) dict_keys(['example_branch_labels']) retrieved from /home/vscode/.local/lib/python3.10/site-packages/airflow/example_dags/example_branch_labels.py
[2025-12-16T18:14:03.734+0000] {logging_mixin.py:150} INFO - [2025-12-16T18:14:03.734+0000] {dag.py:2742} INFO - Sync 1 DAGs
[2025-12-16T18:14:03.749+0000] {logging_mixin.py:150} INFO - [2025-12-16T18:14:03.748+0000] {dag.py:3504} INFO - Setting next_dagrun for example_branch_labels to 2025-12-15T00:00:00+00:00, run_after=2025-12-16T00:00:00+00:00
[2025-12-16T18:14:03.765+0000] {processor.py:179} INFO - Processing /home/vscode/.local/lib/python3.10/site-packages/airflow/example_dags/example_branch_labels.py took 0.052 seconds
[2025-12-16T18:14:54.875+0000] {processor.py:157} INFO - Started process (PID=12883) to work on /home/vscode/.local/lib/python3.10/site-packages/airflow/example_dags/example_branch_labels.py
[2025-12-16T18:14:54.876+0000] {processor.py:826} INFO - Processing file /home/vscode/.local/lib/python3.10/site-packages/airflow/example_dags/example_branch_labels.py for tasks to queue
[2025-12-16T18:14:54.876+0000] {logging_mixin.py:150} INFO - [2025-12-16T18:14:54.876+0000] {dagbag.py:541} INFO - Filling up the DagBag from /home/vscode/.local/lib/python3.10/site-packages/airflow/example_dags/example_branch_labels.py
[2025-12-16T18:14:54.882+0000] {processor.py:836} INFO - DAG(s) dict_keys(['example_branch_labels']) retrieved from /home/vscode/.local/lib/python3.10/site-packages/airflow/example_dags/example_branch_labels.py
[2025-12-16T18:14:54.894+0000] {logging_mixin.py:150} INFO - [2025-12-16T18:14:54.894+0000] {dag.py:2742} INFO - Sync 1 DAGs
[2025-12-16T18:14:54.909+0000] {logging_mixin.py:150} INFO - [2025-12-16T18:14:54.909+0000] {dag.py:3504} INFO - Setting next_dagrun for example_branch_labels to 2025-12-15T00:00:00+00:00, run_after=2025-12-16T00:00:00+00:00
[2025-12-16T18:14:54.923+0000] {processor.py:179} INFO - Processing /home/vscode/.local/lib/python3.10/site-packages/airflow/example_dags/example_branch_labels.py took 0.050 seconds
[2025-12-16T18:15:44.074+0000] {processor.py:157} INFO - Started process (PID=13210) to work on /home/vscode/.local/lib/python3.10/site-packages/airflow/example_dags/example_branch_labels.py
[2025-12-16T18:15:44.075+0000] {processor.py:826} INFO - Processing file /home/vscode/.local/lib/python3.10/site-packages/airflow/example_dags/example_branch_labels.py for tasks to queue
[2025-12-16T18:15:44.075+0000] {logging_mixin.py:150} INFO - [2025-12-16T18:15:44.075+0000] {dagbag.py:541} INFO - Filling up the DagBag from /home/vscode/.local/lib/python3.10/site-packages/airflow/example_dags/example_branch_labels.py
[2025-12-16T18:15:44.081+0000] {processor.py:836} INFO - DAG(s) dict_keys(['example_branch_labels']) retrieved from /home/vscode/.local/lib/python3.10/site-packages/airflow/example_dags/example_branch_labels.py
[2025-12-16T18:15:44.093+0000] {logging_mixin.py:150} INFO - [2025-12-16T18:15:44.093+0000] {dag.py:2742} INFO - Sync 1 DAGs
[2025-12-16T18:15:44.107+0000] {logging_mixin.py:150} INFO - [2025-12-16T18:15:44.107+0000] {dag.py:3504} INFO - Setting next_dagrun for example_branch_labels to 2025-12-15T00:00:00+00:00, run_after=2025-12-16T00:00:00+00:00
[2025-12-16T18:15:44.122+0000] {processor.py:179} INFO - Processing /home/vscode/.local/lib/python3.10/site-packages/airflow/example_dags/example_branch_labels.py took 0.050 seconds
[2025-12-16T18:16:30.193+0000] {processor.py:157} INFO - Started process (PID=13515) to work on /home/vscode/.local/lib/python3.10/site-packages/airflow/example_dags/example_branch_labels.py
[2025-12-16T18:16:30.193+0000] {processor.py:826} INFO - Processing file /home/vscode/.local/lib/python3.10/site-packages/airflow/example_dags/example_branch_labels.py for tasks to queue
[2025-12-16T18:16:30.194+0000] {logging_mixin.py:150} INFO - [2025-12-16T18:16:30.194+0000] {dagbag.py:541} INFO - Filling up the DagBag from /home/vscode/.local/lib/python3.10/site-packages/airflow/example_dags/example_branch_labels.py
[2025-12-16T18:16:30.200+0000] {processor.py:836} INFO - DAG(s) dict_keys(['example_branch_labels']) retrieved from /home/vscode/.local/lib/python3.10/site-packages/airflow/example_dags/example_branch_labels.py
[2025-12-16T18:16:30.212+0000] {logging_mixin.py:150} INFO - [2025-12-16T18:16:30.212+0000] {dag.py:2742} INFO - Sync 1 DAGs
[2025-12-16T18:16:30.226+0000] {logging_mixin.py:150} INFO - [2025-12-16T18:16:30.226+0000] {dag.py:3504} INFO - Setting next_dagrun for example_branch_labels to 2025-12-15T00:00:00+00:00, run_after=2025-12-16T00:00:00+00:00
[2025-12-16T18:16:30.244+0000] {processor.py:179} INFO - Processing /home/vscode/.local/lib/python3.10/site-packages/airflow/example_dags/example_branch_labels.py took 0.053 seconds
[2025-12-16T18:17:21.586+0000] {processor.py:157} INFO - Started process (PID=13863) to work on /home/vscode/.local/lib/python3.10/site-packages/airflow/example_dags/example_branch_labels.py
[2025-12-16T18:17:21.586+0000] {processor.py:826} INFO - Processing file /home/vscode/.local/lib/python3.10/site-packages/airflow/example_dags/example_branch_labels.py for tasks to queue
[2025-12-16T18:17:21.587+0000] {logging_mixin.py:150} INFO - [2025-12-16T18:17:21.587+0000] {dagbag.py:541} INFO - Filling up the DagBag from /home/vscode/.local/lib/python3.10/site-packages/airflow/example_dags/example_branch_labels.py
[2025-12-16T18:17:21.592+0000] {processor.py:836} INFO - DAG(s) dict_keys(['example_branch_labels']) retrieved from /home/vscode/.local/lib/python3.10/site-packages/airflow/example_dags/example_branch_labels.py
[2025-12-16T18:17:21.604+0000] {logging_mixin.py:150} INFO - [2025-12-16T18:17:21.604+0000] {dag.py:2742} INFO - Sync 1 DAGs
[2025-12-16T18:17:21.619+0000] {logging_mixin.py:150} INFO - [2025-12-16T18:17:21.619+0000] {dag.py:3504} INFO - Setting next_dagrun for example_branch_labels to 2025-12-15T00:00:00+00:00, run_after=2025-12-16T00:00:00+00:00
[2025-12-16T18:17:21.633+0000] {processor.py:179} INFO - Processing /home/vscode/.local/lib/python3.10/site-packages/airflow/example_dags/example_branch_labels.py took 0.049 seconds
[2025-12-16T18:18:09.091+0000] {processor.py:157} INFO - Started process (PID=14168) to work on /home/vscode/.local/lib/python3.10/site-packages/airflow/example_dags/example_branch_labels.py
[2025-12-16T18:18:09.091+0000] {processor.py:826} INFO - Processing file /home/vscode/.local/lib/python3.10/site-packages/airflow/example_dags/example_branch_labels.py for tasks to queue
[2025-12-16T18:18:09.092+0000] {logging_mixin.py:150} INFO - [2025-12-16T18:18:09.092+0000] {dagbag.py:541} INFO - Filling up the DagBag from /home/vscode/.local/lib/python3.10/site-packages/airflow/example_dags/example_branch_labels.py
[2025-12-16T18:18:09.098+0000] {processor.py:836} INFO - DAG(s) dict_keys(['example_branch_labels']) retrieved from /home/vscode/.local/lib/python3.10/site-packages/airflow/example_dags/example_branch_labels.py
[2025-12-16T18:18:09.110+0000] {logging_mixin.py:150} INFO - [2025-12-16T18:18:09.110+0000] {dag.py:2742} INFO - Sync 1 DAGs
[2025-12-16T18:18:09.125+0000] {logging_mixin.py:150} INFO - [2025-12-16T18:18:09.125+0000] {dag.py:3504} INFO - Setting next_dagrun for example_branch_labels to 2025-12-15T00:00:00+00:00, run_after=2025-12-16T00:00:00+00:00
[2025-12-16T18:18:09.139+0000] {processor.py:179} INFO - Processing /home/vscode/.local/lib/python3.10/site-packages/airflow/example_dags/example_branch_labels.py took 0.050 seconds
[2025-12-16T18:18:54.188+0000] {processor.py:157} INFO - Started process (PID=14475) to work on /home/vscode/.local/lib/python3.10/site-packages/airflow/example_dags/example_branch_labels.py
[2025-12-16T18:18:54.189+0000] {processor.py:826} INFO - Processing file /home/vscode/.local/lib/python3.10/site-packages/airflow/example_dags/example_branch_labels.py for tasks to queue
[2025-12-16T18:18:54.190+0000] {logging_mixin.py:150} INFO - [2025-12-16T18:18:54.190+0000] {dagbag.py:541} INFO - Filling up the DagBag from /home/vscode/.local/lib/python3.10/site-packages/airflow/example_dags/example_branch_labels.py
[2025-12-16T18:18:54.198+0000] {processor.py:836} INFO - DAG(s) dict_keys(['example_branch_labels']) retrieved from /home/vscode/.local/lib/python3.10/site-packages/airflow/example_dags/example_branch_labels.py
[2025-12-16T18:18:54.213+0000] {logging_mixin.py:150} INFO - [2025-12-16T18:18:54.213+0000] {dag.py:2742} INFO - Sync 1 DAGs
[2025-12-16T18:18:54.227+0000] {logging_mixin.py:150} INFO - [2025-12-16T18:18:54.227+0000] {dag.py:3504} INFO - Setting next_dagrun for example_branch_labels to 2025-12-15T00:00:00+00:00, run_after=2025-12-16T00:00:00+00:00
[2025-12-16T18:18:54.241+0000] {processor.py:179} INFO - Processing /home/vscode/.local/lib/python3.10/site-packages/airflow/example_dags/example_branch_labels.py took 0.056 seconds
[2025-12-16T18:19:40.400+0000] {processor.py:157} INFO - Started process (PID=14781) to work on /home/vscode/.local/lib/python3.10/site-packages/airflow/example_dags/example_branch_labels.py
[2025-12-16T18:19:40.401+0000] {processor.py:826} INFO - Processing file /home/vscode/.local/lib/python3.10/site-packages/airflow/example_dags/example_branch_labels.py for tasks to queue
[2025-12-16T18:19:40.402+0000] {logging_mixin.py:150} INFO - [2025-12-16T18:19:40.401+0000] {dagbag.py:541} INFO - Filling up the DagBag from /home/vscode/.local/lib/python3.10/site-packages/airflow/example_dags/example_branch_labels.py
[2025-12-16T18:19:40.407+0000] {processor.py:836} INFO - DAG(s) dict_keys(['example_branch_labels']) retrieved from /home/vscode/.local/lib/python3.10/site-packages/airflow/example_dags/example_branch_labels.py
[2025-12-16T18:19:40.419+0000] {logging_mixin.py:150} INFO - [2025-12-16T18:19:40.419+0000] {dag.py:2742} INFO - Sync 1 DAGs
[2025-12-16T18:19:40.433+0000] {logging_mixin.py:150} INFO - [2025-12-16T18:19:40.433+0000] {dag.py:3504} INFO - Setting next_dagrun for example_branch_labels to 2025-12-15T00:00:00+00:00, run_after=2025-12-16T00:00:00+00:00
[2025-12-16T18:19:40.447+0000] {processor.py:179} INFO - Processing /home/vscode/.local/lib/python3.10/site-packages/airflow/example_dags/example_branch_labels.py took 0.049 seconds
[2025-12-16T18:20:30.458+0000] {processor.py:157} INFO - Started process (PID=15109) to work on /home/vscode/.local/lib/python3.10/site-packages/airflow/example_dags/example_branch_labels.py
[2025-12-16T18:20:30.458+0000] {processor.py:826} INFO - Processing file /home/vscode/.local/lib/python3.10/site-packages/airflow/example_dags/example_branch_labels.py for tasks to queue
[2025-12-16T18:20:30.459+0000] {logging_mixin.py:150} INFO - [2025-12-16T18:20:30.459+0000] {dagbag.py:541} INFO - Filling up the DagBag from /home/vscode/.local/lib/python3.10/site-packages/airflow/example_dags/example_branch_labels.py
[2025-12-16T18:20:30.464+0000] {processor.py:836} INFO - DAG(s) dict_keys(['example_branch_labels']) retrieved from /home/vscode/.local/lib/python3.10/site-packages/airflow/example_dags/example_branch_labels.py
[2025-12-16T18:20:30.476+0000] {logging_mixin.py:150} INFO - [2025-12-16T18:20:30.476+0000] {dag.py:2742} INFO - Sync 1 DAGs
[2025-12-16T18:20:30.490+0000] {logging_mixin.py:150} INFO - [2025-12-16T18:20:30.490+0000] {dag.py:3504} INFO - Setting next_dagrun for example_branch_labels to 2025-12-15T00:00:00+00:00, run_after=2025-12-16T00:00:00+00:00
[2025-12-16T18:20:30.504+0000] {processor.py:179} INFO - Processing /home/vscode/.local/lib/python3.10/site-packages/airflow/example_dags/example_branch_labels.py took 0.049 seconds
[2025-12-16T18:21:15.144+0000] {processor.py:157} INFO - Started process (PID=15410) to work on /home/vscode/.local/lib/python3.10/site-packages/airflow/example_dags/example_branch_labels.py
[2025-12-16T18:21:15.145+0000] {processor.py:826} INFO - Processing file /home/vscode/.local/lib/python3.10/site-packages/airflow/example_dags/example_branch_labels.py for tasks to queue
[2025-12-16T18:21:15.145+0000] {logging_mixin.py:150} INFO - [2025-12-16T18:21:15.145+0000] {dagbag.py:541} INFO - Filling up the DagBag from /home/vscode/.local/lib/python3.10/site-packages/airflow/example_dags/example_branch_labels.py
[2025-12-16T18:21:15.151+0000] {processor.py:836} INFO - DAG(s) dict_keys(['example_branch_labels']) retrieved from /home/vscode/.local/lib/python3.10/site-packages/airflow/example_dags/example_branch_labels.py
[2025-12-16T18:21:15.163+0000] {logging_mixin.py:150} INFO - [2025-12-16T18:21:15.163+0000] {dag.py:2742} INFO - Sync 1 DAGs
[2025-12-16T18:21:15.178+0000] {logging_mixin.py:150} INFO - [2025-12-16T18:21:15.178+0000] {dag.py:3504} INFO - Setting next_dagrun for example_branch_labels to 2025-12-15T00:00:00+00:00, run_after=2025-12-16T00:00:00+00:00
[2025-12-16T18:21:15.193+0000] {processor.py:179} INFO - Processing /home/vscode/.local/lib/python3.10/site-packages/airflow/example_dags/example_branch_labels.py took 0.051 seconds
[2025-12-16T18:22:04.381+0000] {processor.py:157} INFO - Started process (PID=15738) to work on /home/vscode/.local/lib/python3.10/site-packages/airflow/example_dags/example_branch_labels.py
[2025-12-16T18:22:04.382+0000] {processor.py:826} INFO - Processing file /home/vscode/.local/lib/python3.10/site-packages/airflow/example_dags/example_branch_labels.py for tasks to queue
[2025-12-16T18:22:04.383+0000] {logging_mixin.py:150} INFO - [2025-12-16T18:22:04.382+0000] {dagbag.py:541} INFO - Filling up the DagBag from /home/vscode/.local/lib/python3.10/site-packages/airflow/example_dags/example_branch_labels.py
[2025-12-16T18:22:04.388+0000] {processor.py:836} INFO - DAG(s) dict_keys(['example_branch_labels']) retrieved from /home/vscode/.local/lib/python3.10/site-packages/airflow/example_dags/example_branch_labels.py
[2025-12-16T18:22:04.400+0000] {logging_mixin.py:150} INFO - [2025-12-16T18:22:04.400+0000] {dag.py:2742} INFO - Sync 1 DAGs
[2025-12-16T18:22:04.415+0000] {logging_mixin.py:150} INFO - [2025-12-16T18:22:04.415+0000] {dag.py:3504} INFO - Setting next_dagrun for example_branch_labels to 2025-12-15T00:00:00+00:00, run_after=2025-12-16T00:00:00+00:00
[2025-12-16T18:22:04.429+0000] {processor.py:179} INFO - Processing /home/vscode/.local/lib/python3.10/site-packages/airflow/example_dags/example_branch_labels.py took 0.050 seconds
[2025-12-16T18:22:53.460+0000] {processor.py:157} INFO - Started process (PID=16063) to work on /home/vscode/.local/lib/python3.10/site-packages/airflow/example_dags/example_branch_labels.py
[2025-12-16T18:22:53.461+0000] {processor.py:826} INFO - Processing file /home/vscode/.local/lib/python3.10/site-packages/airflow/example_dags/example_branch_labels.py for tasks to queue
[2025-12-16T18:22:53.461+0000] {logging_mixin.py:150} INFO - [2025-12-16T18:22:53.461+0000] {dagbag.py:541} INFO - Filling up the DagBag from /home/vscode/.local/lib/python3.10/site-packages/airflow/example_dags/example_branch_labels.py
[2025-12-16T18:22:53.469+0000] {processor.py:836} INFO - DAG(s) dict_keys(['example_branch_labels']) retrieved from /home/vscode/.local/lib/python3.10/site-packages/airflow/example_dags/example_branch_labels.py
[2025-12-16T18:22:53.497+0000] {logging_mixin.py:150} INFO - [2025-12-16T18:22:53.497+0000] {dag.py:2742} INFO - Sync 1 DAGs
[2025-12-16T18:22:53.512+0000] {logging_mixin.py:150} INFO - [2025-12-16T18:22:53.512+0000] {dag.py:3504} INFO - Setting next_dagrun for example_branch_labels to 2025-12-15T00:00:00+00:00, run_after=2025-12-16T00:00:00+00:00
[2025-12-16T18:22:53.526+0000] {processor.py:179} INFO - Processing /home/vscode/.local/lib/python3.10/site-packages/airflow/example_dags/example_branch_labels.py took 0.070 seconds
[2025-12-16T18:23:38.087+0000] {processor.py:157} INFO - Started process (PID=16366) to work on /home/vscode/.local/lib/python3.10/site-packages/airflow/example_dags/example_branch_labels.py
[2025-12-16T18:23:38.088+0000] {processor.py:826} INFO - Processing file /home/vscode/.local/lib/python3.10/site-packages/airflow/example_dags/example_branch_labels.py for tasks to queue
[2025-12-16T18:23:38.088+0000] {logging_mixin.py:150} INFO - [2025-12-16T18:23:38.088+0000] {dagbag.py:541} INFO - Filling up the DagBag from /home/vscode/.local/lib/python3.10/site-packages/airflow/example_dags/example_branch_labels.py
[2025-12-16T18:23:38.098+0000] {processor.py:836} INFO - DAG(s) dict_keys(['example_branch_labels']) retrieved from /home/vscode/.local/lib/python3.10/site-packages/airflow/example_dags/example_branch_labels.py
[2025-12-16T18:23:38.116+0000] {logging_mixin.py:150} INFO - [2025-12-16T18:23:38.116+0000] {dag.py:2742} INFO - Sync 1 DAGs
[2025-12-16T18:23:38.134+0000] {logging_mixin.py:150} INFO - [2025-12-16T18:23:38.134+0000] {dag.py:3504} INFO - Setting next_dagrun for example_branch_labels to 2025-12-15T00:00:00+00:00, run_after=2025-12-16T00:00:00+00:00
[2025-12-16T18:23:38.149+0000] {processor.py:179} INFO - Processing /home/vscode/.local/lib/python3.10/site-packages/airflow/example_dags/example_branch_labels.py took 0.066 seconds
[2025-12-16T18:24:23.099+0000] {processor.py:157} INFO - Started process (PID=16661) to work on /home/vscode/.local/lib/python3.10/site-packages/airflow/example_dags/example_branch_labels.py
[2025-12-16T18:24:23.099+0000] {processor.py:826} INFO - Processing file /home/vscode/.local/lib/python3.10/site-packages/airflow/example_dags/example_branch_labels.py for tasks to queue
[2025-12-16T18:24:23.100+0000] {logging_mixin.py:150} INFO - [2025-12-16T18:24:23.100+0000] {dagbag.py:541} INFO - Filling up the DagBag from /home/vscode/.local/lib/python3.10/site-packages/airflow/example_dags/example_branch_labels.py
[2025-12-16T18:24:23.105+0000] {processor.py:836} INFO - DAG(s) dict_keys(['example_branch_labels']) retrieved from /home/vscode/.local/lib/python3.10/site-packages/airflow/example_dags/example_branch_labels.py
[2025-12-16T18:24:23.118+0000] {logging_mixin.py:150} INFO - [2025-12-16T18:24:23.117+0000] {dag.py:2742} INFO - Sync 1 DAGs
[2025-12-16T18:24:23.132+0000] {logging_mixin.py:150} INFO - [2025-12-16T18:24:23.132+0000] {dag.py:3504} INFO - Setting next_dagrun for example_branch_labels to 2025-12-15T00:00:00+00:00, run_after=2025-12-16T00:00:00+00:00
[2025-12-16T18:24:23.146+0000] {processor.py:179} INFO - Processing /home/vscode/.local/lib/python3.10/site-packages/airflow/example_dags/example_branch_labels.py took 0.050 seconds
[2025-12-16T18:25:16.532+0000] {processor.py:157} INFO - Started process (PID=17018) to work on /home/vscode/.local/lib/python3.10/site-packages/airflow/example_dags/example_branch_labels.py
[2025-12-16T18:25:16.533+0000] {processor.py:826} INFO - Processing file /home/vscode/.local/lib/python3.10/site-packages/airflow/example_dags/example_branch_labels.py for tasks to queue
[2025-12-16T18:25:16.533+0000] {logging_mixin.py:150} INFO - [2025-12-16T18:25:16.533+0000] {dagbag.py:541} INFO - Filling up the DagBag from /home/vscode/.local/lib/python3.10/site-packages/airflow/example_dags/example_branch_labels.py
[2025-12-16T18:25:16.539+0000] {processor.py:836} INFO - DAG(s) dict_keys(['example_branch_labels']) retrieved from /home/vscode/.local/lib/python3.10/site-packages/airflow/example_dags/example_branch_labels.py
[2025-12-16T18:25:16.551+0000] {logging_mixin.py:150} INFO - [2025-12-16T18:25:16.551+0000] {dag.py:2742} INFO - Sync 1 DAGs
[2025-12-16T18:25:16.566+0000] {logging_mixin.py:150} INFO - [2025-12-16T18:25:16.566+0000] {dag.py:3504} INFO - Setting next_dagrun for example_branch_labels to 2025-12-15T00:00:00+00:00, run_after=2025-12-16T00:00:00+00:00
[2025-12-16T18:25:16.580+0000] {processor.py:179} INFO - Processing /home/vscode/.local/lib/python3.10/site-packages/airflow/example_dags/example_branch_labels.py took 0.050 seconds
[2025-12-16T18:25:59.798+0000] {processor.py:157} INFO - Started process (PID=17307) to work on /home/vscode/.local/lib/python3.10/site-packages/airflow/example_dags/example_branch_labels.py
[2025-12-16T18:25:59.799+0000] {processor.py:826} INFO - Processing file /home/vscode/.local/lib/python3.10/site-packages/airflow/example_dags/example_branch_labels.py for tasks to queue
[2025-12-16T18:25:59.800+0000] {logging_mixin.py:150} INFO - [2025-12-16T18:25:59.799+0000] {dagbag.py:541} INFO - Filling up the DagBag from /home/vscode/.local/lib/python3.10/site-packages/airflow/example_dags/example_branch_labels.py
[2025-12-16T18:25:59.810+0000] {processor.py:836} INFO - DAG(s) dict_keys(['example_branch_labels']) retrieved from /home/vscode/.local/lib/python3.10/site-packages/airflow/example_dags/example_branch_labels.py
[2025-12-16T18:25:59.822+0000] {logging_mixin.py:150} INFO - [2025-12-16T18:25:59.822+0000] {dag.py:2742} INFO - Sync 1 DAGs
[2025-12-16T18:25:59.837+0000] {logging_mixin.py:150} INFO - [2025-12-16T18:25:59.837+0000] {dag.py:3504} INFO - Setting next_dagrun for example_branch_labels to 2025-12-15T00:00:00+00:00, run_after=2025-12-16T00:00:00+00:00
[2025-12-16T18:25:59.851+0000] {processor.py:179} INFO - Processing /home/vscode/.local/lib/python3.10/site-packages/airflow/example_dags/example_branch_labels.py took 0.056 seconds
[2025-12-16T18:26:51.916+0000] {processor.py:157} INFO - Started process (PID=17650) to work on /home/vscode/.local/lib/python3.10/site-packages/airflow/example_dags/example_branch_labels.py
[2025-12-16T18:26:51.917+0000] {processor.py:826} INFO - Processing file /home/vscode/.local/lib/python3.10/site-packages/airflow/example_dags/example_branch_labels.py for tasks to queue
[2025-12-16T18:26:51.918+0000] {logging_mixin.py:150} INFO - [2025-12-16T18:26:51.917+0000] {dagbag.py:541} INFO - Filling up the DagBag from /home/vscode/.local/lib/python3.10/site-packages/airflow/example_dags/example_branch_labels.py
[2025-12-16T18:26:51.930+0000] {processor.py:836} INFO - DAG(s) dict_keys(['example_branch_labels']) retrieved from /home/vscode/.local/lib/python3.10/site-packages/airflow/example_dags/example_branch_labels.py
[2025-12-16T18:26:51.949+0000] {logging_mixin.py:150} INFO - [2025-12-16T18:26:51.949+0000] {dag.py:2742} INFO - Sync 1 DAGs
