[2025-12-16T17:53:49.852+0000] {processor.py:157} INFO - Started process (PID=3819) to work on /home/vscode/.local/lib/python3.10/site-packages/airflow/example_dags/example_params_ui_tutorial.py
[2025-12-16T17:53:49.853+0000] {processor.py:826} INFO - Processing file /home/vscode/.local/lib/python3.10/site-packages/airflow/example_dags/example_params_ui_tutorial.py for tasks to queue
[2025-12-16T17:53:49.853+0000] {logging_mixin.py:150} INFO - [2025-12-16T17:53:49.853+0000] {dagbag.py:541} INFO - Filling up the DagBag from /home/vscode/.local/lib/python3.10/site-packages/airflow/example_dags/example_params_ui_tutorial.py
[2025-12-16T17:53:49.877+0000] {processor.py:836} INFO - DAG(s) dict_keys(['example_params_ui_tutorial']) retrieved from /home/vscode/.local/lib/python3.10/site-packages/airflow/example_dags/example_params_ui_tutorial.py
[2025-12-16T17:53:49.972+0000] {logging_mixin.py:150} INFO - [2025-12-16T17:53:49.972+0000] {manager.py:504} INFO - Created Permission View: can read on DAG:example_params_ui_tutorial
[2025-12-16T17:53:49.983+0000] {logging_mixin.py:150} INFO - [2025-12-16T17:53:49.983+0000] {manager.py:504} INFO - Created Permission View: can delete on DAG:example_params_ui_tutorial
[2025-12-16T17:53:49.990+0000] {logging_mixin.py:150} INFO - [2025-12-16T17:53:49.990+0000] {manager.py:504} INFO - Created Permission View: can edit on DAG:example_params_ui_tutorial
[2025-12-16T17:53:49.997+0000] {logging_mixin.py:150} INFO - [2025-12-16T17:53:49.997+0000] {dag.py:2742} INFO - Sync 1 DAGs
[2025-12-16T17:53:50.004+0000] {logging_mixin.py:150} INFO - [2025-12-16T17:53:50.004+0000] {dag.py:2763} INFO - Creating ORM DAG for example_params_ui_tutorial
[2025-12-16T17:53:50.010+0000] {logging_mixin.py:150} INFO - [2025-12-16T17:53:50.010+0000] {dag.py:3504} INFO - Setting next_dagrun for example_params_ui_tutorial to None, run_after=None
[2025-12-16T17:53:50.026+0000] {processor.py:179} INFO - Processing /home/vscode/.local/lib/python3.10/site-packages/airflow/example_dags/example_params_ui_tutorial.py took 0.176 seconds
[2025-12-16T17:54:38.610+0000] {processor.py:157} INFO - Started process (PID=4387) to work on /home/vscode/.local/lib/python3.10/site-packages/airflow/example_dags/example_params_ui_tutorial.py
[2025-12-16T17:54:38.610+0000] {processor.py:826} INFO - Processing file /home/vscode/.local/lib/python3.10/site-packages/airflow/example_dags/example_params_ui_tutorial.py for tasks to queue
[2025-12-16T17:54:38.611+0000] {logging_mixin.py:150} INFO - [2025-12-16T17:54:38.611+0000] {dagbag.py:541} INFO - Filling up the DagBag from /home/vscode/.local/lib/python3.10/site-packages/airflow/example_dags/example_params_ui_tutorial.py
[2025-12-16T17:54:38.632+0000] {processor.py:836} INFO - DAG(s) dict_keys(['example_params_ui_tutorial']) retrieved from /home/vscode/.local/lib/python3.10/site-packages/airflow/example_dags/example_params_ui_tutorial.py
[2025-12-16T17:54:38.657+0000] {logging_mixin.py:150} INFO - [2025-12-16T17:54:38.657+0000] {dag.py:2742} INFO - Sync 1 DAGs
[2025-12-16T17:54:38.670+0000] {logging_mixin.py:150} INFO - [2025-12-16T17:54:38.670+0000] {dag.py:3504} INFO - Setting next_dagrun for example_params_ui_tutorial to None, run_after=None
[2025-12-16T17:54:38.685+0000] {processor.py:179} INFO - Processing /home/vscode/.local/lib/python3.10/site-packages/airflow/example_dags/example_params_ui_tutorial.py took 0.077 seconds
[2025-12-16T17:55:27.747+0000] {processor.py:157} INFO - Started process (PID=4769) to work on /home/vscode/.local/lib/python3.10/site-packages/airflow/example_dags/example_params_ui_tutorial.py
[2025-12-16T17:55:27.748+0000] {processor.py:826} INFO - Processing file /home/vscode/.local/lib/python3.10/site-packages/airflow/example_dags/example_params_ui_tutorial.py for tasks to queue
[2025-12-16T17:55:27.749+0000] {logging_mixin.py:150} INFO - [2025-12-16T17:55:27.748+0000] {dagbag.py:541} INFO - Filling up the DagBag from /home/vscode/.local/lib/python3.10/site-packages/airflow/example_dags/example_params_ui_tutorial.py
[2025-12-16T17:55:27.770+0000] {processor.py:836} INFO - DAG(s) dict_keys(['example_params_ui_tutorial']) retrieved from /home/vscode/.local/lib/python3.10/site-packages/airflow/example_dags/example_params_ui_tutorial.py
[2025-12-16T17:55:27.795+0000] {logging_mixin.py:150} INFO - [2025-12-16T17:55:27.795+0000] {dag.py:2742} INFO - Sync 1 DAGs
[2025-12-16T17:55:27.808+0000] {logging_mixin.py:150} INFO - [2025-12-16T17:55:27.808+0000] {dag.py:3504} INFO - Setting next_dagrun for example_params_ui_tutorial to None, run_after=None
[2025-12-16T17:55:27.823+0000] {processor.py:179} INFO - Processing /home/vscode/.local/lib/python3.10/site-packages/airflow/example_dags/example_params_ui_tutorial.py took 0.078 seconds
[2025-12-16T17:56:15.212+0000] {processor.py:157} INFO - Started process (PID=5213) to work on /home/vscode/.local/lib/python3.10/site-packages/airflow/example_dags/example_params_ui_tutorial.py
[2025-12-16T17:56:15.212+0000] {processor.py:826} INFO - Processing file /home/vscode/.local/lib/python3.10/site-packages/airflow/example_dags/example_params_ui_tutorial.py for tasks to queue
[2025-12-16T17:56:15.213+0000] {logging_mixin.py:150} INFO - [2025-12-16T17:56:15.213+0000] {dagbag.py:541} INFO - Filling up the DagBag from /home/vscode/.local/lib/python3.10/site-packages/airflow/example_dags/example_params_ui_tutorial.py
[2025-12-16T17:56:15.236+0000] {processor.py:836} INFO - DAG(s) dict_keys(['example_params_ui_tutorial']) retrieved from /home/vscode/.local/lib/python3.10/site-packages/airflow/example_dags/example_params_ui_tutorial.py
[2025-12-16T17:56:15.267+0000] {logging_mixin.py:150} INFO - [2025-12-16T17:56:15.267+0000] {dag.py:2742} INFO - Sync 1 DAGs
[2025-12-16T17:56:15.283+0000] {logging_mixin.py:150} INFO - [2025-12-16T17:56:15.283+0000] {dag.py:3504} INFO - Setting next_dagrun for example_params_ui_tutorial to None, run_after=None
[2025-12-16T17:56:15.297+0000] {processor.py:179} INFO - Processing /home/vscode/.local/lib/python3.10/site-packages/airflow/example_dags/example_params_ui_tutorial.py took 0.088 seconds
[2025-12-16T17:57:04.464+0000] {processor.py:157} INFO - Started process (PID=5673) to work on /home/vscode/.local/lib/python3.10/site-packages/airflow/example_dags/example_params_ui_tutorial.py
[2025-12-16T17:57:04.465+0000] {processor.py:826} INFO - Processing file /home/vscode/.local/lib/python3.10/site-packages/airflow/example_dags/example_params_ui_tutorial.py for tasks to queue
[2025-12-16T17:57:04.466+0000] {logging_mixin.py:150} INFO - [2025-12-16T17:57:04.465+0000] {dagbag.py:541} INFO - Filling up the DagBag from /home/vscode/.local/lib/python3.10/site-packages/airflow/example_dags/example_params_ui_tutorial.py
[2025-12-16T17:57:04.489+0000] {processor.py:836} INFO - DAG(s) dict_keys(['example_params_ui_tutorial']) retrieved from /home/vscode/.local/lib/python3.10/site-packages/airflow/example_dags/example_params_ui_tutorial.py
[2025-12-16T17:57:04.516+0000] {logging_mixin.py:150} INFO - [2025-12-16T17:57:04.516+0000] {dag.py:2742} INFO - Sync 1 DAGs
[2025-12-16T17:57:04.529+0000] {logging_mixin.py:150} INFO - [2025-12-16T17:57:04.529+0000] {dag.py:3504} INFO - Setting next_dagrun for example_params_ui_tutorial to None, run_after=None
[2025-12-16T17:57:04.545+0000] {processor.py:179} INFO - Processing /home/vscode/.local/lib/python3.10/site-packages/airflow/example_dags/example_params_ui_tutorial.py took 0.084 seconds
[2025-12-16T17:57:50.633+0000] {processor.py:157} INFO - Started process (PID=6070) to work on /home/vscode/.local/lib/python3.10/site-packages/airflow/example_dags/example_params_ui_tutorial.py
[2025-12-16T17:57:50.634+0000] {processor.py:826} INFO - Processing file /home/vscode/.local/lib/python3.10/site-packages/airflow/example_dags/example_params_ui_tutorial.py for tasks to queue
[2025-12-16T17:57:50.634+0000] {logging_mixin.py:150} INFO - [2025-12-16T17:57:50.634+0000] {dagbag.py:541} INFO - Filling up the DagBag from /home/vscode/.local/lib/python3.10/site-packages/airflow/example_dags/example_params_ui_tutorial.py
[2025-12-16T17:57:50.655+0000] {processor.py:836} INFO - DAG(s) dict_keys(['example_params_ui_tutorial']) retrieved from /home/vscode/.local/lib/python3.10/site-packages/airflow/example_dags/example_params_ui_tutorial.py
[2025-12-16T17:57:50.681+0000] {logging_mixin.py:150} INFO - [2025-12-16T17:57:50.681+0000] {dag.py:2742} INFO - Sync 1 DAGs
[2025-12-16T17:57:50.701+0000] {logging_mixin.py:150} INFO - [2025-12-16T17:57:50.701+0000] {dag.py:3504} INFO - Setting next_dagrun for example_params_ui_tutorial to None, run_after=None
[2025-12-16T17:57:50.722+0000] {processor.py:179} INFO - Processing /home/vscode/.local/lib/python3.10/site-packages/airflow/example_dags/example_params_ui_tutorial.py took 0.091 seconds
[2025-12-16T17:58:36.835+0000] {processor.py:157} INFO - Started process (PID=6380) to work on /home/vscode/.local/lib/python3.10/site-packages/airflow/example_dags/example_params_ui_tutorial.py
[2025-12-16T17:58:36.836+0000] {processor.py:826} INFO - Processing file /home/vscode/.local/lib/python3.10/site-packages/airflow/example_dags/example_params_ui_tutorial.py for tasks to queue
[2025-12-16T17:58:36.836+0000] {logging_mixin.py:150} INFO - [2025-12-16T17:58:36.836+0000] {dagbag.py:541} INFO - Filling up the DagBag from /home/vscode/.local/lib/python3.10/site-packages/airflow/example_dags/example_params_ui_tutorial.py
[2025-12-16T17:58:36.862+0000] {processor.py:836} INFO - DAG(s) dict_keys(['example_params_ui_tutorial']) retrieved from /home/vscode/.local/lib/python3.10/site-packages/airflow/example_dags/example_params_ui_tutorial.py
[2025-12-16T17:58:36.886+0000] {logging_mixin.py:150} INFO - [2025-12-16T17:58:36.886+0000] {dag.py:2742} INFO - Sync 1 DAGs
[2025-12-16T17:58:36.900+0000] {logging_mixin.py:150} INFO - [2025-12-16T17:58:36.900+0000] {dag.py:3504} INFO - Setting next_dagrun for example_params_ui_tutorial to None, run_after=None
[2025-12-16T17:58:36.914+0000] {processor.py:179} INFO - Processing /home/vscode/.local/lib/python3.10/site-packages/airflow/example_dags/example_params_ui_tutorial.py took 0.081 seconds
[2025-12-16T17:59:25.736+0000] {processor.py:157} INFO - Started process (PID=6707) to work on /home/vscode/.local/lib/python3.10/site-packages/airflow/example_dags/example_params_ui_tutorial.py
[2025-12-16T17:59:25.737+0000] {processor.py:826} INFO - Processing file /home/vscode/.local/lib/python3.10/site-packages/airflow/example_dags/example_params_ui_tutorial.py for tasks to queue
[2025-12-16T17:59:25.738+0000] {logging_mixin.py:150} INFO - [2025-12-16T17:59:25.737+0000] {dagbag.py:541} INFO - Filling up the DagBag from /home/vscode/.local/lib/python3.10/site-packages/airflow/example_dags/example_params_ui_tutorial.py
[2025-12-16T17:59:25.758+0000] {processor.py:836} INFO - DAG(s) dict_keys(['example_params_ui_tutorial']) retrieved from /home/vscode/.local/lib/python3.10/site-packages/airflow/example_dags/example_params_ui_tutorial.py
[2025-12-16T17:59:25.782+0000] {logging_mixin.py:150} INFO - [2025-12-16T17:59:25.782+0000] {dag.py:2742} INFO - Sync 1 DAGs
[2025-12-16T17:59:25.795+0000] {logging_mixin.py:150} INFO - [2025-12-16T17:59:25.795+0000] {dag.py:3504} INFO - Setting next_dagrun for example_params_ui_tutorial to None, run_after=None
[2025-12-16T17:59:25.809+0000] {processor.py:179} INFO - Processing /home/vscode/.local/lib/python3.10/site-packages/airflow/example_dags/example_params_ui_tutorial.py took 0.075 seconds
[2025-12-16T18:00:12.775+0000] {processor.py:157} INFO - Started process (PID=7018) to work on /home/vscode/.local/lib/python3.10/site-packages/airflow/example_dags/example_params_ui_tutorial.py
[2025-12-16T18:00:12.776+0000] {processor.py:826} INFO - Processing file /home/vscode/.local/lib/python3.10/site-packages/airflow/example_dags/example_params_ui_tutorial.py for tasks to queue
[2025-12-16T18:00:12.776+0000] {logging_mixin.py:150} INFO - [2025-12-16T18:00:12.776+0000] {dagbag.py:541} INFO - Filling up the DagBag from /home/vscode/.local/lib/python3.10/site-packages/airflow/example_dags/example_params_ui_tutorial.py
[2025-12-16T18:00:12.797+0000] {processor.py:836} INFO - DAG(s) dict_keys(['example_params_ui_tutorial']) retrieved from /home/vscode/.local/lib/python3.10/site-packages/airflow/example_dags/example_params_ui_tutorial.py
[2025-12-16T18:00:12.823+0000] {logging_mixin.py:150} INFO - [2025-12-16T18:00:12.823+0000] {dag.py:2742} INFO - Sync 1 DAGs
[2025-12-16T18:00:12.837+0000] {logging_mixin.py:150} INFO - [2025-12-16T18:00:12.836+0000] {dag.py:3504} INFO - Setting next_dagrun for example_params_ui_tutorial to None, run_after=None
[2025-12-16T18:00:12.851+0000] {processor.py:179} INFO - Processing /home/vscode/.local/lib/python3.10/site-packages/airflow/example_dags/example_params_ui_tutorial.py took 0.078 seconds
[2025-12-16T18:00:59.028+0000] {processor.py:157} INFO - Started process (PID=7328) to work on /home/vscode/.local/lib/python3.10/site-packages/airflow/example_dags/example_params_ui_tutorial.py
[2025-12-16T18:00:59.028+0000] {processor.py:826} INFO - Processing file /home/vscode/.local/lib/python3.10/site-packages/airflow/example_dags/example_params_ui_tutorial.py for tasks to queue
[2025-12-16T18:00:59.029+0000] {logging_mixin.py:150} INFO - [2025-12-16T18:00:59.029+0000] {dagbag.py:541} INFO - Filling up the DagBag from /home/vscode/.local/lib/python3.10/site-packages/airflow/example_dags/example_params_ui_tutorial.py
[2025-12-16T18:00:59.052+0000] {processor.py:836} INFO - DAG(s) dict_keys(['example_params_ui_tutorial']) retrieved from /home/vscode/.local/lib/python3.10/site-packages/airflow/example_dags/example_params_ui_tutorial.py
[2025-12-16T18:00:59.079+0000] {logging_mixin.py:150} INFO - [2025-12-16T18:00:59.079+0000] {dag.py:2742} INFO - Sync 1 DAGs
[2025-12-16T18:00:59.092+0000] {logging_mixin.py:150} INFO - [2025-12-16T18:00:59.092+0000] {dag.py:3504} INFO - Setting next_dagrun for example_params_ui_tutorial to None, run_after=None
[2025-12-16T18:00:59.107+0000] {processor.py:179} INFO - Processing /home/vscode/.local/lib/python3.10/site-packages/airflow/example_dags/example_params_ui_tutorial.py took 0.082 seconds
[2025-12-16T18:01:41.946+0000] {processor.py:157} INFO - Started process (PID=7617) to work on /home/vscode/.local/lib/python3.10/site-packages/airflow/example_dags/example_params_ui_tutorial.py
[2025-12-16T18:01:41.946+0000] {processor.py:826} INFO - Processing file /home/vscode/.local/lib/python3.10/site-packages/airflow/example_dags/example_params_ui_tutorial.py for tasks to queue
[2025-12-16T18:01:41.947+0000] {logging_mixin.py:150} INFO - [2025-12-16T18:01:41.947+0000] {dagbag.py:541} INFO - Filling up the DagBag from /home/vscode/.local/lib/python3.10/site-packages/airflow/example_dags/example_params_ui_tutorial.py
[2025-12-16T18:01:41.967+0000] {processor.py:836} INFO - DAG(s) dict_keys(['example_params_ui_tutorial']) retrieved from /home/vscode/.local/lib/python3.10/site-packages/airflow/example_dags/example_params_ui_tutorial.py
[2025-12-16T18:01:41.992+0000] {logging_mixin.py:150} INFO - [2025-12-16T18:01:41.992+0000] {dag.py:2742} INFO - Sync 1 DAGs
[2025-12-16T18:01:42.005+0000] {logging_mixin.py:150} INFO - [2025-12-16T18:01:42.005+0000] {dag.py:3504} INFO - Setting next_dagrun for example_params_ui_tutorial to None, run_after=None
[2025-12-16T18:01:42.020+0000] {processor.py:179} INFO - Processing /home/vscode/.local/lib/python3.10/site-packages/airflow/example_dags/example_params_ui_tutorial.py took 0.076 seconds
[2025-12-16T18:02:30.405+0000] {processor.py:157} INFO - Started process (PID=7936) to work on /home/vscode/.local/lib/python3.10/site-packages/airflow/example_dags/example_params_ui_tutorial.py
[2025-12-16T18:02:30.405+0000] {processor.py:826} INFO - Processing file /home/vscode/.local/lib/python3.10/site-packages/airflow/example_dags/example_params_ui_tutorial.py for tasks to queue
[2025-12-16T18:02:30.406+0000] {logging_mixin.py:150} INFO - [2025-12-16T18:02:30.406+0000] {dagbag.py:541} INFO - Filling up the DagBag from /home/vscode/.local/lib/python3.10/site-packages/airflow/example_dags/example_params_ui_tutorial.py
[2025-12-16T18:02:30.427+0000] {processor.py:836} INFO - DAG(s) dict_keys(['example_params_ui_tutorial']) retrieved from /home/vscode/.local/lib/python3.10/site-packages/airflow/example_dags/example_params_ui_tutorial.py
[2025-12-16T18:02:30.452+0000] {logging_mixin.py:150} INFO - [2025-12-16T18:02:30.452+0000] {dag.py:2742} INFO - Sync 1 DAGs
[2025-12-16T18:02:30.466+0000] {logging_mixin.py:150} INFO - [2025-12-16T18:02:30.466+0000] {dag.py:3504} INFO - Setting next_dagrun for example_params_ui_tutorial to None, run_after=None
[2025-12-16T18:02:30.481+0000] {processor.py:179} INFO - Processing /home/vscode/.local/lib/python3.10/site-packages/airflow/example_dags/example_params_ui_tutorial.py took 0.079 seconds
[2025-12-16T18:03:20.533+0000] {processor.py:157} INFO - Started process (PID=8271) to work on /home/vscode/.local/lib/python3.10/site-packages/airflow/example_dags/example_params_ui_tutorial.py
[2025-12-16T18:03:20.533+0000] {processor.py:826} INFO - Processing file /home/vscode/.local/lib/python3.10/site-packages/airflow/example_dags/example_params_ui_tutorial.py for tasks to queue
[2025-12-16T18:03:20.534+0000] {logging_mixin.py:150} INFO - [2025-12-16T18:03:20.534+0000] {dagbag.py:541} INFO - Filling up the DagBag from /home/vscode/.local/lib/python3.10/site-packages/airflow/example_dags/example_params_ui_tutorial.py
[2025-12-16T18:03:20.555+0000] {processor.py:836} INFO - DAG(s) dict_keys(['example_params_ui_tutorial']) retrieved from /home/vscode/.local/lib/python3.10/site-packages/airflow/example_dags/example_params_ui_tutorial.py
[2025-12-16T18:03:20.581+0000] {logging_mixin.py:150} INFO - [2025-12-16T18:03:20.580+0000] {dag.py:2742} INFO - Sync 1 DAGs
[2025-12-16T18:03:20.594+0000] {logging_mixin.py:150} INFO - [2025-12-16T18:03:20.594+0000] {dag.py:3504} INFO - Setting next_dagrun for example_params_ui_tutorial to None, run_after=None
[2025-12-16T18:03:20.609+0000] {processor.py:179} INFO - Processing /home/vscode/.local/lib/python3.10/site-packages/airflow/example_dags/example_params_ui_tutorial.py took 0.079 seconds
[2025-12-16T18:04:05.070+0000] {processor.py:157} INFO - Started process (PID=8567) to work on /home/vscode/.local/lib/python3.10/site-packages/airflow/example_dags/example_params_ui_tutorial.py
[2025-12-16T18:04:05.070+0000] {processor.py:826} INFO - Processing file /home/vscode/.local/lib/python3.10/site-packages/airflow/example_dags/example_params_ui_tutorial.py for tasks to queue
[2025-12-16T18:04:05.071+0000] {logging_mixin.py:150} INFO - [2025-12-16T18:04:05.070+0000] {dagbag.py:541} INFO - Filling up the DagBag from /home/vscode/.local/lib/python3.10/site-packages/airflow/example_dags/example_params_ui_tutorial.py
[2025-12-16T18:04:05.091+0000] {processor.py:836} INFO - DAG(s) dict_keys(['example_params_ui_tutorial']) retrieved from /home/vscode/.local/lib/python3.10/site-packages/airflow/example_dags/example_params_ui_tutorial.py
[2025-12-16T18:04:05.118+0000] {logging_mixin.py:150} INFO - [2025-12-16T18:04:05.118+0000] {dag.py:2742} INFO - Sync 1 DAGs
[2025-12-16T18:04:05.131+0000] {logging_mixin.py:150} INFO - [2025-12-16T18:04:05.131+0000] {dag.py:3504} INFO - Setting next_dagrun for example_params_ui_tutorial to None, run_after=None
[2025-12-16T18:04:05.147+0000] {processor.py:179} INFO - Processing /home/vscode/.local/lib/python3.10/site-packages/airflow/example_dags/example_params_ui_tutorial.py took 0.080 seconds
[2025-12-16T18:04:56.249+0000] {processor.py:157} INFO - Started process (PID=8915) to work on /home/vscode/.local/lib/python3.10/site-packages/airflow/example_dags/example_params_ui_tutorial.py
[2025-12-16T18:04:56.250+0000] {processor.py:826} INFO - Processing file /home/vscode/.local/lib/python3.10/site-packages/airflow/example_dags/example_params_ui_tutorial.py for tasks to queue
[2025-12-16T18:04:56.251+0000] {logging_mixin.py:150} INFO - [2025-12-16T18:04:56.251+0000] {dagbag.py:541} INFO - Filling up the DagBag from /home/vscode/.local/lib/python3.10/site-packages/airflow/example_dags/example_params_ui_tutorial.py
[2025-12-16T18:04:56.285+0000] {processor.py:836} INFO - DAG(s) dict_keys(['example_params_ui_tutorial']) retrieved from /home/vscode/.local/lib/python3.10/site-packages/airflow/example_dags/example_params_ui_tutorial.py
[2025-12-16T18:04:56.311+0000] {logging_mixin.py:150} INFO - [2025-12-16T18:04:56.311+0000] {dag.py:2742} INFO - Sync 1 DAGs
[2025-12-16T18:04:56.326+0000] {logging_mixin.py:150} INFO - [2025-12-16T18:04:56.326+0000] {dag.py:3504} INFO - Setting next_dagrun for example_params_ui_tutorial to None, run_after=None
[2025-12-16T18:04:56.342+0000] {processor.py:179} INFO - Processing /home/vscode/.local/lib/python3.10/site-packages/airflow/example_dags/example_params_ui_tutorial.py took 0.095 seconds
[2025-12-16T18:05:42.730+0000] {processor.py:157} INFO - Started process (PID=9213) to work on /home/vscode/.local/lib/python3.10/site-packages/airflow/example_dags/example_params_ui_tutorial.py
[2025-12-16T18:05:42.730+0000] {processor.py:826} INFO - Processing file /home/vscode/.local/lib/python3.10/site-packages/airflow/example_dags/example_params_ui_tutorial.py for tasks to queue
[2025-12-16T18:05:42.731+0000] {logging_mixin.py:150} INFO - [2025-12-16T18:05:42.731+0000] {dagbag.py:541} INFO - Filling up the DagBag from /home/vscode/.local/lib/python3.10/site-packages/airflow/example_dags/example_params_ui_tutorial.py
[2025-12-16T18:05:42.752+0000] {processor.py:836} INFO - DAG(s) dict_keys(['example_params_ui_tutorial']) retrieved from /home/vscode/.local/lib/python3.10/site-packages/airflow/example_dags/example_params_ui_tutorial.py
[2025-12-16T18:05:42.776+0000] {logging_mixin.py:150} INFO - [2025-12-16T18:05:42.776+0000] {dag.py:2742} INFO - Sync 1 DAGs
[2025-12-16T18:05:42.790+0000] {logging_mixin.py:150} INFO - [2025-12-16T18:05:42.790+0000] {dag.py:3504} INFO - Setting next_dagrun for example_params_ui_tutorial to None, run_after=None
[2025-12-16T18:05:42.807+0000] {processor.py:179} INFO - Processing /home/vscode/.local/lib/python3.10/site-packages/airflow/example_dags/example_params_ui_tutorial.py took 0.079 seconds
[2025-12-16T18:06:28.199+0000] {processor.py:157} INFO - Started process (PID=9517) to work on /home/vscode/.local/lib/python3.10/site-packages/airflow/example_dags/example_params_ui_tutorial.py
[2025-12-16T18:06:28.200+0000] {processor.py:826} INFO - Processing file /home/vscode/.local/lib/python3.10/site-packages/airflow/example_dags/example_params_ui_tutorial.py for tasks to queue
[2025-12-16T18:06:28.201+0000] {logging_mixin.py:150} INFO - [2025-12-16T18:06:28.200+0000] {dagbag.py:541} INFO - Filling up the DagBag from /home/vscode/.local/lib/python3.10/site-packages/airflow/example_dags/example_params_ui_tutorial.py
[2025-12-16T18:06:28.223+0000] {processor.py:836} INFO - DAG(s) dict_keys(['example_params_ui_tutorial']) retrieved from /home/vscode/.local/lib/python3.10/site-packages/airflow/example_dags/example_params_ui_tutorial.py
[2025-12-16T18:06:28.248+0000] {logging_mixin.py:150} INFO - [2025-12-16T18:06:28.248+0000] {dag.py:2742} INFO - Sync 1 DAGs
[2025-12-16T18:06:28.263+0000] {logging_mixin.py:150} INFO - [2025-12-16T18:06:28.262+0000] {dag.py:3504} INFO - Setting next_dagrun for example_params_ui_tutorial to None, run_after=None
[2025-12-16T18:06:28.278+0000] {processor.py:179} INFO - Processing /home/vscode/.local/lib/python3.10/site-packages/airflow/example_dags/example_params_ui_tutorial.py took 0.080 seconds
[2025-12-16T18:07:16.760+0000] {processor.py:157} INFO - Started process (PID=9836) to work on /home/vscode/.local/lib/python3.10/site-packages/airflow/example_dags/example_params_ui_tutorial.py
[2025-12-16T18:07:16.760+0000] {processor.py:826} INFO - Processing file /home/vscode/.local/lib/python3.10/site-packages/airflow/example_dags/example_params_ui_tutorial.py for tasks to queue
[2025-12-16T18:07:16.761+0000] {logging_mixin.py:150} INFO - [2025-12-16T18:07:16.761+0000] {dagbag.py:541} INFO - Filling up the DagBag from /home/vscode/.local/lib/python3.10/site-packages/airflow/example_dags/example_params_ui_tutorial.py
[2025-12-16T18:07:16.783+0000] {processor.py:836} INFO - DAG(s) dict_keys(['example_params_ui_tutorial']) retrieved from /home/vscode/.local/lib/python3.10/site-packages/airflow/example_dags/example_params_ui_tutorial.py
[2025-12-16T18:07:16.808+0000] {logging_mixin.py:150} INFO - [2025-12-16T18:07:16.808+0000] {dag.py:2742} INFO - Sync 1 DAGs
[2025-12-16T18:07:16.823+0000] {logging_mixin.py:150} INFO - [2025-12-16T18:07:16.823+0000] {dag.py:3504} INFO - Setting next_dagrun for example_params_ui_tutorial to None, run_after=None
[2025-12-16T18:07:16.837+0000] {processor.py:179} INFO - Processing /home/vscode/.local/lib/python3.10/site-packages/airflow/example_dags/example_params_ui_tutorial.py took 0.080 seconds
[2025-12-16T18:08:08.184+0000] {processor.py:157} INFO - Started process (PID=10183) to work on /home/vscode/.local/lib/python3.10/site-packages/airflow/example_dags/example_params_ui_tutorial.py
[2025-12-16T18:08:08.185+0000] {processor.py:826} INFO - Processing file /home/vscode/.local/lib/python3.10/site-packages/airflow/example_dags/example_params_ui_tutorial.py for tasks to queue
[2025-12-16T18:08:08.186+0000] {logging_mixin.py:150} INFO - [2025-12-16T18:08:08.185+0000] {dagbag.py:541} INFO - Filling up the DagBag from /home/vscode/.local/lib/python3.10/site-packages/airflow/example_dags/example_params_ui_tutorial.py
[2025-12-16T18:08:08.209+0000] {processor.py:836} INFO - DAG(s) dict_keys(['example_params_ui_tutorial']) retrieved from /home/vscode/.local/lib/python3.10/site-packages/airflow/example_dags/example_params_ui_tutorial.py
[2025-12-16T18:08:08.234+0000] {logging_mixin.py:150} INFO - [2025-12-16T18:08:08.234+0000] {dag.py:2742} INFO - Sync 1 DAGs
[2025-12-16T18:08:08.249+0000] {logging_mixin.py:150} INFO - [2025-12-16T18:08:08.249+0000] {dag.py:3504} INFO - Setting next_dagrun for example_params_ui_tutorial to None, run_after=None
[2025-12-16T18:08:08.264+0000] {processor.py:179} INFO - Processing /home/vscode/.local/lib/python3.10/site-packages/airflow/example_dags/example_params_ui_tutorial.py took 0.083 seconds
[2025-12-16T18:08:52.652+0000] {processor.py:157} INFO - Started process (PID=10479) to work on /home/vscode/.local/lib/python3.10/site-packages/airflow/example_dags/example_params_ui_tutorial.py
[2025-12-16T18:08:52.653+0000] {processor.py:826} INFO - Processing file /home/vscode/.local/lib/python3.10/site-packages/airflow/example_dags/example_params_ui_tutorial.py for tasks to queue
[2025-12-16T18:08:52.653+0000] {logging_mixin.py:150} INFO - [2025-12-16T18:08:52.653+0000] {dagbag.py:541} INFO - Filling up the DagBag from /home/vscode/.local/lib/python3.10/site-packages/airflow/example_dags/example_params_ui_tutorial.py
[2025-12-16T18:08:52.674+0000] {processor.py:836} INFO - DAG(s) dict_keys(['example_params_ui_tutorial']) retrieved from /home/vscode/.local/lib/python3.10/site-packages/airflow/example_dags/example_params_ui_tutorial.py
[2025-12-16T18:08:52.700+0000] {logging_mixin.py:150} INFO - [2025-12-16T18:08:52.700+0000] {dag.py:2742} INFO - Sync 1 DAGs
[2025-12-16T18:08:52.715+0000] {logging_mixin.py:150} INFO - [2025-12-16T18:08:52.715+0000] {dag.py:3504} INFO - Setting next_dagrun for example_params_ui_tutorial to None, run_after=None
[2025-12-16T18:08:52.731+0000] {processor.py:179} INFO - Processing /home/vscode/.local/lib/python3.10/site-packages/airflow/example_dags/example_params_ui_tutorial.py took 0.081 seconds
[2025-12-16T18:09:41.158+0000] {processor.py:157} INFO - Started process (PID=10805) to work on /home/vscode/.local/lib/python3.10/site-packages/airflow/example_dags/example_params_ui_tutorial.py
[2025-12-16T18:09:41.159+0000] {processor.py:826} INFO - Processing file /home/vscode/.local/lib/python3.10/site-packages/airflow/example_dags/example_params_ui_tutorial.py for tasks to queue
[2025-12-16T18:09:41.159+0000] {logging_mixin.py:150} INFO - [2025-12-16T18:09:41.159+0000] {dagbag.py:541} INFO - Filling up the DagBag from /home/vscode/.local/lib/python3.10/site-packages/airflow/example_dags/example_params_ui_tutorial.py
[2025-12-16T18:09:41.180+0000] {processor.py:836} INFO - DAG(s) dict_keys(['example_params_ui_tutorial']) retrieved from /home/vscode/.local/lib/python3.10/site-packages/airflow/example_dags/example_params_ui_tutorial.py
[2025-12-16T18:09:41.206+0000] {logging_mixin.py:150} INFO - [2025-12-16T18:09:41.206+0000] {dag.py:2742} INFO - Sync 1 DAGs
[2025-12-16T18:09:41.219+0000] {logging_mixin.py:150} INFO - [2025-12-16T18:09:41.219+0000] {dag.py:3504} INFO - Setting next_dagrun for example_params_ui_tutorial to None, run_after=None
[2025-12-16T18:09:41.234+0000] {processor.py:179} INFO - Processing /home/vscode/.local/lib/python3.10/site-packages/airflow/example_dags/example_params_ui_tutorial.py took 0.078 seconds
[2025-12-16T18:10:26.904+0000] {processor.py:157} INFO - Started process (PID=11103) to work on /home/vscode/.local/lib/python3.10/site-packages/airflow/example_dags/example_params_ui_tutorial.py
[2025-12-16T18:10:26.905+0000] {processor.py:826} INFO - Processing file /home/vscode/.local/lib/python3.10/site-packages/airflow/example_dags/example_params_ui_tutorial.py for tasks to queue
[2025-12-16T18:10:26.906+0000] {logging_mixin.py:150} INFO - [2025-12-16T18:10:26.905+0000] {dagbag.py:541} INFO - Filling up the DagBag from /home/vscode/.local/lib/python3.10/site-packages/airflow/example_dags/example_params_ui_tutorial.py
[2025-12-16T18:10:26.926+0000] {processor.py:836} INFO - DAG(s) dict_keys(['example_params_ui_tutorial']) retrieved from /home/vscode/.local/lib/python3.10/site-packages/airflow/example_dags/example_params_ui_tutorial.py
[2025-12-16T18:10:26.953+0000] {logging_mixin.py:150} INFO - [2025-12-16T18:10:26.953+0000] {dag.py:2742} INFO - Sync 1 DAGs
[2025-12-16T18:10:26.967+0000] {logging_mixin.py:150} INFO - [2025-12-16T18:10:26.967+0000] {dag.py:3504} INFO - Setting next_dagrun for example_params_ui_tutorial to None, run_after=None
[2025-12-16T18:10:26.982+0000] {processor.py:179} INFO - Processing /home/vscode/.local/lib/python3.10/site-packages/airflow/example_dags/example_params_ui_tutorial.py took 0.080 seconds
[2025-12-16T18:11:19.613+0000] {processor.py:157} INFO - Started process (PID=11460) to work on /home/vscode/.local/lib/python3.10/site-packages/airflow/example_dags/example_params_ui_tutorial.py
[2025-12-16T18:11:19.613+0000] {processor.py:826} INFO - Processing file /home/vscode/.local/lib/python3.10/site-packages/airflow/example_dags/example_params_ui_tutorial.py for tasks to queue
[2025-12-16T18:11:19.614+0000] {logging_mixin.py:150} INFO - [2025-12-16T18:11:19.614+0000] {dagbag.py:541} INFO - Filling up the DagBag from /home/vscode/.local/lib/python3.10/site-packages/airflow/example_dags/example_params_ui_tutorial.py
[2025-12-16T18:11:19.648+0000] {processor.py:836} INFO - DAG(s) dict_keys(['example_params_ui_tutorial']) retrieved from /home/vscode/.local/lib/python3.10/site-packages/airflow/example_dags/example_params_ui_tutorial.py
[2025-12-16T18:11:19.676+0000] {logging_mixin.py:150} INFO - [2025-12-16T18:11:19.676+0000] {dag.py:2742} INFO - Sync 1 DAGs
[2025-12-16T18:11:19.689+0000] {logging_mixin.py:150} INFO - [2025-12-16T18:11:19.689+0000] {dag.py:3504} INFO - Setting next_dagrun for example_params_ui_tutorial to None, run_after=None
[2025-12-16T18:11:19.703+0000] {processor.py:179} INFO - Processing /home/vscode/.local/lib/python3.10/site-packages/airflow/example_dags/example_params_ui_tutorial.py took 0.094 seconds
[2025-12-16T18:12:06.773+0000] {processor.py:157} INFO - Started process (PID=11764) to work on /home/vscode/.local/lib/python3.10/site-packages/airflow/example_dags/example_params_ui_tutorial.py
[2025-12-16T18:12:06.774+0000] {processor.py:826} INFO - Processing file /home/vscode/.local/lib/python3.10/site-packages/airflow/example_dags/example_params_ui_tutorial.py for tasks to queue
[2025-12-16T18:12:06.774+0000] {logging_mixin.py:150} INFO - [2025-12-16T18:12:06.774+0000] {dagbag.py:541} INFO - Filling up the DagBag from /home/vscode/.local/lib/python3.10/site-packages/airflow/example_dags/example_params_ui_tutorial.py
[2025-12-16T18:12:06.795+0000] {processor.py:836} INFO - DAG(s) dict_keys(['example_params_ui_tutorial']) retrieved from /home/vscode/.local/lib/python3.10/site-packages/airflow/example_dags/example_params_ui_tutorial.py
[2025-12-16T18:12:06.819+0000] {logging_mixin.py:150} INFO - [2025-12-16T18:12:06.819+0000] {dag.py:2742} INFO - Sync 1 DAGs
[2025-12-16T18:12:06.832+0000] {logging_mixin.py:150} INFO - [2025-12-16T18:12:06.832+0000] {dag.py:3504} INFO - Setting next_dagrun for example_params_ui_tutorial to None, run_after=None
[2025-12-16T18:12:06.847+0000] {processor.py:179} INFO - Processing /home/vscode/.local/lib/python3.10/site-packages/airflow/example_dags/example_params_ui_tutorial.py took 0.076 seconds
[2025-12-16T18:12:53.316+0000] {processor.py:157} INFO - Started process (PID=12078) to work on /home/vscode/.local/lib/python3.10/site-packages/airflow/example_dags/example_params_ui_tutorial.py
[2025-12-16T18:12:53.316+0000] {processor.py:826} INFO - Processing file /home/vscode/.local/lib/python3.10/site-packages/airflow/example_dags/example_params_ui_tutorial.py for tasks to queue
[2025-12-16T18:12:53.317+0000] {logging_mixin.py:150} INFO - [2025-12-16T18:12:53.317+0000] {dagbag.py:541} INFO - Filling up the DagBag from /home/vscode/.local/lib/python3.10/site-packages/airflow/example_dags/example_params_ui_tutorial.py
[2025-12-16T18:12:53.337+0000] {processor.py:836} INFO - DAG(s) dict_keys(['example_params_ui_tutorial']) retrieved from /home/vscode/.local/lib/python3.10/site-packages/airflow/example_dags/example_params_ui_tutorial.py
[2025-12-16T18:12:53.362+0000] {logging_mixin.py:150} INFO - [2025-12-16T18:12:53.362+0000] {dag.py:2742} INFO - Sync 1 DAGs
[2025-12-16T18:12:53.375+0000] {logging_mixin.py:150} INFO - [2025-12-16T18:12:53.375+0000] {dag.py:3504} INFO - Setting next_dagrun for example_params_ui_tutorial to None, run_after=None
[2025-12-16T18:12:53.392+0000] {processor.py:179} INFO - Processing /home/vscode/.local/lib/python3.10/site-packages/airflow/example_dags/example_params_ui_tutorial.py took 0.078 seconds
[2025-12-16T18:13:43.500+0000] {processor.py:157} INFO - Started process (PID=12410) to work on /home/vscode/.local/lib/python3.10/site-packages/airflow/example_dags/example_params_ui_tutorial.py
[2025-12-16T18:13:43.502+0000] {processor.py:826} INFO - Processing file /home/vscode/.local/lib/python3.10/site-packages/airflow/example_dags/example_params_ui_tutorial.py for tasks to queue
[2025-12-16T18:13:43.502+0000] {logging_mixin.py:150} INFO - [2025-12-16T18:13:43.502+0000] {dagbag.py:541} INFO - Filling up the DagBag from /home/vscode/.local/lib/python3.10/site-packages/airflow/example_dags/example_params_ui_tutorial.py
[2025-12-16T18:13:43.525+0000] {processor.py:836} INFO - DAG(s) dict_keys(['example_params_ui_tutorial']) retrieved from /home/vscode/.local/lib/python3.10/site-packages/airflow/example_dags/example_params_ui_tutorial.py
[2025-12-16T18:13:43.550+0000] {logging_mixin.py:150} INFO - [2025-12-16T18:13:43.550+0000] {dag.py:2742} INFO - Sync 1 DAGs
[2025-12-16T18:13:43.563+0000] {logging_mixin.py:150} INFO - [2025-12-16T18:13:43.563+0000] {dag.py:3504} INFO - Setting next_dagrun for example_params_ui_tutorial to None, run_after=None
[2025-12-16T18:13:43.577+0000] {processor.py:179} INFO - Processing /home/vscode/.local/lib/python3.10/site-packages/airflow/example_dags/example_params_ui_tutorial.py took 0.080 seconds
[2025-12-16T18:14:37.028+0000] {processor.py:157} INFO - Started process (PID=12763) to work on /home/vscode/.local/lib/python3.10/site-packages/airflow/example_dags/example_params_ui_tutorial.py
[2025-12-16T18:14:37.028+0000] {processor.py:826} INFO - Processing file /home/vscode/.local/lib/python3.10/site-packages/airflow/example_dags/example_params_ui_tutorial.py for tasks to queue
[2025-12-16T18:14:37.029+0000] {logging_mixin.py:150} INFO - [2025-12-16T18:14:37.029+0000] {dagbag.py:541} INFO - Filling up the DagBag from /home/vscode/.local/lib/python3.10/site-packages/airflow/example_dags/example_params_ui_tutorial.py
[2025-12-16T18:14:37.049+0000] {processor.py:836} INFO - DAG(s) dict_keys(['example_params_ui_tutorial']) retrieved from /home/vscode/.local/lib/python3.10/site-packages/airflow/example_dags/example_params_ui_tutorial.py
[2025-12-16T18:14:37.073+0000] {logging_mixin.py:150} INFO - [2025-12-16T18:14:37.073+0000] {dag.py:2742} INFO - Sync 1 DAGs
[2025-12-16T18:14:37.086+0000] {logging_mixin.py:150} INFO - [2025-12-16T18:14:37.086+0000] {dag.py:3504} INFO - Setting next_dagrun for example_params_ui_tutorial to None, run_after=None
[2025-12-16T18:14:37.100+0000] {processor.py:179} INFO - Processing /home/vscode/.local/lib/python3.10/site-packages/airflow/example_dags/example_params_ui_tutorial.py took 0.074 seconds
[2025-12-16T18:15:24.572+0000] {processor.py:157} INFO - Started process (PID=13082) to work on /home/vscode/.local/lib/python3.10/site-packages/airflow/example_dags/example_params_ui_tutorial.py
[2025-12-16T18:15:24.573+0000] {processor.py:826} INFO - Processing file /home/vscode/.local/lib/python3.10/site-packages/airflow/example_dags/example_params_ui_tutorial.py for tasks to queue
[2025-12-16T18:15:24.574+0000] {logging_mixin.py:150} INFO - [2025-12-16T18:15:24.573+0000] {dagbag.py:541} INFO - Filling up the DagBag from /home/vscode/.local/lib/python3.10/site-packages/airflow/example_dags/example_params_ui_tutorial.py
[2025-12-16T18:15:24.594+0000] {processor.py:836} INFO - DAG(s) dict_keys(['example_params_ui_tutorial']) retrieved from /home/vscode/.local/lib/python3.10/site-packages/airflow/example_dags/example_params_ui_tutorial.py
[2025-12-16T18:15:24.618+0000] {logging_mixin.py:150} INFO - [2025-12-16T18:15:24.618+0000] {dag.py:2742} INFO - Sync 1 DAGs
[2025-12-16T18:15:24.631+0000] {logging_mixin.py:150} INFO - [2025-12-16T18:15:24.631+0000] {dag.py:3504} INFO - Setting next_dagrun for example_params_ui_tutorial to None, run_after=None
[2025-12-16T18:15:24.646+0000] {processor.py:179} INFO - Processing /home/vscode/.local/lib/python3.10/site-packages/airflow/example_dags/example_params_ui_tutorial.py took 0.076 seconds
[2025-12-16T18:16:13.223+0000] {processor.py:157} INFO - Started process (PID=13402) to work on /home/vscode/.local/lib/python3.10/site-packages/airflow/example_dags/example_params_ui_tutorial.py
[2025-12-16T18:16:13.224+0000] {processor.py:826} INFO - Processing file /home/vscode/.local/lib/python3.10/site-packages/airflow/example_dags/example_params_ui_tutorial.py for tasks to queue
[2025-12-16T18:16:13.224+0000] {logging_mixin.py:150} INFO - [2025-12-16T18:16:13.224+0000] {dagbag.py:541} INFO - Filling up the DagBag from /home/vscode/.local/lib/python3.10/site-packages/airflow/example_dags/example_params_ui_tutorial.py
[2025-12-16T18:16:13.245+0000] {processor.py:836} INFO - DAG(s) dict_keys(['example_params_ui_tutorial']) retrieved from /home/vscode/.local/lib/python3.10/site-packages/airflow/example_dags/example_params_ui_tutorial.py
[2025-12-16T18:16:13.270+0000] {logging_mixin.py:150} INFO - [2025-12-16T18:16:13.270+0000] {dag.py:2742} INFO - Sync 1 DAGs
[2025-12-16T18:16:13.283+0000] {logging_mixin.py:150} INFO - [2025-12-16T18:16:13.283+0000] {dag.py:3504} INFO - Setting next_dagrun for example_params_ui_tutorial to None, run_after=None
[2025-12-16T18:16:13.297+0000] {processor.py:179} INFO - Processing /home/vscode/.local/lib/python3.10/site-packages/airflow/example_dags/example_params_ui_tutorial.py took 0.076 seconds
[2025-12-16T18:17:03.342+0000] {processor.py:157} INFO - Started process (PID=13737) to work on /home/vscode/.local/lib/python3.10/site-packages/airflow/example_dags/example_params_ui_tutorial.py
[2025-12-16T18:17:03.342+0000] {processor.py:826} INFO - Processing file /home/vscode/.local/lib/python3.10/site-packages/airflow/example_dags/example_params_ui_tutorial.py for tasks to queue
[2025-12-16T18:17:03.343+0000] {logging_mixin.py:150} INFO - [2025-12-16T18:17:03.343+0000] {dagbag.py:541} INFO - Filling up the DagBag from /home/vscode/.local/lib/python3.10/site-packages/airflow/example_dags/example_params_ui_tutorial.py
[2025-12-16T18:17:03.363+0000] {processor.py:836} INFO - DAG(s) dict_keys(['example_params_ui_tutorial']) retrieved from /home/vscode/.local/lib/python3.10/site-packages/airflow/example_dags/example_params_ui_tutorial.py
[2025-12-16T18:17:03.388+0000] {logging_mixin.py:150} INFO - [2025-12-16T18:17:03.388+0000] {dag.py:2742} INFO - Sync 1 DAGs
[2025-12-16T18:17:03.401+0000] {logging_mixin.py:150} INFO - [2025-12-16T18:17:03.401+0000] {dag.py:3504} INFO - Setting next_dagrun for example_params_ui_tutorial to None, run_after=None
[2025-12-16T18:17:03.416+0000] {processor.py:179} INFO - Processing /home/vscode/.local/lib/python3.10/site-packages/airflow/example_dags/example_params_ui_tutorial.py took 0.077 seconds
[2025-12-16T18:17:51.854+0000] {processor.py:157} INFO - Started process (PID=14061) to work on /home/vscode/.local/lib/python3.10/site-packages/airflow/example_dags/example_params_ui_tutorial.py
[2025-12-16T18:17:51.855+0000] {processor.py:826} INFO - Processing file /home/vscode/.local/lib/python3.10/site-packages/airflow/example_dags/example_params_ui_tutorial.py for tasks to queue
[2025-12-16T18:17:51.855+0000] {logging_mixin.py:150} INFO - [2025-12-16T18:17:51.855+0000] {dagbag.py:541} INFO - Filling up the DagBag from /home/vscode/.local/lib/python3.10/site-packages/airflow/example_dags/example_params_ui_tutorial.py
[2025-12-16T18:17:51.876+0000] {processor.py:836} INFO - DAG(s) dict_keys(['example_params_ui_tutorial']) retrieved from /home/vscode/.local/lib/python3.10/site-packages/airflow/example_dags/example_params_ui_tutorial.py
[2025-12-16T18:17:51.900+0000] {logging_mixin.py:150} INFO - [2025-12-16T18:17:51.900+0000] {dag.py:2742} INFO - Sync 1 DAGs
[2025-12-16T18:17:51.914+0000] {logging_mixin.py:150} INFO - [2025-12-16T18:17:51.914+0000] {dag.py:3504} INFO - Setting next_dagrun for example_params_ui_tutorial to None, run_after=None
[2025-12-16T18:17:51.932+0000] {processor.py:179} INFO - Processing /home/vscode/.local/lib/python3.10/site-packages/airflow/example_dags/example_params_ui_tutorial.py took 0.080 seconds
[2025-12-16T18:18:37.071+0000] {processor.py:157} INFO - Started process (PID=14363) to work on /home/vscode/.local/lib/python3.10/site-packages/airflow/example_dags/example_params_ui_tutorial.py
[2025-12-16T18:18:37.071+0000] {processor.py:826} INFO - Processing file /home/vscode/.local/lib/python3.10/site-packages/airflow/example_dags/example_params_ui_tutorial.py for tasks to queue
[2025-12-16T18:18:37.072+0000] {logging_mixin.py:150} INFO - [2025-12-16T18:18:37.072+0000] {dagbag.py:541} INFO - Filling up the DagBag from /home/vscode/.local/lib/python3.10/site-packages/airflow/example_dags/example_params_ui_tutorial.py
[2025-12-16T18:18:37.092+0000] {processor.py:836} INFO - DAG(s) dict_keys(['example_params_ui_tutorial']) retrieved from /home/vscode/.local/lib/python3.10/site-packages/airflow/example_dags/example_params_ui_tutorial.py
[2025-12-16T18:18:37.118+0000] {logging_mixin.py:150} INFO - [2025-12-16T18:18:37.118+0000] {dag.py:2742} INFO - Sync 1 DAGs
[2025-12-16T18:18:37.131+0000] {logging_mixin.py:150} INFO - [2025-12-16T18:18:37.131+0000] {dag.py:3504} INFO - Setting next_dagrun for example_params_ui_tutorial to None, run_after=None
[2025-12-16T18:18:37.146+0000] {processor.py:179} INFO - Processing /home/vscode/.local/lib/python3.10/site-packages/airflow/example_dags/example_params_ui_tutorial.py took 0.077 seconds
[2025-12-16T18:19:24.989+0000] {processor.py:157} INFO - Started process (PID=14676) to work on /home/vscode/.local/lib/python3.10/site-packages/airflow/example_dags/example_params_ui_tutorial.py
[2025-12-16T18:19:24.989+0000] {processor.py:826} INFO - Processing file /home/vscode/.local/lib/python3.10/site-packages/airflow/example_dags/example_params_ui_tutorial.py for tasks to queue
[2025-12-16T18:19:24.990+0000] {logging_mixin.py:150} INFO - [2025-12-16T18:19:24.990+0000] {dagbag.py:541} INFO - Filling up the DagBag from /home/vscode/.local/lib/python3.10/site-packages/airflow/example_dags/example_params_ui_tutorial.py
[2025-12-16T18:19:25.011+0000] {processor.py:836} INFO - DAG(s) dict_keys(['example_params_ui_tutorial']) retrieved from /home/vscode/.local/lib/python3.10/site-packages/airflow/example_dags/example_params_ui_tutorial.py
[2025-12-16T18:19:25.036+0000] {logging_mixin.py:150} INFO - [2025-12-16T18:19:25.036+0000] {dag.py:2742} INFO - Sync 1 DAGs
[2025-12-16T18:19:25.049+0000] {logging_mixin.py:150} INFO - [2025-12-16T18:19:25.049+0000] {dag.py:3504} INFO - Setting next_dagrun for example_params_ui_tutorial to None, run_after=None
[2025-12-16T18:19:25.064+0000] {processor.py:179} INFO - Processing /home/vscode/.local/lib/python3.10/site-packages/airflow/example_dags/example_params_ui_tutorial.py took 0.078 seconds
[2025-12-16T18:20:11.229+0000] {processor.py:157} INFO - Started process (PID=14985) to work on /home/vscode/.local/lib/python3.10/site-packages/airflow/example_dags/example_params_ui_tutorial.py
[2025-12-16T18:20:11.229+0000] {processor.py:826} INFO - Processing file /home/vscode/.local/lib/python3.10/site-packages/airflow/example_dags/example_params_ui_tutorial.py for tasks to queue
[2025-12-16T18:20:11.230+0000] {logging_mixin.py:150} INFO - [2025-12-16T18:20:11.230+0000] {dagbag.py:541} INFO - Filling up the DagBag from /home/vscode/.local/lib/python3.10/site-packages/airflow/example_dags/example_params_ui_tutorial.py
[2025-12-16T18:20:11.250+0000] {processor.py:836} INFO - DAG(s) dict_keys(['example_params_ui_tutorial']) retrieved from /home/vscode/.local/lib/python3.10/site-packages/airflow/example_dags/example_params_ui_tutorial.py
[2025-12-16T18:20:11.274+0000] {logging_mixin.py:150} INFO - [2025-12-16T18:20:11.274+0000] {dag.py:2742} INFO - Sync 1 DAGs
[2025-12-16T18:20:11.287+0000] {logging_mixin.py:150} INFO - [2025-12-16T18:20:11.287+0000] {dag.py:3504} INFO - Setting next_dagrun for example_params_ui_tutorial to None, run_after=None
[2025-12-16T18:20:11.303+0000] {processor.py:179} INFO - Processing /home/vscode/.local/lib/python3.10/site-packages/airflow/example_dags/example_params_ui_tutorial.py took 0.076 seconds
[2025-12-16T18:20:57.441+0000] {processor.py:157} INFO - Started process (PID=15291) to work on /home/vscode/.local/lib/python3.10/site-packages/airflow/example_dags/example_params_ui_tutorial.py
[2025-12-16T18:20:57.442+0000] {processor.py:826} INFO - Processing file /home/vscode/.local/lib/python3.10/site-packages/airflow/example_dags/example_params_ui_tutorial.py for tasks to queue
[2025-12-16T18:20:57.443+0000] {logging_mixin.py:150} INFO - [2025-12-16T18:20:57.442+0000] {dagbag.py:541} INFO - Filling up the DagBag from /home/vscode/.local/lib/python3.10/site-packages/airflow/example_dags/example_params_ui_tutorial.py
[2025-12-16T18:20:57.463+0000] {processor.py:836} INFO - DAG(s) dict_keys(['example_params_ui_tutorial']) retrieved from /home/vscode/.local/lib/python3.10/site-packages/airflow/example_dags/example_params_ui_tutorial.py
[2025-12-16T18:20:57.487+0000] {logging_mixin.py:150} INFO - [2025-12-16T18:20:57.487+0000] {dag.py:2742} INFO - Sync 1 DAGs
[2025-12-16T18:20:57.500+0000] {logging_mixin.py:150} INFO - [2025-12-16T18:20:57.500+0000] {dag.py:3504} INFO - Setting next_dagrun for example_params_ui_tutorial to None, run_after=None
[2025-12-16T18:20:57.518+0000] {processor.py:179} INFO - Processing /home/vscode/.local/lib/python3.10/site-packages/airflow/example_dags/example_params_ui_tutorial.py took 0.079 seconds
[2025-12-16T18:21:47.075+0000] {processor.py:157} INFO - Started process (PID=15624) to work on /home/vscode/.local/lib/python3.10/site-packages/airflow/example_dags/example_params_ui_tutorial.py
[2025-12-16T18:21:47.075+0000] {processor.py:826} INFO - Processing file /home/vscode/.local/lib/python3.10/site-packages/airflow/example_dags/example_params_ui_tutorial.py for tasks to queue
[2025-12-16T18:21:47.076+0000] {logging_mixin.py:150} INFO - [2025-12-16T18:21:47.076+0000] {dagbag.py:541} INFO - Filling up the DagBag from /home/vscode/.local/lib/python3.10/site-packages/airflow/example_dags/example_params_ui_tutorial.py
[2025-12-16T18:21:47.097+0000] {processor.py:836} INFO - DAG(s) dict_keys(['example_params_ui_tutorial']) retrieved from /home/vscode/.local/lib/python3.10/site-packages/airflow/example_dags/example_params_ui_tutorial.py
[2025-12-16T18:21:47.123+0000] {logging_mixin.py:150} INFO - [2025-12-16T18:21:47.123+0000] {dag.py:2742} INFO - Sync 1 DAGs
[2025-12-16T18:21:47.136+0000] {logging_mixin.py:150} INFO - [2025-12-16T18:21:47.136+0000] {dag.py:3504} INFO - Setting next_dagrun for example_params_ui_tutorial to None, run_after=None
[2025-12-16T18:21:47.150+0000] {processor.py:179} INFO - Processing /home/vscode/.local/lib/python3.10/site-packages/airflow/example_dags/example_params_ui_tutorial.py took 0.078 seconds
[2025-12-16T18:22:34.288+0000] {processor.py:157} INFO - Started process (PID=15942) to work on /home/vscode/.local/lib/python3.10/site-packages/airflow/example_dags/example_params_ui_tutorial.py
[2025-12-16T18:22:34.289+0000] {processor.py:826} INFO - Processing file /home/vscode/.local/lib/python3.10/site-packages/airflow/example_dags/example_params_ui_tutorial.py for tasks to queue
[2025-12-16T18:22:34.289+0000] {logging_mixin.py:150} INFO - [2025-12-16T18:22:34.289+0000] {dagbag.py:541} INFO - Filling up the DagBag from /home/vscode/.local/lib/python3.10/site-packages/airflow/example_dags/example_params_ui_tutorial.py
[2025-12-16T18:22:34.310+0000] {processor.py:836} INFO - DAG(s) dict_keys(['example_params_ui_tutorial']) retrieved from /home/vscode/.local/lib/python3.10/site-packages/airflow/example_dags/example_params_ui_tutorial.py
[2025-12-16T18:22:34.338+0000] {logging_mixin.py:150} INFO - [2025-12-16T18:22:34.338+0000] {dag.py:2742} INFO - Sync 1 DAGs
[2025-12-16T18:22:34.351+0000] {logging_mixin.py:150} INFO - [2025-12-16T18:22:34.351+0000] {dag.py:3504} INFO - Setting next_dagrun for example_params_ui_tutorial to None, run_after=None
[2025-12-16T18:22:34.365+0000] {processor.py:179} INFO - Processing /home/vscode/.local/lib/python3.10/site-packages/airflow/example_dags/example_params_ui_tutorial.py took 0.079 seconds
[2025-12-16T18:23:22.752+0000] {processor.py:157} INFO - Started process (PID=16258) to work on /home/vscode/.local/lib/python3.10/site-packages/airflow/example_dags/example_params_ui_tutorial.py
[2025-12-16T18:23:22.753+0000] {processor.py:826} INFO - Processing file /home/vscode/.local/lib/python3.10/site-packages/airflow/example_dags/example_params_ui_tutorial.py for tasks to queue
[2025-12-16T18:23:22.754+0000] {logging_mixin.py:150} INFO - [2025-12-16T18:23:22.753+0000] {dagbag.py:541} INFO - Filling up the DagBag from /home/vscode/.local/lib/python3.10/site-packages/airflow/example_dags/example_params_ui_tutorial.py
[2025-12-16T18:23:22.774+0000] {processor.py:836} INFO - DAG(s) dict_keys(['example_params_ui_tutorial']) retrieved from /home/vscode/.local/lib/python3.10/site-packages/airflow/example_dags/example_params_ui_tutorial.py
[2025-12-16T18:23:22.800+0000] {logging_mixin.py:150} INFO - [2025-12-16T18:23:22.799+0000] {dag.py:2742} INFO - Sync 1 DAGs
[2025-12-16T18:23:22.813+0000] {logging_mixin.py:150} INFO - [2025-12-16T18:23:22.813+0000] {dag.py:3504} INFO - Setting next_dagrun for example_params_ui_tutorial to None, run_after=None
[2025-12-16T18:23:22.827+0000] {processor.py:179} INFO - Processing /home/vscode/.local/lib/python3.10/site-packages/airflow/example_dags/example_params_ui_tutorial.py took 0.077 seconds
[2025-12-16T18:24:07.434+0000] {processor.py:157} INFO - Started process (PID=16558) to work on /home/vscode/.local/lib/python3.10/site-packages/airflow/example_dags/example_params_ui_tutorial.py
[2025-12-16T18:24:07.435+0000] {processor.py:826} INFO - Processing file /home/vscode/.local/lib/python3.10/site-packages/airflow/example_dags/example_params_ui_tutorial.py for tasks to queue
[2025-12-16T18:24:07.435+0000] {logging_mixin.py:150} INFO - [2025-12-16T18:24:07.435+0000] {dagbag.py:541} INFO - Filling up the DagBag from /home/vscode/.local/lib/python3.10/site-packages/airflow/example_dags/example_params_ui_tutorial.py
[2025-12-16T18:24:07.455+0000] {processor.py:836} INFO - DAG(s) dict_keys(['example_params_ui_tutorial']) retrieved from /home/vscode/.local/lib/python3.10/site-packages/airflow/example_dags/example_params_ui_tutorial.py
[2025-12-16T18:24:07.479+0000] {logging_mixin.py:150} INFO - [2025-12-16T18:24:07.479+0000] {dag.py:2742} INFO - Sync 1 DAGs
[2025-12-16T18:24:07.493+0000] {logging_mixin.py:150} INFO - [2025-12-16T18:24:07.493+0000] {dag.py:3504} INFO - Setting next_dagrun for example_params_ui_tutorial to None, run_after=None
[2025-12-16T18:24:07.507+0000] {processor.py:179} INFO - Processing /home/vscode/.local/lib/python3.10/site-packages/airflow/example_dags/example_params_ui_tutorial.py took 0.075 seconds
[2025-12-16T18:24:56.253+0000] {processor.py:157} INFO - Started process (PID=16882) to work on /home/vscode/.local/lib/python3.10/site-packages/airflow/example_dags/example_params_ui_tutorial.py
[2025-12-16T18:24:56.254+0000] {processor.py:826} INFO - Processing file /home/vscode/.local/lib/python3.10/site-packages/airflow/example_dags/example_params_ui_tutorial.py for tasks to queue
[2025-12-16T18:24:56.254+0000] {logging_mixin.py:150} INFO - [2025-12-16T18:24:56.254+0000] {dagbag.py:541} INFO - Filling up the DagBag from /home/vscode/.local/lib/python3.10/site-packages/airflow/example_dags/example_params_ui_tutorial.py
[2025-12-16T18:24:56.275+0000] {processor.py:836} INFO - DAG(s) dict_keys(['example_params_ui_tutorial']) retrieved from /home/vscode/.local/lib/python3.10/site-packages/airflow/example_dags/example_params_ui_tutorial.py
[2025-12-16T18:24:56.300+0000] {logging_mixin.py:150} INFO - [2025-12-16T18:24:56.299+0000] {dag.py:2742} INFO - Sync 1 DAGs
[2025-12-16T18:24:56.313+0000] {logging_mixin.py:150} INFO - [2025-12-16T18:24:56.313+0000] {dag.py:3504} INFO - Setting next_dagrun for example_params_ui_tutorial to None, run_after=None
[2025-12-16T18:24:56.327+0000] {processor.py:179} INFO - Processing /home/vscode/.local/lib/python3.10/site-packages/airflow/example_dags/example_params_ui_tutorial.py took 0.077 seconds
[2025-12-16T18:25:43.228+0000] {processor.py:157} INFO - Started process (PID=17190) to work on /home/vscode/.local/lib/python3.10/site-packages/airflow/example_dags/example_params_ui_tutorial.py
[2025-12-16T18:25:43.228+0000] {processor.py:826} INFO - Processing file /home/vscode/.local/lib/python3.10/site-packages/airflow/example_dags/example_params_ui_tutorial.py for tasks to queue
[2025-12-16T18:25:43.229+0000] {logging_mixin.py:150} INFO - [2025-12-16T18:25:43.229+0000] {dagbag.py:541} INFO - Filling up the DagBag from /home/vscode/.local/lib/python3.10/site-packages/airflow/example_dags/example_params_ui_tutorial.py
[2025-12-16T18:25:43.249+0000] {processor.py:836} INFO - DAG(s) dict_keys(['example_params_ui_tutorial']) retrieved from /home/vscode/.local/lib/python3.10/site-packages/airflow/example_dags/example_params_ui_tutorial.py
[2025-12-16T18:25:43.274+0000] {logging_mixin.py:150} INFO - [2025-12-16T18:25:43.274+0000] {dag.py:2742} INFO - Sync 1 DAGs
[2025-12-16T18:25:43.287+0000] {logging_mixin.py:150} INFO - [2025-12-16T18:25:43.287+0000] {dag.py:3504} INFO - Setting next_dagrun for example_params_ui_tutorial to None, run_after=None
[2025-12-16T18:25:43.302+0000] {processor.py:179} INFO - Processing /home/vscode/.local/lib/python3.10/site-packages/airflow/example_dags/example_params_ui_tutorial.py took 0.076 seconds
[2025-12-16T18:26:31.206+0000] {processor.py:157} INFO - Started process (PID=17508) to work on /home/vscode/.local/lib/python3.10/site-packages/airflow/example_dags/example_params_ui_tutorial.py
[2025-12-16T18:26:31.207+0000] {processor.py:826} INFO - Processing file /home/vscode/.local/lib/python3.10/site-packages/airflow/example_dags/example_params_ui_tutorial.py for tasks to queue
[2025-12-16T18:26:31.208+0000] {logging_mixin.py:150} INFO - [2025-12-16T18:26:31.207+0000] {dagbag.py:541} INFO - Filling up the DagBag from /home/vscode/.local/lib/python3.10/site-packages/airflow/example_dags/example_params_ui_tutorial.py
[2025-12-16T18:26:31.231+0000] {processor.py:836} INFO - DAG(s) dict_keys(['example_params_ui_tutorial']) retrieved from /home/vscode/.local/lib/python3.10/site-packages/airflow/example_dags/example_params_ui_tutorial.py
[2025-12-16T18:26:31.270+0000] {logging_mixin.py:150} INFO - [2025-12-16T18:26:31.270+0000] {dag.py:2742} INFO - Sync 1 DAGs
[2025-12-16T18:26:31.288+0000] {logging_mixin.py:150} INFO - [2025-12-16T18:26:31.288+0000] {dag.py:3504} INFO - Setting next_dagrun for example_params_ui_tutorial to None, run_after=None
[2025-12-16T18:26:31.302+0000] {processor.py:179} INFO - Processing /home/vscode/.local/lib/python3.10/site-packages/airflow/example_dags/example_params_ui_tutorial.py took 0.098 seconds
