[2025-12-16T17:54:09.085+0000] {processor.py:157} INFO - Started process (PID=4091) to work on /home/vscode/.local/lib/python3.10/site-packages/airflow/example_dags/example_branch_day_of_week_operator.py
[2025-12-16T17:54:09.086+0000] {processor.py:826} INFO - Processing file /home/vscode/.local/lib/python3.10/site-packages/airflow/example_dags/example_branch_day_of_week_operator.py for tasks to queue
[2025-12-16T17:54:09.086+0000] {logging_mixin.py:150} INFO - [2025-12-16T17:54:09.086+0000] {dagbag.py:541} INFO - Filling up the DagBag from /home/vscode/.local/lib/python3.10/site-packages/airflow/example_dags/example_branch_day_of_week_operator.py
[2025-12-16T17:54:09.092+0000] {processor.py:836} INFO - DAG(s) dict_keys(['example_weekday_branch_operator']) retrieved from /home/vscode/.local/lib/python3.10/site-packages/airflow/example_dags/example_branch_day_of_week_operator.py
[2025-12-16T17:54:09.169+0000] {logging_mixin.py:150} INFO - [2025-12-16T17:54:09.168+0000] {manager.py:504} INFO - Created Permission View: can read on DAG:example_weekday_branch_operator
[2025-12-16T17:54:09.177+0000] {logging_mixin.py:150} INFO - [2025-12-16T17:54:09.177+0000] {manager.py:504} INFO - Created Permission View: can delete on DAG:example_weekday_branch_operator
[2025-12-16T17:54:09.183+0000] {logging_mixin.py:150} INFO - [2025-12-16T17:54:09.183+0000] {manager.py:504} INFO - Created Permission View: can edit on DAG:example_weekday_branch_operator
[2025-12-16T17:54:09.190+0000] {logging_mixin.py:150} INFO - [2025-12-16T17:54:09.190+0000] {dag.py:2742} INFO - Sync 1 DAGs
[2025-12-16T17:54:09.198+0000] {logging_mixin.py:150} INFO - [2025-12-16T17:54:09.198+0000] {dag.py:2763} INFO - Creating ORM DAG for example_weekday_branch_operator
[2025-12-16T17:54:09.207+0000] {logging_mixin.py:150} INFO - [2025-12-16T17:54:09.206+0000] {dag.py:3504} INFO - Setting next_dagrun for example_weekday_branch_operator to 2025-12-15T00:00:00+00:00, run_after=2025-12-16T00:00:00+00:00
[2025-12-16T17:54:09.233+0000] {processor.py:179} INFO - Processing /home/vscode/.local/lib/python3.10/site-packages/airflow/example_dags/example_branch_day_of_week_operator.py took 0.150 seconds
[2025-12-16T17:55:02.032+0000] {processor.py:157} INFO - Started process (PID=4565) to work on /home/vscode/.local/lib/python3.10/site-packages/airflow/example_dags/example_branch_day_of_week_operator.py
[2025-12-16T17:55:02.033+0000] {processor.py:826} INFO - Processing file /home/vscode/.local/lib/python3.10/site-packages/airflow/example_dags/example_branch_day_of_week_operator.py for tasks to queue
[2025-12-16T17:55:02.034+0000] {logging_mixin.py:150} INFO - [2025-12-16T17:55:02.033+0000] {dagbag.py:541} INFO - Filling up the DagBag from /home/vscode/.local/lib/python3.10/site-packages/airflow/example_dags/example_branch_day_of_week_operator.py
[2025-12-16T17:55:02.041+0000] {processor.py:836} INFO - DAG(s) dict_keys(['example_weekday_branch_operator']) retrieved from /home/vscode/.local/lib/python3.10/site-packages/airflow/example_dags/example_branch_day_of_week_operator.py
[2025-12-16T17:55:02.057+0000] {logging_mixin.py:150} INFO - [2025-12-16T17:55:02.056+0000] {dag.py:2742} INFO - Sync 1 DAGs
[2025-12-16T17:55:02.074+0000] {logging_mixin.py:150} INFO - [2025-12-16T17:55:02.074+0000] {dag.py:3504} INFO - Setting next_dagrun for example_weekday_branch_operator to 2025-12-15T00:00:00+00:00, run_after=2025-12-16T00:00:00+00:00
[2025-12-16T17:55:02.089+0000] {processor.py:179} INFO - Processing /home/vscode/.local/lib/python3.10/site-packages/airflow/example_dags/example_branch_day_of_week_operator.py took 0.059 seconds
[2025-12-16T17:55:48.996+0000] {processor.py:157} INFO - Started process (PID=5003) to work on /home/vscode/.local/lib/python3.10/site-packages/airflow/example_dags/example_branch_day_of_week_operator.py
[2025-12-16T17:55:48.996+0000] {processor.py:826} INFO - Processing file /home/vscode/.local/lib/python3.10/site-packages/airflow/example_dags/example_branch_day_of_week_operator.py for tasks to queue
[2025-12-16T17:55:48.997+0000] {logging_mixin.py:150} INFO - [2025-12-16T17:55:48.997+0000] {dagbag.py:541} INFO - Filling up the DagBag from /home/vscode/.local/lib/python3.10/site-packages/airflow/example_dags/example_branch_day_of_week_operator.py
[2025-12-16T17:55:49.003+0000] {processor.py:836} INFO - DAG(s) dict_keys(['example_weekday_branch_operator']) retrieved from /home/vscode/.local/lib/python3.10/site-packages/airflow/example_dags/example_branch_day_of_week_operator.py
[2025-12-16T17:55:49.015+0000] {logging_mixin.py:150} INFO - [2025-12-16T17:55:49.015+0000] {dag.py:2742} INFO - Sync 1 DAGs
[2025-12-16T17:55:49.057+0000] {logging_mixin.py:150} INFO - [2025-12-16T17:55:49.057+0000] {dag.py:3504} INFO - Setting next_dagrun for example_weekday_branch_operator to 2025-12-15T00:00:00+00:00, run_after=2025-12-16T00:00:00+00:00
[2025-12-16T17:55:49.074+0000] {processor.py:179} INFO - Processing /home/vscode/.local/lib/python3.10/site-packages/airflow/example_dags/example_branch_day_of_week_operator.py took 0.080 seconds
[2025-12-16T17:56:39.871+0000] {processor.py:157} INFO - Started process (PID=5397) to work on /home/vscode/.local/lib/python3.10/site-packages/airflow/example_dags/example_branch_day_of_week_operator.py
[2025-12-16T17:56:39.872+0000] {processor.py:826} INFO - Processing file /home/vscode/.local/lib/python3.10/site-packages/airflow/example_dags/example_branch_day_of_week_operator.py for tasks to queue
[2025-12-16T17:56:39.872+0000] {logging_mixin.py:150} INFO - [2025-12-16T17:56:39.872+0000] {dagbag.py:541} INFO - Filling up the DagBag from /home/vscode/.local/lib/python3.10/site-packages/airflow/example_dags/example_branch_day_of_week_operator.py
[2025-12-16T17:56:39.877+0000] {processor.py:836} INFO - DAG(s) dict_keys(['example_weekday_branch_operator']) retrieved from /home/vscode/.local/lib/python3.10/site-packages/airflow/example_dags/example_branch_day_of_week_operator.py
[2025-12-16T17:56:39.889+0000] {logging_mixin.py:150} INFO - [2025-12-16T17:56:39.889+0000] {dag.py:2742} INFO - Sync 1 DAGs
[2025-12-16T17:56:39.903+0000] {logging_mixin.py:150} INFO - [2025-12-16T17:56:39.903+0000] {dag.py:3504} INFO - Setting next_dagrun for example_weekday_branch_operator to 2025-12-15T00:00:00+00:00, run_after=2025-12-16T00:00:00+00:00
[2025-12-16T17:56:39.917+0000] {processor.py:179} INFO - Processing /home/vscode/.local/lib/python3.10/site-packages/airflow/example_dags/example_branch_day_of_week_operator.py took 0.049 seconds
[2025-12-16T17:57:26.103+0000] {processor.py:157} INFO - Started process (PID=5891) to work on /home/vscode/.local/lib/python3.10/site-packages/airflow/example_dags/example_branch_day_of_week_operator.py
[2025-12-16T17:57:26.104+0000] {processor.py:826} INFO - Processing file /home/vscode/.local/lib/python3.10/site-packages/airflow/example_dags/example_branch_day_of_week_operator.py for tasks to queue
[2025-12-16T17:57:26.104+0000] {logging_mixin.py:150} INFO - [2025-12-16T17:57:26.104+0000] {dagbag.py:541} INFO - Filling up the DagBag from /home/vscode/.local/lib/python3.10/site-packages/airflow/example_dags/example_branch_day_of_week_operator.py
[2025-12-16T17:57:26.110+0000] {processor.py:836} INFO - DAG(s) dict_keys(['example_weekday_branch_operator']) retrieved from /home/vscode/.local/lib/python3.10/site-packages/airflow/example_dags/example_branch_day_of_week_operator.py
[2025-12-16T17:57:26.121+0000] {logging_mixin.py:150} INFO - [2025-12-16T17:57:26.121+0000] {dag.py:2742} INFO - Sync 1 DAGs
[2025-12-16T17:57:26.142+0000] {logging_mixin.py:150} INFO - [2025-12-16T17:57:26.141+0000] {dag.py:3504} INFO - Setting next_dagrun for example_weekday_branch_operator to 2025-12-15T00:00:00+00:00, run_after=2025-12-16T00:00:00+00:00
[2025-12-16T17:57:26.165+0000] {processor.py:179} INFO - Processing /home/vscode/.local/lib/python3.10/site-packages/airflow/example_dags/example_branch_day_of_week_operator.py took 0.064 seconds
[2025-12-16T17:58:13.686+0000] {processor.py:157} INFO - Started process (PID=6230) to work on /home/vscode/.local/lib/python3.10/site-packages/airflow/example_dags/example_branch_day_of_week_operator.py
[2025-12-16T17:58:13.686+0000] {processor.py:826} INFO - Processing file /home/vscode/.local/lib/python3.10/site-packages/airflow/example_dags/example_branch_day_of_week_operator.py for tasks to queue
[2025-12-16T17:58:13.687+0000] {logging_mixin.py:150} INFO - [2025-12-16T17:58:13.686+0000] {dagbag.py:541} INFO - Filling up the DagBag from /home/vscode/.local/lib/python3.10/site-packages/airflow/example_dags/example_branch_day_of_week_operator.py
[2025-12-16T17:58:13.692+0000] {processor.py:836} INFO - DAG(s) dict_keys(['example_weekday_branch_operator']) retrieved from /home/vscode/.local/lib/python3.10/site-packages/airflow/example_dags/example_branch_day_of_week_operator.py
[2025-12-16T17:58:13.704+0000] {logging_mixin.py:150} INFO - [2025-12-16T17:58:13.704+0000] {dag.py:2742} INFO - Sync 1 DAGs
[2025-12-16T17:58:13.718+0000] {logging_mixin.py:150} INFO - [2025-12-16T17:58:13.718+0000] {dag.py:3504} INFO - Setting next_dagrun for example_weekday_branch_operator to 2025-12-15T00:00:00+00:00, run_after=2025-12-16T00:00:00+00:00
[2025-12-16T17:58:13.732+0000] {processor.py:179} INFO - Processing /home/vscode/.local/lib/python3.10/site-packages/airflow/example_dags/example_branch_day_of_week_operator.py took 0.049 seconds
[2025-12-16T17:59:01.986+0000] {processor.py:157} INFO - Started process (PID=6543) to work on /home/vscode/.local/lib/python3.10/site-packages/airflow/example_dags/example_branch_day_of_week_operator.py
[2025-12-16T17:59:01.986+0000] {processor.py:826} INFO - Processing file /home/vscode/.local/lib/python3.10/site-packages/airflow/example_dags/example_branch_day_of_week_operator.py for tasks to queue
[2025-12-16T17:59:01.987+0000] {logging_mixin.py:150} INFO - [2025-12-16T17:59:01.987+0000] {dagbag.py:541} INFO - Filling up the DagBag from /home/vscode/.local/lib/python3.10/site-packages/airflow/example_dags/example_branch_day_of_week_operator.py
[2025-12-16T17:59:01.992+0000] {processor.py:836} INFO - DAG(s) dict_keys(['example_weekday_branch_operator']) retrieved from /home/vscode/.local/lib/python3.10/site-packages/airflow/example_dags/example_branch_day_of_week_operator.py
[2025-12-16T17:59:02.004+0000] {logging_mixin.py:150} INFO - [2025-12-16T17:59:02.004+0000] {dag.py:2742} INFO - Sync 1 DAGs
[2025-12-16T17:59:02.019+0000] {logging_mixin.py:150} INFO - [2025-12-16T17:59:02.018+0000] {dag.py:3504} INFO - Setting next_dagrun for example_weekday_branch_operator to 2025-12-15T00:00:00+00:00, run_after=2025-12-16T00:00:00+00:00
[2025-12-16T17:59:02.034+0000] {processor.py:179} INFO - Processing /home/vscode/.local/lib/python3.10/site-packages/airflow/example_dags/example_branch_day_of_week_operator.py took 0.050 seconds
[2025-12-16T17:59:48.198+0000] {processor.py:157} INFO - Started process (PID=6853) to work on /home/vscode/.local/lib/python3.10/site-packages/airflow/example_dags/example_branch_day_of_week_operator.py
[2025-12-16T17:59:48.199+0000] {processor.py:826} INFO - Processing file /home/vscode/.local/lib/python3.10/site-packages/airflow/example_dags/example_branch_day_of_week_operator.py for tasks to queue
[2025-12-16T17:59:48.199+0000] {logging_mixin.py:150} INFO - [2025-12-16T17:59:48.199+0000] {dagbag.py:541} INFO - Filling up the DagBag from /home/vscode/.local/lib/python3.10/site-packages/airflow/example_dags/example_branch_day_of_week_operator.py
[2025-12-16T17:59:48.205+0000] {processor.py:836} INFO - DAG(s) dict_keys(['example_weekday_branch_operator']) retrieved from /home/vscode/.local/lib/python3.10/site-packages/airflow/example_dags/example_branch_day_of_week_operator.py
[2025-12-16T17:59:48.216+0000] {logging_mixin.py:150} INFO - [2025-12-16T17:59:48.216+0000] {dag.py:2742} INFO - Sync 1 DAGs
[2025-12-16T17:59:48.231+0000] {logging_mixin.py:150} INFO - [2025-12-16T17:59:48.230+0000] {dag.py:3504} INFO - Setting next_dagrun for example_weekday_branch_operator to 2025-12-15T00:00:00+00:00, run_after=2025-12-16T00:00:00+00:00
[2025-12-16T17:59:48.245+0000] {processor.py:179} INFO - Processing /home/vscode/.local/lib/python3.10/site-packages/airflow/example_dags/example_branch_day_of_week_operator.py took 0.049 seconds
[2025-12-16T18:00:33.417+0000] {processor.py:157} INFO - Started process (PID=7150) to work on /home/vscode/.local/lib/python3.10/site-packages/airflow/example_dags/example_branch_day_of_week_operator.py
[2025-12-16T18:00:33.418+0000] {processor.py:826} INFO - Processing file /home/vscode/.local/lib/python3.10/site-packages/airflow/example_dags/example_branch_day_of_week_operator.py for tasks to queue
[2025-12-16T18:00:33.418+0000] {logging_mixin.py:150} INFO - [2025-12-16T18:00:33.418+0000] {dagbag.py:541} INFO - Filling up the DagBag from /home/vscode/.local/lib/python3.10/site-packages/airflow/example_dags/example_branch_day_of_week_operator.py
[2025-12-16T18:00:33.424+0000] {processor.py:836} INFO - DAG(s) dict_keys(['example_weekday_branch_operator']) retrieved from /home/vscode/.local/lib/python3.10/site-packages/airflow/example_dags/example_branch_day_of_week_operator.py
[2025-12-16T18:00:33.436+0000] {logging_mixin.py:150} INFO - [2025-12-16T18:00:33.436+0000] {dag.py:2742} INFO - Sync 1 DAGs
[2025-12-16T18:00:33.451+0000] {logging_mixin.py:150} INFO - [2025-12-16T18:00:33.451+0000] {dag.py:3504} INFO - Setting next_dagrun for example_weekday_branch_operator to 2025-12-15T00:00:00+00:00, run_after=2025-12-16T00:00:00+00:00
[2025-12-16T18:00:33.466+0000] {processor.py:179} INFO - Processing /home/vscode/.local/lib/python3.10/site-packages/airflow/example_dags/example_branch_day_of_week_operator.py took 0.051 seconds
[2025-12-16T18:01:20.541+0000] {processor.py:157} INFO - Started process (PID=7470) to work on /home/vscode/.local/lib/python3.10/site-packages/airflow/example_dags/example_branch_day_of_week_operator.py
[2025-12-16T18:01:20.542+0000] {processor.py:826} INFO - Processing file /home/vscode/.local/lib/python3.10/site-packages/airflow/example_dags/example_branch_day_of_week_operator.py for tasks to queue
[2025-12-16T18:01:20.543+0000] {logging_mixin.py:150} INFO - [2025-12-16T18:01:20.543+0000] {dagbag.py:541} INFO - Filling up the DagBag from /home/vscode/.local/lib/python3.10/site-packages/airflow/example_dags/example_branch_day_of_week_operator.py
[2025-12-16T18:01:20.548+0000] {processor.py:836} INFO - DAG(s) dict_keys(['example_weekday_branch_operator']) retrieved from /home/vscode/.local/lib/python3.10/site-packages/airflow/example_dags/example_branch_day_of_week_operator.py
[2025-12-16T18:01:20.561+0000] {logging_mixin.py:150} INFO - [2025-12-16T18:01:20.561+0000] {dag.py:2742} INFO - Sync 1 DAGs
[2025-12-16T18:01:20.576+0000] {logging_mixin.py:150} INFO - [2025-12-16T18:01:20.576+0000] {dag.py:3504} INFO - Setting next_dagrun for example_weekday_branch_operator to 2025-12-15T00:00:00+00:00, run_after=2025-12-16T00:00:00+00:00
[2025-12-16T18:01:20.591+0000] {processor.py:179} INFO - Processing /home/vscode/.local/lib/python3.10/site-packages/airflow/example_dags/example_branch_day_of_week_operator.py took 0.051 seconds
[2025-12-16T18:02:06.579+0000] {processor.py:157} INFO - Started process (PID=7784) to work on /home/vscode/.local/lib/python3.10/site-packages/airflow/example_dags/example_branch_day_of_week_operator.py
[2025-12-16T18:02:06.580+0000] {processor.py:826} INFO - Processing file /home/vscode/.local/lib/python3.10/site-packages/airflow/example_dags/example_branch_day_of_week_operator.py for tasks to queue
[2025-12-16T18:02:06.581+0000] {logging_mixin.py:150} INFO - [2025-12-16T18:02:06.581+0000] {dagbag.py:541} INFO - Filling up the DagBag from /home/vscode/.local/lib/python3.10/site-packages/airflow/example_dags/example_branch_day_of_week_operator.py
[2025-12-16T18:02:06.589+0000] {processor.py:836} INFO - DAG(s) dict_keys(['example_weekday_branch_operator']) retrieved from /home/vscode/.local/lib/python3.10/site-packages/airflow/example_dags/example_branch_day_of_week_operator.py
[2025-12-16T18:02:06.602+0000] {logging_mixin.py:150} INFO - [2025-12-16T18:02:06.601+0000] {dag.py:2742} INFO - Sync 1 DAGs
[2025-12-16T18:02:06.618+0000] {logging_mixin.py:150} INFO - [2025-12-16T18:02:06.617+0000] {dag.py:3504} INFO - Setting next_dagrun for example_weekday_branch_operator to 2025-12-15T00:00:00+00:00, run_after=2025-12-16T00:00:00+00:00
[2025-12-16T18:02:06.634+0000] {processor.py:179} INFO - Processing /home/vscode/.local/lib/python3.10/site-packages/airflow/example_dags/example_branch_day_of_week_operator.py took 0.057 seconds
[2025-12-16T18:02:52.113+0000] {processor.py:157} INFO - Started process (PID=8082) to work on /home/vscode/.local/lib/python3.10/site-packages/airflow/example_dags/example_branch_day_of_week_operator.py
[2025-12-16T18:02:52.113+0000] {processor.py:826} INFO - Processing file /home/vscode/.local/lib/python3.10/site-packages/airflow/example_dags/example_branch_day_of_week_operator.py for tasks to queue
[2025-12-16T18:02:52.114+0000] {logging_mixin.py:150} INFO - [2025-12-16T18:02:52.114+0000] {dagbag.py:541} INFO - Filling up the DagBag from /home/vscode/.local/lib/python3.10/site-packages/airflow/example_dags/example_branch_day_of_week_operator.py
[2025-12-16T18:02:52.120+0000] {processor.py:836} INFO - DAG(s) dict_keys(['example_weekday_branch_operator']) retrieved from /home/vscode/.local/lib/python3.10/site-packages/airflow/example_dags/example_branch_day_of_week_operator.py
[2025-12-16T18:02:52.134+0000] {logging_mixin.py:150} INFO - [2025-12-16T18:02:52.133+0000] {dag.py:2742} INFO - Sync 1 DAGs
[2025-12-16T18:02:52.149+0000] {logging_mixin.py:150} INFO - [2025-12-16T18:02:52.149+0000] {dag.py:3504} INFO - Setting next_dagrun for example_weekday_branch_operator to 2025-12-15T00:00:00+00:00, run_after=2025-12-16T00:00:00+00:00
[2025-12-16T18:02:52.164+0000] {processor.py:179} INFO - Processing /home/vscode/.local/lib/python3.10/site-packages/airflow/example_dags/example_branch_day_of_week_operator.py took 0.053 seconds
[2025-12-16T18:03:42.223+0000] {processor.py:157} INFO - Started process (PID=8412) to work on /home/vscode/.local/lib/python3.10/site-packages/airflow/example_dags/example_branch_day_of_week_operator.py
[2025-12-16T18:03:42.223+0000] {processor.py:826} INFO - Processing file /home/vscode/.local/lib/python3.10/site-packages/airflow/example_dags/example_branch_day_of_week_operator.py for tasks to queue
[2025-12-16T18:03:42.224+0000] {logging_mixin.py:150} INFO - [2025-12-16T18:03:42.224+0000] {dagbag.py:541} INFO - Filling up the DagBag from /home/vscode/.local/lib/python3.10/site-packages/airflow/example_dags/example_branch_day_of_week_operator.py
[2025-12-16T18:03:42.230+0000] {processor.py:836} INFO - DAG(s) dict_keys(['example_weekday_branch_operator']) retrieved from /home/vscode/.local/lib/python3.10/site-packages/airflow/example_dags/example_branch_day_of_week_operator.py
[2025-12-16T18:03:42.242+0000] {logging_mixin.py:150} INFO - [2025-12-16T18:03:42.242+0000] {dag.py:2742} INFO - Sync 1 DAGs
[2025-12-16T18:03:42.257+0000] {logging_mixin.py:150} INFO - [2025-12-16T18:03:42.257+0000] {dag.py:3504} INFO - Setting next_dagrun for example_weekday_branch_operator to 2025-12-15T00:00:00+00:00, run_after=2025-12-16T00:00:00+00:00
[2025-12-16T18:03:42.272+0000] {processor.py:179} INFO - Processing /home/vscode/.local/lib/python3.10/site-packages/airflow/example_dags/example_branch_day_of_week_operator.py took 0.052 seconds
[2025-12-16T18:04:28.241+0000] {processor.py:157} INFO - Started process (PID=8721) to work on /home/vscode/.local/lib/python3.10/site-packages/airflow/example_dags/example_branch_day_of_week_operator.py
[2025-12-16T18:04:28.241+0000] {processor.py:826} INFO - Processing file /home/vscode/.local/lib/python3.10/site-packages/airflow/example_dags/example_branch_day_of_week_operator.py for tasks to queue
[2025-12-16T18:04:28.242+0000] {logging_mixin.py:150} INFO - [2025-12-16T18:04:28.242+0000] {dagbag.py:541} INFO - Filling up the DagBag from /home/vscode/.local/lib/python3.10/site-packages/airflow/example_dags/example_branch_day_of_week_operator.py
[2025-12-16T18:04:28.247+0000] {processor.py:836} INFO - DAG(s) dict_keys(['example_weekday_branch_operator']) retrieved from /home/vscode/.local/lib/python3.10/site-packages/airflow/example_dags/example_branch_day_of_week_operator.py
[2025-12-16T18:04:28.260+0000] {logging_mixin.py:150} INFO - [2025-12-16T18:04:28.260+0000] {dag.py:2742} INFO - Sync 1 DAGs
[2025-12-16T18:04:28.275+0000] {logging_mixin.py:150} INFO - [2025-12-16T18:04:28.275+0000] {dag.py:3504} INFO - Setting next_dagrun for example_weekday_branch_operator to 2025-12-15T00:00:00+00:00, run_after=2025-12-16T00:00:00+00:00
[2025-12-16T18:04:28.290+0000] {processor.py:179} INFO - Processing /home/vscode/.local/lib/python3.10/site-packages/airflow/example_dags/example_branch_day_of_week_operator.py took 0.052 seconds
[2025-12-16T18:05:18.795+0000] {processor.py:157} INFO - Started process (PID=9062) to work on /home/vscode/.local/lib/python3.10/site-packages/airflow/example_dags/example_branch_day_of_week_operator.py
[2025-12-16T18:05:18.796+0000] {processor.py:826} INFO - Processing file /home/vscode/.local/lib/python3.10/site-packages/airflow/example_dags/example_branch_day_of_week_operator.py for tasks to queue
[2025-12-16T18:05:18.797+0000] {logging_mixin.py:150} INFO - [2025-12-16T18:05:18.796+0000] {dagbag.py:541} INFO - Filling up the DagBag from /home/vscode/.local/lib/python3.10/site-packages/airflow/example_dags/example_branch_day_of_week_operator.py
[2025-12-16T18:05:18.802+0000] {processor.py:836} INFO - DAG(s) dict_keys(['example_weekday_branch_operator']) retrieved from /home/vscode/.local/lib/python3.10/site-packages/airflow/example_dags/example_branch_day_of_week_operator.py
[2025-12-16T18:05:18.814+0000] {logging_mixin.py:150} INFO - [2025-12-16T18:05:18.814+0000] {dag.py:2742} INFO - Sync 1 DAGs
[2025-12-16T18:05:18.829+0000] {logging_mixin.py:150} INFO - [2025-12-16T18:05:18.829+0000] {dag.py:3504} INFO - Setting next_dagrun for example_weekday_branch_operator to 2025-12-15T00:00:00+00:00, run_after=2025-12-16T00:00:00+00:00
[2025-12-16T18:05:18.845+0000] {processor.py:179} INFO - Processing /home/vscode/.local/lib/python3.10/site-packages/airflow/example_dags/example_branch_day_of_week_operator.py took 0.052 seconds
[2025-12-16T18:06:04.817+0000] {processor.py:157} INFO - Started process (PID=9360) to work on /home/vscode/.local/lib/python3.10/site-packages/airflow/example_dags/example_branch_day_of_week_operator.py
[2025-12-16T18:06:04.818+0000] {processor.py:826} INFO - Processing file /home/vscode/.local/lib/python3.10/site-packages/airflow/example_dags/example_branch_day_of_week_operator.py for tasks to queue
[2025-12-16T18:06:04.819+0000] {logging_mixin.py:150} INFO - [2025-12-16T18:06:04.818+0000] {dagbag.py:541} INFO - Filling up the DagBag from /home/vscode/.local/lib/python3.10/site-packages/airflow/example_dags/example_branch_day_of_week_operator.py
[2025-12-16T18:06:04.825+0000] {processor.py:836} INFO - DAG(s) dict_keys(['example_weekday_branch_operator']) retrieved from /home/vscode/.local/lib/python3.10/site-packages/airflow/example_dags/example_branch_day_of_week_operator.py
[2025-12-16T18:06:04.838+0000] {logging_mixin.py:150} INFO - [2025-12-16T18:06:04.838+0000] {dag.py:2742} INFO - Sync 1 DAGs
[2025-12-16T18:06:04.853+0000] {logging_mixin.py:150} INFO - [2025-12-16T18:06:04.853+0000] {dag.py:3504} INFO - Setting next_dagrun for example_weekday_branch_operator to 2025-12-15T00:00:00+00:00, run_after=2025-12-16T00:00:00+00:00
[2025-12-16T18:06:04.869+0000] {processor.py:179} INFO - Processing /home/vscode/.local/lib/python3.10/site-packages/airflow/example_dags/example_branch_day_of_week_operator.py took 0.055 seconds
[2025-12-16T18:06:49.942+0000] {processor.py:157} INFO - Started process (PID=9663) to work on /home/vscode/.local/lib/python3.10/site-packages/airflow/example_dags/example_branch_day_of_week_operator.py
[2025-12-16T18:06:49.943+0000] {processor.py:826} INFO - Processing file /home/vscode/.local/lib/python3.10/site-packages/airflow/example_dags/example_branch_day_of_week_operator.py for tasks to queue
[2025-12-16T18:06:49.944+0000] {logging_mixin.py:150} INFO - [2025-12-16T18:06:49.943+0000] {dagbag.py:541} INFO - Filling up the DagBag from /home/vscode/.local/lib/python3.10/site-packages/airflow/example_dags/example_branch_day_of_week_operator.py
[2025-12-16T18:06:49.949+0000] {processor.py:836} INFO - DAG(s) dict_keys(['example_weekday_branch_operator']) retrieved from /home/vscode/.local/lib/python3.10/site-packages/airflow/example_dags/example_branch_day_of_week_operator.py
[2025-12-16T18:06:49.962+0000] {logging_mixin.py:150} INFO - [2025-12-16T18:06:49.962+0000] {dag.py:2742} INFO - Sync 1 DAGs
[2025-12-16T18:06:49.977+0000] {logging_mixin.py:150} INFO - [2025-12-16T18:06:49.977+0000] {dag.py:3504} INFO - Setting next_dagrun for example_weekday_branch_operator to 2025-12-15T00:00:00+00:00, run_after=2025-12-16T00:00:00+00:00
[2025-12-16T18:06:49.992+0000] {processor.py:179} INFO - Processing /home/vscode/.local/lib/python3.10/site-packages/airflow/example_dags/example_branch_day_of_week_operator.py took 0.052 seconds
[2025-12-16T18:07:39.516+0000] {processor.py:157} INFO - Started process (PID=9989) to work on /home/vscode/.local/lib/python3.10/site-packages/airflow/example_dags/example_branch_day_of_week_operator.py
[2025-12-16T18:07:39.517+0000] {processor.py:826} INFO - Processing file /home/vscode/.local/lib/python3.10/site-packages/airflow/example_dags/example_branch_day_of_week_operator.py for tasks to queue
[2025-12-16T18:07:39.517+0000] {logging_mixin.py:150} INFO - [2025-12-16T18:07:39.517+0000] {dagbag.py:541} INFO - Filling up the DagBag from /home/vscode/.local/lib/python3.10/site-packages/airflow/example_dags/example_branch_day_of_week_operator.py
[2025-12-16T18:07:39.523+0000] {processor.py:836} INFO - DAG(s) dict_keys(['example_weekday_branch_operator']) retrieved from /home/vscode/.local/lib/python3.10/site-packages/airflow/example_dags/example_branch_day_of_week_operator.py
[2025-12-16T18:07:39.535+0000] {logging_mixin.py:150} INFO - [2025-12-16T18:07:39.535+0000] {dag.py:2742} INFO - Sync 1 DAGs
[2025-12-16T18:07:39.552+0000] {logging_mixin.py:150} INFO - [2025-12-16T18:07:39.551+0000] {dag.py:3504} INFO - Setting next_dagrun for example_weekday_branch_operator to 2025-12-15T00:00:00+00:00, run_after=2025-12-16T00:00:00+00:00
[2025-12-16T18:07:39.567+0000] {processor.py:179} INFO - Processing /home/vscode/.local/lib/python3.10/site-packages/airflow/example_dags/example_branch_day_of_week_operator.py took 0.053 seconds
[2025-12-16T18:08:29.799+0000] {processor.py:157} INFO - Started process (PID=10330) to work on /home/vscode/.local/lib/python3.10/site-packages/airflow/example_dags/example_branch_day_of_week_operator.py
[2025-12-16T18:08:29.800+0000] {processor.py:826} INFO - Processing file /home/vscode/.local/lib/python3.10/site-packages/airflow/example_dags/example_branch_day_of_week_operator.py for tasks to queue
[2025-12-16T18:08:29.800+0000] {logging_mixin.py:150} INFO - [2025-12-16T18:08:29.800+0000] {dagbag.py:541} INFO - Filling up the DagBag from /home/vscode/.local/lib/python3.10/site-packages/airflow/example_dags/example_branch_day_of_week_operator.py
[2025-12-16T18:08:29.806+0000] {processor.py:836} INFO - DAG(s) dict_keys(['example_weekday_branch_operator']) retrieved from /home/vscode/.local/lib/python3.10/site-packages/airflow/example_dags/example_branch_day_of_week_operator.py
[2025-12-16T18:08:29.818+0000] {logging_mixin.py:150} INFO - [2025-12-16T18:08:29.817+0000] {dag.py:2742} INFO - Sync 1 DAGs
[2025-12-16T18:08:29.833+0000] {logging_mixin.py:150} INFO - [2025-12-16T18:08:29.833+0000] {dag.py:3504} INFO - Setting next_dagrun for example_weekday_branch_operator to 2025-12-15T00:00:00+00:00, run_after=2025-12-16T00:00:00+00:00
[2025-12-16T18:08:29.848+0000] {processor.py:179} INFO - Processing /home/vscode/.local/lib/python3.10/site-packages/airflow/example_dags/example_branch_day_of_week_operator.py took 0.051 seconds
[2025-12-16T18:09:16.051+0000] {processor.py:157} INFO - Started process (PID=10628) to work on /home/vscode/.local/lib/python3.10/site-packages/airflow/example_dags/example_branch_day_of_week_operator.py
[2025-12-16T18:09:16.052+0000] {processor.py:826} INFO - Processing file /home/vscode/.local/lib/python3.10/site-packages/airflow/example_dags/example_branch_day_of_week_operator.py for tasks to queue
[2025-12-16T18:09:16.053+0000] {logging_mixin.py:150} INFO - [2025-12-16T18:09:16.052+0000] {dagbag.py:541} INFO - Filling up the DagBag from /home/vscode/.local/lib/python3.10/site-packages/airflow/example_dags/example_branch_day_of_week_operator.py
[2025-12-16T18:09:16.058+0000] {processor.py:836} INFO - DAG(s) dict_keys(['example_weekday_branch_operator']) retrieved from /home/vscode/.local/lib/python3.10/site-packages/airflow/example_dags/example_branch_day_of_week_operator.py
[2025-12-16T18:09:16.071+0000] {logging_mixin.py:150} INFO - [2025-12-16T18:09:16.070+0000] {dag.py:2742} INFO - Sync 1 DAGs
[2025-12-16T18:09:16.086+0000] {logging_mixin.py:150} INFO - [2025-12-16T18:09:16.085+0000] {dag.py:3504} INFO - Setting next_dagrun for example_weekday_branch_operator to 2025-12-15T00:00:00+00:00, run_after=2025-12-16T00:00:00+00:00
[2025-12-16T18:09:16.101+0000] {processor.py:179} INFO - Processing /home/vscode/.local/lib/python3.10/site-packages/airflow/example_dags/example_branch_day_of_week_operator.py took 0.052 seconds
[2025-12-16T18:10:03.719+0000] {processor.py:157} INFO - Started process (PID=10954) to work on /home/vscode/.local/lib/python3.10/site-packages/airflow/example_dags/example_branch_day_of_week_operator.py
[2025-12-16T18:10:03.720+0000] {processor.py:826} INFO - Processing file /home/vscode/.local/lib/python3.10/site-packages/airflow/example_dags/example_branch_day_of_week_operator.py for tasks to queue
[2025-12-16T18:10:03.721+0000] {logging_mixin.py:150} INFO - [2025-12-16T18:10:03.720+0000] {dagbag.py:541} INFO - Filling up the DagBag from /home/vscode/.local/lib/python3.10/site-packages/airflow/example_dags/example_branch_day_of_week_operator.py
[2025-12-16T18:10:03.726+0000] {processor.py:836} INFO - DAG(s) dict_keys(['example_weekday_branch_operator']) retrieved from /home/vscode/.local/lib/python3.10/site-packages/airflow/example_dags/example_branch_day_of_week_operator.py
[2025-12-16T18:10:03.738+0000] {logging_mixin.py:150} INFO - [2025-12-16T18:10:03.738+0000] {dag.py:2742} INFO - Sync 1 DAGs
[2025-12-16T18:10:03.755+0000] {logging_mixin.py:150} INFO - [2025-12-16T18:10:03.755+0000] {dag.py:3504} INFO - Setting next_dagrun for example_weekday_branch_operator to 2025-12-15T00:00:00+00:00, run_after=2025-12-16T00:00:00+00:00
[2025-12-16T18:10:03.771+0000] {processor.py:179} INFO - Processing /home/vscode/.local/lib/python3.10/site-packages/airflow/example_dags/example_branch_day_of_week_operator.py took 0.054 seconds
[2025-12-16T18:10:51.466+0000] {processor.py:157} INFO - Started process (PID=11264) to work on /home/vscode/.local/lib/python3.10/site-packages/airflow/example_dags/example_branch_day_of_week_operator.py
[2025-12-16T18:10:51.467+0000] {processor.py:826} INFO - Processing file /home/vscode/.local/lib/python3.10/site-packages/airflow/example_dags/example_branch_day_of_week_operator.py for tasks to queue
[2025-12-16T18:10:51.467+0000] {logging_mixin.py:150} INFO - [2025-12-16T18:10:51.467+0000] {dagbag.py:541} INFO - Filling up the DagBag from /home/vscode/.local/lib/python3.10/site-packages/airflow/example_dags/example_branch_day_of_week_operator.py
[2025-12-16T18:10:51.473+0000] {processor.py:836} INFO - DAG(s) dict_keys(['example_weekday_branch_operator']) retrieved from /home/vscode/.local/lib/python3.10/site-packages/airflow/example_dags/example_branch_day_of_week_operator.py
[2025-12-16T18:10:51.485+0000] {logging_mixin.py:150} INFO - [2025-12-16T18:10:51.484+0000] {dag.py:2742} INFO - Sync 1 DAGs
[2025-12-16T18:10:51.500+0000] {logging_mixin.py:150} INFO - [2025-12-16T18:10:51.500+0000] {dag.py:3504} INFO - Setting next_dagrun for example_weekday_branch_operator to 2025-12-15T00:00:00+00:00, run_after=2025-12-16T00:00:00+00:00
[2025-12-16T18:10:51.514+0000] {processor.py:179} INFO - Processing /home/vscode/.local/lib/python3.10/site-packages/airflow/example_dags/example_branch_day_of_week_operator.py took 0.050 seconds
[2025-12-16T18:11:42.215+0000] {processor.py:157} INFO - Started process (PID=11607) to work on /home/vscode/.local/lib/python3.10/site-packages/airflow/example_dags/example_branch_day_of_week_operator.py
[2025-12-16T18:11:42.215+0000] {processor.py:826} INFO - Processing file /home/vscode/.local/lib/python3.10/site-packages/airflow/example_dags/example_branch_day_of_week_operator.py for tasks to queue
[2025-12-16T18:11:42.216+0000] {logging_mixin.py:150} INFO - [2025-12-16T18:11:42.216+0000] {dagbag.py:541} INFO - Filling up the DagBag from /home/vscode/.local/lib/python3.10/site-packages/airflow/example_dags/example_branch_day_of_week_operator.py
[2025-12-16T18:11:42.221+0000] {processor.py:836} INFO - DAG(s) dict_keys(['example_weekday_branch_operator']) retrieved from /home/vscode/.local/lib/python3.10/site-packages/airflow/example_dags/example_branch_day_of_week_operator.py
[2025-12-16T18:11:42.233+0000] {logging_mixin.py:150} INFO - [2025-12-16T18:11:42.233+0000] {dag.py:2742} INFO - Sync 1 DAGs
[2025-12-16T18:11:42.247+0000] {logging_mixin.py:150} INFO - [2025-12-16T18:11:42.247+0000] {dag.py:3504} INFO - Setting next_dagrun for example_weekday_branch_operator to 2025-12-15T00:00:00+00:00, run_after=2025-12-16T00:00:00+00:00
[2025-12-16T18:11:42.261+0000] {processor.py:179} INFO - Processing /home/vscode/.local/lib/python3.10/site-packages/airflow/example_dags/example_branch_day_of_week_operator.py took 0.049 seconds
[2025-12-16T18:12:33.046+0000] {processor.py:157} INFO - Started process (PID=11941) to work on /home/vscode/.local/lib/python3.10/site-packages/airflow/example_dags/example_branch_day_of_week_operator.py
[2025-12-16T18:12:33.047+0000] {processor.py:826} INFO - Processing file /home/vscode/.local/lib/python3.10/site-packages/airflow/example_dags/example_branch_day_of_week_operator.py for tasks to queue
[2025-12-16T18:12:33.047+0000] {logging_mixin.py:150} INFO - [2025-12-16T18:12:33.047+0000] {dagbag.py:541} INFO - Filling up the DagBag from /home/vscode/.local/lib/python3.10/site-packages/airflow/example_dags/example_branch_day_of_week_operator.py
[2025-12-16T18:12:33.053+0000] {processor.py:836} INFO - DAG(s) dict_keys(['example_weekday_branch_operator']) retrieved from /home/vscode/.local/lib/python3.10/site-packages/airflow/example_dags/example_branch_day_of_week_operator.py
[2025-12-16T18:12:33.065+0000] {logging_mixin.py:150} INFO - [2025-12-16T18:12:33.064+0000] {dag.py:2742} INFO - Sync 1 DAGs
[2025-12-16T18:12:33.081+0000] {logging_mixin.py:150} INFO - [2025-12-16T18:12:33.081+0000] {dag.py:3504} INFO - Setting next_dagrun for example_weekday_branch_operator to 2025-12-15T00:00:00+00:00, run_after=2025-12-16T00:00:00+00:00
[2025-12-16T18:12:33.095+0000] {processor.py:179} INFO - Processing /home/vscode/.local/lib/python3.10/site-packages/airflow/example_dags/example_branch_day_of_week_operator.py took 0.051 seconds
[2025-12-16T18:13:19.484+0000] {processor.py:157} INFO - Started process (PID=12241) to work on /home/vscode/.local/lib/python3.10/site-packages/airflow/example_dags/example_branch_day_of_week_operator.py
[2025-12-16T18:13:19.484+0000] {processor.py:826} INFO - Processing file /home/vscode/.local/lib/python3.10/site-packages/airflow/example_dags/example_branch_day_of_week_operator.py for tasks to queue
[2025-12-16T18:13:19.485+0000] {logging_mixin.py:150} INFO - [2025-12-16T18:13:19.485+0000] {dagbag.py:541} INFO - Filling up the DagBag from /home/vscode/.local/lib/python3.10/site-packages/airflow/example_dags/example_branch_day_of_week_operator.py
[2025-12-16T18:13:19.490+0000] {processor.py:836} INFO - DAG(s) dict_keys(['example_weekday_branch_operator']) retrieved from /home/vscode/.local/lib/python3.10/site-packages/airflow/example_dags/example_branch_day_of_week_operator.py
[2025-12-16T18:13:19.502+0000] {logging_mixin.py:150} INFO - [2025-12-16T18:13:19.502+0000] {dag.py:2742} INFO - Sync 1 DAGs
[2025-12-16T18:13:19.516+0000] {logging_mixin.py:150} INFO - [2025-12-16T18:13:19.516+0000] {dag.py:3504} INFO - Setting next_dagrun for example_weekday_branch_operator to 2025-12-15T00:00:00+00:00, run_after=2025-12-16T00:00:00+00:00
[2025-12-16T18:13:19.531+0000] {processor.py:179} INFO - Processing /home/vscode/.local/lib/python3.10/site-packages/airflow/example_dags/example_branch_day_of_week_operator.py took 0.049 seconds
[2025-12-16T18:14:05.476+0000] {processor.py:157} INFO - Started process (PID=12556) to work on /home/vscode/.local/lib/python3.10/site-packages/airflow/example_dags/example_branch_day_of_week_operator.py
[2025-12-16T18:14:05.477+0000] {processor.py:826} INFO - Processing file /home/vscode/.local/lib/python3.10/site-packages/airflow/example_dags/example_branch_day_of_week_operator.py for tasks to queue
[2025-12-16T18:14:05.477+0000] {logging_mixin.py:150} INFO - [2025-12-16T18:14:05.477+0000] {dagbag.py:541} INFO - Filling up the DagBag from /home/vscode/.local/lib/python3.10/site-packages/airflow/example_dags/example_branch_day_of_week_operator.py
[2025-12-16T18:14:05.483+0000] {processor.py:836} INFO - DAG(s) dict_keys(['example_weekday_branch_operator']) retrieved from /home/vscode/.local/lib/python3.10/site-packages/airflow/example_dags/example_branch_day_of_week_operator.py
[2025-12-16T18:14:05.495+0000] {logging_mixin.py:150} INFO - [2025-12-16T18:14:05.495+0000] {dag.py:2742} INFO - Sync 1 DAGs
[2025-12-16T18:14:05.511+0000] {logging_mixin.py:150} INFO - [2025-12-16T18:14:05.511+0000] {dag.py:3504} INFO - Setting next_dagrun for example_weekday_branch_operator to 2025-12-15T00:00:00+00:00, run_after=2025-12-16T00:00:00+00:00
[2025-12-16T18:14:05.527+0000] {processor.py:179} INFO - Processing /home/vscode/.local/lib/python3.10/site-packages/airflow/example_dags/example_branch_day_of_week_operator.py took 0.053 seconds
[2025-12-16T18:14:57.162+0000] {processor.py:157} INFO - Started process (PID=12894) to work on /home/vscode/.local/lib/python3.10/site-packages/airflow/example_dags/example_branch_day_of_week_operator.py
[2025-12-16T18:14:57.163+0000] {processor.py:826} INFO - Processing file /home/vscode/.local/lib/python3.10/site-packages/airflow/example_dags/example_branch_day_of_week_operator.py for tasks to queue
[2025-12-16T18:14:57.164+0000] {logging_mixin.py:150} INFO - [2025-12-16T18:14:57.163+0000] {dagbag.py:541} INFO - Filling up the DagBag from /home/vscode/.local/lib/python3.10/site-packages/airflow/example_dags/example_branch_day_of_week_operator.py
[2025-12-16T18:14:57.169+0000] {processor.py:836} INFO - DAG(s) dict_keys(['example_weekday_branch_operator']) retrieved from /home/vscode/.local/lib/python3.10/site-packages/airflow/example_dags/example_branch_day_of_week_operator.py
[2025-12-16T18:14:57.181+0000] {logging_mixin.py:150} INFO - [2025-12-16T18:14:57.181+0000] {dag.py:2742} INFO - Sync 1 DAGs
[2025-12-16T18:14:57.196+0000] {logging_mixin.py:150} INFO - [2025-12-16T18:14:57.195+0000] {dag.py:3504} INFO - Setting next_dagrun for example_weekday_branch_operator to 2025-12-15T00:00:00+00:00, run_after=2025-12-16T00:00:00+00:00
[2025-12-16T18:14:57.210+0000] {processor.py:179} INFO - Processing /home/vscode/.local/lib/python3.10/site-packages/airflow/example_dags/example_branch_day_of_week_operator.py took 0.050 seconds
[2025-12-16T18:15:45.563+0000] {processor.py:157} INFO - Started process (PID=13219) to work on /home/vscode/.local/lib/python3.10/site-packages/airflow/example_dags/example_branch_day_of_week_operator.py
[2025-12-16T18:15:45.564+0000] {processor.py:826} INFO - Processing file /home/vscode/.local/lib/python3.10/site-packages/airflow/example_dags/example_branch_day_of_week_operator.py for tasks to queue
[2025-12-16T18:15:45.565+0000] {logging_mixin.py:150} INFO - [2025-12-16T18:15:45.564+0000] {dagbag.py:541} INFO - Filling up the DagBag from /home/vscode/.local/lib/python3.10/site-packages/airflow/example_dags/example_branch_day_of_week_operator.py
[2025-12-16T18:15:45.570+0000] {processor.py:836} INFO - DAG(s) dict_keys(['example_weekday_branch_operator']) retrieved from /home/vscode/.local/lib/python3.10/site-packages/airflow/example_dags/example_branch_day_of_week_operator.py
[2025-12-16T18:15:45.582+0000] {logging_mixin.py:150} INFO - [2025-12-16T18:15:45.582+0000] {dag.py:2742} INFO - Sync 1 DAGs
[2025-12-16T18:15:45.596+0000] {logging_mixin.py:150} INFO - [2025-12-16T18:15:45.596+0000] {dag.py:3504} INFO - Setting next_dagrun for example_weekday_branch_operator to 2025-12-15T00:00:00+00:00, run_after=2025-12-16T00:00:00+00:00
[2025-12-16T18:15:45.611+0000] {processor.py:179} INFO - Processing /home/vscode/.local/lib/python3.10/site-packages/airflow/example_dags/example_branch_day_of_week_operator.py took 0.050 seconds
[2025-12-16T18:16:32.485+0000] {processor.py:157} INFO - Started process (PID=13537) to work on /home/vscode/.local/lib/python3.10/site-packages/airflow/example_dags/example_branch_day_of_week_operator.py
[2025-12-16T18:16:32.485+0000] {processor.py:826} INFO - Processing file /home/vscode/.local/lib/python3.10/site-packages/airflow/example_dags/example_branch_day_of_week_operator.py for tasks to queue
[2025-12-16T18:16:32.486+0000] {logging_mixin.py:150} INFO - [2025-12-16T18:16:32.486+0000] {dagbag.py:541} INFO - Filling up the DagBag from /home/vscode/.local/lib/python3.10/site-packages/airflow/example_dags/example_branch_day_of_week_operator.py
[2025-12-16T18:16:32.492+0000] {processor.py:836} INFO - DAG(s) dict_keys(['example_weekday_branch_operator']) retrieved from /home/vscode/.local/lib/python3.10/site-packages/airflow/example_dags/example_branch_day_of_week_operator.py
[2025-12-16T18:16:32.504+0000] {logging_mixin.py:150} INFO - [2025-12-16T18:16:32.504+0000] {dag.py:2742} INFO - Sync 1 DAGs
[2025-12-16T18:16:32.519+0000] {logging_mixin.py:150} INFO - [2025-12-16T18:16:32.519+0000] {dag.py:3504} INFO - Setting next_dagrun for example_weekday_branch_operator to 2025-12-15T00:00:00+00:00, run_after=2025-12-16T00:00:00+00:00
[2025-12-16T18:16:32.535+0000] {processor.py:179} INFO - Processing /home/vscode/.local/lib/python3.10/site-packages/airflow/example_dags/example_branch_day_of_week_operator.py took 0.053 seconds
[2025-12-16T18:17:23.885+0000] {processor.py:157} INFO - Started process (PID=13873) to work on /home/vscode/.local/lib/python3.10/site-packages/airflow/example_dags/example_branch_day_of_week_operator.py
[2025-12-16T18:17:23.886+0000] {processor.py:826} INFO - Processing file /home/vscode/.local/lib/python3.10/site-packages/airflow/example_dags/example_branch_day_of_week_operator.py for tasks to queue
[2025-12-16T18:17:23.886+0000] {logging_mixin.py:150} INFO - [2025-12-16T18:17:23.886+0000] {dagbag.py:541} INFO - Filling up the DagBag from /home/vscode/.local/lib/python3.10/site-packages/airflow/example_dags/example_branch_day_of_week_operator.py
[2025-12-16T18:17:23.892+0000] {processor.py:836} INFO - DAG(s) dict_keys(['example_weekday_branch_operator']) retrieved from /home/vscode/.local/lib/python3.10/site-packages/airflow/example_dags/example_branch_day_of_week_operator.py
[2025-12-16T18:17:23.903+0000] {logging_mixin.py:150} INFO - [2025-12-16T18:17:23.903+0000] {dag.py:2742} INFO - Sync 1 DAGs
[2025-12-16T18:17:23.918+0000] {logging_mixin.py:150} INFO - [2025-12-16T18:17:23.918+0000] {dag.py:3504} INFO - Setting next_dagrun for example_weekday_branch_operator to 2025-12-15T00:00:00+00:00, run_after=2025-12-16T00:00:00+00:00
[2025-12-16T18:17:23.933+0000] {processor.py:179} INFO - Processing /home/vscode/.local/lib/python3.10/site-packages/airflow/example_dags/example_branch_day_of_week_operator.py took 0.050 seconds
[2025-12-16T18:18:11.376+0000] {processor.py:157} INFO - Started process (PID=14185) to work on /home/vscode/.local/lib/python3.10/site-packages/airflow/example_dags/example_branch_day_of_week_operator.py
[2025-12-16T18:18:11.376+0000] {processor.py:826} INFO - Processing file /home/vscode/.local/lib/python3.10/site-packages/airflow/example_dags/example_branch_day_of_week_operator.py for tasks to queue
[2025-12-16T18:18:11.377+0000] {logging_mixin.py:150} INFO - [2025-12-16T18:18:11.377+0000] {dagbag.py:541} INFO - Filling up the DagBag from /home/vscode/.local/lib/python3.10/site-packages/airflow/example_dags/example_branch_day_of_week_operator.py
[2025-12-16T18:18:11.383+0000] {processor.py:836} INFO - DAG(s) dict_keys(['example_weekday_branch_operator']) retrieved from /home/vscode/.local/lib/python3.10/site-packages/airflow/example_dags/example_branch_day_of_week_operator.py
[2025-12-16T18:18:11.395+0000] {logging_mixin.py:150} INFO - [2025-12-16T18:18:11.395+0000] {dag.py:2742} INFO - Sync 1 DAGs
[2025-12-16T18:18:11.409+0000] {logging_mixin.py:150} INFO - [2025-12-16T18:18:11.409+0000] {dag.py:3504} INFO - Setting next_dagrun for example_weekday_branch_operator to 2025-12-15T00:00:00+00:00, run_after=2025-12-16T00:00:00+00:00
[2025-12-16T18:18:11.424+0000] {processor.py:179} INFO - Processing /home/vscode/.local/lib/python3.10/site-packages/airflow/example_dags/example_branch_day_of_week_operator.py took 0.051 seconds
[2025-12-16T18:18:56.497+0000] {processor.py:157} INFO - Started process (PID=14486) to work on /home/vscode/.local/lib/python3.10/site-packages/airflow/example_dags/example_branch_day_of_week_operator.py
[2025-12-16T18:18:56.498+0000] {processor.py:826} INFO - Processing file /home/vscode/.local/lib/python3.10/site-packages/airflow/example_dags/example_branch_day_of_week_operator.py for tasks to queue
[2025-12-16T18:18:56.498+0000] {logging_mixin.py:150} INFO - [2025-12-16T18:18:56.498+0000] {dagbag.py:541} INFO - Filling up the DagBag from /home/vscode/.local/lib/python3.10/site-packages/airflow/example_dags/example_branch_day_of_week_operator.py
[2025-12-16T18:18:56.503+0000] {processor.py:836} INFO - DAG(s) dict_keys(['example_weekday_branch_operator']) retrieved from /home/vscode/.local/lib/python3.10/site-packages/airflow/example_dags/example_branch_day_of_week_operator.py
[2025-12-16T18:18:56.515+0000] {logging_mixin.py:150} INFO - [2025-12-16T18:18:56.515+0000] {dag.py:2742} INFO - Sync 1 DAGs
[2025-12-16T18:18:56.530+0000] {logging_mixin.py:150} INFO - [2025-12-16T18:18:56.530+0000] {dag.py:3504} INFO - Setting next_dagrun for example_weekday_branch_operator to 2025-12-15T00:00:00+00:00, run_after=2025-12-16T00:00:00+00:00
[2025-12-16T18:18:56.544+0000] {processor.py:179} INFO - Processing /home/vscode/.local/lib/python3.10/site-packages/airflow/example_dags/example_branch_day_of_week_operator.py took 0.050 seconds
[2025-12-16T18:19:42.703+0000] {processor.py:157} INFO - Started process (PID=14803) to work on /home/vscode/.local/lib/python3.10/site-packages/airflow/example_dags/example_branch_day_of_week_operator.py
[2025-12-16T18:19:42.704+0000] {processor.py:826} INFO - Processing file /home/vscode/.local/lib/python3.10/site-packages/airflow/example_dags/example_branch_day_of_week_operator.py for tasks to queue
[2025-12-16T18:19:42.704+0000] {logging_mixin.py:150} INFO - [2025-12-16T18:19:42.704+0000] {dagbag.py:541} INFO - Filling up the DagBag from /home/vscode/.local/lib/python3.10/site-packages/airflow/example_dags/example_branch_day_of_week_operator.py
[2025-12-16T18:19:42.709+0000] {processor.py:836} INFO - DAG(s) dict_keys(['example_weekday_branch_operator']) retrieved from /home/vscode/.local/lib/python3.10/site-packages/airflow/example_dags/example_branch_day_of_week_operator.py
[2025-12-16T18:19:42.721+0000] {logging_mixin.py:150} INFO - [2025-12-16T18:19:42.721+0000] {dag.py:2742} INFO - Sync 1 DAGs
[2025-12-16T18:19:42.735+0000] {logging_mixin.py:150} INFO - [2025-12-16T18:19:42.735+0000] {dag.py:3504} INFO - Setting next_dagrun for example_weekday_branch_operator to 2025-12-15T00:00:00+00:00, run_after=2025-12-16T00:00:00+00:00
[2025-12-16T18:19:42.751+0000] {processor.py:179} INFO - Processing /home/vscode/.local/lib/python3.10/site-packages/airflow/example_dags/example_branch_day_of_week_operator.py took 0.050 seconds
[2025-12-16T18:20:31.821+0000] {processor.py:157} INFO - Started process (PID=15118) to work on /home/vscode/.local/lib/python3.10/site-packages/airflow/example_dags/example_branch_day_of_week_operator.py
[2025-12-16T18:20:31.822+0000] {processor.py:826} INFO - Processing file /home/vscode/.local/lib/python3.10/site-packages/airflow/example_dags/example_branch_day_of_week_operator.py for tasks to queue
[2025-12-16T18:20:31.823+0000] {logging_mixin.py:150} INFO - [2025-12-16T18:20:31.822+0000] {dagbag.py:541} INFO - Filling up the DagBag from /home/vscode/.local/lib/python3.10/site-packages/airflow/example_dags/example_branch_day_of_week_operator.py
[2025-12-16T18:20:31.831+0000] {processor.py:836} INFO - DAG(s) dict_keys(['example_weekday_branch_operator']) retrieved from /home/vscode/.local/lib/python3.10/site-packages/airflow/example_dags/example_branch_day_of_week_operator.py
[2025-12-16T18:20:31.847+0000] {logging_mixin.py:150} INFO - [2025-12-16T18:20:31.847+0000] {dag.py:2742} INFO - Sync 1 DAGs
[2025-12-16T18:20:31.865+0000] {logging_mixin.py:150} INFO - [2025-12-16T18:20:31.865+0000] {dag.py:3504} INFO - Setting next_dagrun for example_weekday_branch_operator to 2025-12-15T00:00:00+00:00, run_after=2025-12-16T00:00:00+00:00
[2025-12-16T18:20:31.880+0000] {processor.py:179} INFO - Processing /home/vscode/.local/lib/python3.10/site-packages/airflow/example_dags/example_branch_day_of_week_operator.py took 0.062 seconds
[2025-12-16T18:21:17.440+0000] {processor.py:157} INFO - Started process (PID=15426) to work on /home/vscode/.local/lib/python3.10/site-packages/airflow/example_dags/example_branch_day_of_week_operator.py
[2025-12-16T18:21:17.441+0000] {processor.py:826} INFO - Processing file /home/vscode/.local/lib/python3.10/site-packages/airflow/example_dags/example_branch_day_of_week_operator.py for tasks to queue
[2025-12-16T18:21:17.441+0000] {logging_mixin.py:150} INFO - [2025-12-16T18:21:17.441+0000] {dagbag.py:541} INFO - Filling up the DagBag from /home/vscode/.local/lib/python3.10/site-packages/airflow/example_dags/example_branch_day_of_week_operator.py
[2025-12-16T18:21:17.447+0000] {processor.py:836} INFO - DAG(s) dict_keys(['example_weekday_branch_operator']) retrieved from /home/vscode/.local/lib/python3.10/site-packages/airflow/example_dags/example_branch_day_of_week_operator.py
[2025-12-16T18:21:17.459+0000] {logging_mixin.py:150} INFO - [2025-12-16T18:21:17.459+0000] {dag.py:2742} INFO - Sync 1 DAGs
[2025-12-16T18:21:17.474+0000] {logging_mixin.py:150} INFO - [2025-12-16T18:21:17.474+0000] {dag.py:3504} INFO - Setting next_dagrun for example_weekday_branch_operator to 2025-12-15T00:00:00+00:00, run_after=2025-12-16T00:00:00+00:00
[2025-12-16T18:21:17.489+0000] {processor.py:179} INFO - Processing /home/vscode/.local/lib/python3.10/site-packages/airflow/example_dags/example_branch_day_of_week_operator.py took 0.051 seconds
[2025-12-16T18:22:06.674+0000] {processor.py:157} INFO - Started process (PID=15755) to work on /home/vscode/.local/lib/python3.10/site-packages/airflow/example_dags/example_branch_day_of_week_operator.py
[2025-12-16T18:22:06.675+0000] {processor.py:826} INFO - Processing file /home/vscode/.local/lib/python3.10/site-packages/airflow/example_dags/example_branch_day_of_week_operator.py for tasks to queue
[2025-12-16T18:22:06.675+0000] {logging_mixin.py:150} INFO - [2025-12-16T18:22:06.675+0000] {dagbag.py:541} INFO - Filling up the DagBag from /home/vscode/.local/lib/python3.10/site-packages/airflow/example_dags/example_branch_day_of_week_operator.py
[2025-12-16T18:22:06.681+0000] {processor.py:836} INFO - DAG(s) dict_keys(['example_weekday_branch_operator']) retrieved from /home/vscode/.local/lib/python3.10/site-packages/airflow/example_dags/example_branch_day_of_week_operator.py
[2025-12-16T18:22:06.693+0000] {logging_mixin.py:150} INFO - [2025-12-16T18:22:06.692+0000] {dag.py:2742} INFO - Sync 1 DAGs
[2025-12-16T18:22:06.707+0000] {logging_mixin.py:150} INFO - [2025-12-16T18:22:06.707+0000] {dag.py:3504} INFO - Setting next_dagrun for example_weekday_branch_operator to 2025-12-15T00:00:00+00:00, run_after=2025-12-16T00:00:00+00:00
[2025-12-16T18:22:06.721+0000] {processor.py:179} INFO - Processing /home/vscode/.local/lib/python3.10/site-packages/airflow/example_dags/example_branch_day_of_week_operator.py took 0.049 seconds
[2025-12-16T18:22:55.712+0000] {processor.py:157} INFO - Started process (PID=16080) to work on /home/vscode/.local/lib/python3.10/site-packages/airflow/example_dags/example_branch_day_of_week_operator.py
[2025-12-16T18:22:55.713+0000] {processor.py:826} INFO - Processing file /home/vscode/.local/lib/python3.10/site-packages/airflow/example_dags/example_branch_day_of_week_operator.py for tasks to queue
[2025-12-16T18:22:55.713+0000] {logging_mixin.py:150} INFO - [2025-12-16T18:22:55.713+0000] {dagbag.py:541} INFO - Filling up the DagBag from /home/vscode/.local/lib/python3.10/site-packages/airflow/example_dags/example_branch_day_of_week_operator.py
[2025-12-16T18:22:55.719+0000] {processor.py:836} INFO - DAG(s) dict_keys(['example_weekday_branch_operator']) retrieved from /home/vscode/.local/lib/python3.10/site-packages/airflow/example_dags/example_branch_day_of_week_operator.py
[2025-12-16T18:22:55.731+0000] {logging_mixin.py:150} INFO - [2025-12-16T18:22:55.730+0000] {dag.py:2742} INFO - Sync 1 DAGs
[2025-12-16T18:22:55.745+0000] {logging_mixin.py:150} INFO - [2025-12-16T18:22:55.745+0000] {dag.py:3504} INFO - Setting next_dagrun for example_weekday_branch_operator to 2025-12-15T00:00:00+00:00, run_after=2025-12-16T00:00:00+00:00
[2025-12-16T18:22:55.759+0000] {processor.py:179} INFO - Processing /home/vscode/.local/lib/python3.10/site-packages/airflow/example_dags/example_branch_day_of_week_operator.py took 0.050 seconds
[2025-12-16T18:23:40.370+0000] {processor.py:157} INFO - Started process (PID=16376) to work on /home/vscode/.local/lib/python3.10/site-packages/airflow/example_dags/example_branch_day_of_week_operator.py
[2025-12-16T18:23:40.371+0000] {processor.py:826} INFO - Processing file /home/vscode/.local/lib/python3.10/site-packages/airflow/example_dags/example_branch_day_of_week_operator.py for tasks to queue
[2025-12-16T18:23:40.372+0000] {logging_mixin.py:150} INFO - [2025-12-16T18:23:40.371+0000] {dagbag.py:541} INFO - Filling up the DagBag from /home/vscode/.local/lib/python3.10/site-packages/airflow/example_dags/example_branch_day_of_week_operator.py
[2025-12-16T18:23:40.377+0000] {processor.py:836} INFO - DAG(s) dict_keys(['example_weekday_branch_operator']) retrieved from /home/vscode/.local/lib/python3.10/site-packages/airflow/example_dags/example_branch_day_of_week_operator.py
[2025-12-16T18:23:40.389+0000] {logging_mixin.py:150} INFO - [2025-12-16T18:23:40.389+0000] {dag.py:2742} INFO - Sync 1 DAGs
[2025-12-16T18:23:40.404+0000] {logging_mixin.py:150} INFO - [2025-12-16T18:23:40.404+0000] {dag.py:3504} INFO - Setting next_dagrun for example_weekday_branch_operator to 2025-12-15T00:00:00+00:00, run_after=2025-12-16T00:00:00+00:00
[2025-12-16T18:23:40.419+0000] {processor.py:179} INFO - Processing /home/vscode/.local/lib/python3.10/site-packages/airflow/example_dags/example_branch_day_of_week_operator.py took 0.051 seconds
[2025-12-16T18:24:25.392+0000] {processor.py:157} INFO - Started process (PID=16677) to work on /home/vscode/.local/lib/python3.10/site-packages/airflow/example_dags/example_branch_day_of_week_operator.py
[2025-12-16T18:24:25.393+0000] {processor.py:826} INFO - Processing file /home/vscode/.local/lib/python3.10/site-packages/airflow/example_dags/example_branch_day_of_week_operator.py for tasks to queue
[2025-12-16T18:24:25.393+0000] {logging_mixin.py:150} INFO - [2025-12-16T18:24:25.393+0000] {dagbag.py:541} INFO - Filling up the DagBag from /home/vscode/.local/lib/python3.10/site-packages/airflow/example_dags/example_branch_day_of_week_operator.py
[2025-12-16T18:24:25.399+0000] {processor.py:836} INFO - DAG(s) dict_keys(['example_weekday_branch_operator']) retrieved from /home/vscode/.local/lib/python3.10/site-packages/airflow/example_dags/example_branch_day_of_week_operator.py
[2025-12-16T18:24:25.411+0000] {logging_mixin.py:150} INFO - [2025-12-16T18:24:25.411+0000] {dag.py:2742} INFO - Sync 1 DAGs
[2025-12-16T18:24:25.425+0000] {logging_mixin.py:150} INFO - [2025-12-16T18:24:25.425+0000] {dag.py:3504} INFO - Setting next_dagrun for example_weekday_branch_operator to 2025-12-15T00:00:00+00:00, run_after=2025-12-16T00:00:00+00:00
[2025-12-16T18:24:25.439+0000] {processor.py:179} INFO - Processing /home/vscode/.local/lib/python3.10/site-packages/airflow/example_dags/example_branch_day_of_week_operator.py took 0.050 seconds
[2025-12-16T18:25:18.817+0000] {processor.py:157} INFO - Started process (PID=17028) to work on /home/vscode/.local/lib/python3.10/site-packages/airflow/example_dags/example_branch_day_of_week_operator.py
[2025-12-16T18:25:18.817+0000] {processor.py:826} INFO - Processing file /home/vscode/.local/lib/python3.10/site-packages/airflow/example_dags/example_branch_day_of_week_operator.py for tasks to queue
[2025-12-16T18:25:18.818+0000] {logging_mixin.py:150} INFO - [2025-12-16T18:25:18.818+0000] {dagbag.py:541} INFO - Filling up the DagBag from /home/vscode/.local/lib/python3.10/site-packages/airflow/example_dags/example_branch_day_of_week_operator.py
[2025-12-16T18:25:18.824+0000] {processor.py:836} INFO - DAG(s) dict_keys(['example_weekday_branch_operator']) retrieved from /home/vscode/.local/lib/python3.10/site-packages/airflow/example_dags/example_branch_day_of_week_operator.py
[2025-12-16T18:25:18.836+0000] {logging_mixin.py:150} INFO - [2025-12-16T18:25:18.836+0000] {dag.py:2742} INFO - Sync 1 DAGs
[2025-12-16T18:25:18.850+0000] {logging_mixin.py:150} INFO - [2025-12-16T18:25:18.850+0000] {dag.py:3504} INFO - Setting next_dagrun for example_weekday_branch_operator to 2025-12-15T00:00:00+00:00, run_after=2025-12-16T00:00:00+00:00
[2025-12-16T18:25:18.865+0000] {processor.py:179} INFO - Processing /home/vscode/.local/lib/python3.10/site-packages/airflow/example_dags/example_branch_day_of_week_operator.py took 0.050 seconds
[2025-12-16T18:26:01.506+0000] {processor.py:157} INFO - Started process (PID=17317) to work on /home/vscode/.local/lib/python3.10/site-packages/airflow/example_dags/example_branch_day_of_week_operator.py
[2025-12-16T18:26:01.506+0000] {processor.py:826} INFO - Processing file /home/vscode/.local/lib/python3.10/site-packages/airflow/example_dags/example_branch_day_of_week_operator.py for tasks to queue
[2025-12-16T18:26:01.507+0000] {logging_mixin.py:150} INFO - [2025-12-16T18:26:01.507+0000] {dagbag.py:541} INFO - Filling up the DagBag from /home/vscode/.local/lib/python3.10/site-packages/airflow/example_dags/example_branch_day_of_week_operator.py
[2025-12-16T18:26:01.512+0000] {processor.py:836} INFO - DAG(s) dict_keys(['example_weekday_branch_operator']) retrieved from /home/vscode/.local/lib/python3.10/site-packages/airflow/example_dags/example_branch_day_of_week_operator.py
[2025-12-16T18:26:01.524+0000] {logging_mixin.py:150} INFO - [2025-12-16T18:26:01.524+0000] {dag.py:2742} INFO - Sync 1 DAGs
[2025-12-16T18:26:01.539+0000] {logging_mixin.py:150} INFO - [2025-12-16T18:26:01.539+0000] {dag.py:3504} INFO - Setting next_dagrun for example_weekday_branch_operator to 2025-12-15T00:00:00+00:00, run_after=2025-12-16T00:00:00+00:00
[2025-12-16T18:26:01.554+0000] {processor.py:179} INFO - Processing /home/vscode/.local/lib/python3.10/site-packages/airflow/example_dags/example_branch_day_of_week_operator.py took 0.050 seconds
