[2025-12-16T17:53:52.343+0000] {processor.py:157} INFO - Started process (PID=3841) to work on /home/vscode/.local/lib/python3.10/site-packages/airflow/example_dags/example_nested_branch_dag.py
[2025-12-16T17:53:52.344+0000] {processor.py:826} INFO - Processing file /home/vscode/.local/lib/python3.10/site-packages/airflow/example_dags/example_nested_branch_dag.py for tasks to queue
[2025-12-16T17:53:52.344+0000] {logging_mixin.py:150} INFO - [2025-12-16T17:53:52.344+0000] {dagbag.py:541} INFO - Filling up the DagBag from /home/vscode/.local/lib/python3.10/site-packages/airflow/example_dags/example_nested_branch_dag.py
[2025-12-16T17:53:52.353+0000] {processor.py:836} INFO - DAG(s) dict_keys(['example_nested_branch_dag']) retrieved from /home/vscode/.local/lib/python3.10/site-packages/airflow/example_dags/example_nested_branch_dag.py
[2025-12-16T17:53:52.466+0000] {logging_mixin.py:150} INFO - [2025-12-16T17:53:52.466+0000] {manager.py:504} INFO - Created Permission View: can read on DAG:example_nested_branch_dag
[2025-12-16T17:53:52.477+0000] {logging_mixin.py:150} INFO - [2025-12-16T17:53:52.477+0000] {manager.py:504} INFO - Created Permission View: can delete on DAG:example_nested_branch_dag
[2025-12-16T17:53:52.484+0000] {logging_mixin.py:150} INFO - [2025-12-16T17:53:52.484+0000] {manager.py:504} INFO - Created Permission View: can edit on DAG:example_nested_branch_dag
[2025-12-16T17:53:52.491+0000] {logging_mixin.py:150} INFO - [2025-12-16T17:53:52.491+0000] {dag.py:2742} INFO - Sync 1 DAGs
[2025-12-16T17:53:52.498+0000] {logging_mixin.py:150} INFO - [2025-12-16T17:53:52.497+0000] {dag.py:2763} INFO - Creating ORM DAG for example_nested_branch_dag
[2025-12-16T17:53:52.505+0000] {logging_mixin.py:150} INFO - [2025-12-16T17:53:52.505+0000] {dag.py:3504} INFO - Setting next_dagrun for example_nested_branch_dag to 2025-12-15T00:00:00+00:00, run_after=2025-12-16T00:00:00+00:00
[2025-12-16T17:53:52.519+0000] {processor.py:179} INFO - Processing /home/vscode/.local/lib/python3.10/site-packages/airflow/example_dags/example_nested_branch_dag.py took 0.179 seconds
[2025-12-16T17:54:40.288+0000] {processor.py:157} INFO - Started process (PID=4397) to work on /home/vscode/.local/lib/python3.10/site-packages/airflow/example_dags/example_nested_branch_dag.py
[2025-12-16T17:54:40.289+0000] {processor.py:826} INFO - Processing file /home/vscode/.local/lib/python3.10/site-packages/airflow/example_dags/example_nested_branch_dag.py for tasks to queue
[2025-12-16T17:54:40.290+0000] {logging_mixin.py:150} INFO - [2025-12-16T17:54:40.290+0000] {dagbag.py:541} INFO - Filling up the DagBag from /home/vscode/.local/lib/python3.10/site-packages/airflow/example_dags/example_nested_branch_dag.py
[2025-12-16T17:54:40.301+0000] {processor.py:836} INFO - DAG(s) dict_keys(['example_nested_branch_dag']) retrieved from /home/vscode/.local/lib/python3.10/site-packages/airflow/example_dags/example_nested_branch_dag.py
[2025-12-16T17:54:40.320+0000] {logging_mixin.py:150} INFO - [2025-12-16T17:54:40.320+0000] {dag.py:2742} INFO - Sync 1 DAGs
[2025-12-16T17:54:40.341+0000] {logging_mixin.py:150} INFO - [2025-12-16T17:54:40.341+0000] {dag.py:3504} INFO - Setting next_dagrun for example_nested_branch_dag to 2025-12-15T00:00:00+00:00, run_after=2025-12-16T00:00:00+00:00
[2025-12-16T17:54:40.356+0000] {processor.py:179} INFO - Processing /home/vscode/.local/lib/python3.10/site-packages/airflow/example_dags/example_nested_branch_dag.py took 0.071 seconds
[2025-12-16T17:55:30.034+0000] {processor.py:157} INFO - Started process (PID=4784) to work on /home/vscode/.local/lib/python3.10/site-packages/airflow/example_dags/example_nested_branch_dag.py
[2025-12-16T17:55:30.034+0000] {processor.py:826} INFO - Processing file /home/vscode/.local/lib/python3.10/site-packages/airflow/example_dags/example_nested_branch_dag.py for tasks to queue
[2025-12-16T17:55:30.035+0000] {logging_mixin.py:150} INFO - [2025-12-16T17:55:30.035+0000] {dagbag.py:541} INFO - Filling up the DagBag from /home/vscode/.local/lib/python3.10/site-packages/airflow/example_dags/example_nested_branch_dag.py
[2025-12-16T17:55:30.042+0000] {processor.py:836} INFO - DAG(s) dict_keys(['example_nested_branch_dag']) retrieved from /home/vscode/.local/lib/python3.10/site-packages/airflow/example_dags/example_nested_branch_dag.py
[2025-12-16T17:55:30.056+0000] {logging_mixin.py:150} INFO - [2025-12-16T17:55:30.056+0000] {dag.py:2742} INFO - Sync 1 DAGs
[2025-12-16T17:55:30.072+0000] {logging_mixin.py:150} INFO - [2025-12-16T17:55:30.072+0000] {dag.py:3504} INFO - Setting next_dagrun for example_nested_branch_dag to 2025-12-15T00:00:00+00:00, run_after=2025-12-16T00:00:00+00:00
[2025-12-16T17:55:30.089+0000] {processor.py:179} INFO - Processing /home/vscode/.local/lib/python3.10/site-packages/airflow/example_dags/example_nested_branch_dag.py took 0.058 seconds
[2025-12-16T17:56:17.564+0000] {processor.py:157} INFO - Started process (PID=5229) to work on /home/vscode/.local/lib/python3.10/site-packages/airflow/example_dags/example_nested_branch_dag.py
[2025-12-16T17:56:17.564+0000] {processor.py:826} INFO - Processing file /home/vscode/.local/lib/python3.10/site-packages/airflow/example_dags/example_nested_branch_dag.py for tasks to queue
[2025-12-16T17:56:17.565+0000] {logging_mixin.py:150} INFO - [2025-12-16T17:56:17.565+0000] {dagbag.py:541} INFO - Filling up the DagBag from /home/vscode/.local/lib/python3.10/site-packages/airflow/example_dags/example_nested_branch_dag.py
[2025-12-16T17:56:17.572+0000] {processor.py:836} INFO - DAG(s) dict_keys(['example_nested_branch_dag']) retrieved from /home/vscode/.local/lib/python3.10/site-packages/airflow/example_dags/example_nested_branch_dag.py
[2025-12-16T17:56:17.602+0000] {logging_mixin.py:150} INFO - [2025-12-16T17:56:17.602+0000] {dag.py:2742} INFO - Sync 1 DAGs
[2025-12-16T17:56:17.624+0000] {logging_mixin.py:150} INFO - [2025-12-16T17:56:17.624+0000] {dag.py:3504} INFO - Setting next_dagrun for example_nested_branch_dag to 2025-12-15T00:00:00+00:00, run_after=2025-12-16T00:00:00+00:00
[2025-12-16T17:56:17.640+0000] {processor.py:179} INFO - Processing /home/vscode/.local/lib/python3.10/site-packages/airflow/example_dags/example_nested_branch_dag.py took 0.078 seconds
[2025-12-16T17:57:05.826+0000] {processor.py:157} INFO - Started process (PID=5688) to work on /home/vscode/.local/lib/python3.10/site-packages/airflow/example_dags/example_nested_branch_dag.py
[2025-12-16T17:57:05.827+0000] {processor.py:826} INFO - Processing file /home/vscode/.local/lib/python3.10/site-packages/airflow/example_dags/example_nested_branch_dag.py for tasks to queue
[2025-12-16T17:57:05.828+0000] {logging_mixin.py:150} INFO - [2025-12-16T17:57:05.827+0000] {dagbag.py:541} INFO - Filling up the DagBag from /home/vscode/.local/lib/python3.10/site-packages/airflow/example_dags/example_nested_branch_dag.py
[2025-12-16T17:57:05.835+0000] {processor.py:836} INFO - DAG(s) dict_keys(['example_nested_branch_dag']) retrieved from /home/vscode/.local/lib/python3.10/site-packages/airflow/example_dags/example_nested_branch_dag.py
[2025-12-16T17:57:05.847+0000] {logging_mixin.py:150} INFO - [2025-12-16T17:57:05.847+0000] {dag.py:2742} INFO - Sync 1 DAGs
[2025-12-16T17:57:05.862+0000] {logging_mixin.py:150} INFO - [2025-12-16T17:57:05.862+0000] {dag.py:3504} INFO - Setting next_dagrun for example_nested_branch_dag to 2025-12-15T00:00:00+00:00, run_after=2025-12-16T00:00:00+00:00
[2025-12-16T17:57:05.877+0000] {processor.py:179} INFO - Processing /home/vscode/.local/lib/python3.10/site-packages/airflow/example_dags/example_nested_branch_dag.py took 0.053 seconds
[2025-12-16T17:57:52.287+0000] {processor.py:157} INFO - Started process (PID=6079) to work on /home/vscode/.local/lib/python3.10/site-packages/airflow/example_dags/example_nested_branch_dag.py
[2025-12-16T17:57:52.287+0000] {processor.py:826} INFO - Processing file /home/vscode/.local/lib/python3.10/site-packages/airflow/example_dags/example_nested_branch_dag.py for tasks to queue
[2025-12-16T17:57:52.288+0000] {logging_mixin.py:150} INFO - [2025-12-16T17:57:52.288+0000] {dagbag.py:541} INFO - Filling up the DagBag from /home/vscode/.local/lib/python3.10/site-packages/airflow/example_dags/example_nested_branch_dag.py
[2025-12-16T17:57:52.295+0000] {processor.py:836} INFO - DAG(s) dict_keys(['example_nested_branch_dag']) retrieved from /home/vscode/.local/lib/python3.10/site-packages/airflow/example_dags/example_nested_branch_dag.py
[2025-12-16T17:57:52.307+0000] {logging_mixin.py:150} INFO - [2025-12-16T17:57:52.307+0000] {dag.py:2742} INFO - Sync 1 DAGs
[2025-12-16T17:57:52.322+0000] {logging_mixin.py:150} INFO - [2025-12-16T17:57:52.322+0000] {dag.py:3504} INFO - Setting next_dagrun for example_nested_branch_dag to 2025-12-15T00:00:00+00:00, run_after=2025-12-16T00:00:00+00:00
[2025-12-16T17:57:52.336+0000] {processor.py:179} INFO - Processing /home/vscode/.local/lib/python3.10/site-packages/airflow/example_dags/example_nested_branch_dag.py took 0.051 seconds
[2025-12-16T17:58:39.145+0000] {processor.py:157} INFO - Started process (PID=6396) to work on /home/vscode/.local/lib/python3.10/site-packages/airflow/example_dags/example_nested_branch_dag.py
[2025-12-16T17:58:39.146+0000] {processor.py:826} INFO - Processing file /home/vscode/.local/lib/python3.10/site-packages/airflow/example_dags/example_nested_branch_dag.py for tasks to queue
[2025-12-16T17:58:39.146+0000] {logging_mixin.py:150} INFO - [2025-12-16T17:58:39.146+0000] {dagbag.py:541} INFO - Filling up the DagBag from /home/vscode/.local/lib/python3.10/site-packages/airflow/example_dags/example_nested_branch_dag.py
[2025-12-16T17:58:39.154+0000] {processor.py:836} INFO - DAG(s) dict_keys(['example_nested_branch_dag']) retrieved from /home/vscode/.local/lib/python3.10/site-packages/airflow/example_dags/example_nested_branch_dag.py
[2025-12-16T17:58:39.166+0000] {logging_mixin.py:150} INFO - [2025-12-16T17:58:39.166+0000] {dag.py:2742} INFO - Sync 1 DAGs
[2025-12-16T17:58:39.180+0000] {logging_mixin.py:150} INFO - [2025-12-16T17:58:39.180+0000] {dag.py:3504} INFO - Setting next_dagrun for example_nested_branch_dag to 2025-12-15T00:00:00+00:00, run_after=2025-12-16T00:00:00+00:00
[2025-12-16T17:58:39.194+0000] {processor.py:179} INFO - Processing /home/vscode/.local/lib/python3.10/site-packages/airflow/example_dags/example_nested_branch_dag.py took 0.051 seconds
[2025-12-16T17:59:28.032+0000] {processor.py:157} INFO - Started process (PID=6723) to work on /home/vscode/.local/lib/python3.10/site-packages/airflow/example_dags/example_nested_branch_dag.py
[2025-12-16T17:59:28.033+0000] {processor.py:826} INFO - Processing file /home/vscode/.local/lib/python3.10/site-packages/airflow/example_dags/example_nested_branch_dag.py for tasks to queue
[2025-12-16T17:59:28.033+0000] {logging_mixin.py:150} INFO - [2025-12-16T17:59:28.033+0000] {dagbag.py:541} INFO - Filling up the DagBag from /home/vscode/.local/lib/python3.10/site-packages/airflow/example_dags/example_nested_branch_dag.py
[2025-12-16T17:59:28.040+0000] {processor.py:836} INFO - DAG(s) dict_keys(['example_nested_branch_dag']) retrieved from /home/vscode/.local/lib/python3.10/site-packages/airflow/example_dags/example_nested_branch_dag.py
[2025-12-16T17:59:28.052+0000] {logging_mixin.py:150} INFO - [2025-12-16T17:59:28.052+0000] {dag.py:2742} INFO - Sync 1 DAGs
[2025-12-16T17:59:28.067+0000] {logging_mixin.py:150} INFO - [2025-12-16T17:59:28.066+0000] {dag.py:3504} INFO - Setting next_dagrun for example_nested_branch_dag to 2025-12-15T00:00:00+00:00, run_after=2025-12-16T00:00:00+00:00
[2025-12-16T17:59:28.081+0000] {processor.py:179} INFO - Processing /home/vscode/.local/lib/python3.10/site-packages/airflow/example_dags/example_nested_branch_dag.py took 0.051 seconds
[2025-12-16T18:00:14.457+0000] {processor.py:157} INFO - Started process (PID=7033) to work on /home/vscode/.local/lib/python3.10/site-packages/airflow/example_dags/example_nested_branch_dag.py
[2025-12-16T18:00:14.458+0000] {processor.py:826} INFO - Processing file /home/vscode/.local/lib/python3.10/site-packages/airflow/example_dags/example_nested_branch_dag.py for tasks to queue
[2025-12-16T18:00:14.458+0000] {logging_mixin.py:150} INFO - [2025-12-16T18:00:14.458+0000] {dagbag.py:541} INFO - Filling up the DagBag from /home/vscode/.local/lib/python3.10/site-packages/airflow/example_dags/example_nested_branch_dag.py
[2025-12-16T18:00:14.465+0000] {processor.py:836} INFO - DAG(s) dict_keys(['example_nested_branch_dag']) retrieved from /home/vscode/.local/lib/python3.10/site-packages/airflow/example_dags/example_nested_branch_dag.py
[2025-12-16T18:00:14.477+0000] {logging_mixin.py:150} INFO - [2025-12-16T18:00:14.477+0000] {dag.py:2742} INFO - Sync 1 DAGs
[2025-12-16T18:00:14.491+0000] {logging_mixin.py:150} INFO - [2025-12-16T18:00:14.491+0000] {dag.py:3504} INFO - Setting next_dagrun for example_nested_branch_dag to 2025-12-15T00:00:00+00:00, run_after=2025-12-16T00:00:00+00:00
[2025-12-16T18:00:14.505+0000] {processor.py:179} INFO - Processing /home/vscode/.local/lib/python3.10/site-packages/airflow/example_dags/example_nested_branch_dag.py took 0.051 seconds
[2025-12-16T18:01:00.717+0000] {processor.py:157} INFO - Started process (PID=7332) to work on /home/vscode/.local/lib/python3.10/site-packages/airflow/example_dags/example_nested_branch_dag.py
[2025-12-16T18:01:00.718+0000] {processor.py:826} INFO - Processing file /home/vscode/.local/lib/python3.10/site-packages/airflow/example_dags/example_nested_branch_dag.py for tasks to queue
[2025-12-16T18:01:00.719+0000] {logging_mixin.py:150} INFO - [2025-12-16T18:01:00.718+0000] {dagbag.py:541} INFO - Filling up the DagBag from /home/vscode/.local/lib/python3.10/site-packages/airflow/example_dags/example_nested_branch_dag.py
[2025-12-16T18:01:00.725+0000] {processor.py:836} INFO - DAG(s) dict_keys(['example_nested_branch_dag']) retrieved from /home/vscode/.local/lib/python3.10/site-packages/airflow/example_dags/example_nested_branch_dag.py
[2025-12-16T18:01:00.738+0000] {logging_mixin.py:150} INFO - [2025-12-16T18:01:00.738+0000] {dag.py:2742} INFO - Sync 1 DAGs
[2025-12-16T18:01:00.752+0000] {logging_mixin.py:150} INFO - [2025-12-16T18:01:00.752+0000] {dag.py:3504} INFO - Setting next_dagrun for example_nested_branch_dag to 2025-12-15T00:00:00+00:00, run_after=2025-12-16T00:00:00+00:00
[2025-12-16T18:01:00.767+0000] {processor.py:179} INFO - Processing /home/vscode/.local/lib/python3.10/site-packages/airflow/example_dags/example_nested_branch_dag.py took 0.052 seconds
[2025-12-16T18:01:44.239+0000] {processor.py:157} INFO - Started process (PID=7627) to work on /home/vscode/.local/lib/python3.10/site-packages/airflow/example_dags/example_nested_branch_dag.py
[2025-12-16T18:01:44.240+0000] {processor.py:826} INFO - Processing file /home/vscode/.local/lib/python3.10/site-packages/airflow/example_dags/example_nested_branch_dag.py for tasks to queue
[2025-12-16T18:01:44.240+0000] {logging_mixin.py:150} INFO - [2025-12-16T18:01:44.240+0000] {dagbag.py:541} INFO - Filling up the DagBag from /home/vscode/.local/lib/python3.10/site-packages/airflow/example_dags/example_nested_branch_dag.py
[2025-12-16T18:01:44.247+0000] {processor.py:836} INFO - DAG(s) dict_keys(['example_nested_branch_dag']) retrieved from /home/vscode/.local/lib/python3.10/site-packages/airflow/example_dags/example_nested_branch_dag.py
[2025-12-16T18:01:44.259+0000] {logging_mixin.py:150} INFO - [2025-12-16T18:01:44.259+0000] {dag.py:2742} INFO - Sync 1 DAGs
[2025-12-16T18:01:44.273+0000] {logging_mixin.py:150} INFO - [2025-12-16T18:01:44.273+0000] {dag.py:3504} INFO - Setting next_dagrun for example_nested_branch_dag to 2025-12-15T00:00:00+00:00, run_after=2025-12-16T00:00:00+00:00
[2025-12-16T18:01:44.288+0000] {processor.py:179} INFO - Processing /home/vscode/.local/lib/python3.10/site-packages/airflow/example_dags/example_nested_branch_dag.py took 0.051 seconds
[2025-12-16T18:02:32.694+0000] {processor.py:157} INFO - Started process (PID=7946) to work on /home/vscode/.local/lib/python3.10/site-packages/airflow/example_dags/example_nested_branch_dag.py
[2025-12-16T18:02:32.694+0000] {processor.py:826} INFO - Processing file /home/vscode/.local/lib/python3.10/site-packages/airflow/example_dags/example_nested_branch_dag.py for tasks to queue
[2025-12-16T18:02:32.695+0000] {logging_mixin.py:150} INFO - [2025-12-16T18:02:32.695+0000] {dagbag.py:541} INFO - Filling up the DagBag from /home/vscode/.local/lib/python3.10/site-packages/airflow/example_dags/example_nested_branch_dag.py
[2025-12-16T18:02:32.702+0000] {processor.py:836} INFO - DAG(s) dict_keys(['example_nested_branch_dag']) retrieved from /home/vscode/.local/lib/python3.10/site-packages/airflow/example_dags/example_nested_branch_dag.py
[2025-12-16T18:02:32.715+0000] {logging_mixin.py:150} INFO - [2025-12-16T18:02:32.715+0000] {dag.py:2742} INFO - Sync 1 DAGs
[2025-12-16T18:02:32.730+0000] {logging_mixin.py:150} INFO - [2025-12-16T18:02:32.730+0000] {dag.py:3504} INFO - Setting next_dagrun for example_nested_branch_dag to 2025-12-15T00:00:00+00:00, run_after=2025-12-16T00:00:00+00:00
[2025-12-16T18:02:32.745+0000] {processor.py:179} INFO - Processing /home/vscode/.local/lib/python3.10/site-packages/airflow/example_dags/example_nested_branch_dag.py took 0.054 seconds
[2025-12-16T18:03:22.822+0000] {processor.py:157} INFO - Started process (PID=8282) to work on /home/vscode/.local/lib/python3.10/site-packages/airflow/example_dags/example_nested_branch_dag.py
[2025-12-16T18:03:22.823+0000] {processor.py:826} INFO - Processing file /home/vscode/.local/lib/python3.10/site-packages/airflow/example_dags/example_nested_branch_dag.py for tasks to queue
[2025-12-16T18:03:22.823+0000] {logging_mixin.py:150} INFO - [2025-12-16T18:03:22.823+0000] {dagbag.py:541} INFO - Filling up the DagBag from /home/vscode/.local/lib/python3.10/site-packages/airflow/example_dags/example_nested_branch_dag.py
[2025-12-16T18:03:22.831+0000] {processor.py:836} INFO - DAG(s) dict_keys(['example_nested_branch_dag']) retrieved from /home/vscode/.local/lib/python3.10/site-packages/airflow/example_dags/example_nested_branch_dag.py
[2025-12-16T18:03:22.843+0000] {logging_mixin.py:150} INFO - [2025-12-16T18:03:22.843+0000] {dag.py:2742} INFO - Sync 1 DAGs
[2025-12-16T18:03:22.858+0000] {logging_mixin.py:150} INFO - [2025-12-16T18:03:22.858+0000] {dag.py:3504} INFO - Setting next_dagrun for example_nested_branch_dag to 2025-12-15T00:00:00+00:00, run_after=2025-12-16T00:00:00+00:00
[2025-12-16T18:03:22.874+0000] {processor.py:179} INFO - Processing /home/vscode/.local/lib/python3.10/site-packages/airflow/example_dags/example_nested_branch_dag.py took 0.054 seconds
[2025-12-16T18:04:06.788+0000] {processor.py:157} INFO - Started process (PID=8576) to work on /home/vscode/.local/lib/python3.10/site-packages/airflow/example_dags/example_nested_branch_dag.py
[2025-12-16T18:04:06.789+0000] {processor.py:826} INFO - Processing file /home/vscode/.local/lib/python3.10/site-packages/airflow/example_dags/example_nested_branch_dag.py for tasks to queue
[2025-12-16T18:04:06.790+0000] {logging_mixin.py:150} INFO - [2025-12-16T18:04:06.789+0000] {dagbag.py:541} INFO - Filling up the DagBag from /home/vscode/.local/lib/python3.10/site-packages/airflow/example_dags/example_nested_branch_dag.py
[2025-12-16T18:04:06.797+0000] {processor.py:836} INFO - DAG(s) dict_keys(['example_nested_branch_dag']) retrieved from /home/vscode/.local/lib/python3.10/site-packages/airflow/example_dags/example_nested_branch_dag.py
[2025-12-16T18:04:06.810+0000] {logging_mixin.py:150} INFO - [2025-12-16T18:04:06.810+0000] {dag.py:2742} INFO - Sync 1 DAGs
[2025-12-16T18:04:06.825+0000] {logging_mixin.py:150} INFO - [2025-12-16T18:04:06.825+0000] {dag.py:3504} INFO - Setting next_dagrun for example_nested_branch_dag to 2025-12-15T00:00:00+00:00, run_after=2025-12-16T00:00:00+00:00
[2025-12-16T18:04:06.841+0000] {processor.py:179} INFO - Processing /home/vscode/.local/lib/python3.10/site-packages/airflow/example_dags/example_nested_branch_dag.py took 0.055 seconds
[2025-12-16T18:04:57.576+0000] {processor.py:157} INFO - Started process (PID=8918) to work on /home/vscode/.local/lib/python3.10/site-packages/airflow/example_dags/example_nested_branch_dag.py
[2025-12-16T18:04:57.577+0000] {processor.py:826} INFO - Processing file /home/vscode/.local/lib/python3.10/site-packages/airflow/example_dags/example_nested_branch_dag.py for tasks to queue
[2025-12-16T18:04:57.578+0000] {logging_mixin.py:150} INFO - [2025-12-16T18:04:57.577+0000] {dagbag.py:541} INFO - Filling up the DagBag from /home/vscode/.local/lib/python3.10/site-packages/airflow/example_dags/example_nested_branch_dag.py
[2025-12-16T18:04:57.585+0000] {processor.py:836} INFO - DAG(s) dict_keys(['example_nested_branch_dag']) retrieved from /home/vscode/.local/lib/python3.10/site-packages/airflow/example_dags/example_nested_branch_dag.py
[2025-12-16T18:04:57.598+0000] {logging_mixin.py:150} INFO - [2025-12-16T18:04:57.598+0000] {dag.py:2742} INFO - Sync 1 DAGs
[2025-12-16T18:04:57.614+0000] {logging_mixin.py:150} INFO - [2025-12-16T18:04:57.613+0000] {dag.py:3504} INFO - Setting next_dagrun for example_nested_branch_dag to 2025-12-15T00:00:00+00:00, run_after=2025-12-16T00:00:00+00:00
[2025-12-16T18:04:57.628+0000] {processor.py:179} INFO - Processing /home/vscode/.local/lib/python3.10/site-packages/airflow/example_dags/example_nested_branch_dag.py took 0.054 seconds
[2025-12-16T18:05:44.256+0000] {processor.py:157} INFO - Started process (PID=9223) to work on /home/vscode/.local/lib/python3.10/site-packages/airflow/example_dags/example_nested_branch_dag.py
[2025-12-16T18:05:44.257+0000] {processor.py:826} INFO - Processing file /home/vscode/.local/lib/python3.10/site-packages/airflow/example_dags/example_nested_branch_dag.py for tasks to queue
[2025-12-16T18:05:44.258+0000] {logging_mixin.py:150} INFO - [2025-12-16T18:05:44.257+0000] {dagbag.py:541} INFO - Filling up the DagBag from /home/vscode/.local/lib/python3.10/site-packages/airflow/example_dags/example_nested_branch_dag.py
[2025-12-16T18:05:44.265+0000] {processor.py:836} INFO - DAG(s) dict_keys(['example_nested_branch_dag']) retrieved from /home/vscode/.local/lib/python3.10/site-packages/airflow/example_dags/example_nested_branch_dag.py
[2025-12-16T18:05:44.278+0000] {logging_mixin.py:150} INFO - [2025-12-16T18:05:44.277+0000] {dag.py:2742} INFO - Sync 1 DAGs
[2025-12-16T18:05:44.294+0000] {logging_mixin.py:150} INFO - [2025-12-16T18:05:44.293+0000] {dag.py:3504} INFO - Setting next_dagrun for example_nested_branch_dag to 2025-12-15T00:00:00+00:00, run_after=2025-12-16T00:00:00+00:00
[2025-12-16T18:05:44.308+0000] {processor.py:179} INFO - Processing /home/vscode/.local/lib/python3.10/site-packages/airflow/example_dags/example_nested_branch_dag.py took 0.054 seconds
[2025-12-16T18:06:29.383+0000] {processor.py:157} INFO - Started process (PID=9532) to work on /home/vscode/.local/lib/python3.10/site-packages/airflow/example_dags/example_nested_branch_dag.py
[2025-12-16T18:06:29.384+0000] {processor.py:826} INFO - Processing file /home/vscode/.local/lib/python3.10/site-packages/airflow/example_dags/example_nested_branch_dag.py for tasks to queue
[2025-12-16T18:06:29.385+0000] {logging_mixin.py:150} INFO - [2025-12-16T18:06:29.384+0000] {dagbag.py:541} INFO - Filling up the DagBag from /home/vscode/.local/lib/python3.10/site-packages/airflow/example_dags/example_nested_branch_dag.py
[2025-12-16T18:06:29.392+0000] {processor.py:836} INFO - DAG(s) dict_keys(['example_nested_branch_dag']) retrieved from /home/vscode/.local/lib/python3.10/site-packages/airflow/example_dags/example_nested_branch_dag.py
[2025-12-16T18:06:29.405+0000] {logging_mixin.py:150} INFO - [2025-12-16T18:06:29.404+0000] {dag.py:2742} INFO - Sync 1 DAGs
[2025-12-16T18:06:29.419+0000] {logging_mixin.py:150} INFO - [2025-12-16T18:06:29.419+0000] {dag.py:3504} INFO - Setting next_dagrun for example_nested_branch_dag to 2025-12-15T00:00:00+00:00, run_after=2025-12-16T00:00:00+00:00
[2025-12-16T18:06:29.435+0000] {processor.py:179} INFO - Processing /home/vscode/.local/lib/python3.10/site-packages/airflow/example_dags/example_nested_branch_dag.py took 0.054 seconds
[2025-12-16T18:07:19.049+0000] {processor.py:157} INFO - Started process (PID=9858) to work on /home/vscode/.local/lib/python3.10/site-packages/airflow/example_dags/example_nested_branch_dag.py
[2025-12-16T18:07:19.050+0000] {processor.py:826} INFO - Processing file /home/vscode/.local/lib/python3.10/site-packages/airflow/example_dags/example_nested_branch_dag.py for tasks to queue
[2025-12-16T18:07:19.050+0000] {logging_mixin.py:150} INFO - [2025-12-16T18:07:19.050+0000] {dagbag.py:541} INFO - Filling up the DagBag from /home/vscode/.local/lib/python3.10/site-packages/airflow/example_dags/example_nested_branch_dag.py
[2025-12-16T18:07:19.058+0000] {processor.py:836} INFO - DAG(s) dict_keys(['example_nested_branch_dag']) retrieved from /home/vscode/.local/lib/python3.10/site-packages/airflow/example_dags/example_nested_branch_dag.py
[2025-12-16T18:07:19.071+0000] {logging_mixin.py:150} INFO - [2025-12-16T18:07:19.071+0000] {dag.py:2742} INFO - Sync 1 DAGs
[2025-12-16T18:07:19.087+0000] {logging_mixin.py:150} INFO - [2025-12-16T18:07:19.087+0000] {dag.py:3504} INFO - Setting next_dagrun for example_nested_branch_dag to 2025-12-15T00:00:00+00:00, run_after=2025-12-16T00:00:00+00:00
[2025-12-16T18:07:19.102+0000] {processor.py:179} INFO - Processing /home/vscode/.local/lib/python3.10/site-packages/airflow/example_dags/example_nested_branch_dag.py took 0.055 seconds
[2025-12-16T18:08:09.940+0000] {processor.py:157} INFO - Started process (PID=10193) to work on /home/vscode/.local/lib/python3.10/site-packages/airflow/example_dags/example_nested_branch_dag.py
[2025-12-16T18:08:09.940+0000] {processor.py:826} INFO - Processing file /home/vscode/.local/lib/python3.10/site-packages/airflow/example_dags/example_nested_branch_dag.py for tasks to queue
[2025-12-16T18:08:09.941+0000] {logging_mixin.py:150} INFO - [2025-12-16T18:08:09.941+0000] {dagbag.py:541} INFO - Filling up the DagBag from /home/vscode/.local/lib/python3.10/site-packages/airflow/example_dags/example_nested_branch_dag.py
[2025-12-16T18:08:09.948+0000] {processor.py:836} INFO - DAG(s) dict_keys(['example_nested_branch_dag']) retrieved from /home/vscode/.local/lib/python3.10/site-packages/airflow/example_dags/example_nested_branch_dag.py
[2025-12-16T18:08:09.960+0000] {logging_mixin.py:150} INFO - [2025-12-16T18:08:09.960+0000] {dag.py:2742} INFO - Sync 1 DAGs
[2025-12-16T18:08:09.976+0000] {logging_mixin.py:150} INFO - [2025-12-16T18:08:09.976+0000] {dag.py:3504} INFO - Setting next_dagrun for example_nested_branch_dag to 2025-12-15T00:00:00+00:00, run_after=2025-12-16T00:00:00+00:00
[2025-12-16T18:08:09.991+0000] {processor.py:179} INFO - Processing /home/vscode/.local/lib/python3.10/site-packages/airflow/example_dags/example_nested_branch_dag.py took 0.053 seconds
[2025-12-16T18:08:54.365+0000] {processor.py:157} INFO - Started process (PID=10489) to work on /home/vscode/.local/lib/python3.10/site-packages/airflow/example_dags/example_nested_branch_dag.py
[2025-12-16T18:08:54.366+0000] {processor.py:826} INFO - Processing file /home/vscode/.local/lib/python3.10/site-packages/airflow/example_dags/example_nested_branch_dag.py for tasks to queue
[2025-12-16T18:08:54.366+0000] {logging_mixin.py:150} INFO - [2025-12-16T18:08:54.366+0000] {dagbag.py:541} INFO - Filling up the DagBag from /home/vscode/.local/lib/python3.10/site-packages/airflow/example_dags/example_nested_branch_dag.py
[2025-12-16T18:08:54.374+0000] {processor.py:836} INFO - DAG(s) dict_keys(['example_nested_branch_dag']) retrieved from /home/vscode/.local/lib/python3.10/site-packages/airflow/example_dags/example_nested_branch_dag.py
[2025-12-16T18:08:54.386+0000] {logging_mixin.py:150} INFO - [2025-12-16T18:08:54.386+0000] {dag.py:2742} INFO - Sync 1 DAGs
[2025-12-16T18:08:54.402+0000] {logging_mixin.py:150} INFO - [2025-12-16T18:08:54.402+0000] {dag.py:3504} INFO - Setting next_dagrun for example_nested_branch_dag to 2025-12-15T00:00:00+00:00, run_after=2025-12-16T00:00:00+00:00
[2025-12-16T18:08:54.417+0000] {processor.py:179} INFO - Processing /home/vscode/.local/lib/python3.10/site-packages/airflow/example_dags/example_nested_branch_dag.py took 0.054 seconds
[2025-12-16T18:09:42.665+0000] {processor.py:157} INFO - Started process (PID=10809) to work on /home/vscode/.local/lib/python3.10/site-packages/airflow/example_dags/example_nested_branch_dag.py
[2025-12-16T18:09:42.666+0000] {processor.py:826} INFO - Processing file /home/vscode/.local/lib/python3.10/site-packages/airflow/example_dags/example_nested_branch_dag.py for tasks to queue
[2025-12-16T18:09:42.668+0000] {logging_mixin.py:150} INFO - [2025-12-16T18:09:42.667+0000] {dagbag.py:541} INFO - Filling up the DagBag from /home/vscode/.local/lib/python3.10/site-packages/airflow/example_dags/example_nested_branch_dag.py
[2025-12-16T18:09:42.680+0000] {processor.py:836} INFO - DAG(s) dict_keys(['example_nested_branch_dag']) retrieved from /home/vscode/.local/lib/python3.10/site-packages/airflow/example_dags/example_nested_branch_dag.py
[2025-12-16T18:09:42.703+0000] {logging_mixin.py:150} INFO - [2025-12-16T18:09:42.702+0000] {dag.py:2742} INFO - Sync 1 DAGs
[2025-12-16T18:09:42.723+0000] {logging_mixin.py:150} INFO - [2025-12-16T18:09:42.722+0000] {dag.py:3504} INFO - Setting next_dagrun for example_nested_branch_dag to 2025-12-15T00:00:00+00:00, run_after=2025-12-16T00:00:00+00:00
[2025-12-16T18:09:42.738+0000] {processor.py:179} INFO - Processing /home/vscode/.local/lib/python3.10/site-packages/airflow/example_dags/example_nested_branch_dag.py took 0.076 seconds
[2025-12-16T18:10:29.295+0000] {processor.py:157} INFO - Started process (PID=11119) to work on /home/vscode/.local/lib/python3.10/site-packages/airflow/example_dags/example_nested_branch_dag.py
[2025-12-16T18:10:29.296+0000] {processor.py:826} INFO - Processing file /home/vscode/.local/lib/python3.10/site-packages/airflow/example_dags/example_nested_branch_dag.py for tasks to queue
[2025-12-16T18:10:29.297+0000] {logging_mixin.py:150} INFO - [2025-12-16T18:10:29.296+0000] {dagbag.py:541} INFO - Filling up the DagBag from /home/vscode/.local/lib/python3.10/site-packages/airflow/example_dags/example_nested_branch_dag.py
[2025-12-16T18:10:29.304+0000] {processor.py:836} INFO - DAG(s) dict_keys(['example_nested_branch_dag']) retrieved from /home/vscode/.local/lib/python3.10/site-packages/airflow/example_dags/example_nested_branch_dag.py
[2025-12-16T18:10:29.317+0000] {logging_mixin.py:150} INFO - [2025-12-16T18:10:29.316+0000] {dag.py:2742} INFO - Sync 1 DAGs
[2025-12-16T18:10:29.332+0000] {logging_mixin.py:150} INFO - [2025-12-16T18:10:29.332+0000] {dag.py:3504} INFO - Setting next_dagrun for example_nested_branch_dag to 2025-12-15T00:00:00+00:00, run_after=2025-12-16T00:00:00+00:00
[2025-12-16T18:10:29.349+0000] {processor.py:179} INFO - Processing /home/vscode/.local/lib/python3.10/site-packages/airflow/example_dags/example_nested_branch_dag.py took 0.056 seconds
[2025-12-16T18:11:21.900+0000] {processor.py:157} INFO - Started process (PID=11470) to work on /home/vscode/.local/lib/python3.10/site-packages/airflow/example_dags/example_nested_branch_dag.py
[2025-12-16T18:11:21.901+0000] {processor.py:826} INFO - Processing file /home/vscode/.local/lib/python3.10/site-packages/airflow/example_dags/example_nested_branch_dag.py for tasks to queue
[2025-12-16T18:11:21.901+0000] {logging_mixin.py:150} INFO - [2025-12-16T18:11:21.901+0000] {dagbag.py:541} INFO - Filling up the DagBag from /home/vscode/.local/lib/python3.10/site-packages/airflow/example_dags/example_nested_branch_dag.py
[2025-12-16T18:11:21.908+0000] {processor.py:836} INFO - DAG(s) dict_keys(['example_nested_branch_dag']) retrieved from /home/vscode/.local/lib/python3.10/site-packages/airflow/example_dags/example_nested_branch_dag.py
[2025-12-16T18:11:21.920+0000] {logging_mixin.py:150} INFO - [2025-12-16T18:11:21.920+0000] {dag.py:2742} INFO - Sync 1 DAGs
[2025-12-16T18:11:21.934+0000] {logging_mixin.py:150} INFO - [2025-12-16T18:11:21.934+0000] {dag.py:3504} INFO - Setting next_dagrun for example_nested_branch_dag to 2025-12-15T00:00:00+00:00, run_after=2025-12-16T00:00:00+00:00
[2025-12-16T18:11:21.949+0000] {processor.py:179} INFO - Processing /home/vscode/.local/lib/python3.10/site-packages/airflow/example_dags/example_nested_branch_dag.py took 0.051 seconds
[2025-12-16T18:12:08.467+0000] {processor.py:157} INFO - Started process (PID=11773) to work on /home/vscode/.local/lib/python3.10/site-packages/airflow/example_dags/example_nested_branch_dag.py
[2025-12-16T18:12:08.467+0000] {processor.py:826} INFO - Processing file /home/vscode/.local/lib/python3.10/site-packages/airflow/example_dags/example_nested_branch_dag.py for tasks to queue
[2025-12-16T18:12:08.468+0000] {logging_mixin.py:150} INFO - [2025-12-16T18:12:08.468+0000] {dagbag.py:541} INFO - Filling up the DagBag from /home/vscode/.local/lib/python3.10/site-packages/airflow/example_dags/example_nested_branch_dag.py
[2025-12-16T18:12:08.475+0000] {processor.py:836} INFO - DAG(s) dict_keys(['example_nested_branch_dag']) retrieved from /home/vscode/.local/lib/python3.10/site-packages/airflow/example_dags/example_nested_branch_dag.py
[2025-12-16T18:12:08.487+0000] {logging_mixin.py:150} INFO - [2025-12-16T18:12:08.487+0000] {dag.py:2742} INFO - Sync 1 DAGs
[2025-12-16T18:12:08.502+0000] {logging_mixin.py:150} INFO - [2025-12-16T18:12:08.502+0000] {dag.py:3504} INFO - Setting next_dagrun for example_nested_branch_dag to 2025-12-15T00:00:00+00:00, run_after=2025-12-16T00:00:00+00:00
[2025-12-16T18:12:08.516+0000] {processor.py:179} INFO - Processing /home/vscode/.local/lib/python3.10/site-packages/airflow/example_dags/example_nested_branch_dag.py took 0.052 seconds
[2025-12-16T18:13:02.035+0000] {processor.py:157} INFO - Started process (PID=12132) to work on /home/vscode/.local/lib/python3.10/site-packages/airflow/example_dags/example_nested_branch_dag.py
[2025-12-16T18:13:02.036+0000] {processor.py:826} INFO - Processing file /home/vscode/.local/lib/python3.10/site-packages/airflow/example_dags/example_nested_branch_dag.py for tasks to queue
[2025-12-16T18:13:02.036+0000] {logging_mixin.py:150} INFO - [2025-12-16T18:13:02.036+0000] {dagbag.py:541} INFO - Filling up the DagBag from /home/vscode/.local/lib/python3.10/site-packages/airflow/example_dags/example_nested_branch_dag.py
[2025-12-16T18:13:02.043+0000] {processor.py:836} INFO - DAG(s) dict_keys(['example_nested_branch_dag']) retrieved from /home/vscode/.local/lib/python3.10/site-packages/airflow/example_dags/example_nested_branch_dag.py
[2025-12-16T18:13:02.055+0000] {logging_mixin.py:150} INFO - [2025-12-16T18:13:02.055+0000] {dag.py:2742} INFO - Sync 1 DAGs
[2025-12-16T18:13:02.070+0000] {logging_mixin.py:150} INFO - [2025-12-16T18:13:02.070+0000] {dag.py:3504} INFO - Setting next_dagrun for example_nested_branch_dag to 2025-12-15T00:00:00+00:00, run_after=2025-12-16T00:00:00+00:00
[2025-12-16T18:13:02.084+0000] {processor.py:179} INFO - Processing /home/vscode/.local/lib/python3.10/site-packages/airflow/example_dags/example_nested_branch_dag.py took 0.051 seconds
[2025-12-16T18:13:45.188+0000] {processor.py:157} INFO - Started process (PID=12420) to work on /home/vscode/.local/lib/python3.10/site-packages/airflow/example_dags/example_nested_branch_dag.py
[2025-12-16T18:13:45.189+0000] {processor.py:826} INFO - Processing file /home/vscode/.local/lib/python3.10/site-packages/airflow/example_dags/example_nested_branch_dag.py for tasks to queue
[2025-12-16T18:13:45.190+0000] {logging_mixin.py:150} INFO - [2025-12-16T18:13:45.189+0000] {dagbag.py:541} INFO - Filling up the DagBag from /home/vscode/.local/lib/python3.10/site-packages/airflow/example_dags/example_nested_branch_dag.py
[2025-12-16T18:13:45.197+0000] {processor.py:836} INFO - DAG(s) dict_keys(['example_nested_branch_dag']) retrieved from /home/vscode/.local/lib/python3.10/site-packages/airflow/example_dags/example_nested_branch_dag.py
[2025-12-16T18:13:45.209+0000] {logging_mixin.py:150} INFO - [2025-12-16T18:13:45.209+0000] {dag.py:2742} INFO - Sync 1 DAGs
[2025-12-16T18:13:45.223+0000] {logging_mixin.py:150} INFO - [2025-12-16T18:13:45.223+0000] {dag.py:3504} INFO - Setting next_dagrun for example_nested_branch_dag to 2025-12-15T00:00:00+00:00, run_after=2025-12-16T00:00:00+00:00
[2025-12-16T18:13:45.238+0000] {processor.py:179} INFO - Processing /home/vscode/.local/lib/python3.10/site-packages/airflow/example_dags/example_nested_branch_dag.py took 0.051 seconds
[2025-12-16T18:14:38.325+0000] {processor.py:157} INFO - Started process (PID=12772) to work on /home/vscode/.local/lib/python3.10/site-packages/airflow/example_dags/example_nested_branch_dag.py
[2025-12-16T18:14:38.326+0000] {processor.py:826} INFO - Processing file /home/vscode/.local/lib/python3.10/site-packages/airflow/example_dags/example_nested_branch_dag.py for tasks to queue
[2025-12-16T18:14:38.326+0000] {logging_mixin.py:150} INFO - [2025-12-16T18:14:38.326+0000] {dagbag.py:541} INFO - Filling up the DagBag from /home/vscode/.local/lib/python3.10/site-packages/airflow/example_dags/example_nested_branch_dag.py
[2025-12-16T18:14:38.333+0000] {processor.py:836} INFO - DAG(s) dict_keys(['example_nested_branch_dag']) retrieved from /home/vscode/.local/lib/python3.10/site-packages/airflow/example_dags/example_nested_branch_dag.py
[2025-12-16T18:14:38.346+0000] {logging_mixin.py:150} INFO - [2025-12-16T18:14:38.346+0000] {dag.py:2742} INFO - Sync 1 DAGs
[2025-12-16T18:14:38.361+0000] {logging_mixin.py:150} INFO - [2025-12-16T18:14:38.361+0000] {dag.py:3504} INFO - Setting next_dagrun for example_nested_branch_dag to 2025-12-15T00:00:00+00:00, run_after=2025-12-16T00:00:00+00:00
[2025-12-16T18:14:38.375+0000] {processor.py:179} INFO - Processing /home/vscode/.local/lib/python3.10/site-packages/airflow/example_dags/example_nested_branch_dag.py took 0.052 seconds
[2025-12-16T18:15:26.431+0000] {processor.py:157} INFO - Started process (PID=13092) to work on /home/vscode/.local/lib/python3.10/site-packages/airflow/example_dags/example_nested_branch_dag.py
[2025-12-16T18:15:26.431+0000] {processor.py:826} INFO - Processing file /home/vscode/.local/lib/python3.10/site-packages/airflow/example_dags/example_nested_branch_dag.py for tasks to queue
[2025-12-16T18:15:26.432+0000] {logging_mixin.py:150} INFO - [2025-12-16T18:15:26.432+0000] {dagbag.py:541} INFO - Filling up the DagBag from /home/vscode/.local/lib/python3.10/site-packages/airflow/example_dags/example_nested_branch_dag.py
[2025-12-16T18:15:26.439+0000] {processor.py:836} INFO - DAG(s) dict_keys(['example_nested_branch_dag']) retrieved from /home/vscode/.local/lib/python3.10/site-packages/airflow/example_dags/example_nested_branch_dag.py
[2025-12-16T18:15:26.451+0000] {logging_mixin.py:150} INFO - [2025-12-16T18:15:26.451+0000] {dag.py:2742} INFO - Sync 1 DAGs
[2025-12-16T18:15:26.473+0000] {logging_mixin.py:150} INFO - [2025-12-16T18:15:26.473+0000] {dag.py:3504} INFO - Setting next_dagrun for example_nested_branch_dag to 2025-12-15T00:00:00+00:00, run_after=2025-12-16T00:00:00+00:00
[2025-12-16T18:15:26.493+0000] {processor.py:179} INFO - Processing /home/vscode/.local/lib/python3.10/site-packages/airflow/example_dags/example_nested_branch_dag.py took 0.064 seconds
[2025-12-16T18:16:14.829+0000] {processor.py:157} INFO - Started process (PID=13417) to work on /home/vscode/.local/lib/python3.10/site-packages/airflow/example_dags/example_nested_branch_dag.py
[2025-12-16T18:16:14.829+0000] {processor.py:826} INFO - Processing file /home/vscode/.local/lib/python3.10/site-packages/airflow/example_dags/example_nested_branch_dag.py for tasks to queue
[2025-12-16T18:16:14.830+0000] {logging_mixin.py:150} INFO - [2025-12-16T18:16:14.830+0000] {dagbag.py:541} INFO - Filling up the DagBag from /home/vscode/.local/lib/python3.10/site-packages/airflow/example_dags/example_nested_branch_dag.py
[2025-12-16T18:16:14.837+0000] {processor.py:836} INFO - DAG(s) dict_keys(['example_nested_branch_dag']) retrieved from /home/vscode/.local/lib/python3.10/site-packages/airflow/example_dags/example_nested_branch_dag.py
[2025-12-16T18:16:14.849+0000] {logging_mixin.py:150} INFO - [2025-12-16T18:16:14.849+0000] {dag.py:2742} INFO - Sync 1 DAGs
[2025-12-16T18:16:14.865+0000] {logging_mixin.py:150} INFO - [2025-12-16T18:16:14.865+0000] {dag.py:3504} INFO - Setting next_dagrun for example_nested_branch_dag to 2025-12-15T00:00:00+00:00, run_after=2025-12-16T00:00:00+00:00
[2025-12-16T18:16:14.879+0000] {processor.py:179} INFO - Processing /home/vscode/.local/lib/python3.10/site-packages/airflow/example_dags/example_nested_branch_dag.py took 0.053 seconds
[2025-12-16T18:17:05.627+0000] {processor.py:157} INFO - Started process (PID=13753) to work on /home/vscode/.local/lib/python3.10/site-packages/airflow/example_dags/example_nested_branch_dag.py
[2025-12-16T18:17:05.628+0000] {processor.py:826} INFO - Processing file /home/vscode/.local/lib/python3.10/site-packages/airflow/example_dags/example_nested_branch_dag.py for tasks to queue
[2025-12-16T18:17:05.628+0000] {logging_mixin.py:150} INFO - [2025-12-16T18:17:05.628+0000] {dagbag.py:541} INFO - Filling up the DagBag from /home/vscode/.local/lib/python3.10/site-packages/airflow/example_dags/example_nested_branch_dag.py
[2025-12-16T18:17:05.636+0000] {processor.py:836} INFO - DAG(s) dict_keys(['example_nested_branch_dag']) retrieved from /home/vscode/.local/lib/python3.10/site-packages/airflow/example_dags/example_nested_branch_dag.py
[2025-12-16T18:17:05.648+0000] {logging_mixin.py:150} INFO - [2025-12-16T18:17:05.648+0000] {dag.py:2742} INFO - Sync 1 DAGs
[2025-12-16T18:17:05.663+0000] {logging_mixin.py:150} INFO - [2025-12-16T18:17:05.663+0000] {dag.py:3504} INFO - Setting next_dagrun for example_nested_branch_dag to 2025-12-15T00:00:00+00:00, run_after=2025-12-16T00:00:00+00:00
[2025-12-16T18:17:05.677+0000] {processor.py:179} INFO - Processing /home/vscode/.local/lib/python3.10/site-packages/airflow/example_dags/example_nested_branch_dag.py took 0.052 seconds
[2025-12-16T18:17:53.574+0000] {processor.py:157} INFO - Started process (PID=14071) to work on /home/vscode/.local/lib/python3.10/site-packages/airflow/example_dags/example_nested_branch_dag.py
[2025-12-16T18:17:53.575+0000] {processor.py:826} INFO - Processing file /home/vscode/.local/lib/python3.10/site-packages/airflow/example_dags/example_nested_branch_dag.py for tasks to queue
[2025-12-16T18:17:53.576+0000] {logging_mixin.py:150} INFO - [2025-12-16T18:17:53.575+0000] {dagbag.py:541} INFO - Filling up the DagBag from /home/vscode/.local/lib/python3.10/site-packages/airflow/example_dags/example_nested_branch_dag.py
[2025-12-16T18:17:53.583+0000] {processor.py:836} INFO - DAG(s) dict_keys(['example_nested_branch_dag']) retrieved from /home/vscode/.local/lib/python3.10/site-packages/airflow/example_dags/example_nested_branch_dag.py
[2025-12-16T18:17:53.595+0000] {logging_mixin.py:150} INFO - [2025-12-16T18:17:53.595+0000] {dag.py:2742} INFO - Sync 1 DAGs
[2025-12-16T18:17:53.610+0000] {logging_mixin.py:150} INFO - [2025-12-16T18:17:53.610+0000] {dag.py:3504} INFO - Setting next_dagrun for example_nested_branch_dag to 2025-12-15T00:00:00+00:00, run_after=2025-12-16T00:00:00+00:00
[2025-12-16T18:17:53.630+0000] {processor.py:179} INFO - Processing /home/vscode/.local/lib/python3.10/site-packages/airflow/example_dags/example_nested_branch_dag.py took 0.058 seconds
[2025-12-16T18:18:38.769+0000] {processor.py:157} INFO - Started process (PID=14370) to work on /home/vscode/.local/lib/python3.10/site-packages/airflow/example_dags/example_nested_branch_dag.py
[2025-12-16T18:18:38.770+0000] {processor.py:826} INFO - Processing file /home/vscode/.local/lib/python3.10/site-packages/airflow/example_dags/example_nested_branch_dag.py for tasks to queue
[2025-12-16T18:18:38.771+0000] {logging_mixin.py:150} INFO - [2025-12-16T18:18:38.770+0000] {dagbag.py:541} INFO - Filling up the DagBag from /home/vscode/.local/lib/python3.10/site-packages/airflow/example_dags/example_nested_branch_dag.py
[2025-12-16T18:18:38.781+0000] {processor.py:836} INFO - DAG(s) dict_keys(['example_nested_branch_dag']) retrieved from /home/vscode/.local/lib/python3.10/site-packages/airflow/example_dags/example_nested_branch_dag.py
[2025-12-16T18:18:38.799+0000] {logging_mixin.py:150} INFO - [2025-12-16T18:18:38.799+0000] {dag.py:2742} INFO - Sync 1 DAGs
[2025-12-16T18:18:38.815+0000] {logging_mixin.py:150} INFO - [2025-12-16T18:18:38.814+0000] {dag.py:3504} INFO - Setting next_dagrun for example_nested_branch_dag to 2025-12-15T00:00:00+00:00, run_after=2025-12-16T00:00:00+00:00
[2025-12-16T18:18:38.829+0000] {processor.py:179} INFO - Processing /home/vscode/.local/lib/python3.10/site-packages/airflow/example_dags/example_nested_branch_dag.py took 0.063 seconds
[2025-12-16T18:19:27.285+0000] {processor.py:157} INFO - Started process (PID=14692) to work on /home/vscode/.local/lib/python3.10/site-packages/airflow/example_dags/example_nested_branch_dag.py
[2025-12-16T18:19:27.286+0000] {processor.py:826} INFO - Processing file /home/vscode/.local/lib/python3.10/site-packages/airflow/example_dags/example_nested_branch_dag.py for tasks to queue
[2025-12-16T18:19:27.286+0000] {logging_mixin.py:150} INFO - [2025-12-16T18:19:27.286+0000] {dagbag.py:541} INFO - Filling up the DagBag from /home/vscode/.local/lib/python3.10/site-packages/airflow/example_dags/example_nested_branch_dag.py
[2025-12-16T18:19:27.294+0000] {processor.py:836} INFO - DAG(s) dict_keys(['example_nested_branch_dag']) retrieved from /home/vscode/.local/lib/python3.10/site-packages/airflow/example_dags/example_nested_branch_dag.py
[2025-12-16T18:19:27.306+0000] {logging_mixin.py:150} INFO - [2025-12-16T18:19:27.306+0000] {dag.py:2742} INFO - Sync 1 DAGs
[2025-12-16T18:19:27.321+0000] {logging_mixin.py:150} INFO - [2025-12-16T18:19:27.321+0000] {dag.py:3504} INFO - Setting next_dagrun for example_nested_branch_dag to 2025-12-15T00:00:00+00:00, run_after=2025-12-16T00:00:00+00:00
[2025-12-16T18:19:27.336+0000] {processor.py:179} INFO - Processing /home/vscode/.local/lib/python3.10/site-packages/airflow/example_dags/example_nested_branch_dag.py took 0.053 seconds
[2025-12-16T18:20:13.631+0000] {processor.py:157} INFO - Started process (PID=15002) to work on /home/vscode/.local/lib/python3.10/site-packages/airflow/example_dags/example_nested_branch_dag.py
[2025-12-16T18:20:13.632+0000] {processor.py:826} INFO - Processing file /home/vscode/.local/lib/python3.10/site-packages/airflow/example_dags/example_nested_branch_dag.py for tasks to queue
[2025-12-16T18:20:13.632+0000] {logging_mixin.py:150} INFO - [2025-12-16T18:20:13.632+0000] {dagbag.py:541} INFO - Filling up the DagBag from /home/vscode/.local/lib/python3.10/site-packages/airflow/example_dags/example_nested_branch_dag.py
[2025-12-16T18:20:13.639+0000] {processor.py:836} INFO - DAG(s) dict_keys(['example_nested_branch_dag']) retrieved from /home/vscode/.local/lib/python3.10/site-packages/airflow/example_dags/example_nested_branch_dag.py
[2025-12-16T18:20:13.651+0000] {logging_mixin.py:150} INFO - [2025-12-16T18:20:13.651+0000] {dag.py:2742} INFO - Sync 1 DAGs
[2025-12-16T18:20:13.667+0000] {logging_mixin.py:150} INFO - [2025-12-16T18:20:13.667+0000] {dag.py:3504} INFO - Setting next_dagrun for example_nested_branch_dag to 2025-12-15T00:00:00+00:00, run_after=2025-12-16T00:00:00+00:00
[2025-12-16T18:20:13.681+0000] {processor.py:179} INFO - Processing /home/vscode/.local/lib/python3.10/site-packages/airflow/example_dags/example_nested_branch_dag.py took 0.052 seconds
[2025-12-16T18:20:59.632+0000] {processor.py:157} INFO - Started process (PID=15307) to work on /home/vscode/.local/lib/python3.10/site-packages/airflow/example_dags/example_nested_branch_dag.py
[2025-12-16T18:20:59.632+0000] {processor.py:826} INFO - Processing file /home/vscode/.local/lib/python3.10/site-packages/airflow/example_dags/example_nested_branch_dag.py for tasks to queue
[2025-12-16T18:20:59.633+0000] {logging_mixin.py:150} INFO - [2025-12-16T18:20:59.633+0000] {dagbag.py:541} INFO - Filling up the DagBag from /home/vscode/.local/lib/python3.10/site-packages/airflow/example_dags/example_nested_branch_dag.py
[2025-12-16T18:20:59.640+0000] {processor.py:836} INFO - DAG(s) dict_keys(['example_nested_branch_dag']) retrieved from /home/vscode/.local/lib/python3.10/site-packages/airflow/example_dags/example_nested_branch_dag.py
[2025-12-16T18:20:59.652+0000] {logging_mixin.py:150} INFO - [2025-12-16T18:20:59.652+0000] {dag.py:2742} INFO - Sync 1 DAGs
[2025-12-16T18:20:59.666+0000] {logging_mixin.py:150} INFO - [2025-12-16T18:20:59.666+0000] {dag.py:3504} INFO - Setting next_dagrun for example_nested_branch_dag to 2025-12-15T00:00:00+00:00, run_after=2025-12-16T00:00:00+00:00
[2025-12-16T18:20:59.680+0000] {processor.py:179} INFO - Processing /home/vscode/.local/lib/python3.10/site-packages/airflow/example_dags/example_nested_branch_dag.py took 0.050 seconds
[2025-12-16T18:21:48.768+0000] {processor.py:157} INFO - Started process (PID=15634) to work on /home/vscode/.local/lib/python3.10/site-packages/airflow/example_dags/example_nested_branch_dag.py
[2025-12-16T18:21:48.768+0000] {processor.py:826} INFO - Processing file /home/vscode/.local/lib/python3.10/site-packages/airflow/example_dags/example_nested_branch_dag.py for tasks to queue
[2025-12-16T18:21:48.769+0000] {logging_mixin.py:150} INFO - [2025-12-16T18:21:48.769+0000] {dagbag.py:541} INFO - Filling up the DagBag from /home/vscode/.local/lib/python3.10/site-packages/airflow/example_dags/example_nested_branch_dag.py
[2025-12-16T18:21:48.779+0000] {processor.py:836} INFO - DAG(s) dict_keys(['example_nested_branch_dag']) retrieved from /home/vscode/.local/lib/python3.10/site-packages/airflow/example_dags/example_nested_branch_dag.py
[2025-12-16T18:21:48.797+0000] {logging_mixin.py:150} INFO - [2025-12-16T18:21:48.797+0000] {dag.py:2742} INFO - Sync 1 DAGs
[2025-12-16T18:21:48.819+0000] {logging_mixin.py:150} INFO - [2025-12-16T18:21:48.819+0000] {dag.py:3504} INFO - Setting next_dagrun for example_nested_branch_dag to 2025-12-15T00:00:00+00:00, run_after=2025-12-16T00:00:00+00:00
[2025-12-16T18:21:48.835+0000] {processor.py:179} INFO - Processing /home/vscode/.local/lib/python3.10/site-packages/airflow/example_dags/example_nested_branch_dag.py took 0.070 seconds
[2025-12-16T18:22:36.370+0000] {processor.py:157} INFO - Started process (PID=15952) to work on /home/vscode/.local/lib/python3.10/site-packages/airflow/example_dags/example_nested_branch_dag.py
[2025-12-16T18:22:36.370+0000] {processor.py:826} INFO - Processing file /home/vscode/.local/lib/python3.10/site-packages/airflow/example_dags/example_nested_branch_dag.py for tasks to queue
[2025-12-16T18:22:36.371+0000] {logging_mixin.py:150} INFO - [2025-12-16T18:22:36.371+0000] {dagbag.py:541} INFO - Filling up the DagBag from /home/vscode/.local/lib/python3.10/site-packages/airflow/example_dags/example_nested_branch_dag.py
[2025-12-16T18:22:36.378+0000] {processor.py:836} INFO - DAG(s) dict_keys(['example_nested_branch_dag']) retrieved from /home/vscode/.local/lib/python3.10/site-packages/airflow/example_dags/example_nested_branch_dag.py
[2025-12-16T18:22:36.390+0000] {logging_mixin.py:150} INFO - [2025-12-16T18:22:36.390+0000] {dag.py:2742} INFO - Sync 1 DAGs
[2025-12-16T18:22:36.404+0000] {logging_mixin.py:150} INFO - [2025-12-16T18:22:36.404+0000] {dag.py:3504} INFO - Setting next_dagrun for example_nested_branch_dag to 2025-12-15T00:00:00+00:00, run_after=2025-12-16T00:00:00+00:00
[2025-12-16T18:22:36.419+0000] {processor.py:179} INFO - Processing /home/vscode/.local/lib/python3.10/site-packages/airflow/example_dags/example_nested_branch_dag.py took 0.051 seconds
[2025-12-16T18:23:25.057+0000] {processor.py:157} INFO - Started process (PID=16278) to work on /home/vscode/.local/lib/python3.10/site-packages/airflow/example_dags/example_nested_branch_dag.py
[2025-12-16T18:23:25.057+0000] {processor.py:826} INFO - Processing file /home/vscode/.local/lib/python3.10/site-packages/airflow/example_dags/example_nested_branch_dag.py for tasks to queue
[2025-12-16T18:23:25.058+0000] {logging_mixin.py:150} INFO - [2025-12-16T18:23:25.058+0000] {dagbag.py:541} INFO - Filling up the DagBag from /home/vscode/.local/lib/python3.10/site-packages/airflow/example_dags/example_nested_branch_dag.py
[2025-12-16T18:23:25.066+0000] {processor.py:836} INFO - DAG(s) dict_keys(['example_nested_branch_dag']) retrieved from /home/vscode/.local/lib/python3.10/site-packages/airflow/example_dags/example_nested_branch_dag.py
[2025-12-16T18:23:25.078+0000] {logging_mixin.py:150} INFO - [2025-12-16T18:23:25.078+0000] {dag.py:2742} INFO - Sync 1 DAGs
[2025-12-16T18:23:25.094+0000] {logging_mixin.py:150} INFO - [2025-12-16T18:23:25.094+0000] {dag.py:3504} INFO - Setting next_dagrun for example_nested_branch_dag to 2025-12-15T00:00:00+00:00, run_after=2025-12-16T00:00:00+00:00
[2025-12-16T18:23:25.108+0000] {processor.py:179} INFO - Processing /home/vscode/.local/lib/python3.10/site-packages/airflow/example_dags/example_nested_branch_dag.py took 0.055 seconds
[2025-12-16T18:24:08.848+0000] {processor.py:157} INFO - Started process (PID=16568) to work on /home/vscode/.local/lib/python3.10/site-packages/airflow/example_dags/example_nested_branch_dag.py
[2025-12-16T18:24:08.849+0000] {processor.py:826} INFO - Processing file /home/vscode/.local/lib/python3.10/site-packages/airflow/example_dags/example_nested_branch_dag.py for tasks to queue
[2025-12-16T18:24:08.850+0000] {logging_mixin.py:150} INFO - [2025-12-16T18:24:08.849+0000] {dagbag.py:541} INFO - Filling up the DagBag from /home/vscode/.local/lib/python3.10/site-packages/airflow/example_dags/example_nested_branch_dag.py
[2025-12-16T18:24:08.857+0000] {processor.py:836} INFO - DAG(s) dict_keys(['example_nested_branch_dag']) retrieved from /home/vscode/.local/lib/python3.10/site-packages/airflow/example_dags/example_nested_branch_dag.py
[2025-12-16T18:24:08.870+0000] {logging_mixin.py:150} INFO - [2025-12-16T18:24:08.869+0000] {dag.py:2742} INFO - Sync 1 DAGs
[2025-12-16T18:24:08.885+0000] {logging_mixin.py:150} INFO - [2025-12-16T18:24:08.885+0000] {dag.py:3504} INFO - Setting next_dagrun for example_nested_branch_dag to 2025-12-15T00:00:00+00:00, run_after=2025-12-16T00:00:00+00:00
[2025-12-16T18:24:08.900+0000] {processor.py:179} INFO - Processing /home/vscode/.local/lib/python3.10/site-packages/airflow/example_dags/example_nested_branch_dag.py took 0.054 seconds
[2025-12-16T18:24:58.641+0000] {processor.py:157} INFO - Started process (PID=16892) to work on /home/vscode/.local/lib/python3.10/site-packages/airflow/example_dags/example_nested_branch_dag.py
[2025-12-16T18:24:58.641+0000] {processor.py:826} INFO - Processing file /home/vscode/.local/lib/python3.10/site-packages/airflow/example_dags/example_nested_branch_dag.py for tasks to queue
[2025-12-16T18:24:58.642+0000] {logging_mixin.py:150} INFO - [2025-12-16T18:24:58.642+0000] {dagbag.py:541} INFO - Filling up the DagBag from /home/vscode/.local/lib/python3.10/site-packages/airflow/example_dags/example_nested_branch_dag.py
[2025-12-16T18:24:58.649+0000] {processor.py:836} INFO - DAG(s) dict_keys(['example_nested_branch_dag']) retrieved from /home/vscode/.local/lib/python3.10/site-packages/airflow/example_dags/example_nested_branch_dag.py
[2025-12-16T18:24:58.661+0000] {logging_mixin.py:150} INFO - [2025-12-16T18:24:58.661+0000] {dag.py:2742} INFO - Sync 1 DAGs
[2025-12-16T18:24:58.675+0000] {logging_mixin.py:150} INFO - [2025-12-16T18:24:58.675+0000] {dag.py:3504} INFO - Setting next_dagrun for example_nested_branch_dag to 2025-12-15T00:00:00+00:00, run_after=2025-12-16T00:00:00+00:00
[2025-12-16T18:24:58.690+0000] {processor.py:179} INFO - Processing /home/vscode/.local/lib/python3.10/site-packages/airflow/example_dags/example_nested_branch_dag.py took 0.051 seconds
[2025-12-16T18:25:44.634+0000] {processor.py:157} INFO - Started process (PID=17211) to work on /home/vscode/.local/lib/python3.10/site-packages/airflow/example_dags/example_nested_branch_dag.py
[2025-12-16T18:25:44.635+0000] {processor.py:826} INFO - Processing file /home/vscode/.local/lib/python3.10/site-packages/airflow/example_dags/example_nested_branch_dag.py for tasks to queue
[2025-12-16T18:25:44.636+0000] {logging_mixin.py:150} INFO - [2025-12-16T18:25:44.635+0000] {dagbag.py:541} INFO - Filling up the DagBag from /home/vscode/.local/lib/python3.10/site-packages/airflow/example_dags/example_nested_branch_dag.py
[2025-12-16T18:25:44.647+0000] {processor.py:836} INFO - DAG(s) dict_keys(['example_nested_branch_dag']) retrieved from /home/vscode/.local/lib/python3.10/site-packages/airflow/example_dags/example_nested_branch_dag.py
[2025-12-16T18:25:44.665+0000] {logging_mixin.py:150} INFO - [2025-12-16T18:25:44.665+0000] {dag.py:2742} INFO - Sync 1 DAGs
[2025-12-16T18:25:44.679+0000] {logging_mixin.py:150} INFO - [2025-12-16T18:25:44.679+0000] {dag.py:3504} INFO - Setting next_dagrun for example_nested_branch_dag to 2025-12-15T00:00:00+00:00, run_after=2025-12-16T00:00:00+00:00
[2025-12-16T18:25:44.693+0000] {processor.py:179} INFO - Processing /home/vscode/.local/lib/python3.10/site-packages/airflow/example_dags/example_nested_branch_dag.py took 0.062 seconds
[2025-12-16T18:26:33.505+0000] {processor.py:157} INFO - Started process (PID=17530) to work on /home/vscode/.local/lib/python3.10/site-packages/airflow/example_dags/example_nested_branch_dag.py
[2025-12-16T18:26:33.506+0000] {processor.py:826} INFO - Processing file /home/vscode/.local/lib/python3.10/site-packages/airflow/example_dags/example_nested_branch_dag.py for tasks to queue
[2025-12-16T18:26:33.506+0000] {logging_mixin.py:150} INFO - [2025-12-16T18:26:33.506+0000] {dagbag.py:541} INFO - Filling up the DagBag from /home/vscode/.local/lib/python3.10/site-packages/airflow/example_dags/example_nested_branch_dag.py
[2025-12-16T18:26:33.513+0000] {processor.py:836} INFO - DAG(s) dict_keys(['example_nested_branch_dag']) retrieved from /home/vscode/.local/lib/python3.10/site-packages/airflow/example_dags/example_nested_branch_dag.py
[2025-12-16T18:26:33.526+0000] {logging_mixin.py:150} INFO - [2025-12-16T18:26:33.526+0000] {dag.py:2742} INFO - Sync 1 DAGs
[2025-12-16T18:26:33.540+0000] {logging_mixin.py:150} INFO - [2025-12-16T18:26:33.540+0000] {dag.py:3504} INFO - Setting next_dagrun for example_nested_branch_dag to 2025-12-15T00:00:00+00:00, run_after=2025-12-16T00:00:00+00:00
[2025-12-16T18:26:33.554+0000] {processor.py:179} INFO - Processing /home/vscode/.local/lib/python3.10/site-packages/airflow/example_dags/example_nested_branch_dag.py took 0.052 seconds
