[2025-12-16T17:54:05.345+0000] {processor.py:157} INFO - Started process (PID=4046) to work on /home/vscode/.local/lib/python3.10/site-packages/airflow/example_dags/example_branch_operator_decorator.py
[2025-12-16T17:54:05.346+0000] {processor.py:826} INFO - Processing file /home/vscode/.local/lib/python3.10/site-packages/airflow/example_dags/example_branch_operator_decorator.py for tasks to queue
[2025-12-16T17:54:05.346+0000] {logging_mixin.py:150} INFO - [2025-12-16T17:54:05.346+0000] {dagbag.py:541} INFO - Filling up the DagBag from /home/vscode/.local/lib/python3.10/site-packages/airflow/example_dags/example_branch_operator_decorator.py
[2025-12-16T17:54:05.354+0000] {processor.py:836} INFO - DAG(s) dict_keys(['example_branch_python_operator_decorator']) retrieved from /home/vscode/.local/lib/python3.10/site-packages/airflow/example_dags/example_branch_operator_decorator.py
[2025-12-16T17:54:05.428+0000] {logging_mixin.py:150} INFO - [2025-12-16T17:54:05.428+0000] {manager.py:504} INFO - Created Permission View: can read on DAG:example_branch_python_operator_decorator
[2025-12-16T17:54:05.436+0000] {logging_mixin.py:150} INFO - [2025-12-16T17:54:05.436+0000] {manager.py:504} INFO - Created Permission View: can delete on DAG:example_branch_python_operator_decorator
[2025-12-16T17:54:05.442+0000] {logging_mixin.py:150} INFO - [2025-12-16T17:54:05.442+0000] {manager.py:504} INFO - Created Permission View: can edit on DAG:example_branch_python_operator_decorator
[2025-12-16T17:54:05.450+0000] {logging_mixin.py:150} INFO - [2025-12-16T17:54:05.449+0000] {dag.py:2742} INFO - Sync 1 DAGs
[2025-12-16T17:54:05.457+0000] {logging_mixin.py:150} INFO - [2025-12-16T17:54:05.457+0000] {dag.py:2763} INFO - Creating ORM DAG for example_branch_python_operator_decorator
[2025-12-16T17:54:05.464+0000] {logging_mixin.py:150} INFO - [2025-12-16T17:54:05.464+0000] {dag.py:3504} INFO - Setting next_dagrun for example_branch_python_operator_decorator to 2025-12-15T00:00:00+00:00, run_after=2025-12-16T00:00:00+00:00
[2025-12-16T17:54:05.479+0000] {processor.py:179} INFO - Processing /home/vscode/.local/lib/python3.10/site-packages/airflow/example_dags/example_branch_operator_decorator.py took 0.136 seconds
[2025-12-16T17:54:59.608+0000] {processor.py:157} INFO - Started process (PID=4548) to work on /home/vscode/.local/lib/python3.10/site-packages/airflow/example_dags/example_branch_operator_decorator.py
[2025-12-16T17:54:59.609+0000] {processor.py:826} INFO - Processing file /home/vscode/.local/lib/python3.10/site-packages/airflow/example_dags/example_branch_operator_decorator.py for tasks to queue
[2025-12-16T17:54:59.609+0000] {logging_mixin.py:150} INFO - [2025-12-16T17:54:59.609+0000] {dagbag.py:541} INFO - Filling up the DagBag from /home/vscode/.local/lib/python3.10/site-packages/airflow/example_dags/example_branch_operator_decorator.py
[2025-12-16T17:54:59.618+0000] {processor.py:836} INFO - DAG(s) dict_keys(['example_branch_python_operator_decorator']) retrieved from /home/vscode/.local/lib/python3.10/site-packages/airflow/example_dags/example_branch_operator_decorator.py
[2025-12-16T17:54:59.635+0000] {logging_mixin.py:150} INFO - [2025-12-16T17:54:59.635+0000] {dag.py:2742} INFO - Sync 1 DAGs
[2025-12-16T17:54:59.650+0000] {logging_mixin.py:150} INFO - [2025-12-16T17:54:59.650+0000] {dag.py:3504} INFO - Setting next_dagrun for example_branch_python_operator_decorator to 2025-12-15T00:00:00+00:00, run_after=2025-12-16T00:00:00+00:00
[2025-12-16T17:54:59.668+0000] {processor.py:179} INFO - Processing /home/vscode/.local/lib/python3.10/site-packages/airflow/example_dags/example_branch_operator_decorator.py took 0.062 seconds
[2025-12-16T17:55:46.669+0000] {processor.py:157} INFO - Started process (PID=4992) to work on /home/vscode/.local/lib/python3.10/site-packages/airflow/example_dags/example_branch_operator_decorator.py
[2025-12-16T17:55:46.669+0000] {processor.py:826} INFO - Processing file /home/vscode/.local/lib/python3.10/site-packages/airflow/example_dags/example_branch_operator_decorator.py for tasks to queue
[2025-12-16T17:55:46.670+0000] {logging_mixin.py:150} INFO - [2025-12-16T17:55:46.670+0000] {dagbag.py:541} INFO - Filling up the DagBag from /home/vscode/.local/lib/python3.10/site-packages/airflow/example_dags/example_branch_operator_decorator.py
[2025-12-16T17:55:46.678+0000] {processor.py:836} INFO - DAG(s) dict_keys(['example_branch_python_operator_decorator']) retrieved from /home/vscode/.local/lib/python3.10/site-packages/airflow/example_dags/example_branch_operator_decorator.py
[2025-12-16T17:55:46.691+0000] {logging_mixin.py:150} INFO - [2025-12-16T17:55:46.691+0000] {dag.py:2742} INFO - Sync 1 DAGs
[2025-12-16T17:55:46.706+0000] {logging_mixin.py:150} INFO - [2025-12-16T17:55:46.706+0000] {dag.py:3504} INFO - Setting next_dagrun for example_branch_python_operator_decorator to 2025-12-15T00:00:00+00:00, run_after=2025-12-16T00:00:00+00:00
[2025-12-16T17:55:46.723+0000] {processor.py:179} INFO - Processing /home/vscode/.local/lib/python3.10/site-packages/airflow/example_dags/example_branch_operator_decorator.py took 0.056 seconds
[2025-12-16T17:56:36.671+0000] {processor.py:157} INFO - Started process (PID=5373) to work on /home/vscode/.local/lib/python3.10/site-packages/airflow/example_dags/example_branch_operator_decorator.py
[2025-12-16T17:56:36.671+0000] {processor.py:826} INFO - Processing file /home/vscode/.local/lib/python3.10/site-packages/airflow/example_dags/example_branch_operator_decorator.py for tasks to queue
[2025-12-16T17:56:36.672+0000] {logging_mixin.py:150} INFO - [2025-12-16T17:56:36.672+0000] {dagbag.py:541} INFO - Filling up the DagBag from /home/vscode/.local/lib/python3.10/site-packages/airflow/example_dags/example_branch_operator_decorator.py
[2025-12-16T17:56:36.679+0000] {processor.py:836} INFO - DAG(s) dict_keys(['example_branch_python_operator_decorator']) retrieved from /home/vscode/.local/lib/python3.10/site-packages/airflow/example_dags/example_branch_operator_decorator.py
[2025-12-16T17:56:36.692+0000] {logging_mixin.py:150} INFO - [2025-12-16T17:56:36.692+0000] {dag.py:2742} INFO - Sync 1 DAGs
[2025-12-16T17:56:36.707+0000] {logging_mixin.py:150} INFO - [2025-12-16T17:56:36.707+0000] {dag.py:3504} INFO - Setting next_dagrun for example_branch_python_operator_decorator to 2025-12-15T00:00:00+00:00, run_after=2025-12-16T00:00:00+00:00
[2025-12-16T17:56:36.724+0000] {processor.py:179} INFO - Processing /home/vscode/.local/lib/python3.10/site-packages/airflow/example_dags/example_branch_operator_decorator.py took 0.056 seconds
[2025-12-16T17:57:23.043+0000] {processor.py:157} INFO - Started process (PID=5868) to work on /home/vscode/.local/lib/python3.10/site-packages/airflow/example_dags/example_branch_operator_decorator.py
[2025-12-16T17:57:23.043+0000] {processor.py:826} INFO - Processing file /home/vscode/.local/lib/python3.10/site-packages/airflow/example_dags/example_branch_operator_decorator.py for tasks to queue
[2025-12-16T17:57:23.044+0000] {logging_mixin.py:150} INFO - [2025-12-16T17:57:23.044+0000] {dagbag.py:541} INFO - Filling up the DagBag from /home/vscode/.local/lib/python3.10/site-packages/airflow/example_dags/example_branch_operator_decorator.py
[2025-12-16T17:57:23.051+0000] {processor.py:836} INFO - DAG(s) dict_keys(['example_branch_python_operator_decorator']) retrieved from /home/vscode/.local/lib/python3.10/site-packages/airflow/example_dags/example_branch_operator_decorator.py
[2025-12-16T17:57:23.066+0000] {logging_mixin.py:150} INFO - [2025-12-16T17:57:23.066+0000] {dag.py:2742} INFO - Sync 1 DAGs
[2025-12-16T17:57:23.081+0000] {logging_mixin.py:150} INFO - [2025-12-16T17:57:23.081+0000] {dag.py:3504} INFO - Setting next_dagrun for example_branch_python_operator_decorator to 2025-12-15T00:00:00+00:00, run_after=2025-12-16T00:00:00+00:00
[2025-12-16T17:57:23.096+0000] {processor.py:179} INFO - Processing /home/vscode/.local/lib/python3.10/site-packages/airflow/example_dags/example_branch_operator_decorator.py took 0.056 seconds
[2025-12-16T17:58:11.146+0000] {processor.py:157} INFO - Started process (PID=6200) to work on /home/vscode/.local/lib/python3.10/site-packages/airflow/example_dags/example_branch_operator_decorator.py
[2025-12-16T17:58:11.146+0000] {processor.py:826} INFO - Processing file /home/vscode/.local/lib/python3.10/site-packages/airflow/example_dags/example_branch_operator_decorator.py for tasks to queue
[2025-12-16T17:58:11.147+0000] {logging_mixin.py:150} INFO - [2025-12-16T17:58:11.147+0000] {dagbag.py:541} INFO - Filling up the DagBag from /home/vscode/.local/lib/python3.10/site-packages/airflow/example_dags/example_branch_operator_decorator.py
[2025-12-16T17:58:11.154+0000] {processor.py:836} INFO - DAG(s) dict_keys(['example_branch_python_operator_decorator']) retrieved from /home/vscode/.local/lib/python3.10/site-packages/airflow/example_dags/example_branch_operator_decorator.py
[2025-12-16T17:58:11.167+0000] {logging_mixin.py:150} INFO - [2025-12-16T17:58:11.167+0000] {dag.py:2742} INFO - Sync 1 DAGs
[2025-12-16T17:58:11.182+0000] {logging_mixin.py:150} INFO - [2025-12-16T17:58:11.181+0000] {dag.py:3504} INFO - Setting next_dagrun for example_branch_python_operator_decorator to 2025-12-15T00:00:00+00:00, run_after=2025-12-16T00:00:00+00:00
[2025-12-16T17:58:11.197+0000] {processor.py:179} INFO - Processing /home/vscode/.local/lib/python3.10/site-packages/airflow/example_dags/example_branch_operator_decorator.py took 0.053 seconds
[2025-12-16T17:58:58.548+0000] {processor.py:157} INFO - Started process (PID=6525) to work on /home/vscode/.local/lib/python3.10/site-packages/airflow/example_dags/example_branch_operator_decorator.py
[2025-12-16T17:58:58.548+0000] {processor.py:826} INFO - Processing file /home/vscode/.local/lib/python3.10/site-packages/airflow/example_dags/example_branch_operator_decorator.py for tasks to queue
[2025-12-16T17:58:58.549+0000] {logging_mixin.py:150} INFO - [2025-12-16T17:58:58.549+0000] {dagbag.py:541} INFO - Filling up the DagBag from /home/vscode/.local/lib/python3.10/site-packages/airflow/example_dags/example_branch_operator_decorator.py
[2025-12-16T17:58:58.556+0000] {processor.py:836} INFO - DAG(s) dict_keys(['example_branch_python_operator_decorator']) retrieved from /home/vscode/.local/lib/python3.10/site-packages/airflow/example_dags/example_branch_operator_decorator.py
[2025-12-16T17:58:58.568+0000] {logging_mixin.py:150} INFO - [2025-12-16T17:58:58.568+0000] {dag.py:2742} INFO - Sync 1 DAGs
[2025-12-16T17:58:58.584+0000] {logging_mixin.py:150} INFO - [2025-12-16T17:58:58.584+0000] {dag.py:3504} INFO - Setting next_dagrun for example_branch_python_operator_decorator to 2025-12-15T00:00:00+00:00, run_after=2025-12-16T00:00:00+00:00
[2025-12-16T17:58:58.598+0000] {processor.py:179} INFO - Processing /home/vscode/.local/lib/python3.10/site-packages/airflow/example_dags/example_branch_operator_decorator.py took 0.053 seconds
[2025-12-16T17:59:44.782+0000] {processor.py:157} INFO - Started process (PID=6835) to work on /home/vscode/.local/lib/python3.10/site-packages/airflow/example_dags/example_branch_operator_decorator.py
[2025-12-16T17:59:44.782+0000] {processor.py:826} INFO - Processing file /home/vscode/.local/lib/python3.10/site-packages/airflow/example_dags/example_branch_operator_decorator.py for tasks to queue
[2025-12-16T17:59:44.783+0000] {logging_mixin.py:150} INFO - [2025-12-16T17:59:44.783+0000] {dagbag.py:541} INFO - Filling up the DagBag from /home/vscode/.local/lib/python3.10/site-packages/airflow/example_dags/example_branch_operator_decorator.py
[2025-12-16T17:59:44.790+0000] {processor.py:836} INFO - DAG(s) dict_keys(['example_branch_python_operator_decorator']) retrieved from /home/vscode/.local/lib/python3.10/site-packages/airflow/example_dags/example_branch_operator_decorator.py
[2025-12-16T17:59:44.803+0000] {logging_mixin.py:150} INFO - [2025-12-16T17:59:44.803+0000] {dag.py:2742} INFO - Sync 1 DAGs
[2025-12-16T17:59:44.840+0000] {logging_mixin.py:150} INFO - [2025-12-16T17:59:44.840+0000] {dag.py:3504} INFO - Setting next_dagrun for example_branch_python_operator_decorator to 2025-12-15T00:00:00+00:00, run_after=2025-12-16T00:00:00+00:00
[2025-12-16T17:59:44.855+0000] {processor.py:179} INFO - Processing /home/vscode/.local/lib/python3.10/site-packages/airflow/example_dags/example_branch_operator_decorator.py took 0.075 seconds
[2025-12-16T18:00:29.970+0000] {processor.py:157} INFO - Started process (PID=7132) to work on /home/vscode/.local/lib/python3.10/site-packages/airflow/example_dags/example_branch_operator_decorator.py
[2025-12-16T18:00:29.971+0000] {processor.py:826} INFO - Processing file /home/vscode/.local/lib/python3.10/site-packages/airflow/example_dags/example_branch_operator_decorator.py for tasks to queue
[2025-12-16T18:00:29.971+0000] {logging_mixin.py:150} INFO - [2025-12-16T18:00:29.971+0000] {dagbag.py:541} INFO - Filling up the DagBag from /home/vscode/.local/lib/python3.10/site-packages/airflow/example_dags/example_branch_operator_decorator.py
[2025-12-16T18:00:29.979+0000] {processor.py:836} INFO - DAG(s) dict_keys(['example_branch_python_operator_decorator']) retrieved from /home/vscode/.local/lib/python3.10/site-packages/airflow/example_dags/example_branch_operator_decorator.py
[2025-12-16T18:00:29.991+0000] {logging_mixin.py:150} INFO - [2025-12-16T18:00:29.991+0000] {dag.py:2742} INFO - Sync 1 DAGs
[2025-12-16T18:00:30.006+0000] {logging_mixin.py:150} INFO - [2025-12-16T18:00:30.006+0000] {dag.py:3504} INFO - Setting next_dagrun for example_branch_python_operator_decorator to 2025-12-15T00:00:00+00:00, run_after=2025-12-16T00:00:00+00:00
[2025-12-16T18:00:30.021+0000] {processor.py:179} INFO - Processing /home/vscode/.local/lib/python3.10/site-packages/airflow/example_dags/example_branch_operator_decorator.py took 0.053 seconds
[2025-12-16T18:01:17.698+0000] {processor.py:157} INFO - Started process (PID=7459) to work on /home/vscode/.local/lib/python3.10/site-packages/airflow/example_dags/example_branch_operator_decorator.py
[2025-12-16T18:01:17.698+0000] {processor.py:826} INFO - Processing file /home/vscode/.local/lib/python3.10/site-packages/airflow/example_dags/example_branch_operator_decorator.py for tasks to queue
[2025-12-16T18:01:17.699+0000] {logging_mixin.py:150} INFO - [2025-12-16T18:01:17.699+0000] {dagbag.py:541} INFO - Filling up the DagBag from /home/vscode/.local/lib/python3.10/site-packages/airflow/example_dags/example_branch_operator_decorator.py
[2025-12-16T18:01:17.706+0000] {processor.py:836} INFO - DAG(s) dict_keys(['example_branch_python_operator_decorator']) retrieved from /home/vscode/.local/lib/python3.10/site-packages/airflow/example_dags/example_branch_operator_decorator.py
[2025-12-16T18:01:17.719+0000] {logging_mixin.py:150} INFO - [2025-12-16T18:01:17.719+0000] {dag.py:2742} INFO - Sync 1 DAGs
[2025-12-16T18:01:17.734+0000] {logging_mixin.py:150} INFO - [2025-12-16T18:01:17.734+0000] {dag.py:3504} INFO - Setting next_dagrun for example_branch_python_operator_decorator to 2025-12-15T00:00:00+00:00, run_after=2025-12-16T00:00:00+00:00
[2025-12-16T18:01:17.750+0000] {processor.py:179} INFO - Processing /home/vscode/.local/lib/python3.10/site-packages/airflow/example_dags/example_branch_operator_decorator.py took 0.055 seconds
[2025-12-16T18:02:03.622+0000] {processor.py:157} INFO - Started process (PID=7755) to work on /home/vscode/.local/lib/python3.10/site-packages/airflow/example_dags/example_branch_operator_decorator.py
[2025-12-16T18:02:03.623+0000] {processor.py:826} INFO - Processing file /home/vscode/.local/lib/python3.10/site-packages/airflow/example_dags/example_branch_operator_decorator.py for tasks to queue
[2025-12-16T18:02:03.623+0000] {logging_mixin.py:150} INFO - [2025-12-16T18:02:03.623+0000] {dagbag.py:541} INFO - Filling up the DagBag from /home/vscode/.local/lib/python3.10/site-packages/airflow/example_dags/example_branch_operator_decorator.py
[2025-12-16T18:02:03.631+0000] {processor.py:836} INFO - DAG(s) dict_keys(['example_branch_python_operator_decorator']) retrieved from /home/vscode/.local/lib/python3.10/site-packages/airflow/example_dags/example_branch_operator_decorator.py
[2025-12-16T18:02:03.643+0000] {logging_mixin.py:150} INFO - [2025-12-16T18:02:03.643+0000] {dag.py:2742} INFO - Sync 1 DAGs
[2025-12-16T18:02:03.658+0000] {logging_mixin.py:150} INFO - [2025-12-16T18:02:03.658+0000] {dag.py:3504} INFO - Setting next_dagrun for example_branch_python_operator_decorator to 2025-12-15T00:00:00+00:00, run_after=2025-12-16T00:00:00+00:00
[2025-12-16T18:02:03.672+0000] {processor.py:179} INFO - Processing /home/vscode/.local/lib/python3.10/site-packages/airflow/example_dags/example_branch_operator_decorator.py took 0.052 seconds
[2025-12-16T18:02:48.666+0000] {processor.py:157} INFO - Started process (PID=8057) to work on /home/vscode/.local/lib/python3.10/site-packages/airflow/example_dags/example_branch_operator_decorator.py
[2025-12-16T18:02:48.666+0000] {processor.py:826} INFO - Processing file /home/vscode/.local/lib/python3.10/site-packages/airflow/example_dags/example_branch_operator_decorator.py for tasks to queue
[2025-12-16T18:02:48.667+0000] {logging_mixin.py:150} INFO - [2025-12-16T18:02:48.667+0000] {dagbag.py:541} INFO - Filling up the DagBag from /home/vscode/.local/lib/python3.10/site-packages/airflow/example_dags/example_branch_operator_decorator.py
[2025-12-16T18:02:48.674+0000] {processor.py:836} INFO - DAG(s) dict_keys(['example_branch_python_operator_decorator']) retrieved from /home/vscode/.local/lib/python3.10/site-packages/airflow/example_dags/example_branch_operator_decorator.py
[2025-12-16T18:02:48.687+0000] {logging_mixin.py:150} INFO - [2025-12-16T18:02:48.686+0000] {dag.py:2742} INFO - Sync 1 DAGs
[2025-12-16T18:02:48.702+0000] {logging_mixin.py:150} INFO - [2025-12-16T18:02:48.702+0000] {dag.py:3504} INFO - Setting next_dagrun for example_branch_python_operator_decorator to 2025-12-15T00:00:00+00:00, run_after=2025-12-16T00:00:00+00:00
[2025-12-16T18:02:48.718+0000] {processor.py:179} INFO - Processing /home/vscode/.local/lib/python3.10/site-packages/airflow/example_dags/example_branch_operator_decorator.py took 0.054 seconds
[2025-12-16T18:03:39.384+0000] {processor.py:157} INFO - Started process (PID=8394) to work on /home/vscode/.local/lib/python3.10/site-packages/airflow/example_dags/example_branch_operator_decorator.py
[2025-12-16T18:03:39.385+0000] {processor.py:826} INFO - Processing file /home/vscode/.local/lib/python3.10/site-packages/airflow/example_dags/example_branch_operator_decorator.py for tasks to queue
[2025-12-16T18:03:39.385+0000] {logging_mixin.py:150} INFO - [2025-12-16T18:03:39.385+0000] {dagbag.py:541} INFO - Filling up the DagBag from /home/vscode/.local/lib/python3.10/site-packages/airflow/example_dags/example_branch_operator_decorator.py
[2025-12-16T18:03:39.392+0000] {processor.py:836} INFO - DAG(s) dict_keys(['example_branch_python_operator_decorator']) retrieved from /home/vscode/.local/lib/python3.10/site-packages/airflow/example_dags/example_branch_operator_decorator.py
[2025-12-16T18:03:39.405+0000] {logging_mixin.py:150} INFO - [2025-12-16T18:03:39.405+0000] {dag.py:2742} INFO - Sync 1 DAGs
[2025-12-16T18:03:39.421+0000] {logging_mixin.py:150} INFO - [2025-12-16T18:03:39.420+0000] {dag.py:3504} INFO - Setting next_dagrun for example_branch_python_operator_decorator to 2025-12-15T00:00:00+00:00, run_after=2025-12-16T00:00:00+00:00
[2025-12-16T18:03:39.435+0000] {processor.py:179} INFO - Processing /home/vscode/.local/lib/python3.10/site-packages/airflow/example_dags/example_branch_operator_decorator.py took 0.053 seconds
[2025-12-16T18:04:24.840+0000] {processor.py:157} INFO - Started process (PID=8696) to work on /home/vscode/.local/lib/python3.10/site-packages/airflow/example_dags/example_branch_operator_decorator.py
[2025-12-16T18:04:24.841+0000] {processor.py:826} INFO - Processing file /home/vscode/.local/lib/python3.10/site-packages/airflow/example_dags/example_branch_operator_decorator.py for tasks to queue
[2025-12-16T18:04:24.842+0000] {logging_mixin.py:150} INFO - [2025-12-16T18:04:24.842+0000] {dagbag.py:541} INFO - Filling up the DagBag from /home/vscode/.local/lib/python3.10/site-packages/airflow/example_dags/example_branch_operator_decorator.py
[2025-12-16T18:04:24.849+0000] {processor.py:836} INFO - DAG(s) dict_keys(['example_branch_python_operator_decorator']) retrieved from /home/vscode/.local/lib/python3.10/site-packages/airflow/example_dags/example_branch_operator_decorator.py
[2025-12-16T18:04:24.864+0000] {logging_mixin.py:150} INFO - [2025-12-16T18:04:24.864+0000] {dag.py:2742} INFO - Sync 1 DAGs
[2025-12-16T18:04:24.883+0000] {logging_mixin.py:150} INFO - [2025-12-16T18:04:24.883+0000] {dag.py:3504} INFO - Setting next_dagrun for example_branch_python_operator_decorator to 2025-12-15T00:00:00+00:00, run_after=2025-12-16T00:00:00+00:00
[2025-12-16T18:04:24.900+0000] {processor.py:179} INFO - Processing /home/vscode/.local/lib/python3.10/site-packages/airflow/example_dags/example_branch_operator_decorator.py took 0.061 seconds
[2025-12-16T18:05:16.957+0000] {processor.py:157} INFO - Started process (PID=9045) to work on /home/vscode/.local/lib/python3.10/site-packages/airflow/example_dags/example_branch_operator_decorator.py
[2025-12-16T18:05:16.957+0000] {processor.py:826} INFO - Processing file /home/vscode/.local/lib/python3.10/site-packages/airflow/example_dags/example_branch_operator_decorator.py for tasks to queue
[2025-12-16T18:05:16.958+0000] {logging_mixin.py:150} INFO - [2025-12-16T18:05:16.958+0000] {dagbag.py:541} INFO - Filling up the DagBag from /home/vscode/.local/lib/python3.10/site-packages/airflow/example_dags/example_branch_operator_decorator.py
[2025-12-16T18:05:16.965+0000] {processor.py:836} INFO - DAG(s) dict_keys(['example_branch_python_operator_decorator']) retrieved from /home/vscode/.local/lib/python3.10/site-packages/airflow/example_dags/example_branch_operator_decorator.py
[2025-12-16T18:05:16.978+0000] {logging_mixin.py:150} INFO - [2025-12-16T18:05:16.978+0000] {dag.py:2742} INFO - Sync 1 DAGs
[2025-12-16T18:05:16.993+0000] {logging_mixin.py:150} INFO - [2025-12-16T18:05:16.993+0000] {dag.py:3504} INFO - Setting next_dagrun for example_branch_python_operator_decorator to 2025-12-15T00:00:00+00:00, run_after=2025-12-16T00:00:00+00:00
[2025-12-16T18:05:17.010+0000] {processor.py:179} INFO - Processing /home/vscode/.local/lib/python3.10/site-packages/airflow/example_dags/example_branch_operator_decorator.py took 0.056 seconds
[2025-12-16T18:06:01.967+0000] {processor.py:157} INFO - Started process (PID=9348) to work on /home/vscode/.local/lib/python3.10/site-packages/airflow/example_dags/example_branch_operator_decorator.py
[2025-12-16T18:06:01.968+0000] {processor.py:826} INFO - Processing file /home/vscode/.local/lib/python3.10/site-packages/airflow/example_dags/example_branch_operator_decorator.py for tasks to queue
[2025-12-16T18:06:01.969+0000] {logging_mixin.py:150} INFO - [2025-12-16T18:06:01.969+0000] {dagbag.py:541} INFO - Filling up the DagBag from /home/vscode/.local/lib/python3.10/site-packages/airflow/example_dags/example_branch_operator_decorator.py
[2025-12-16T18:06:01.976+0000] {processor.py:836} INFO - DAG(s) dict_keys(['example_branch_python_operator_decorator']) retrieved from /home/vscode/.local/lib/python3.10/site-packages/airflow/example_dags/example_branch_operator_decorator.py
[2025-12-16T18:06:01.990+0000] {logging_mixin.py:150} INFO - [2025-12-16T18:06:01.990+0000] {dag.py:2742} INFO - Sync 1 DAGs
[2025-12-16T18:06:02.007+0000] {logging_mixin.py:150} INFO - [2025-12-16T18:06:02.007+0000] {dag.py:3504} INFO - Setting next_dagrun for example_branch_python_operator_decorator to 2025-12-15T00:00:00+00:00, run_after=2025-12-16T00:00:00+00:00
[2025-12-16T18:06:02.022+0000] {processor.py:179} INFO - Processing /home/vscode/.local/lib/python3.10/site-packages/airflow/example_dags/example_branch_operator_decorator.py took 0.057 seconds
[2025-12-16T18:06:47.107+0000] {processor.py:157} INFO - Started process (PID=9651) to work on /home/vscode/.local/lib/python3.10/site-packages/airflow/example_dags/example_branch_operator_decorator.py
[2025-12-16T18:06:47.108+0000] {processor.py:826} INFO - Processing file /home/vscode/.local/lib/python3.10/site-packages/airflow/example_dags/example_branch_operator_decorator.py for tasks to queue
[2025-12-16T18:06:47.109+0000] {logging_mixin.py:150} INFO - [2025-12-16T18:06:47.108+0000] {dagbag.py:541} INFO - Filling up the DagBag from /home/vscode/.local/lib/python3.10/site-packages/airflow/example_dags/example_branch_operator_decorator.py
[2025-12-16T18:06:47.116+0000] {processor.py:836} INFO - DAG(s) dict_keys(['example_branch_python_operator_decorator']) retrieved from /home/vscode/.local/lib/python3.10/site-packages/airflow/example_dags/example_branch_operator_decorator.py
[2025-12-16T18:06:47.129+0000] {logging_mixin.py:150} INFO - [2025-12-16T18:06:47.129+0000] {dag.py:2742} INFO - Sync 1 DAGs
[2025-12-16T18:06:47.147+0000] {logging_mixin.py:150} INFO - [2025-12-16T18:06:47.147+0000] {dag.py:3504} INFO - Setting next_dagrun for example_branch_python_operator_decorator to 2025-12-15T00:00:00+00:00, run_after=2025-12-16T00:00:00+00:00
[2025-12-16T18:06:47.164+0000] {processor.py:179} INFO - Processing /home/vscode/.local/lib/python3.10/site-packages/airflow/example_dags/example_branch_operator_decorator.py took 0.059 seconds
[2025-12-16T18:07:36.192+0000] {processor.py:157} INFO - Started process (PID=9971) to work on /home/vscode/.local/lib/python3.10/site-packages/airflow/example_dags/example_branch_operator_decorator.py
[2025-12-16T18:07:36.193+0000] {processor.py:826} INFO - Processing file /home/vscode/.local/lib/python3.10/site-packages/airflow/example_dags/example_branch_operator_decorator.py for tasks to queue
[2025-12-16T18:07:36.194+0000] {logging_mixin.py:150} INFO - [2025-12-16T18:07:36.193+0000] {dagbag.py:541} INFO - Filling up the DagBag from /home/vscode/.local/lib/python3.10/site-packages/airflow/example_dags/example_branch_operator_decorator.py
[2025-12-16T18:07:36.201+0000] {processor.py:836} INFO - DAG(s) dict_keys(['example_branch_python_operator_decorator']) retrieved from /home/vscode/.local/lib/python3.10/site-packages/airflow/example_dags/example_branch_operator_decorator.py
[2025-12-16T18:07:36.214+0000] {logging_mixin.py:150} INFO - [2025-12-16T18:07:36.214+0000] {dag.py:2742} INFO - Sync 1 DAGs
[2025-12-16T18:07:36.231+0000] {logging_mixin.py:150} INFO - [2025-12-16T18:07:36.231+0000] {dag.py:3504} INFO - Setting next_dagrun for example_branch_python_operator_decorator to 2025-12-15T00:00:00+00:00, run_after=2025-12-16T00:00:00+00:00
[2025-12-16T18:07:36.247+0000] {processor.py:179} INFO - Processing /home/vscode/.local/lib/python3.10/site-packages/airflow/example_dags/example_branch_operator_decorator.py took 0.056 seconds
[2025-12-16T18:08:26.956+0000] {processor.py:157} INFO - Started process (PID=10300) to work on /home/vscode/.local/lib/python3.10/site-packages/airflow/example_dags/example_branch_operator_decorator.py
[2025-12-16T18:08:26.957+0000] {processor.py:826} INFO - Processing file /home/vscode/.local/lib/python3.10/site-packages/airflow/example_dags/example_branch_operator_decorator.py for tasks to queue
[2025-12-16T18:08:26.958+0000] {logging_mixin.py:150} INFO - [2025-12-16T18:08:26.957+0000] {dagbag.py:541} INFO - Filling up the DagBag from /home/vscode/.local/lib/python3.10/site-packages/airflow/example_dags/example_branch_operator_decorator.py
[2025-12-16T18:08:26.965+0000] {processor.py:836} INFO - DAG(s) dict_keys(['example_branch_python_operator_decorator']) retrieved from /home/vscode/.local/lib/python3.10/site-packages/airflow/example_dags/example_branch_operator_decorator.py
[2025-12-16T18:08:26.979+0000] {logging_mixin.py:150} INFO - [2025-12-16T18:08:26.979+0000] {dag.py:2742} INFO - Sync 1 DAGs
[2025-12-16T18:08:26.994+0000] {logging_mixin.py:150} INFO - [2025-12-16T18:08:26.994+0000] {dag.py:3504} INFO - Setting next_dagrun for example_branch_python_operator_decorator to 2025-12-15T00:00:00+00:00, run_after=2025-12-16T00:00:00+00:00
[2025-12-16T18:08:27.009+0000] {processor.py:179} INFO - Processing /home/vscode/.local/lib/python3.10/site-packages/airflow/example_dags/example_branch_operator_decorator.py took 0.055 seconds
[2025-12-16T18:09:13.539+0000] {processor.py:157} INFO - Started process (PID=10617) to work on /home/vscode/.local/lib/python3.10/site-packages/airflow/example_dags/example_branch_operator_decorator.py
[2025-12-16T18:09:13.540+0000] {processor.py:826} INFO - Processing file /home/vscode/.local/lib/python3.10/site-packages/airflow/example_dags/example_branch_operator_decorator.py for tasks to queue
[2025-12-16T18:09:13.540+0000] {logging_mixin.py:150} INFO - [2025-12-16T18:09:13.540+0000] {dagbag.py:541} INFO - Filling up the DagBag from /home/vscode/.local/lib/python3.10/site-packages/airflow/example_dags/example_branch_operator_decorator.py
[2025-12-16T18:09:13.547+0000] {processor.py:836} INFO - DAG(s) dict_keys(['example_branch_python_operator_decorator']) retrieved from /home/vscode/.local/lib/python3.10/site-packages/airflow/example_dags/example_branch_operator_decorator.py
[2025-12-16T18:09:13.562+0000] {logging_mixin.py:150} INFO - [2025-12-16T18:09:13.562+0000] {dag.py:2742} INFO - Sync 1 DAGs
[2025-12-16T18:09:13.577+0000] {logging_mixin.py:150} INFO - [2025-12-16T18:09:13.577+0000] {dag.py:3504} INFO - Setting next_dagrun for example_branch_python_operator_decorator to 2025-12-15T00:00:00+00:00, run_after=2025-12-16T00:00:00+00:00
[2025-12-16T18:09:13.592+0000] {processor.py:179} INFO - Processing /home/vscode/.local/lib/python3.10/site-packages/airflow/example_dags/example_branch_operator_decorator.py took 0.055 seconds
[2025-12-16T18:10:01.200+0000] {processor.py:157} INFO - Started process (PID=10930) to work on /home/vscode/.local/lib/python3.10/site-packages/airflow/example_dags/example_branch_operator_decorator.py
[2025-12-16T18:10:01.201+0000] {processor.py:826} INFO - Processing file /home/vscode/.local/lib/python3.10/site-packages/airflow/example_dags/example_branch_operator_decorator.py for tasks to queue
[2025-12-16T18:10:01.202+0000] {logging_mixin.py:150} INFO - [2025-12-16T18:10:01.201+0000] {dagbag.py:541} INFO - Filling up the DagBag from /home/vscode/.local/lib/python3.10/site-packages/airflow/example_dags/example_branch_operator_decorator.py
[2025-12-16T18:10:01.209+0000] {processor.py:836} INFO - DAG(s) dict_keys(['example_branch_python_operator_decorator']) retrieved from /home/vscode/.local/lib/python3.10/site-packages/airflow/example_dags/example_branch_operator_decorator.py
[2025-12-16T18:10:01.225+0000] {logging_mixin.py:150} INFO - [2025-12-16T18:10:01.225+0000] {dag.py:2742} INFO - Sync 1 DAGs
[2025-12-16T18:10:01.240+0000] {logging_mixin.py:150} INFO - [2025-12-16T18:10:01.240+0000] {dag.py:3504} INFO - Setting next_dagrun for example_branch_python_operator_decorator to 2025-12-15T00:00:00+00:00, run_after=2025-12-16T00:00:00+00:00
[2025-12-16T18:10:01.255+0000] {processor.py:179} INFO - Processing /home/vscode/.local/lib/python3.10/site-packages/airflow/example_dags/example_branch_operator_decorator.py took 0.056 seconds
[2025-12-16T18:10:48.640+0000] {processor.py:157} INFO - Started process (PID=11253) to work on /home/vscode/.local/lib/python3.10/site-packages/airflow/example_dags/example_branch_operator_decorator.py
[2025-12-16T18:10:48.641+0000] {processor.py:826} INFO - Processing file /home/vscode/.local/lib/python3.10/site-packages/airflow/example_dags/example_branch_operator_decorator.py for tasks to queue
[2025-12-16T18:10:48.642+0000] {logging_mixin.py:150} INFO - [2025-12-16T18:10:48.642+0000] {dagbag.py:541} INFO - Filling up the DagBag from /home/vscode/.local/lib/python3.10/site-packages/airflow/example_dags/example_branch_operator_decorator.py
[2025-12-16T18:10:48.652+0000] {processor.py:836} INFO - DAG(s) dict_keys(['example_branch_python_operator_decorator']) retrieved from /home/vscode/.local/lib/python3.10/site-packages/airflow/example_dags/example_branch_operator_decorator.py
[2025-12-16T18:10:48.673+0000] {logging_mixin.py:150} INFO - [2025-12-16T18:10:48.673+0000] {dag.py:2742} INFO - Sync 1 DAGs
[2025-12-16T18:10:48.689+0000] {logging_mixin.py:150} INFO - [2025-12-16T18:10:48.689+0000] {dag.py:3504} INFO - Setting next_dagrun for example_branch_python_operator_decorator to 2025-12-15T00:00:00+00:00, run_after=2025-12-16T00:00:00+00:00
[2025-12-16T18:10:48.703+0000] {processor.py:179} INFO - Processing /home/vscode/.local/lib/python3.10/site-packages/airflow/example_dags/example_branch_operator_decorator.py took 0.066 seconds
[2025-12-16T18:11:38.798+0000] {processor.py:157} INFO - Started process (PID=11577) to work on /home/vscode/.local/lib/python3.10/site-packages/airflow/example_dags/example_branch_operator_decorator.py
[2025-12-16T18:11:38.799+0000] {processor.py:826} INFO - Processing file /home/vscode/.local/lib/python3.10/site-packages/airflow/example_dags/example_branch_operator_decorator.py for tasks to queue
[2025-12-16T18:11:38.799+0000] {logging_mixin.py:150} INFO - [2025-12-16T18:11:38.799+0000] {dagbag.py:541} INFO - Filling up the DagBag from /home/vscode/.local/lib/python3.10/site-packages/airflow/example_dags/example_branch_operator_decorator.py
[2025-12-16T18:11:38.807+0000] {processor.py:836} INFO - DAG(s) dict_keys(['example_branch_python_operator_decorator']) retrieved from /home/vscode/.local/lib/python3.10/site-packages/airflow/example_dags/example_branch_operator_decorator.py
[2025-12-16T18:11:38.819+0000] {logging_mixin.py:150} INFO - [2025-12-16T18:11:38.819+0000] {dag.py:2742} INFO - Sync 1 DAGs
[2025-12-16T18:11:38.842+0000] {logging_mixin.py:150} INFO - [2025-12-16T18:11:38.842+0000] {dag.py:3504} INFO - Setting next_dagrun for example_branch_python_operator_decorator to 2025-12-15T00:00:00+00:00, run_after=2025-12-16T00:00:00+00:00
[2025-12-16T18:11:38.861+0000] {processor.py:179} INFO - Processing /home/vscode/.local/lib/python3.10/site-packages/airflow/example_dags/example_branch_operator_decorator.py took 0.065 seconds
[2025-12-16T18:12:30.182+0000] {processor.py:157} INFO - Started process (PID=11917) to work on /home/vscode/.local/lib/python3.10/site-packages/airflow/example_dags/example_branch_operator_decorator.py
[2025-12-16T18:12:30.183+0000] {processor.py:826} INFO - Processing file /home/vscode/.local/lib/python3.10/site-packages/airflow/example_dags/example_branch_operator_decorator.py for tasks to queue
[2025-12-16T18:12:30.183+0000] {logging_mixin.py:150} INFO - [2025-12-16T18:12:30.183+0000] {dagbag.py:541} INFO - Filling up the DagBag from /home/vscode/.local/lib/python3.10/site-packages/airflow/example_dags/example_branch_operator_decorator.py
[2025-12-16T18:12:30.194+0000] {processor.py:836} INFO - DAG(s) dict_keys(['example_branch_python_operator_decorator']) retrieved from /home/vscode/.local/lib/python3.10/site-packages/airflow/example_dags/example_branch_operator_decorator.py
[2025-12-16T18:12:30.209+0000] {logging_mixin.py:150} INFO - [2025-12-16T18:12:30.209+0000] {dag.py:2742} INFO - Sync 1 DAGs
[2025-12-16T18:12:30.224+0000] {logging_mixin.py:150} INFO - [2025-12-16T18:12:30.224+0000] {dag.py:3504} INFO - Setting next_dagrun for example_branch_python_operator_decorator to 2025-12-15T00:00:00+00:00, run_after=2025-12-16T00:00:00+00:00
[2025-12-16T18:12:30.238+0000] {processor.py:179} INFO - Processing /home/vscode/.local/lib/python3.10/site-packages/airflow/example_dags/example_branch_operator_decorator.py took 0.058 seconds
[2025-12-16T18:13:17.452+0000] {processor.py:157} INFO - Started process (PID=12230) to work on /home/vscode/.local/lib/python3.10/site-packages/airflow/example_dags/example_branch_operator_decorator.py
[2025-12-16T18:13:17.453+0000] {processor.py:826} INFO - Processing file /home/vscode/.local/lib/python3.10/site-packages/airflow/example_dags/example_branch_operator_decorator.py for tasks to queue
[2025-12-16T18:13:17.453+0000] {logging_mixin.py:150} INFO - [2025-12-16T18:13:17.453+0000] {dagbag.py:541} INFO - Filling up the DagBag from /home/vscode/.local/lib/python3.10/site-packages/airflow/example_dags/example_branch_operator_decorator.py
[2025-12-16T18:13:17.460+0000] {processor.py:836} INFO - DAG(s) dict_keys(['example_branch_python_operator_decorator']) retrieved from /home/vscode/.local/lib/python3.10/site-packages/airflow/example_dags/example_branch_operator_decorator.py
[2025-12-16T18:13:17.473+0000] {logging_mixin.py:150} INFO - [2025-12-16T18:13:17.472+0000] {dag.py:2742} INFO - Sync 1 DAGs
[2025-12-16T18:13:17.487+0000] {logging_mixin.py:150} INFO - [2025-12-16T18:13:17.487+0000] {dag.py:3504} INFO - Setting next_dagrun for example_branch_python_operator_decorator to 2025-12-15T00:00:00+00:00, run_after=2025-12-16T00:00:00+00:00
[2025-12-16T18:13:17.502+0000] {processor.py:179} INFO - Processing /home/vscode/.local/lib/python3.10/site-packages/airflow/example_dags/example_branch_operator_decorator.py took 0.052 seconds
[2025-12-16T18:14:02.583+0000] {processor.py:157} INFO - Started process (PID=12532) to work on /home/vscode/.local/lib/python3.10/site-packages/airflow/example_dags/example_branch_operator_decorator.py
[2025-12-16T18:14:02.584+0000] {processor.py:826} INFO - Processing file /home/vscode/.local/lib/python3.10/site-packages/airflow/example_dags/example_branch_operator_decorator.py for tasks to queue
[2025-12-16T18:14:02.584+0000] {logging_mixin.py:150} INFO - [2025-12-16T18:14:02.584+0000] {dagbag.py:541} INFO - Filling up the DagBag from /home/vscode/.local/lib/python3.10/site-packages/airflow/example_dags/example_branch_operator_decorator.py
[2025-12-16T18:14:02.592+0000] {processor.py:836} INFO - DAG(s) dict_keys(['example_branch_python_operator_decorator']) retrieved from /home/vscode/.local/lib/python3.10/site-packages/airflow/example_dags/example_branch_operator_decorator.py
[2025-12-16T18:14:02.604+0000] {logging_mixin.py:150} INFO - [2025-12-16T18:14:02.604+0000] {dag.py:2742} INFO - Sync 1 DAGs
[2025-12-16T18:14:02.619+0000] {logging_mixin.py:150} INFO - [2025-12-16T18:14:02.619+0000] {dag.py:3504} INFO - Setting next_dagrun for example_branch_python_operator_decorator to 2025-12-15T00:00:00+00:00, run_after=2025-12-16T00:00:00+00:00
[2025-12-16T18:14:02.636+0000] {processor.py:179} INFO - Processing /home/vscode/.local/lib/python3.10/site-packages/airflow/example_dags/example_branch_operator_decorator.py took 0.055 seconds
[2025-12-16T18:14:53.743+0000] {processor.py:157} INFO - Started process (PID=12875) to work on /home/vscode/.local/lib/python3.10/site-packages/airflow/example_dags/example_branch_operator_decorator.py
[2025-12-16T18:14:53.743+0000] {processor.py:826} INFO - Processing file /home/vscode/.local/lib/python3.10/site-packages/airflow/example_dags/example_branch_operator_decorator.py for tasks to queue
[2025-12-16T18:14:53.744+0000] {logging_mixin.py:150} INFO - [2025-12-16T18:14:53.743+0000] {dagbag.py:541} INFO - Filling up the DagBag from /home/vscode/.local/lib/python3.10/site-packages/airflow/example_dags/example_branch_operator_decorator.py
[2025-12-16T18:14:53.752+0000] {processor.py:836} INFO - DAG(s) dict_keys(['example_branch_python_operator_decorator']) retrieved from /home/vscode/.local/lib/python3.10/site-packages/airflow/example_dags/example_branch_operator_decorator.py
[2025-12-16T18:14:53.772+0000] {logging_mixin.py:150} INFO - [2025-12-16T18:14:53.772+0000] {dag.py:2742} INFO - Sync 1 DAGs
[2025-12-16T18:14:53.795+0000] {logging_mixin.py:150} INFO - [2025-12-16T18:14:53.795+0000] {dag.py:3504} INFO - Setting next_dagrun for example_branch_python_operator_decorator to 2025-12-15T00:00:00+00:00, run_after=2025-12-16T00:00:00+00:00
[2025-12-16T18:14:53.816+0000] {processor.py:179} INFO - Processing /home/vscode/.local/lib/python3.10/site-packages/airflow/example_dags/example_branch_operator_decorator.py took 0.075 seconds
[2025-12-16T18:15:43.517+0000] {processor.py:157} INFO - Started process (PID=13208) to work on /home/vscode/.local/lib/python3.10/site-packages/airflow/example_dags/example_branch_operator_decorator.py
[2025-12-16T18:15:43.518+0000] {processor.py:826} INFO - Processing file /home/vscode/.local/lib/python3.10/site-packages/airflow/example_dags/example_branch_operator_decorator.py for tasks to queue
[2025-12-16T18:15:43.519+0000] {logging_mixin.py:150} INFO - [2025-12-16T18:15:43.518+0000] {dagbag.py:541} INFO - Filling up the DagBag from /home/vscode/.local/lib/python3.10/site-packages/airflow/example_dags/example_branch_operator_decorator.py
[2025-12-16T18:15:43.526+0000] {processor.py:836} INFO - DAG(s) dict_keys(['example_branch_python_operator_decorator']) retrieved from /home/vscode/.local/lib/python3.10/site-packages/airflow/example_dags/example_branch_operator_decorator.py
[2025-12-16T18:15:43.539+0000] {logging_mixin.py:150} INFO - [2025-12-16T18:15:43.539+0000] {dag.py:2742} INFO - Sync 1 DAGs
[2025-12-16T18:15:43.554+0000] {logging_mixin.py:150} INFO - [2025-12-16T18:15:43.554+0000] {dag.py:3504} INFO - Setting next_dagrun for example_branch_python_operator_decorator to 2025-12-15T00:00:00+00:00, run_after=2025-12-16T00:00:00+00:00
[2025-12-16T18:15:43.568+0000] {processor.py:179} INFO - Processing /home/vscode/.local/lib/python3.10/site-packages/airflow/example_dags/example_branch_operator_decorator.py took 0.053 seconds
[2025-12-16T18:16:29.967+0000] {processor.py:157} INFO - Started process (PID=13513) to work on /home/vscode/.local/lib/python3.10/site-packages/airflow/example_dags/example_branch_operator_decorator.py
[2025-12-16T18:16:29.968+0000] {processor.py:826} INFO - Processing file /home/vscode/.local/lib/python3.10/site-packages/airflow/example_dags/example_branch_operator_decorator.py for tasks to queue
[2025-12-16T18:16:29.968+0000] {logging_mixin.py:150} INFO - [2025-12-16T18:16:29.968+0000] {dagbag.py:541} INFO - Filling up the DagBag from /home/vscode/.local/lib/python3.10/site-packages/airflow/example_dags/example_branch_operator_decorator.py
[2025-12-16T18:16:29.975+0000] {processor.py:836} INFO - DAG(s) dict_keys(['example_branch_python_operator_decorator']) retrieved from /home/vscode/.local/lib/python3.10/site-packages/airflow/example_dags/example_branch_operator_decorator.py
[2025-12-16T18:16:29.988+0000] {logging_mixin.py:150} INFO - [2025-12-16T18:16:29.988+0000] {dag.py:2742} INFO - Sync 1 DAGs
[2025-12-16T18:16:30.003+0000] {logging_mixin.py:150} INFO - [2025-12-16T18:16:30.003+0000] {dag.py:3504} INFO - Setting next_dagrun for example_branch_python_operator_decorator to 2025-12-15T00:00:00+00:00, run_after=2025-12-16T00:00:00+00:00
[2025-12-16T18:16:30.017+0000] {processor.py:179} INFO - Processing /home/vscode/.local/lib/python3.10/site-packages/airflow/example_dags/example_branch_operator_decorator.py took 0.052 seconds
[2025-12-16T18:17:20.495+0000] {processor.py:157} INFO - Started process (PID=13850) to work on /home/vscode/.local/lib/python3.10/site-packages/airflow/example_dags/example_branch_operator_decorator.py
[2025-12-16T18:17:20.496+0000] {processor.py:826} INFO - Processing file /home/vscode/.local/lib/python3.10/site-packages/airflow/example_dags/example_branch_operator_decorator.py for tasks to queue
[2025-12-16T18:17:20.496+0000] {logging_mixin.py:150} INFO - [2025-12-16T18:17:20.496+0000] {dagbag.py:541} INFO - Filling up the DagBag from /home/vscode/.local/lib/python3.10/site-packages/airflow/example_dags/example_branch_operator_decorator.py
[2025-12-16T18:17:20.503+0000] {processor.py:836} INFO - DAG(s) dict_keys(['example_branch_python_operator_decorator']) retrieved from /home/vscode/.local/lib/python3.10/site-packages/airflow/example_dags/example_branch_operator_decorator.py
[2025-12-16T18:17:20.516+0000] {logging_mixin.py:150} INFO - [2025-12-16T18:17:20.515+0000] {dag.py:2742} INFO - Sync 1 DAGs
[2025-12-16T18:17:20.530+0000] {logging_mixin.py:150} INFO - [2025-12-16T18:17:20.530+0000] {dag.py:3504} INFO - Setting next_dagrun for example_branch_python_operator_decorator to 2025-12-15T00:00:00+00:00, run_after=2025-12-16T00:00:00+00:00
[2025-12-16T18:17:20.545+0000] {processor.py:179} INFO - Processing /home/vscode/.local/lib/python3.10/site-packages/airflow/example_dags/example_branch_operator_decorator.py took 0.052 seconds
[2025-12-16T18:18:07.927+0000] {processor.py:157} INFO - Started process (PID=14160) to work on /home/vscode/.local/lib/python3.10/site-packages/airflow/example_dags/example_branch_operator_decorator.py
[2025-12-16T18:18:07.928+0000] {processor.py:826} INFO - Processing file /home/vscode/.local/lib/python3.10/site-packages/airflow/example_dags/example_branch_operator_decorator.py for tasks to queue
[2025-12-16T18:18:07.929+0000] {logging_mixin.py:150} INFO - [2025-12-16T18:18:07.928+0000] {dagbag.py:541} INFO - Filling up the DagBag from /home/vscode/.local/lib/python3.10/site-packages/airflow/example_dags/example_branch_operator_decorator.py
[2025-12-16T18:18:07.936+0000] {processor.py:836} INFO - DAG(s) dict_keys(['example_branch_python_operator_decorator']) retrieved from /home/vscode/.local/lib/python3.10/site-packages/airflow/example_dags/example_branch_operator_decorator.py
[2025-12-16T18:18:07.949+0000] {logging_mixin.py:150} INFO - [2025-12-16T18:18:07.949+0000] {dag.py:2742} INFO - Sync 1 DAGs
[2025-12-16T18:18:07.963+0000] {logging_mixin.py:150} INFO - [2025-12-16T18:18:07.963+0000] {dag.py:3504} INFO - Setting next_dagrun for example_branch_python_operator_decorator to 2025-12-15T00:00:00+00:00, run_after=2025-12-16T00:00:00+00:00
[2025-12-16T18:18:07.977+0000] {processor.py:179} INFO - Processing /home/vscode/.local/lib/python3.10/site-packages/airflow/example_dags/example_branch_operator_decorator.py took 0.052 seconds
[2025-12-16T18:18:53.624+0000] {processor.py:157} INFO - Started process (PID=14474) to work on /home/vscode/.local/lib/python3.10/site-packages/airflow/example_dags/example_branch_operator_decorator.py
[2025-12-16T18:18:53.625+0000] {processor.py:826} INFO - Processing file /home/vscode/.local/lib/python3.10/site-packages/airflow/example_dags/example_branch_operator_decorator.py for tasks to queue
[2025-12-16T18:18:53.625+0000] {logging_mixin.py:150} INFO - [2025-12-16T18:18:53.625+0000] {dagbag.py:541} INFO - Filling up the DagBag from /home/vscode/.local/lib/python3.10/site-packages/airflow/example_dags/example_branch_operator_decorator.py
[2025-12-16T18:18:53.633+0000] {processor.py:836} INFO - DAG(s) dict_keys(['example_branch_python_operator_decorator']) retrieved from /home/vscode/.local/lib/python3.10/site-packages/airflow/example_dags/example_branch_operator_decorator.py
[2025-12-16T18:18:53.655+0000] {logging_mixin.py:150} INFO - [2025-12-16T18:18:53.655+0000] {dag.py:2742} INFO - Sync 1 DAGs
[2025-12-16T18:18:53.674+0000] {logging_mixin.py:150} INFO - [2025-12-16T18:18:53.674+0000] {dag.py:3504} INFO - Setting next_dagrun for example_branch_python_operator_decorator to 2025-12-15T00:00:00+00:00, run_after=2025-12-16T00:00:00+00:00
[2025-12-16T18:18:53.688+0000] {processor.py:179} INFO - Processing /home/vscode/.local/lib/python3.10/site-packages/airflow/example_dags/example_branch_operator_decorator.py took 0.066 seconds
[2025-12-16T18:19:39.847+0000] {processor.py:157} INFO - Started process (PID=14773) to work on /home/vscode/.local/lib/python3.10/site-packages/airflow/example_dags/example_branch_operator_decorator.py
[2025-12-16T18:19:39.847+0000] {processor.py:826} INFO - Processing file /home/vscode/.local/lib/python3.10/site-packages/airflow/example_dags/example_branch_operator_decorator.py for tasks to queue
[2025-12-16T18:19:39.848+0000] {logging_mixin.py:150} INFO - [2025-12-16T18:19:39.847+0000] {dagbag.py:541} INFO - Filling up the DagBag from /home/vscode/.local/lib/python3.10/site-packages/airflow/example_dags/example_branch_operator_decorator.py
[2025-12-16T18:19:39.855+0000] {processor.py:836} INFO - DAG(s) dict_keys(['example_branch_python_operator_decorator']) retrieved from /home/vscode/.local/lib/python3.10/site-packages/airflow/example_dags/example_branch_operator_decorator.py
[2025-12-16T18:19:39.868+0000] {logging_mixin.py:150} INFO - [2025-12-16T18:19:39.868+0000] {dag.py:2742} INFO - Sync 1 DAGs
[2025-12-16T18:19:39.883+0000] {logging_mixin.py:150} INFO - [2025-12-16T18:19:39.883+0000] {dag.py:3504} INFO - Setting next_dagrun for example_branch_python_operator_decorator to 2025-12-15T00:00:00+00:00, run_after=2025-12-16T00:00:00+00:00
[2025-12-16T18:19:39.898+0000] {processor.py:179} INFO - Processing /home/vscode/.local/lib/python3.10/site-packages/airflow/example_dags/example_branch_operator_decorator.py took 0.054 seconds
[2025-12-16T18:20:29.325+0000] {processor.py:157} INFO - Started process (PID=15106) to work on /home/vscode/.local/lib/python3.10/site-packages/airflow/example_dags/example_branch_operator_decorator.py
[2025-12-16T18:20:29.325+0000] {processor.py:826} INFO - Processing file /home/vscode/.local/lib/python3.10/site-packages/airflow/example_dags/example_branch_operator_decorator.py for tasks to queue
[2025-12-16T18:20:29.326+0000] {logging_mixin.py:150} INFO - [2025-12-16T18:20:29.326+0000] {dagbag.py:541} INFO - Filling up the DagBag from /home/vscode/.local/lib/python3.10/site-packages/airflow/example_dags/example_branch_operator_decorator.py
[2025-12-16T18:20:29.333+0000] {processor.py:836} INFO - DAG(s) dict_keys(['example_branch_python_operator_decorator']) retrieved from /home/vscode/.local/lib/python3.10/site-packages/airflow/example_dags/example_branch_operator_decorator.py
[2025-12-16T18:20:29.346+0000] {logging_mixin.py:150} INFO - [2025-12-16T18:20:29.345+0000] {dag.py:2742} INFO - Sync 1 DAGs
[2025-12-16T18:20:29.360+0000] {logging_mixin.py:150} INFO - [2025-12-16T18:20:29.360+0000] {dag.py:3504} INFO - Setting next_dagrun for example_branch_python_operator_decorator to 2025-12-15T00:00:00+00:00, run_after=2025-12-16T00:00:00+00:00
[2025-12-16T18:20:29.374+0000] {processor.py:179} INFO - Processing /home/vscode/.local/lib/python3.10/site-packages/airflow/example_dags/example_branch_operator_decorator.py took 0.052 seconds
[2025-12-16T18:21:13.991+0000] {processor.py:157} INFO - Started process (PID=15402) to work on /home/vscode/.local/lib/python3.10/site-packages/airflow/example_dags/example_branch_operator_decorator.py
[2025-12-16T18:21:13.992+0000] {processor.py:826} INFO - Processing file /home/vscode/.local/lib/python3.10/site-packages/airflow/example_dags/example_branch_operator_decorator.py for tasks to queue
[2025-12-16T18:21:13.992+0000] {logging_mixin.py:150} INFO - [2025-12-16T18:21:13.992+0000] {dagbag.py:541} INFO - Filling up the DagBag from /home/vscode/.local/lib/python3.10/site-packages/airflow/example_dags/example_branch_operator_decorator.py
[2025-12-16T18:21:13.999+0000] {processor.py:836} INFO - DAG(s) dict_keys(['example_branch_python_operator_decorator']) retrieved from /home/vscode/.local/lib/python3.10/site-packages/airflow/example_dags/example_branch_operator_decorator.py
[2025-12-16T18:21:14.012+0000] {logging_mixin.py:150} INFO - [2025-12-16T18:21:14.012+0000] {dag.py:2742} INFO - Sync 1 DAGs
[2025-12-16T18:21:14.026+0000] {logging_mixin.py:150} INFO - [2025-12-16T18:21:14.026+0000] {dag.py:3504} INFO - Setting next_dagrun for example_branch_python_operator_decorator to 2025-12-15T00:00:00+00:00, run_after=2025-12-16T00:00:00+00:00
[2025-12-16T18:21:14.042+0000] {processor.py:179} INFO - Processing /home/vscode/.local/lib/python3.10/site-packages/airflow/example_dags/example_branch_operator_decorator.py took 0.053 seconds
[2025-12-16T18:22:03.974+0000] {processor.py:157} INFO - Started process (PID=15737) to work on /home/vscode/.local/lib/python3.10/site-packages/airflow/example_dags/example_branch_operator_decorator.py
[2025-12-16T18:22:03.975+0000] {processor.py:826} INFO - Processing file /home/vscode/.local/lib/python3.10/site-packages/airflow/example_dags/example_branch_operator_decorator.py for tasks to queue
[2025-12-16T18:22:03.975+0000] {logging_mixin.py:150} INFO - [2025-12-16T18:22:03.975+0000] {dagbag.py:541} INFO - Filling up the DagBag from /home/vscode/.local/lib/python3.10/site-packages/airflow/example_dags/example_branch_operator_decorator.py
[2025-12-16T18:22:03.982+0000] {processor.py:836} INFO - DAG(s) dict_keys(['example_branch_python_operator_decorator']) retrieved from /home/vscode/.local/lib/python3.10/site-packages/airflow/example_dags/example_branch_operator_decorator.py
[2025-12-16T18:22:03.995+0000] {logging_mixin.py:150} INFO - [2025-12-16T18:22:03.995+0000] {dag.py:2742} INFO - Sync 1 DAGs
[2025-12-16T18:22:04.011+0000] {logging_mixin.py:150} INFO - [2025-12-16T18:22:04.010+0000] {dag.py:3504} INFO - Setting next_dagrun for example_branch_python_operator_decorator to 2025-12-15T00:00:00+00:00, run_after=2025-12-16T00:00:00+00:00
[2025-12-16T18:22:04.026+0000] {processor.py:179} INFO - Processing /home/vscode/.local/lib/python3.10/site-packages/airflow/example_dags/example_branch_operator_decorator.py took 0.054 seconds
[2025-12-16T18:22:52.323+0000] {processor.py:157} INFO - Started process (PID=16053) to work on /home/vscode/.local/lib/python3.10/site-packages/airflow/example_dags/example_branch_operator_decorator.py
[2025-12-16T18:22:52.324+0000] {processor.py:826} INFO - Processing file /home/vscode/.local/lib/python3.10/site-packages/airflow/example_dags/example_branch_operator_decorator.py for tasks to queue
[2025-12-16T18:22:52.325+0000] {logging_mixin.py:150} INFO - [2025-12-16T18:22:52.324+0000] {dagbag.py:541} INFO - Filling up the DagBag from /home/vscode/.local/lib/python3.10/site-packages/airflow/example_dags/example_branch_operator_decorator.py
[2025-12-16T18:22:52.337+0000] {processor.py:836} INFO - DAG(s) dict_keys(['example_branch_python_operator_decorator']) retrieved from /home/vscode/.local/lib/python3.10/site-packages/airflow/example_dags/example_branch_operator_decorator.py
[2025-12-16T18:22:52.351+0000] {logging_mixin.py:150} INFO - [2025-12-16T18:22:52.351+0000] {dag.py:2742} INFO - Sync 1 DAGs
[2025-12-16T18:22:52.367+0000] {logging_mixin.py:150} INFO - [2025-12-16T18:22:52.366+0000] {dag.py:3504} INFO - Setting next_dagrun for example_branch_python_operator_decorator to 2025-12-15T00:00:00+00:00, run_after=2025-12-16T00:00:00+00:00
[2025-12-16T18:22:52.381+0000] {processor.py:179} INFO - Processing /home/vscode/.local/lib/python3.10/site-packages/airflow/example_dags/example_branch_operator_decorator.py took 0.061 seconds
[2025-12-16T18:23:36.920+0000] {processor.py:157} INFO - Started process (PID=16352) to work on /home/vscode/.local/lib/python3.10/site-packages/airflow/example_dags/example_branch_operator_decorator.py
[2025-12-16T18:23:36.921+0000] {processor.py:826} INFO - Processing file /home/vscode/.local/lib/python3.10/site-packages/airflow/example_dags/example_branch_operator_decorator.py for tasks to queue
[2025-12-16T18:23:36.921+0000] {logging_mixin.py:150} INFO - [2025-12-16T18:23:36.921+0000] {dagbag.py:541} INFO - Filling up the DagBag from /home/vscode/.local/lib/python3.10/site-packages/airflow/example_dags/example_branch_operator_decorator.py
[2025-12-16T18:23:36.929+0000] {processor.py:836} INFO - DAG(s) dict_keys(['example_branch_python_operator_decorator']) retrieved from /home/vscode/.local/lib/python3.10/site-packages/airflow/example_dags/example_branch_operator_decorator.py
[2025-12-16T18:23:36.941+0000] {logging_mixin.py:150} INFO - [2025-12-16T18:23:36.941+0000] {dag.py:2742} INFO - Sync 1 DAGs
[2025-12-16T18:23:36.956+0000] {logging_mixin.py:150} INFO - [2025-12-16T18:23:36.956+0000] {dag.py:3504} INFO - Setting next_dagrun for example_branch_python_operator_decorator to 2025-12-15T00:00:00+00:00, run_after=2025-12-16T00:00:00+00:00
[2025-12-16T18:23:36.971+0000] {processor.py:179} INFO - Processing /home/vscode/.local/lib/python3.10/site-packages/airflow/example_dags/example_branch_operator_decorator.py took 0.053 seconds
[2025-12-16T18:24:22.400+0000] {processor.py:157} INFO - Started process (PID=16659) to work on /home/vscode/.local/lib/python3.10/site-packages/airflow/example_dags/example_branch_operator_decorator.py
[2025-12-16T18:24:22.401+0000] {processor.py:826} INFO - Processing file /home/vscode/.local/lib/python3.10/site-packages/airflow/example_dags/example_branch_operator_decorator.py for tasks to queue
[2025-12-16T18:24:22.401+0000] {logging_mixin.py:150} INFO - [2025-12-16T18:24:22.401+0000] {dagbag.py:541} INFO - Filling up the DagBag from /home/vscode/.local/lib/python3.10/site-packages/airflow/example_dags/example_branch_operator_decorator.py
[2025-12-16T18:24:22.408+0000] {processor.py:836} INFO - DAG(s) dict_keys(['example_branch_python_operator_decorator']) retrieved from /home/vscode/.local/lib/python3.10/site-packages/airflow/example_dags/example_branch_operator_decorator.py
[2025-12-16T18:24:22.421+0000] {logging_mixin.py:150} INFO - [2025-12-16T18:24:22.421+0000] {dag.py:2742} INFO - Sync 1 DAGs
[2025-12-16T18:24:22.436+0000] {logging_mixin.py:150} INFO - [2025-12-16T18:24:22.435+0000] {dag.py:3504} INFO - Setting next_dagrun for example_branch_python_operator_decorator to 2025-12-15T00:00:00+00:00, run_after=2025-12-16T00:00:00+00:00
[2025-12-16T18:24:22.450+0000] {processor.py:179} INFO - Processing /home/vscode/.local/lib/python3.10/site-packages/airflow/example_dags/example_branch_operator_decorator.py took 0.052 seconds
[2025-12-16T18:25:15.368+0000] {processor.py:157} INFO - Started process (PID=17004) to work on /home/vscode/.local/lib/python3.10/site-packages/airflow/example_dags/example_branch_operator_decorator.py
[2025-12-16T18:25:15.369+0000] {processor.py:826} INFO - Processing file /home/vscode/.local/lib/python3.10/site-packages/airflow/example_dags/example_branch_operator_decorator.py for tasks to queue
[2025-12-16T18:25:15.369+0000] {logging_mixin.py:150} INFO - [2025-12-16T18:25:15.369+0000] {dagbag.py:541} INFO - Filling up the DagBag from /home/vscode/.local/lib/python3.10/site-packages/airflow/example_dags/example_branch_operator_decorator.py
[2025-12-16T18:25:15.376+0000] {processor.py:836} INFO - DAG(s) dict_keys(['example_branch_python_operator_decorator']) retrieved from /home/vscode/.local/lib/python3.10/site-packages/airflow/example_dags/example_branch_operator_decorator.py
[2025-12-16T18:25:15.389+0000] {logging_mixin.py:150} INFO - [2025-12-16T18:25:15.389+0000] {dag.py:2742} INFO - Sync 1 DAGs
[2025-12-16T18:25:15.404+0000] {logging_mixin.py:150} INFO - [2025-12-16T18:25:15.403+0000] {dag.py:3504} INFO - Setting next_dagrun for example_branch_python_operator_decorator to 2025-12-15T00:00:00+00:00, run_after=2025-12-16T00:00:00+00:00
[2025-12-16T18:25:15.418+0000] {processor.py:179} INFO - Processing /home/vscode/.local/lib/python3.10/site-packages/airflow/example_dags/example_branch_operator_decorator.py took 0.052 seconds
[2025-12-16T18:25:58.660+0000] {processor.py:157} INFO - Started process (PID=17299) to work on /home/vscode/.local/lib/python3.10/site-packages/airflow/example_dags/example_branch_operator_decorator.py
[2025-12-16T18:25:58.661+0000] {processor.py:826} INFO - Processing file /home/vscode/.local/lib/python3.10/site-packages/airflow/example_dags/example_branch_operator_decorator.py for tasks to queue
[2025-12-16T18:25:58.661+0000] {logging_mixin.py:150} INFO - [2025-12-16T18:25:58.661+0000] {dagbag.py:541} INFO - Filling up the DagBag from /home/vscode/.local/lib/python3.10/site-packages/airflow/example_dags/example_branch_operator_decorator.py
[2025-12-16T18:25:58.669+0000] {processor.py:836} INFO - DAG(s) dict_keys(['example_branch_python_operator_decorator']) retrieved from /home/vscode/.local/lib/python3.10/site-packages/airflow/example_dags/example_branch_operator_decorator.py
[2025-12-16T18:25:58.682+0000] {logging_mixin.py:150} INFO - [2025-12-16T18:25:58.681+0000] {dag.py:2742} INFO - Sync 1 DAGs
[2025-12-16T18:25:58.697+0000] {logging_mixin.py:150} INFO - [2025-12-16T18:25:58.697+0000] {dag.py:3504} INFO - Setting next_dagrun for example_branch_python_operator_decorator to 2025-12-15T00:00:00+00:00, run_after=2025-12-16T00:00:00+00:00
[2025-12-16T18:25:58.711+0000] {processor.py:179} INFO - Processing /home/vscode/.local/lib/python3.10/site-packages/airflow/example_dags/example_branch_operator_decorator.py took 0.053 seconds
[2025-12-16T18:26:51.651+0000] {processor.py:157} INFO - Started process (PID=17643) to work on /home/vscode/.local/lib/python3.10/site-packages/airflow/example_dags/example_branch_operator_decorator.py
[2025-12-16T18:26:51.652+0000] {processor.py:826} INFO - Processing file /home/vscode/.local/lib/python3.10/site-packages/airflow/example_dags/example_branch_operator_decorator.py for tasks to queue
[2025-12-16T18:26:51.652+0000] {logging_mixin.py:150} INFO - [2025-12-16T18:26:51.652+0000] {dagbag.py:541} INFO - Filling up the DagBag from /home/vscode/.local/lib/python3.10/site-packages/airflow/example_dags/example_branch_operator_decorator.py
[2025-12-16T18:26:51.661+0000] {processor.py:836} INFO - DAG(s) dict_keys(['example_branch_python_operator_decorator']) retrieved from /home/vscode/.local/lib/python3.10/site-packages/airflow/example_dags/example_branch_operator_decorator.py
[2025-12-16T18:26:51.674+0000] {logging_mixin.py:150} INFO - [2025-12-16T18:26:51.674+0000] {dag.py:2742} INFO - Sync 1 DAGs
[2025-12-16T18:26:51.782+0000] {logging_mixin.py:150} INFO - [2025-12-16T18:26:51.782+0000] {dag.py:3504} INFO - Setting next_dagrun for example_branch_python_operator_decorator to 2025-12-15T00:00:00+00:00, run_after=2025-12-16T00:00:00+00:00
[2025-12-16T18:26:51.797+0000] {processor.py:179} INFO - Processing /home/vscode/.local/lib/python3.10/site-packages/airflow/example_dags/example_branch_operator_decorator.py took 0.148 seconds
