[2025-12-16T17:53:42.871+0000] {processor.py:157} INFO - Started process (PID=3770) to work on /home/vscode/.local/lib/python3.10/site-packages/airflow/example_dags/example_sla_dag.py
[2025-12-16T17:53:42.872+0000] {processor.py:826} INFO - Processing file /home/vscode/.local/lib/python3.10/site-packages/airflow/example_dags/example_sla_dag.py for tasks to queue
[2025-12-16T17:53:42.873+0000] {logging_mixin.py:150} INFO - [2025-12-16T17:53:42.872+0000] {dagbag.py:541} INFO - Filling up the DagBag from /home/vscode/.local/lib/python3.10/site-packages/airflow/example_dags/example_sla_dag.py
[2025-12-16T17:53:42.882+0000] {processor.py:836} INFO - DAG(s) dict_keys(['example_sla_dag']) retrieved from /home/vscode/.local/lib/python3.10/site-packages/airflow/example_dags/example_sla_dag.py
[2025-12-16T17:53:42.967+0000] {logging_mixin.py:150} INFO - [2025-12-16T17:53:42.967+0000] {manager.py:504} INFO - Created Permission View: can read on DAG:example_sla_dag
[2025-12-16T17:53:42.976+0000] {logging_mixin.py:150} INFO - [2025-12-16T17:53:42.976+0000] {manager.py:504} INFO - Created Permission View: can delete on DAG:example_sla_dag
[2025-12-16T17:53:42.982+0000] {logging_mixin.py:150} INFO - [2025-12-16T17:53:42.982+0000] {manager.py:504} INFO - Created Permission View: can edit on DAG:example_sla_dag
[2025-12-16T17:53:42.990+0000] {logging_mixin.py:150} INFO - [2025-12-16T17:53:42.990+0000] {dag.py:2742} INFO - Sync 1 DAGs
[2025-12-16T17:53:42.998+0000] {logging_mixin.py:150} INFO - [2025-12-16T17:53:42.998+0000] {dag.py:2763} INFO - Creating ORM DAG for example_sla_dag
[2025-12-16T17:53:43.006+0000] {logging_mixin.py:150} INFO - [2025-12-16T17:53:43.006+0000] {dag.py:3504} INFO - Setting next_dagrun for example_sla_dag to 2025-12-16T17:50:00+00:00, run_after=2025-12-16T17:52:00+00:00
[2025-12-16T17:53:43.022+0000] {processor.py:179} INFO - Processing /home/vscode/.local/lib/python3.10/site-packages/airflow/example_dags/example_sla_dag.py took 0.154 seconds
[2025-12-16T17:54:31.148+0000] {processor.py:157} INFO - Started process (PID=4331) to work on /home/vscode/.local/lib/python3.10/site-packages/airflow/example_dags/example_sla_dag.py
[2025-12-16T17:54:31.148+0000] {processor.py:826} INFO - Processing file /home/vscode/.local/lib/python3.10/site-packages/airflow/example_dags/example_sla_dag.py for tasks to queue
[2025-12-16T17:54:31.149+0000] {logging_mixin.py:150} INFO - [2025-12-16T17:54:31.149+0000] {dagbag.py:541} INFO - Filling up the DagBag from /home/vscode/.local/lib/python3.10/site-packages/airflow/example_dags/example_sla_dag.py
[2025-12-16T17:54:31.155+0000] {processor.py:836} INFO - DAG(s) dict_keys(['example_sla_dag']) retrieved from /home/vscode/.local/lib/python3.10/site-packages/airflow/example_dags/example_sla_dag.py
[2025-12-16T17:54:31.165+0000] {logging_mixin.py:150} INFO - [2025-12-16T17:54:31.165+0000] {dag.py:2742} INFO - Sync 1 DAGs
[2025-12-16T17:54:31.181+0000] {logging_mixin.py:150} INFO - [2025-12-16T17:54:31.181+0000] {dag.py:3504} INFO - Setting next_dagrun for example_sla_dag to 2025-12-16T17:52:00+00:00, run_after=2025-12-16T17:54:00+00:00
[2025-12-16T17:54:31.195+0000] {processor.py:179} INFO - Processing /home/vscode/.local/lib/python3.10/site-packages/airflow/example_dags/example_sla_dag.py took 0.050 seconds
[2025-12-16T17:55:17.428+0000] {processor.py:157} INFO - Started process (PID=4690) to work on /home/vscode/.local/lib/python3.10/site-packages/airflow/example_dags/example_sla_dag.py
[2025-12-16T17:55:17.428+0000] {processor.py:826} INFO - Processing file /home/vscode/.local/lib/python3.10/site-packages/airflow/example_dags/example_sla_dag.py for tasks to queue
[2025-12-16T17:55:17.429+0000] {logging_mixin.py:150} INFO - [2025-12-16T17:55:17.429+0000] {dagbag.py:541} INFO - Filling up the DagBag from /home/vscode/.local/lib/python3.10/site-packages/airflow/example_dags/example_sla_dag.py
[2025-12-16T17:55:17.435+0000] {processor.py:836} INFO - DAG(s) dict_keys(['example_sla_dag']) retrieved from /home/vscode/.local/lib/python3.10/site-packages/airflow/example_dags/example_sla_dag.py
[2025-12-16T17:55:17.446+0000] {logging_mixin.py:150} INFO - [2025-12-16T17:55:17.446+0000] {dag.py:2742} INFO - Sync 1 DAGs
[2025-12-16T17:55:17.462+0000] {logging_mixin.py:150} INFO - [2025-12-16T17:55:17.462+0000] {dag.py:3504} INFO - Setting next_dagrun for example_sla_dag to 2025-12-16T17:52:00+00:00, run_after=2025-12-16T17:54:00+00:00
[2025-12-16T17:55:17.476+0000] {processor.py:179} INFO - Processing /home/vscode/.local/lib/python3.10/site-packages/airflow/example_dags/example_sla_dag.py took 0.051 seconds
[2025-12-16T17:56:04.135+0000] {processor.py:157} INFO - Started process (PID=5127) to work on /home/vscode/.local/lib/python3.10/site-packages/airflow/example_dags/example_sla_dag.py
[2025-12-16T17:56:04.136+0000] {processor.py:826} INFO - Processing file /home/vscode/.local/lib/python3.10/site-packages/airflow/example_dags/example_sla_dag.py for tasks to queue
[2025-12-16T17:56:04.136+0000] {logging_mixin.py:150} INFO - [2025-12-16T17:56:04.136+0000] {dagbag.py:541} INFO - Filling up the DagBag from /home/vscode/.local/lib/python3.10/site-packages/airflow/example_dags/example_sla_dag.py
[2025-12-16T17:56:04.142+0000] {processor.py:836} INFO - DAG(s) dict_keys(['example_sla_dag']) retrieved from /home/vscode/.local/lib/python3.10/site-packages/airflow/example_dags/example_sla_dag.py
[2025-12-16T17:56:04.154+0000] {logging_mixin.py:150} INFO - [2025-12-16T17:56:04.153+0000] {dag.py:2742} INFO - Sync 1 DAGs
[2025-12-16T17:56:04.170+0000] {logging_mixin.py:150} INFO - [2025-12-16T17:56:04.169+0000] {dag.py:3504} INFO - Setting next_dagrun for example_sla_dag to 2025-12-16T17:54:00+00:00, run_after=2025-12-16T17:56:00+00:00
[2025-12-16T17:56:04.184+0000] {processor.py:179} INFO - Processing /home/vscode/.local/lib/python3.10/site-packages/airflow/example_dags/example_sla_dag.py took 0.051 seconds
[2025-12-16T17:56:54.152+0000] {processor.py:157} INFO - Started process (PID=5542) to work on /home/vscode/.local/lib/python3.10/site-packages/airflow/example_dags/example_sla_dag.py
[2025-12-16T17:56:54.152+0000] {processor.py:826} INFO - Processing file /home/vscode/.local/lib/python3.10/site-packages/airflow/example_dags/example_sla_dag.py for tasks to queue
[2025-12-16T17:56:54.153+0000] {logging_mixin.py:150} INFO - [2025-12-16T17:56:54.153+0000] {dagbag.py:541} INFO - Filling up the DagBag from /home/vscode/.local/lib/python3.10/site-packages/airflow/example_dags/example_sla_dag.py
[2025-12-16T17:56:54.159+0000] {processor.py:836} INFO - DAG(s) dict_keys(['example_sla_dag']) retrieved from /home/vscode/.local/lib/python3.10/site-packages/airflow/example_dags/example_sla_dag.py
[2025-12-16T17:56:54.169+0000] {logging_mixin.py:150} INFO - [2025-12-16T17:56:54.169+0000] {dag.py:2742} INFO - Sync 1 DAGs
[2025-12-16T17:56:54.186+0000] {logging_mixin.py:150} INFO - [2025-12-16T17:56:54.186+0000] {dag.py:3504} INFO - Setting next_dagrun for example_sla_dag to 2025-12-16T17:54:00+00:00, run_after=2025-12-16T17:56:00+00:00
[2025-12-16T17:56:54.200+0000] {processor.py:179} INFO - Processing /home/vscode/.local/lib/python3.10/site-packages/airflow/example_dags/example_sla_dag.py took 0.051 seconds
[2025-12-16T17:57:39.814+0000] {processor.py:157} INFO - Started process (PID=5995) to work on /home/vscode/.local/lib/python3.10/site-packages/airflow/example_dags/example_sla_dag.py
[2025-12-16T17:57:39.815+0000] {processor.py:826} INFO - Processing file /home/vscode/.local/lib/python3.10/site-packages/airflow/example_dags/example_sla_dag.py for tasks to queue
[2025-12-16T17:57:39.815+0000] {logging_mixin.py:150} INFO - [2025-12-16T17:57:39.815+0000] {dagbag.py:541} INFO - Filling up the DagBag from /home/vscode/.local/lib/python3.10/site-packages/airflow/example_dags/example_sla_dag.py
[2025-12-16T17:57:39.821+0000] {processor.py:836} INFO - DAG(s) dict_keys(['example_sla_dag']) retrieved from /home/vscode/.local/lib/python3.10/site-packages/airflow/example_dags/example_sla_dag.py
[2025-12-16T17:57:39.835+0000] {logging_mixin.py:150} INFO - [2025-12-16T17:57:39.835+0000] {dag.py:2742} INFO - Sync 1 DAGs
[2025-12-16T17:57:39.859+0000] {logging_mixin.py:150} INFO - [2025-12-16T17:57:39.859+0000] {dag.py:3504} INFO - Setting next_dagrun for example_sla_dag to 2025-12-16T17:54:00+00:00, run_after=2025-12-16T17:56:00+00:00
[2025-12-16T17:57:39.882+0000] {processor.py:179} INFO - Processing /home/vscode/.local/lib/python3.10/site-packages/airflow/example_dags/example_sla_dag.py took 0.070 seconds
[2025-12-16T17:58:26.560+0000] {processor.py:157} INFO - Started process (PID=6311) to work on /home/vscode/.local/lib/python3.10/site-packages/airflow/example_dags/example_sla_dag.py
[2025-12-16T17:58:26.561+0000] {processor.py:826} INFO - Processing file /home/vscode/.local/lib/python3.10/site-packages/airflow/example_dags/example_sla_dag.py for tasks to queue
[2025-12-16T17:58:26.562+0000] {logging_mixin.py:150} INFO - [2025-12-16T17:58:26.561+0000] {dagbag.py:541} INFO - Filling up the DagBag from /home/vscode/.local/lib/python3.10/site-packages/airflow/example_dags/example_sla_dag.py
[2025-12-16T17:58:26.567+0000] {processor.py:836} INFO - DAG(s) dict_keys(['example_sla_dag']) retrieved from /home/vscode/.local/lib/python3.10/site-packages/airflow/example_dags/example_sla_dag.py
[2025-12-16T17:58:26.578+0000] {logging_mixin.py:150} INFO - [2025-12-16T17:58:26.578+0000] {dag.py:2742} INFO - Sync 1 DAGs
[2025-12-16T17:58:26.593+0000] {logging_mixin.py:150} INFO - [2025-12-16T17:58:26.593+0000] {dag.py:3504} INFO - Setting next_dagrun for example_sla_dag to 2025-12-16T17:56:00+00:00, run_after=2025-12-16T17:58:00+00:00
[2025-12-16T17:58:26.608+0000] {processor.py:179} INFO - Processing /home/vscode/.local/lib/python3.10/site-packages/airflow/example_dags/example_sla_dag.py took 0.049 seconds
[2025-12-16T17:59:15.611+0000] {processor.py:157} INFO - Started process (PID=6638) to work on /home/vscode/.local/lib/python3.10/site-packages/airflow/example_dags/example_sla_dag.py
[2025-12-16T17:59:15.612+0000] {processor.py:826} INFO - Processing file /home/vscode/.local/lib/python3.10/site-packages/airflow/example_dags/example_sla_dag.py for tasks to queue
[2025-12-16T17:59:15.613+0000] {logging_mixin.py:150} INFO - [2025-12-16T17:59:15.612+0000] {dagbag.py:541} INFO - Filling up the DagBag from /home/vscode/.local/lib/python3.10/site-packages/airflow/example_dags/example_sla_dag.py
[2025-12-16T17:59:15.619+0000] {processor.py:836} INFO - DAG(s) dict_keys(['example_sla_dag']) retrieved from /home/vscode/.local/lib/python3.10/site-packages/airflow/example_dags/example_sla_dag.py
[2025-12-16T17:59:15.630+0000] {logging_mixin.py:150} INFO - [2025-12-16T17:59:15.630+0000] {dag.py:2742} INFO - Sync 1 DAGs
[2025-12-16T17:59:15.646+0000] {logging_mixin.py:150} INFO - [2025-12-16T17:59:15.646+0000] {dag.py:3504} INFO - Setting next_dagrun for example_sla_dag to 2025-12-16T17:56:00+00:00, run_after=2025-12-16T17:58:00+00:00
[2025-12-16T17:59:15.660+0000] {processor.py:179} INFO - Processing /home/vscode/.local/lib/python3.10/site-packages/airflow/example_dags/example_sla_dag.py took 0.051 seconds
[2025-12-16T18:00:02.482+0000] {processor.py:157} INFO - Started process (PID=6948) to work on /home/vscode/.local/lib/python3.10/site-packages/airflow/example_dags/example_sla_dag.py
[2025-12-16T18:00:02.482+0000] {processor.py:826} INFO - Processing file /home/vscode/.local/lib/python3.10/site-packages/airflow/example_dags/example_sla_dag.py for tasks to queue
[2025-12-16T18:00:02.483+0000] {logging_mixin.py:150} INFO - [2025-12-16T18:00:02.483+0000] {dagbag.py:541} INFO - Filling up the DagBag from /home/vscode/.local/lib/python3.10/site-packages/airflow/example_dags/example_sla_dag.py
[2025-12-16T18:00:02.490+0000] {processor.py:836} INFO - DAG(s) dict_keys(['example_sla_dag']) retrieved from /home/vscode/.local/lib/python3.10/site-packages/airflow/example_dags/example_sla_dag.py
[2025-12-16T18:00:02.501+0000] {logging_mixin.py:150} INFO - [2025-12-16T18:00:02.501+0000] {dag.py:2742} INFO - Sync 1 DAGs
[2025-12-16T18:00:02.518+0000] {logging_mixin.py:150} INFO - [2025-12-16T18:00:02.518+0000] {dag.py:3504} INFO - Setting next_dagrun for example_sla_dag to 2025-12-16T17:58:00+00:00, run_after=2025-12-16T18:00:00+00:00
[2025-12-16T18:00:02.533+0000] {processor.py:179} INFO - Processing /home/vscode/.local/lib/python3.10/site-packages/airflow/example_dags/example_sla_dag.py took 0.054 seconds
[2025-12-16T18:00:46.541+0000] {processor.py:157} INFO - Started process (PID=7243) to work on /home/vscode/.local/lib/python3.10/site-packages/airflow/example_dags/example_sla_dag.py
[2025-12-16T18:00:46.542+0000] {processor.py:826} INFO - Processing file /home/vscode/.local/lib/python3.10/site-packages/airflow/example_dags/example_sla_dag.py for tasks to queue
[2025-12-16T18:00:46.542+0000] {logging_mixin.py:150} INFO - [2025-12-16T18:00:46.542+0000] {dagbag.py:541} INFO - Filling up the DagBag from /home/vscode/.local/lib/python3.10/site-packages/airflow/example_dags/example_sla_dag.py
[2025-12-16T18:00:46.548+0000] {processor.py:836} INFO - DAG(s) dict_keys(['example_sla_dag']) retrieved from /home/vscode/.local/lib/python3.10/site-packages/airflow/example_dags/example_sla_dag.py
[2025-12-16T18:00:46.559+0000] {logging_mixin.py:150} INFO - [2025-12-16T18:00:46.558+0000] {dag.py:2742} INFO - Sync 1 DAGs
[2025-12-16T18:00:46.574+0000] {logging_mixin.py:150} INFO - [2025-12-16T18:00:46.574+0000] {dag.py:3504} INFO - Setting next_dagrun for example_sla_dag to 2025-12-16T17:58:00+00:00, run_after=2025-12-16T18:00:00+00:00
[2025-12-16T18:00:46.590+0000] {processor.py:179} INFO - Processing /home/vscode/.local/lib/python3.10/site-packages/airflow/example_dags/example_sla_dag.py took 0.051 seconds
[2025-12-16T18:01:32.809+0000] {processor.py:157} INFO - Started process (PID=7550) to work on /home/vscode/.local/lib/python3.10/site-packages/airflow/example_dags/example_sla_dag.py
[2025-12-16T18:01:32.809+0000] {processor.py:826} INFO - Processing file /home/vscode/.local/lib/python3.10/site-packages/airflow/example_dags/example_sla_dag.py for tasks to queue
[2025-12-16T18:01:32.810+0000] {logging_mixin.py:150} INFO - [2025-12-16T18:01:32.810+0000] {dagbag.py:541} INFO - Filling up the DagBag from /home/vscode/.local/lib/python3.10/site-packages/airflow/example_dags/example_sla_dag.py
[2025-12-16T18:01:32.817+0000] {processor.py:836} INFO - DAG(s) dict_keys(['example_sla_dag']) retrieved from /home/vscode/.local/lib/python3.10/site-packages/airflow/example_dags/example_sla_dag.py
[2025-12-16T18:01:32.828+0000] {logging_mixin.py:150} INFO - [2025-12-16T18:01:32.828+0000] {dag.py:2742} INFO - Sync 1 DAGs
[2025-12-16T18:01:32.843+0000] {logging_mixin.py:150} INFO - [2025-12-16T18:01:32.843+0000] {dag.py:3504} INFO - Setting next_dagrun for example_sla_dag to 2025-12-16T17:58:00+00:00, run_after=2025-12-16T18:00:00+00:00
[2025-12-16T18:01:32.857+0000] {processor.py:179} INFO - Processing /home/vscode/.local/lib/python3.10/site-packages/airflow/example_dags/example_sla_dag.py took 0.051 seconds
[2025-12-16T18:02:20.674+0000] {processor.py:157} INFO - Started process (PID=7873) to work on /home/vscode/.local/lib/python3.10/site-packages/airflow/example_dags/example_sla_dag.py
[2025-12-16T18:02:20.675+0000] {processor.py:826} INFO - Processing file /home/vscode/.local/lib/python3.10/site-packages/airflow/example_dags/example_sla_dag.py for tasks to queue
[2025-12-16T18:02:20.675+0000] {logging_mixin.py:150} INFO - [2025-12-16T18:02:20.675+0000] {dagbag.py:541} INFO - Filling up the DagBag from /home/vscode/.local/lib/python3.10/site-packages/airflow/example_dags/example_sla_dag.py
[2025-12-16T18:02:20.681+0000] {processor.py:836} INFO - DAG(s) dict_keys(['example_sla_dag']) retrieved from /home/vscode/.local/lib/python3.10/site-packages/airflow/example_dags/example_sla_dag.py
[2025-12-16T18:02:20.692+0000] {logging_mixin.py:150} INFO - [2025-12-16T18:02:20.692+0000] {dag.py:2742} INFO - Sync 1 DAGs
[2025-12-16T18:02:20.708+0000] {logging_mixin.py:150} INFO - [2025-12-16T18:02:20.708+0000] {dag.py:3504} INFO - Setting next_dagrun for example_sla_dag to 2025-12-16T18:00:00+00:00, run_after=2025-12-16T18:02:00+00:00
[2025-12-16T18:02:20.723+0000] {processor.py:179} INFO - Processing /home/vscode/.local/lib/python3.10/site-packages/airflow/example_dags/example_sla_dag.py took 0.051 seconds
[2025-12-16T18:03:07.249+0000] {processor.py:157} INFO - Started process (PID=8184) to work on /home/vscode/.local/lib/python3.10/site-packages/airflow/example_dags/example_sla_dag.py
[2025-12-16T18:03:07.250+0000] {processor.py:826} INFO - Processing file /home/vscode/.local/lib/python3.10/site-packages/airflow/example_dags/example_sla_dag.py for tasks to queue
[2025-12-16T18:03:07.250+0000] {logging_mixin.py:150} INFO - [2025-12-16T18:03:07.250+0000] {dagbag.py:541} INFO - Filling up the DagBag from /home/vscode/.local/lib/python3.10/site-packages/airflow/example_dags/example_sla_dag.py
[2025-12-16T18:03:07.257+0000] {processor.py:836} INFO - DAG(s) dict_keys(['example_sla_dag']) retrieved from /home/vscode/.local/lib/python3.10/site-packages/airflow/example_dags/example_sla_dag.py
[2025-12-16T18:03:07.268+0000] {logging_mixin.py:150} INFO - [2025-12-16T18:03:07.268+0000] {dag.py:2742} INFO - Sync 1 DAGs
[2025-12-16T18:03:07.284+0000] {logging_mixin.py:150} INFO - [2025-12-16T18:03:07.284+0000] {dag.py:3504} INFO - Setting next_dagrun for example_sla_dag to 2025-12-16T18:00:00+00:00, run_after=2025-12-16T18:02:00+00:00
[2025-12-16T18:03:07.299+0000] {processor.py:179} INFO - Processing /home/vscode/.local/lib/python3.10/site-packages/airflow/example_dags/example_sla_dag.py took 0.052 seconds
[2025-12-16T18:03:54.545+0000] {processor.py:157} INFO - Started process (PID=8491) to work on /home/vscode/.local/lib/python3.10/site-packages/airflow/example_dags/example_sla_dag.py
[2025-12-16T18:03:54.546+0000] {processor.py:826} INFO - Processing file /home/vscode/.local/lib/python3.10/site-packages/airflow/example_dags/example_sla_dag.py for tasks to queue
[2025-12-16T18:03:54.547+0000] {logging_mixin.py:150} INFO - [2025-12-16T18:03:54.546+0000] {dagbag.py:541} INFO - Filling up the DagBag from /home/vscode/.local/lib/python3.10/site-packages/airflow/example_dags/example_sla_dag.py
[2025-12-16T18:03:54.553+0000] {processor.py:836} INFO - DAG(s) dict_keys(['example_sla_dag']) retrieved from /home/vscode/.local/lib/python3.10/site-packages/airflow/example_dags/example_sla_dag.py
[2025-12-16T18:03:54.564+0000] {logging_mixin.py:150} INFO - [2025-12-16T18:03:54.564+0000] {dag.py:2742} INFO - Sync 1 DAGs
[2025-12-16T18:03:54.581+0000] {logging_mixin.py:150} INFO - [2025-12-16T18:03:54.581+0000] {dag.py:3504} INFO - Setting next_dagrun for example_sla_dag to 2025-12-16T18:00:00+00:00, run_after=2025-12-16T18:02:00+00:00
[2025-12-16T18:03:54.598+0000] {processor.py:179} INFO - Processing /home/vscode/.local/lib/python3.10/site-packages/airflow/example_dags/example_sla_dag.py took 0.055 seconds
[2025-12-16T18:04:43.683+0000] {processor.py:157} INFO - Started process (PID=8818) to work on /home/vscode/.local/lib/python3.10/site-packages/airflow/example_dags/example_sla_dag.py
[2025-12-16T18:04:43.683+0000] {processor.py:826} INFO - Processing file /home/vscode/.local/lib/python3.10/site-packages/airflow/example_dags/example_sla_dag.py for tasks to queue
[2025-12-16T18:04:43.684+0000] {logging_mixin.py:150} INFO - [2025-12-16T18:04:43.684+0000] {dagbag.py:541} INFO - Filling up the DagBag from /home/vscode/.local/lib/python3.10/site-packages/airflow/example_dags/example_sla_dag.py
[2025-12-16T18:04:43.690+0000] {processor.py:836} INFO - DAG(s) dict_keys(['example_sla_dag']) retrieved from /home/vscode/.local/lib/python3.10/site-packages/airflow/example_dags/example_sla_dag.py
[2025-12-16T18:04:43.701+0000] {logging_mixin.py:150} INFO - [2025-12-16T18:04:43.701+0000] {dag.py:2742} INFO - Sync 1 DAGs
[2025-12-16T18:04:43.717+0000] {logging_mixin.py:150} INFO - [2025-12-16T18:04:43.717+0000] {dag.py:3504} INFO - Setting next_dagrun for example_sla_dag to 2025-12-16T18:02:00+00:00, run_after=2025-12-16T18:04:00+00:00
[2025-12-16T18:04:43.733+0000] {processor.py:179} INFO - Processing /home/vscode/.local/lib/python3.10/site-packages/airflow/example_dags/example_sla_dag.py took 0.052 seconds
[2025-12-16T18:05:32.599+0000] {processor.py:157} INFO - Started process (PID=9144) to work on /home/vscode/.local/lib/python3.10/site-packages/airflow/example_dags/example_sla_dag.py
[2025-12-16T18:05:32.599+0000] {processor.py:826} INFO - Processing file /home/vscode/.local/lib/python3.10/site-packages/airflow/example_dags/example_sla_dag.py for tasks to queue
[2025-12-16T18:05:32.600+0000] {logging_mixin.py:150} INFO - [2025-12-16T18:05:32.600+0000] {dagbag.py:541} INFO - Filling up the DagBag from /home/vscode/.local/lib/python3.10/site-packages/airflow/example_dags/example_sla_dag.py
[2025-12-16T18:05:32.606+0000] {processor.py:836} INFO - DAG(s) dict_keys(['example_sla_dag']) retrieved from /home/vscode/.local/lib/python3.10/site-packages/airflow/example_dags/example_sla_dag.py
[2025-12-16T18:05:32.618+0000] {logging_mixin.py:150} INFO - [2025-12-16T18:05:32.618+0000] {dag.py:2742} INFO - Sync 1 DAGs
[2025-12-16T18:05:32.635+0000] {logging_mixin.py:150} INFO - [2025-12-16T18:05:32.634+0000] {dag.py:3504} INFO - Setting next_dagrun for example_sla_dag to 2025-12-16T18:02:00+00:00, run_after=2025-12-16T18:04:00+00:00
[2025-12-16T18:05:32.649+0000] {processor.py:179} INFO - Processing /home/vscode/.local/lib/python3.10/site-packages/airflow/example_dags/example_sla_dag.py took 0.053 seconds
[2025-12-16T18:06:18.928+0000] {processor.py:157} INFO - Started process (PID=9461) to work on /home/vscode/.local/lib/python3.10/site-packages/airflow/example_dags/example_sla_dag.py
[2025-12-16T18:06:18.929+0000] {processor.py:826} INFO - Processing file /home/vscode/.local/lib/python3.10/site-packages/airflow/example_dags/example_sla_dag.py for tasks to queue
[2025-12-16T18:06:18.930+0000] {logging_mixin.py:150} INFO - [2025-12-16T18:06:18.929+0000] {dagbag.py:541} INFO - Filling up the DagBag from /home/vscode/.local/lib/python3.10/site-packages/airflow/example_dags/example_sla_dag.py
[2025-12-16T18:06:18.936+0000] {processor.py:836} INFO - DAG(s) dict_keys(['example_sla_dag']) retrieved from /home/vscode/.local/lib/python3.10/site-packages/airflow/example_dags/example_sla_dag.py
[2025-12-16T18:06:18.947+0000] {logging_mixin.py:150} INFO - [2025-12-16T18:06:18.947+0000] {dag.py:2742} INFO - Sync 1 DAGs
[2025-12-16T18:06:18.963+0000] {logging_mixin.py:150} INFO - [2025-12-16T18:06:18.963+0000] {dag.py:3504} INFO - Setting next_dagrun for example_sla_dag to 2025-12-16T18:04:00+00:00, run_after=2025-12-16T18:06:00+00:00
[2025-12-16T18:06:18.980+0000] {processor.py:179} INFO - Processing /home/vscode/.local/lib/python3.10/site-packages/airflow/example_dags/example_sla_dag.py took 0.054 seconds
[2025-12-16T18:07:05.320+0000] {processor.py:157} INFO - Started process (PID=9765) to work on /home/vscode/.local/lib/python3.10/site-packages/airflow/example_dags/example_sla_dag.py
[2025-12-16T18:07:05.320+0000] {processor.py:826} INFO - Processing file /home/vscode/.local/lib/python3.10/site-packages/airflow/example_dags/example_sla_dag.py for tasks to queue
[2025-12-16T18:07:05.321+0000] {logging_mixin.py:150} INFO - [2025-12-16T18:07:05.321+0000] {dagbag.py:541} INFO - Filling up the DagBag from /home/vscode/.local/lib/python3.10/site-packages/airflow/example_dags/example_sla_dag.py
[2025-12-16T18:07:05.327+0000] {processor.py:836} INFO - DAG(s) dict_keys(['example_sla_dag']) retrieved from /home/vscode/.local/lib/python3.10/site-packages/airflow/example_dags/example_sla_dag.py
[2025-12-16T18:07:05.339+0000] {logging_mixin.py:150} INFO - [2025-12-16T18:07:05.339+0000] {dag.py:2742} INFO - Sync 1 DAGs
[2025-12-16T18:07:05.355+0000] {logging_mixin.py:150} INFO - [2025-12-16T18:07:05.355+0000] {dag.py:3504} INFO - Setting next_dagrun for example_sla_dag to 2025-12-16T18:04:00+00:00, run_after=2025-12-16T18:06:00+00:00
[2025-12-16T18:07:05.370+0000] {processor.py:179} INFO - Processing /home/vscode/.local/lib/python3.10/site-packages/airflow/example_dags/example_sla_dag.py took 0.052 seconds
[2025-12-16T18:07:55.089+0000] {processor.py:157} INFO - Started process (PID=10091) to work on /home/vscode/.local/lib/python3.10/site-packages/airflow/example_dags/example_sla_dag.py
[2025-12-16T18:07:55.090+0000] {processor.py:826} INFO - Processing file /home/vscode/.local/lib/python3.10/site-packages/airflow/example_dags/example_sla_dag.py for tasks to queue
[2025-12-16T18:07:55.091+0000] {logging_mixin.py:150} INFO - [2025-12-16T18:07:55.090+0000] {dagbag.py:541} INFO - Filling up the DagBag from /home/vscode/.local/lib/python3.10/site-packages/airflow/example_dags/example_sla_dag.py
[2025-12-16T18:07:55.097+0000] {processor.py:836} INFO - DAG(s) dict_keys(['example_sla_dag']) retrieved from /home/vscode/.local/lib/python3.10/site-packages/airflow/example_dags/example_sla_dag.py
[2025-12-16T18:07:55.108+0000] {logging_mixin.py:150} INFO - [2025-12-16T18:07:55.108+0000] {dag.py:2742} INFO - Sync 1 DAGs
[2025-12-16T18:07:55.125+0000] {logging_mixin.py:150} INFO - [2025-12-16T18:07:55.125+0000] {dag.py:3504} INFO - Setting next_dagrun for example_sla_dag to 2025-12-16T18:04:00+00:00, run_after=2025-12-16T18:06:00+00:00
[2025-12-16T18:07:55.140+0000] {processor.py:179} INFO - Processing /home/vscode/.local/lib/python3.10/site-packages/airflow/example_dags/example_sla_dag.py took 0.052 seconds
[2025-12-16T18:08:40.977+0000] {processor.py:157} INFO - Started process (PID=10402) to work on /home/vscode/.local/lib/python3.10/site-packages/airflow/example_dags/example_sla_dag.py
[2025-12-16T18:08:40.978+0000] {processor.py:826} INFO - Processing file /home/vscode/.local/lib/python3.10/site-packages/airflow/example_dags/example_sla_dag.py for tasks to queue
[2025-12-16T18:08:40.978+0000] {logging_mixin.py:150} INFO - [2025-12-16T18:08:40.978+0000] {dagbag.py:541} INFO - Filling up the DagBag from /home/vscode/.local/lib/python3.10/site-packages/airflow/example_dags/example_sla_dag.py
[2025-12-16T18:08:40.985+0000] {processor.py:836} INFO - DAG(s) dict_keys(['example_sla_dag']) retrieved from /home/vscode/.local/lib/python3.10/site-packages/airflow/example_dags/example_sla_dag.py
[2025-12-16T18:08:40.997+0000] {logging_mixin.py:150} INFO - [2025-12-16T18:08:40.997+0000] {dag.py:2742} INFO - Sync 1 DAGs
[2025-12-16T18:08:41.022+0000] {logging_mixin.py:150} INFO - [2025-12-16T18:08:41.022+0000] {dag.py:3504} INFO - Setting next_dagrun for example_sla_dag to 2025-12-16T18:06:00+00:00, run_after=2025-12-16T18:08:00+00:00
[2025-12-16T18:08:41.053+0000] {processor.py:179} INFO - Processing /home/vscode/.local/lib/python3.10/site-packages/airflow/example_dags/example_sla_dag.py took 0.078 seconds
[2025-12-16T18:09:30.357+0000] {processor.py:157} INFO - Started process (PID=10729) to work on /home/vscode/.local/lib/python3.10/site-packages/airflow/example_dags/example_sla_dag.py
[2025-12-16T18:09:30.357+0000] {processor.py:826} INFO - Processing file /home/vscode/.local/lib/python3.10/site-packages/airflow/example_dags/example_sla_dag.py for tasks to queue
[2025-12-16T18:09:30.358+0000] {logging_mixin.py:150} INFO - [2025-12-16T18:09:30.358+0000] {dagbag.py:541} INFO - Filling up the DagBag from /home/vscode/.local/lib/python3.10/site-packages/airflow/example_dags/example_sla_dag.py
[2025-12-16T18:09:30.364+0000] {processor.py:836} INFO - DAG(s) dict_keys(['example_sla_dag']) retrieved from /home/vscode/.local/lib/python3.10/site-packages/airflow/example_dags/example_sla_dag.py
[2025-12-16T18:09:30.374+0000] {logging_mixin.py:150} INFO - [2025-12-16T18:09:30.374+0000] {dag.py:2742} INFO - Sync 1 DAGs
[2025-12-16T18:09:30.391+0000] {logging_mixin.py:150} INFO - [2025-12-16T18:09:30.391+0000] {dag.py:3504} INFO - Setting next_dagrun for example_sla_dag to 2025-12-16T18:06:00+00:00, run_after=2025-12-16T18:08:00+00:00
[2025-12-16T18:09:30.405+0000] {processor.py:179} INFO - Processing /home/vscode/.local/lib/python3.10/site-packages/airflow/example_dags/example_sla_dag.py took 0.051 seconds
[2025-12-16T18:10:15.456+0000] {processor.py:157} INFO - Started process (PID=11026) to work on /home/vscode/.local/lib/python3.10/site-packages/airflow/example_dags/example_sla_dag.py
[2025-12-16T18:10:15.457+0000] {processor.py:826} INFO - Processing file /home/vscode/.local/lib/python3.10/site-packages/airflow/example_dags/example_sla_dag.py for tasks to queue
[2025-12-16T18:10:15.458+0000] {logging_mixin.py:150} INFO - [2025-12-16T18:10:15.458+0000] {dagbag.py:541} INFO - Filling up the DagBag from /home/vscode/.local/lib/python3.10/site-packages/airflow/example_dags/example_sla_dag.py
[2025-12-16T18:10:15.465+0000] {processor.py:836} INFO - DAG(s) dict_keys(['example_sla_dag']) retrieved from /home/vscode/.local/lib/python3.10/site-packages/airflow/example_dags/example_sla_dag.py
[2025-12-16T18:10:15.476+0000] {logging_mixin.py:150} INFO - [2025-12-16T18:10:15.476+0000] {dag.py:2742} INFO - Sync 1 DAGs
[2025-12-16T18:10:15.493+0000] {logging_mixin.py:150} INFO - [2025-12-16T18:10:15.493+0000] {dag.py:3504} INFO - Setting next_dagrun for example_sla_dag to 2025-12-16T18:08:00+00:00, run_after=2025-12-16T18:10:00+00:00
[2025-12-16T18:10:15.508+0000] {processor.py:179} INFO - Processing /home/vscode/.local/lib/python3.10/site-packages/airflow/example_dags/example_sla_dag.py took 0.054 seconds
[2025-12-16T18:11:07.971+0000] {processor.py:157} INFO - Started process (PID=11369) to work on /home/vscode/.local/lib/python3.10/site-packages/airflow/example_dags/example_sla_dag.py
[2025-12-16T18:11:07.972+0000] {processor.py:826} INFO - Processing file /home/vscode/.local/lib/python3.10/site-packages/airflow/example_dags/example_sla_dag.py for tasks to queue
[2025-12-16T18:11:07.972+0000] {logging_mixin.py:150} INFO - [2025-12-16T18:11:07.972+0000] {dagbag.py:541} INFO - Filling up the DagBag from /home/vscode/.local/lib/python3.10/site-packages/airflow/example_dags/example_sla_dag.py
[2025-12-16T18:11:07.978+0000] {processor.py:836} INFO - DAG(s) dict_keys(['example_sla_dag']) retrieved from /home/vscode/.local/lib/python3.10/site-packages/airflow/example_dags/example_sla_dag.py
[2025-12-16T18:11:07.990+0000] {logging_mixin.py:150} INFO - [2025-12-16T18:11:07.989+0000] {dag.py:2742} INFO - Sync 1 DAGs
[2025-12-16T18:11:08.005+0000] {logging_mixin.py:150} INFO - [2025-12-16T18:11:08.005+0000] {dag.py:3504} INFO - Setting next_dagrun for example_sla_dag to 2025-12-16T18:08:00+00:00, run_after=2025-12-16T18:10:00+00:00
[2025-12-16T18:11:08.021+0000] {processor.py:179} INFO - Processing /home/vscode/.local/lib/python3.10/site-packages/airflow/example_dags/example_sla_dag.py took 0.052 seconds
[2025-12-16T18:11:54.213+0000] {processor.py:157} INFO - Started process (PID=11685) to work on /home/vscode/.local/lib/python3.10/site-packages/airflow/example_dags/example_sla_dag.py
[2025-12-16T18:11:54.213+0000] {processor.py:826} INFO - Processing file /home/vscode/.local/lib/python3.10/site-packages/airflow/example_dags/example_sla_dag.py for tasks to queue
[2025-12-16T18:11:54.214+0000] {logging_mixin.py:150} INFO - [2025-12-16T18:11:54.214+0000] {dagbag.py:541} INFO - Filling up the DagBag from /home/vscode/.local/lib/python3.10/site-packages/airflow/example_dags/example_sla_dag.py
[2025-12-16T18:11:54.220+0000] {processor.py:836} INFO - DAG(s) dict_keys(['example_sla_dag']) retrieved from /home/vscode/.local/lib/python3.10/site-packages/airflow/example_dags/example_sla_dag.py
[2025-12-16T18:11:54.231+0000] {logging_mixin.py:150} INFO - [2025-12-16T18:11:54.231+0000] {dag.py:2742} INFO - Sync 1 DAGs
[2025-12-16T18:11:54.247+0000] {logging_mixin.py:150} INFO - [2025-12-16T18:11:54.247+0000] {dag.py:3504} INFO - Setting next_dagrun for example_sla_dag to 2025-12-16T18:08:00+00:00, run_after=2025-12-16T18:10:00+00:00
[2025-12-16T18:11:54.261+0000] {processor.py:179} INFO - Processing /home/vscode/.local/lib/python3.10/site-packages/airflow/example_dags/example_sla_dag.py took 0.051 seconds
[2025-12-16T18:12:46.611+0000] {processor.py:157} INFO - Started process (PID=12022) to work on /home/vscode/.local/lib/python3.10/site-packages/airflow/example_dags/example_sla_dag.py
[2025-12-16T18:12:46.612+0000] {processor.py:826} INFO - Processing file /home/vscode/.local/lib/python3.10/site-packages/airflow/example_dags/example_sla_dag.py for tasks to queue
[2025-12-16T18:12:46.613+0000] {logging_mixin.py:150} INFO - [2025-12-16T18:12:46.612+0000] {dagbag.py:541} INFO - Filling up the DagBag from /home/vscode/.local/lib/python3.10/site-packages/airflow/example_dags/example_sla_dag.py
[2025-12-16T18:12:46.619+0000] {processor.py:836} INFO - DAG(s) dict_keys(['example_sla_dag']) retrieved from /home/vscode/.local/lib/python3.10/site-packages/airflow/example_dags/example_sla_dag.py
[2025-12-16T18:12:46.629+0000] {logging_mixin.py:150} INFO - [2025-12-16T18:12:46.629+0000] {dag.py:2742} INFO - Sync 1 DAGs
[2025-12-16T18:12:46.645+0000] {logging_mixin.py:150} INFO - [2025-12-16T18:12:46.645+0000] {dag.py:3504} INFO - Setting next_dagrun for example_sla_dag to 2025-12-16T18:10:00+00:00, run_after=2025-12-16T18:12:00+00:00
[2025-12-16T18:12:46.659+0000] {processor.py:179} INFO - Processing /home/vscode/.local/lib/python3.10/site-packages/airflow/example_dags/example_sla_dag.py took 0.049 seconds
[2025-12-16T18:13:29.525+0000] {processor.py:157} INFO - Started process (PID=12310) to work on /home/vscode/.local/lib/python3.10/site-packages/airflow/example_dags/example_sla_dag.py
[2025-12-16T18:13:29.526+0000] {processor.py:826} INFO - Processing file /home/vscode/.local/lib/python3.10/site-packages/airflow/example_dags/example_sla_dag.py for tasks to queue
[2025-12-16T18:13:29.526+0000] {logging_mixin.py:150} INFO - [2025-12-16T18:13:29.526+0000] {dagbag.py:541} INFO - Filling up the DagBag from /home/vscode/.local/lib/python3.10/site-packages/airflow/example_dags/example_sla_dag.py
[2025-12-16T18:13:29.532+0000] {processor.py:836} INFO - DAG(s) dict_keys(['example_sla_dag']) retrieved from /home/vscode/.local/lib/python3.10/site-packages/airflow/example_dags/example_sla_dag.py
[2025-12-16T18:13:29.542+0000] {logging_mixin.py:150} INFO - [2025-12-16T18:13:29.542+0000] {dag.py:2742} INFO - Sync 1 DAGs
[2025-12-16T18:13:29.558+0000] {logging_mixin.py:150} INFO - [2025-12-16T18:13:29.558+0000] {dag.py:3504} INFO - Setting next_dagrun for example_sla_dag to 2025-12-16T18:10:00+00:00, run_after=2025-12-16T18:12:00+00:00
[2025-12-16T18:13:29.572+0000] {processor.py:179} INFO - Processing /home/vscode/.local/lib/python3.10/site-packages/airflow/example_dags/example_sla_dag.py took 0.050 seconds
[2025-12-16T18:14:19.044+0000] {processor.py:157} INFO - Started process (PID=12643) to work on /home/vscode/.local/lib/python3.10/site-packages/airflow/example_dags/example_sla_dag.py
[2025-12-16T18:14:19.045+0000] {processor.py:826} INFO - Processing file /home/vscode/.local/lib/python3.10/site-packages/airflow/example_dags/example_sla_dag.py for tasks to queue
[2025-12-16T18:14:19.045+0000] {logging_mixin.py:150} INFO - [2025-12-16T18:14:19.045+0000] {dagbag.py:541} INFO - Filling up the DagBag from /home/vscode/.local/lib/python3.10/site-packages/airflow/example_dags/example_sla_dag.py
[2025-12-16T18:14:19.052+0000] {processor.py:836} INFO - DAG(s) dict_keys(['example_sla_dag']) retrieved from /home/vscode/.local/lib/python3.10/site-packages/airflow/example_dags/example_sla_dag.py
[2025-12-16T18:14:19.062+0000] {logging_mixin.py:150} INFO - [2025-12-16T18:14:19.062+0000] {dag.py:2742} INFO - Sync 1 DAGs
[2025-12-16T18:14:19.078+0000] {logging_mixin.py:150} INFO - [2025-12-16T18:14:19.078+0000] {dag.py:3504} INFO - Setting next_dagrun for example_sla_dag to 2025-12-16T18:12:00+00:00, run_after=2025-12-16T18:14:00+00:00
[2025-12-16T18:14:19.093+0000] {processor.py:179} INFO - Processing /home/vscode/.local/lib/python3.10/site-packages/airflow/example_dags/example_sla_dag.py took 0.052 seconds
[2025-12-16T18:15:07.993+0000] {processor.py:157} INFO - Started process (PID=12965) to work on /home/vscode/.local/lib/python3.10/site-packages/airflow/example_dags/example_sla_dag.py
[2025-12-16T18:15:07.993+0000] {processor.py:826} INFO - Processing file /home/vscode/.local/lib/python3.10/site-packages/airflow/example_dags/example_sla_dag.py for tasks to queue
[2025-12-16T18:15:07.994+0000] {logging_mixin.py:150} INFO - [2025-12-16T18:15:07.994+0000] {dagbag.py:541} INFO - Filling up the DagBag from /home/vscode/.local/lib/python3.10/site-packages/airflow/example_dags/example_sla_dag.py
[2025-12-16T18:15:08.000+0000] {processor.py:836} INFO - DAG(s) dict_keys(['example_sla_dag']) retrieved from /home/vscode/.local/lib/python3.10/site-packages/airflow/example_dags/example_sla_dag.py
[2025-12-16T18:15:08.011+0000] {logging_mixin.py:150} INFO - [2025-12-16T18:15:08.011+0000] {dag.py:2742} INFO - Sync 1 DAGs
[2025-12-16T18:15:08.026+0000] {logging_mixin.py:150} INFO - [2025-12-16T18:15:08.026+0000] {dag.py:3504} INFO - Setting next_dagrun for example_sla_dag to 2025-12-16T18:12:00+00:00, run_after=2025-12-16T18:14:00+00:00
[2025-12-16T18:15:08.041+0000] {processor.py:179} INFO - Processing /home/vscode/.local/lib/python3.10/site-packages/airflow/example_dags/example_sla_dag.py took 0.050 seconds
[2025-12-16T18:15:59.117+0000] {processor.py:157} INFO - Started process (PID=13307) to work on /home/vscode/.local/lib/python3.10/site-packages/airflow/example_dags/example_sla_dag.py
[2025-12-16T18:15:59.117+0000] {processor.py:826} INFO - Processing file /home/vscode/.local/lib/python3.10/site-packages/airflow/example_dags/example_sla_dag.py for tasks to queue
[2025-12-16T18:15:59.118+0000] {logging_mixin.py:150} INFO - [2025-12-16T18:15:59.118+0000] {dagbag.py:541} INFO - Filling up the DagBag from /home/vscode/.local/lib/python3.10/site-packages/airflow/example_dags/example_sla_dag.py
[2025-12-16T18:15:59.124+0000] {processor.py:836} INFO - DAG(s) dict_keys(['example_sla_dag']) retrieved from /home/vscode/.local/lib/python3.10/site-packages/airflow/example_dags/example_sla_dag.py
[2025-12-16T18:15:59.134+0000] {logging_mixin.py:150} INFO - [2025-12-16T18:15:59.134+0000] {dag.py:2742} INFO - Sync 1 DAGs
[2025-12-16T18:15:59.150+0000] {logging_mixin.py:150} INFO - [2025-12-16T18:15:59.149+0000] {dag.py:3504} INFO - Setting next_dagrun for example_sla_dag to 2025-12-16T18:12:00+00:00, run_after=2025-12-16T18:14:00+00:00
[2025-12-16T18:15:59.163+0000] {processor.py:179} INFO - Processing /home/vscode/.local/lib/python3.10/site-packages/airflow/example_dags/example_sla_dag.py took 0.049 seconds
[2025-12-16T18:16:45.606+0000] {processor.py:157} INFO - Started process (PID=13617) to work on /home/vscode/.local/lib/python3.10/site-packages/airflow/example_dags/example_sla_dag.py
[2025-12-16T18:16:45.606+0000] {processor.py:826} INFO - Processing file /home/vscode/.local/lib/python3.10/site-packages/airflow/example_dags/example_sla_dag.py for tasks to queue
[2025-12-16T18:16:45.607+0000] {logging_mixin.py:150} INFO - [2025-12-16T18:16:45.607+0000] {dagbag.py:541} INFO - Filling up the DagBag from /home/vscode/.local/lib/python3.10/site-packages/airflow/example_dags/example_sla_dag.py
[2025-12-16T18:16:45.613+0000] {processor.py:836} INFO - DAG(s) dict_keys(['example_sla_dag']) retrieved from /home/vscode/.local/lib/python3.10/site-packages/airflow/example_dags/example_sla_dag.py
[2025-12-16T18:16:45.623+0000] {logging_mixin.py:150} INFO - [2025-12-16T18:16:45.623+0000] {dag.py:2742} INFO - Sync 1 DAGs
[2025-12-16T18:16:45.639+0000] {logging_mixin.py:150} INFO - [2025-12-16T18:16:45.639+0000] {dag.py:3504} INFO - Setting next_dagrun for example_sla_dag to 2025-12-16T18:14:00+00:00, run_after=2025-12-16T18:16:00+00:00
[2025-12-16T18:16:45.653+0000] {processor.py:179} INFO - Processing /home/vscode/.local/lib/python3.10/site-packages/airflow/example_dags/example_sla_dag.py took 0.049 seconds
[2025-12-16T18:17:36.452+0000] {processor.py:157} INFO - Started process (PID=13952) to work on /home/vscode/.local/lib/python3.10/site-packages/airflow/example_dags/example_sla_dag.py
[2025-12-16T18:17:36.452+0000] {processor.py:826} INFO - Processing file /home/vscode/.local/lib/python3.10/site-packages/airflow/example_dags/example_sla_dag.py for tasks to queue
[2025-12-16T18:17:36.453+0000] {logging_mixin.py:150} INFO - [2025-12-16T18:17:36.453+0000] {dagbag.py:541} INFO - Filling up the DagBag from /home/vscode/.local/lib/python3.10/site-packages/airflow/example_dags/example_sla_dag.py
[2025-12-16T18:17:36.459+0000] {processor.py:836} INFO - DAG(s) dict_keys(['example_sla_dag']) retrieved from /home/vscode/.local/lib/python3.10/site-packages/airflow/example_dags/example_sla_dag.py
[2025-12-16T18:17:36.469+0000] {logging_mixin.py:150} INFO - [2025-12-16T18:17:36.469+0000] {dag.py:2742} INFO - Sync 1 DAGs
[2025-12-16T18:17:36.485+0000] {logging_mixin.py:150} INFO - [2025-12-16T18:17:36.485+0000] {dag.py:3504} INFO - Setting next_dagrun for example_sla_dag to 2025-12-16T18:14:00+00:00, run_after=2025-12-16T18:16:00+00:00
[2025-12-16T18:17:36.500+0000] {processor.py:179} INFO - Processing /home/vscode/.local/lib/python3.10/site-packages/airflow/example_dags/example_sla_dag.py took 0.050 seconds
[2025-12-16T18:18:21.660+0000] {processor.py:157} INFO - Started process (PID=14254) to work on /home/vscode/.local/lib/python3.10/site-packages/airflow/example_dags/example_sla_dag.py
[2025-12-16T18:18:21.661+0000] {processor.py:826} INFO - Processing file /home/vscode/.local/lib/python3.10/site-packages/airflow/example_dags/example_sla_dag.py for tasks to queue
[2025-12-16T18:18:21.661+0000] {logging_mixin.py:150} INFO - [2025-12-16T18:18:21.661+0000] {dagbag.py:541} INFO - Filling up the DagBag from /home/vscode/.local/lib/python3.10/site-packages/airflow/example_dags/example_sla_dag.py
[2025-12-16T18:18:21.667+0000] {processor.py:836} INFO - DAG(s) dict_keys(['example_sla_dag']) retrieved from /home/vscode/.local/lib/python3.10/site-packages/airflow/example_dags/example_sla_dag.py
[2025-12-16T18:18:21.678+0000] {logging_mixin.py:150} INFO - [2025-12-16T18:18:21.678+0000] {dag.py:2742} INFO - Sync 1 DAGs
[2025-12-16T18:18:21.701+0000] {logging_mixin.py:150} INFO - [2025-12-16T18:18:21.700+0000] {dag.py:3504} INFO - Setting next_dagrun for example_sla_dag to 2025-12-16T18:16:00+00:00, run_after=2025-12-16T18:18:00+00:00
[2025-12-16T18:18:21.723+0000] {processor.py:179} INFO - Processing /home/vscode/.local/lib/python3.10/site-packages/airflow/example_dags/example_sla_dag.py took 0.065 seconds
[2025-12-16T18:19:09.418+0000] {processor.py:157} INFO - Started process (PID=14569) to work on /home/vscode/.local/lib/python3.10/site-packages/airflow/example_dags/example_sla_dag.py
[2025-12-16T18:19:09.419+0000] {processor.py:826} INFO - Processing file /home/vscode/.local/lib/python3.10/site-packages/airflow/example_dags/example_sla_dag.py for tasks to queue
[2025-12-16T18:19:09.420+0000] {logging_mixin.py:150} INFO - [2025-12-16T18:19:09.419+0000] {dagbag.py:541} INFO - Filling up the DagBag from /home/vscode/.local/lib/python3.10/site-packages/airflow/example_dags/example_sla_dag.py
[2025-12-16T18:19:09.428+0000] {processor.py:836} INFO - DAG(s) dict_keys(['example_sla_dag']) retrieved from /home/vscode/.local/lib/python3.10/site-packages/airflow/example_dags/example_sla_dag.py
[2025-12-16T18:19:09.444+0000] {logging_mixin.py:150} INFO - [2025-12-16T18:19:09.444+0000] {dag.py:2742} INFO - Sync 1 DAGs
[2025-12-16T18:19:09.467+0000] {logging_mixin.py:150} INFO - [2025-12-16T18:19:09.467+0000] {dag.py:3504} INFO - Setting next_dagrun for example_sla_dag to 2025-12-16T18:16:00+00:00, run_after=2025-12-16T18:18:00+00:00
[2025-12-16T18:19:09.481+0000] {processor.py:179} INFO - Processing /home/vscode/.local/lib/python3.10/site-packages/airflow/example_dags/example_sla_dag.py took 0.066 seconds
[2025-12-16T18:19:54.103+0000] {processor.py:157} INFO - Started process (PID=14873) to work on /home/vscode/.local/lib/python3.10/site-packages/airflow/example_dags/example_sla_dag.py
[2025-12-16T18:19:54.104+0000] {processor.py:826} INFO - Processing file /home/vscode/.local/lib/python3.10/site-packages/airflow/example_dags/example_sla_dag.py for tasks to queue
[2025-12-16T18:19:54.104+0000] {logging_mixin.py:150} INFO - [2025-12-16T18:19:54.104+0000] {dagbag.py:541} INFO - Filling up the DagBag from /home/vscode/.local/lib/python3.10/site-packages/airflow/example_dags/example_sla_dag.py
[2025-12-16T18:19:54.110+0000] {processor.py:836} INFO - DAG(s) dict_keys(['example_sla_dag']) retrieved from /home/vscode/.local/lib/python3.10/site-packages/airflow/example_dags/example_sla_dag.py
[2025-12-16T18:19:54.121+0000] {logging_mixin.py:150} INFO - [2025-12-16T18:19:54.121+0000] {dag.py:2742} INFO - Sync 1 DAGs
[2025-12-16T18:19:54.136+0000] {logging_mixin.py:150} INFO - [2025-12-16T18:19:54.136+0000] {dag.py:3504} INFO - Setting next_dagrun for example_sla_dag to 2025-12-16T18:16:00+00:00, run_after=2025-12-16T18:18:00+00:00
[2025-12-16T18:19:54.150+0000] {processor.py:179} INFO - Processing /home/vscode/.local/lib/python3.10/site-packages/airflow/example_dags/example_sla_dag.py took 0.049 seconds
[2025-12-16T18:20:42.096+0000] {processor.py:157} INFO - Started process (PID=15188) to work on /home/vscode/.local/lib/python3.10/site-packages/airflow/example_dags/example_sla_dag.py
[2025-12-16T18:20:42.096+0000] {processor.py:826} INFO - Processing file /home/vscode/.local/lib/python3.10/site-packages/airflow/example_dags/example_sla_dag.py for tasks to queue
[2025-12-16T18:20:42.097+0000] {logging_mixin.py:150} INFO - [2025-12-16T18:20:42.097+0000] {dagbag.py:541} INFO - Filling up the DagBag from /home/vscode/.local/lib/python3.10/site-packages/airflow/example_dags/example_sla_dag.py
[2025-12-16T18:20:42.103+0000] {processor.py:836} INFO - DAG(s) dict_keys(['example_sla_dag']) retrieved from /home/vscode/.local/lib/python3.10/site-packages/airflow/example_dags/example_sla_dag.py
[2025-12-16T18:20:42.113+0000] {logging_mixin.py:150} INFO - [2025-12-16T18:20:42.113+0000] {dag.py:2742} INFO - Sync 1 DAGs
[2025-12-16T18:20:42.129+0000] {logging_mixin.py:150} INFO - [2025-12-16T18:20:42.129+0000] {dag.py:3504} INFO - Setting next_dagrun for example_sla_dag to 2025-12-16T18:18:00+00:00, run_after=2025-12-16T18:20:00+00:00
[2025-12-16T18:20:42.143+0000] {processor.py:179} INFO - Processing /home/vscode/.local/lib/python3.10/site-packages/airflow/example_dags/example_sla_dag.py took 0.050 seconds
[2025-12-16T18:21:30.075+0000] {processor.py:157} INFO - Started process (PID=15506) to work on /home/vscode/.local/lib/python3.10/site-packages/airflow/example_dags/example_sla_dag.py
[2025-12-16T18:21:30.075+0000] {processor.py:826} INFO - Processing file /home/vscode/.local/lib/python3.10/site-packages/airflow/example_dags/example_sla_dag.py for tasks to queue
[2025-12-16T18:21:30.076+0000] {logging_mixin.py:150} INFO - [2025-12-16T18:21:30.076+0000] {dagbag.py:541} INFO - Filling up the DagBag from /home/vscode/.local/lib/python3.10/site-packages/airflow/example_dags/example_sla_dag.py
[2025-12-16T18:21:30.082+0000] {processor.py:836} INFO - DAG(s) dict_keys(['example_sla_dag']) retrieved from /home/vscode/.local/lib/python3.10/site-packages/airflow/example_dags/example_sla_dag.py
[2025-12-16T18:21:30.092+0000] {logging_mixin.py:150} INFO - [2025-12-16T18:21:30.092+0000] {dag.py:2742} INFO - Sync 1 DAGs
[2025-12-16T18:21:30.108+0000] {logging_mixin.py:150} INFO - [2025-12-16T18:21:30.108+0000] {dag.py:3504} INFO - Setting next_dagrun for example_sla_dag to 2025-12-16T18:18:00+00:00, run_after=2025-12-16T18:20:00+00:00
[2025-12-16T18:21:30.122+0000] {processor.py:179} INFO - Processing /home/vscode/.local/lib/python3.10/site-packages/airflow/example_dags/example_sla_dag.py took 0.050 seconds
[2025-12-16T18:22:19.128+0000] {processor.py:157} INFO - Started process (PID=15833) to work on /home/vscode/.local/lib/python3.10/site-packages/airflow/example_dags/example_sla_dag.py
[2025-12-16T18:22:19.129+0000] {processor.py:826} INFO - Processing file /home/vscode/.local/lib/python3.10/site-packages/airflow/example_dags/example_sla_dag.py for tasks to queue
[2025-12-16T18:22:19.130+0000] {logging_mixin.py:150} INFO - [2025-12-16T18:22:19.129+0000] {dagbag.py:541} INFO - Filling up the DagBag from /home/vscode/.local/lib/python3.10/site-packages/airflow/example_dags/example_sla_dag.py
[2025-12-16T18:22:19.136+0000] {processor.py:836} INFO - DAG(s) dict_keys(['example_sla_dag']) retrieved from /home/vscode/.local/lib/python3.10/site-packages/airflow/example_dags/example_sla_dag.py
[2025-12-16T18:22:19.146+0000] {logging_mixin.py:150} INFO - [2025-12-16T18:22:19.146+0000] {dag.py:2742} INFO - Sync 1 DAGs
[2025-12-16T18:22:19.162+0000] {logging_mixin.py:150} INFO - [2025-12-16T18:22:19.161+0000] {dag.py:3504} INFO - Setting next_dagrun for example_sla_dag to 2025-12-16T18:20:00+00:00, run_after=2025-12-16T18:22:00+00:00
[2025-12-16T18:22:19.178+0000] {processor.py:179} INFO - Processing /home/vscode/.local/lib/python3.10/site-packages/airflow/example_dags/example_sla_dag.py took 0.052 seconds
[2025-12-16T18:23:09.410+0000] {processor.py:157} INFO - Started process (PID=16167) to work on /home/vscode/.local/lib/python3.10/site-packages/airflow/example_dags/example_sla_dag.py
[2025-12-16T18:23:09.410+0000] {processor.py:826} INFO - Processing file /home/vscode/.local/lib/python3.10/site-packages/airflow/example_dags/example_sla_dag.py for tasks to queue
[2025-12-16T18:23:09.411+0000] {logging_mixin.py:150} INFO - [2025-12-16T18:23:09.411+0000] {dagbag.py:541} INFO - Filling up the DagBag from /home/vscode/.local/lib/python3.10/site-packages/airflow/example_dags/example_sla_dag.py
[2025-12-16T18:23:09.417+0000] {processor.py:836} INFO - DAG(s) dict_keys(['example_sla_dag']) retrieved from /home/vscode/.local/lib/python3.10/site-packages/airflow/example_dags/example_sla_dag.py
[2025-12-16T18:23:09.427+0000] {logging_mixin.py:150} INFO - [2025-12-16T18:23:09.427+0000] {dag.py:2742} INFO - Sync 1 DAGs
[2025-12-16T18:23:09.443+0000] {logging_mixin.py:150} INFO - [2025-12-16T18:23:09.443+0000] {dag.py:3504} INFO - Setting next_dagrun for example_sla_dag to 2025-12-16T18:20:00+00:00, run_after=2025-12-16T18:22:00+00:00
[2025-12-16T18:23:09.457+0000] {processor.py:179} INFO - Processing /home/vscode/.local/lib/python3.10/site-packages/airflow/example_dags/example_sla_dag.py took 0.050 seconds
[2025-12-16T18:23:52.201+0000] {processor.py:157} INFO - Started process (PID=16455) to work on /home/vscode/.local/lib/python3.10/site-packages/airflow/example_dags/example_sla_dag.py
[2025-12-16T18:23:52.202+0000] {processor.py:826} INFO - Processing file /home/vscode/.local/lib/python3.10/site-packages/airflow/example_dags/example_sla_dag.py for tasks to queue
[2025-12-16T18:23:52.202+0000] {logging_mixin.py:150} INFO - [2025-12-16T18:23:52.202+0000] {dagbag.py:541} INFO - Filling up the DagBag from /home/vscode/.local/lib/python3.10/site-packages/airflow/example_dags/example_sla_dag.py
[2025-12-16T18:23:52.209+0000] {processor.py:836} INFO - DAG(s) dict_keys(['example_sla_dag']) retrieved from /home/vscode/.local/lib/python3.10/site-packages/airflow/example_dags/example_sla_dag.py
[2025-12-16T18:23:52.220+0000] {logging_mixin.py:150} INFO - [2025-12-16T18:23:52.220+0000] {dag.py:2742} INFO - Sync 1 DAGs
[2025-12-16T18:23:52.236+0000] {logging_mixin.py:150} INFO - [2025-12-16T18:23:52.236+0000] {dag.py:3504} INFO - Setting next_dagrun for example_sla_dag to 2025-12-16T18:20:00+00:00, run_after=2025-12-16T18:22:00+00:00
[2025-12-16T18:23:52.249+0000] {processor.py:179} INFO - Processing /home/vscode/.local/lib/python3.10/site-packages/airflow/example_dags/example_sla_dag.py took 0.050 seconds
[2025-12-16T18:24:39.680+0000] {processor.py:157} INFO - Started process (PID=16771) to work on /home/vscode/.local/lib/python3.10/site-packages/airflow/example_dags/example_sla_dag.py
[2025-12-16T18:24:39.681+0000] {processor.py:826} INFO - Processing file /home/vscode/.local/lib/python3.10/site-packages/airflow/example_dags/example_sla_dag.py for tasks to queue
[2025-12-16T18:24:39.681+0000] {logging_mixin.py:150} INFO - [2025-12-16T18:24:39.681+0000] {dagbag.py:541} INFO - Filling up the DagBag from /home/vscode/.local/lib/python3.10/site-packages/airflow/example_dags/example_sla_dag.py
[2025-12-16T18:24:39.687+0000] {processor.py:836} INFO - DAG(s) dict_keys(['example_sla_dag']) retrieved from /home/vscode/.local/lib/python3.10/site-packages/airflow/example_dags/example_sla_dag.py
[2025-12-16T18:24:39.698+0000] {logging_mixin.py:150} INFO - [2025-12-16T18:24:39.698+0000] {dag.py:2742} INFO - Sync 1 DAGs
[2025-12-16T18:24:39.714+0000] {logging_mixin.py:150} INFO - [2025-12-16T18:24:39.714+0000] {dag.py:3504} INFO - Setting next_dagrun for example_sla_dag to 2025-12-16T18:22:00+00:00, run_after=2025-12-16T18:24:00+00:00
[2025-12-16T18:24:39.730+0000] {processor.py:179} INFO - Processing /home/vscode/.local/lib/python3.10/site-packages/airflow/example_dags/example_sla_dag.py took 0.053 seconds
[2025-12-16T18:25:31.798+0000] {processor.py:157} INFO - Started process (PID=17110) to work on /home/vscode/.local/lib/python3.10/site-packages/airflow/example_dags/example_sla_dag.py
[2025-12-16T18:25:31.798+0000] {processor.py:826} INFO - Processing file /home/vscode/.local/lib/python3.10/site-packages/airflow/example_dags/example_sla_dag.py for tasks to queue
[2025-12-16T18:25:31.799+0000] {logging_mixin.py:150} INFO - [2025-12-16T18:25:31.799+0000] {dagbag.py:541} INFO - Filling up the DagBag from /home/vscode/.local/lib/python3.10/site-packages/airflow/example_dags/example_sla_dag.py
[2025-12-16T18:25:31.805+0000] {processor.py:836} INFO - DAG(s) dict_keys(['example_sla_dag']) retrieved from /home/vscode/.local/lib/python3.10/site-packages/airflow/example_dags/example_sla_dag.py
[2025-12-16T18:25:31.815+0000] {logging_mixin.py:150} INFO - [2025-12-16T18:25:31.815+0000] {dag.py:2742} INFO - Sync 1 DAGs
[2025-12-16T18:25:31.832+0000] {logging_mixin.py:150} INFO - [2025-12-16T18:25:31.831+0000] {dag.py:3504} INFO - Setting next_dagrun for example_sla_dag to 2025-12-16T18:22:00+00:00, run_after=2025-12-16T18:24:00+00:00
[2025-12-16T18:25:31.846+0000] {processor.py:179} INFO - Processing /home/vscode/.local/lib/python3.10/site-packages/airflow/example_dags/example_sla_dag.py took 0.050 seconds
[2025-12-16T18:26:15.767+0000] {processor.py:157} INFO - Started process (PID=17412) to work on /home/vscode/.local/lib/python3.10/site-packages/airflow/example_dags/example_sla_dag.py
[2025-12-16T18:26:15.768+0000] {processor.py:826} INFO - Processing file /home/vscode/.local/lib/python3.10/site-packages/airflow/example_dags/example_sla_dag.py for tasks to queue
[2025-12-16T18:26:15.768+0000] {logging_mixin.py:150} INFO - [2025-12-16T18:26:15.768+0000] {dagbag.py:541} INFO - Filling up the DagBag from /home/vscode/.local/lib/python3.10/site-packages/airflow/example_dags/example_sla_dag.py
[2025-12-16T18:26:15.775+0000] {processor.py:836} INFO - DAG(s) dict_keys(['example_sla_dag']) retrieved from /home/vscode/.local/lib/python3.10/site-packages/airflow/example_dags/example_sla_dag.py
[2025-12-16T18:26:15.785+0000] {logging_mixin.py:150} INFO - [2025-12-16T18:26:15.785+0000] {dag.py:2742} INFO - Sync 1 DAGs
[2025-12-16T18:26:15.801+0000] {logging_mixin.py:150} INFO - [2025-12-16T18:26:15.801+0000] {dag.py:3504} INFO - Setting next_dagrun for example_sla_dag to 2025-12-16T18:24:00+00:00, run_after=2025-12-16T18:26:00+00:00
[2025-12-16T18:26:15.816+0000] {processor.py:179} INFO - Processing /home/vscode/.local/lib/python3.10/site-packages/airflow/example_dags/example_sla_dag.py took 0.051 seconds
