[2025-12-16T17:54:01.418+0000] {processor.py:157} INFO - Started process (PID=3977) to work on /home/vscode/.local/lib/python3.10/site-packages/airflow/example_dags/example_dynamic_task_mapping.py
[2025-12-16T17:54:01.419+0000] {processor.py:826} INFO - Processing file /home/vscode/.local/lib/python3.10/site-packages/airflow/example_dags/example_dynamic_task_mapping.py for tasks to queue
[2025-12-16T17:54:01.420+0000] {logging_mixin.py:150} INFO - [2025-12-16T17:54:01.419+0000] {dagbag.py:541} INFO - Filling up the DagBag from /home/vscode/.local/lib/python3.10/site-packages/airflow/example_dags/example_dynamic_task_mapping.py
[2025-12-16T17:54:01.425+0000] {processor.py:836} INFO - DAG(s) dict_keys(['example_dynamic_task_mapping']) retrieved from /home/vscode/.local/lib/python3.10/site-packages/airflow/example_dags/example_dynamic_task_mapping.py
[2025-12-16T17:54:01.503+0000] {logging_mixin.py:150} INFO - [2025-12-16T17:54:01.503+0000] {manager.py:504} INFO - Created Permission View: can read on DAG:example_dynamic_task_mapping
[2025-12-16T17:54:01.513+0000] {logging_mixin.py:150} INFO - [2025-12-16T17:54:01.513+0000] {manager.py:504} INFO - Created Permission View: can delete on DAG:example_dynamic_task_mapping
[2025-12-16T17:54:01.520+0000] {logging_mixin.py:150} INFO - [2025-12-16T17:54:01.520+0000] {manager.py:504} INFO - Created Permission View: can edit on DAG:example_dynamic_task_mapping
[2025-12-16T17:54:01.530+0000] {logging_mixin.py:150} INFO - [2025-12-16T17:54:01.530+0000] {dag.py:2742} INFO - Sync 1 DAGs
[2025-12-16T17:54:01.540+0000] {logging_mixin.py:150} INFO - [2025-12-16T17:54:01.540+0000] {dag.py:2763} INFO - Creating ORM DAG for example_dynamic_task_mapping
[2025-12-16T17:54:01.548+0000] {logging_mixin.py:150} INFO - [2025-12-16T17:54:01.548+0000] {dag.py:3504} INFO - Setting next_dagrun for example_dynamic_task_mapping to 2022-03-04T00:00:00+00:00, run_after=2022-03-05T00:00:00+00:00
[2025-12-16T17:54:01.565+0000] {processor.py:179} INFO - Processing /home/vscode/.local/lib/python3.10/site-packages/airflow/example_dags/example_dynamic_task_mapping.py took 0.148 seconds
[2025-12-16T17:54:48.356+0000] {processor.py:157} INFO - Started process (PID=4454) to work on /home/vscode/.local/lib/python3.10/site-packages/airflow/example_dags/example_dynamic_task_mapping.py
[2025-12-16T17:54:48.356+0000] {processor.py:826} INFO - Processing file /home/vscode/.local/lib/python3.10/site-packages/airflow/example_dags/example_dynamic_task_mapping.py for tasks to queue
[2025-12-16T17:54:48.357+0000] {logging_mixin.py:150} INFO - [2025-12-16T17:54:48.357+0000] {dagbag.py:541} INFO - Filling up the DagBag from /home/vscode/.local/lib/python3.10/site-packages/airflow/example_dags/example_dynamic_task_mapping.py
[2025-12-16T17:54:48.363+0000] {processor.py:836} INFO - DAG(s) dict_keys(['example_dynamic_task_mapping']) retrieved from /home/vscode/.local/lib/python3.10/site-packages/airflow/example_dags/example_dynamic_task_mapping.py
[2025-12-16T17:54:48.373+0000] {logging_mixin.py:150} INFO - [2025-12-16T17:54:48.373+0000] {dag.py:2742} INFO - Sync 1 DAGs
[2025-12-16T17:54:48.390+0000] {logging_mixin.py:150} INFO - [2025-12-16T17:54:48.390+0000] {dag.py:3504} INFO - Setting next_dagrun for example_dynamic_task_mapping to 2022-03-04T00:00:00+00:00, run_after=2022-03-05T00:00:00+00:00
[2025-12-16T17:54:48.407+0000] {processor.py:179} INFO - Processing /home/vscode/.local/lib/python3.10/site-packages/airflow/example_dags/example_dynamic_task_mapping.py took 0.054 seconds
[2025-12-16T17:55:36.915+0000] {processor.py:157} INFO - Started process (PID=4872) to work on /home/vscode/.local/lib/python3.10/site-packages/airflow/example_dags/example_dynamic_task_mapping.py
[2025-12-16T17:55:36.915+0000] {processor.py:826} INFO - Processing file /home/vscode/.local/lib/python3.10/site-packages/airflow/example_dags/example_dynamic_task_mapping.py for tasks to queue
[2025-12-16T17:55:36.916+0000] {logging_mixin.py:150} INFO - [2025-12-16T17:55:36.916+0000] {dagbag.py:541} INFO - Filling up the DagBag from /home/vscode/.local/lib/python3.10/site-packages/airflow/example_dags/example_dynamic_task_mapping.py
[2025-12-16T17:55:36.924+0000] {processor.py:836} INFO - DAG(s) dict_keys(['example_dynamic_task_mapping']) retrieved from /home/vscode/.local/lib/python3.10/site-packages/airflow/example_dags/example_dynamic_task_mapping.py
[2025-12-16T17:55:36.939+0000] {logging_mixin.py:150} INFO - [2025-12-16T17:55:36.939+0000] {dag.py:2742} INFO - Sync 1 DAGs
[2025-12-16T17:55:36.959+0000] {logging_mixin.py:150} INFO - [2025-12-16T17:55:36.959+0000] {dag.py:3504} INFO - Setting next_dagrun for example_dynamic_task_mapping to 2022-03-04T00:00:00+00:00, run_after=2022-03-05T00:00:00+00:00
[2025-12-16T17:55:36.980+0000] {processor.py:179} INFO - Processing /home/vscode/.local/lib/python3.10/site-packages/airflow/example_dags/example_dynamic_task_mapping.py took 0.069 seconds
[2025-12-16T17:56:25.601+0000] {processor.py:157} INFO - Started process (PID=5291) to work on /home/vscode/.local/lib/python3.10/site-packages/airflow/example_dags/example_dynamic_task_mapping.py
[2025-12-16T17:56:25.601+0000] {processor.py:826} INFO - Processing file /home/vscode/.local/lib/python3.10/site-packages/airflow/example_dags/example_dynamic_task_mapping.py for tasks to queue
[2025-12-16T17:56:25.602+0000] {logging_mixin.py:150} INFO - [2025-12-16T17:56:25.601+0000] {dagbag.py:541} INFO - Filling up the DagBag from /home/vscode/.local/lib/python3.10/site-packages/airflow/example_dags/example_dynamic_task_mapping.py
[2025-12-16T17:56:25.607+0000] {processor.py:836} INFO - DAG(s) dict_keys(['example_dynamic_task_mapping']) retrieved from /home/vscode/.local/lib/python3.10/site-packages/airflow/example_dags/example_dynamic_task_mapping.py
[2025-12-16T17:56:25.617+0000] {logging_mixin.py:150} INFO - [2025-12-16T17:56:25.617+0000] {dag.py:2742} INFO - Sync 1 DAGs
[2025-12-16T17:56:25.631+0000] {logging_mixin.py:150} INFO - [2025-12-16T17:56:25.631+0000] {dag.py:3504} INFO - Setting next_dagrun for example_dynamic_task_mapping to 2022-03-04T00:00:00+00:00, run_after=2022-03-05T00:00:00+00:00
[2025-12-16T17:56:25.644+0000] {processor.py:179} INFO - Processing /home/vscode/.local/lib/python3.10/site-packages/airflow/example_dags/example_dynamic_task_mapping.py took 0.046 seconds
[2025-12-16T17:57:14.042+0000] {processor.py:157} INFO - Started process (PID=5808) to work on /home/vscode/.local/lib/python3.10/site-packages/airflow/example_dags/example_dynamic_task_mapping.py
[2025-12-16T17:57:14.043+0000] {processor.py:826} INFO - Processing file /home/vscode/.local/lib/python3.10/site-packages/airflow/example_dags/example_dynamic_task_mapping.py for tasks to queue
[2025-12-16T17:57:14.044+0000] {logging_mixin.py:150} INFO - [2025-12-16T17:57:14.043+0000] {dagbag.py:541} INFO - Filling up the DagBag from /home/vscode/.local/lib/python3.10/site-packages/airflow/example_dags/example_dynamic_task_mapping.py
[2025-12-16T17:57:14.049+0000] {processor.py:836} INFO - DAG(s) dict_keys(['example_dynamic_task_mapping']) retrieved from /home/vscode/.local/lib/python3.10/site-packages/airflow/example_dags/example_dynamic_task_mapping.py
[2025-12-16T17:57:14.059+0000] {logging_mixin.py:150} INFO - [2025-12-16T17:57:14.058+0000] {dag.py:2742} INFO - Sync 1 DAGs
[2025-12-16T17:57:14.072+0000] {logging_mixin.py:150} INFO - [2025-12-16T17:57:14.072+0000] {dag.py:3504} INFO - Setting next_dagrun for example_dynamic_task_mapping to 2022-03-04T00:00:00+00:00, run_after=2022-03-05T00:00:00+00:00
[2025-12-16T17:57:14.087+0000] {processor.py:179} INFO - Processing /home/vscode/.local/lib/python3.10/site-packages/airflow/example_dags/example_dynamic_task_mapping.py took 0.047 seconds
[2025-12-16T17:58:00.848+0000] {processor.py:157} INFO - Started process (PID=6137) to work on /home/vscode/.local/lib/python3.10/site-packages/airflow/example_dags/example_dynamic_task_mapping.py
[2025-12-16T17:58:00.849+0000] {processor.py:826} INFO - Processing file /home/vscode/.local/lib/python3.10/site-packages/airflow/example_dags/example_dynamic_task_mapping.py for tasks to queue
[2025-12-16T17:58:00.849+0000] {logging_mixin.py:150} INFO - [2025-12-16T17:58:00.849+0000] {dagbag.py:541} INFO - Filling up the DagBag from /home/vscode/.local/lib/python3.10/site-packages/airflow/example_dags/example_dynamic_task_mapping.py
[2025-12-16T17:58:00.854+0000] {processor.py:836} INFO - DAG(s) dict_keys(['example_dynamic_task_mapping']) retrieved from /home/vscode/.local/lib/python3.10/site-packages/airflow/example_dags/example_dynamic_task_mapping.py
[2025-12-16T17:58:00.864+0000] {logging_mixin.py:150} INFO - [2025-12-16T17:58:00.864+0000] {dag.py:2742} INFO - Sync 1 DAGs
[2025-12-16T17:58:00.878+0000] {logging_mixin.py:150} INFO - [2025-12-16T17:58:00.878+0000] {dag.py:3504} INFO - Setting next_dagrun for example_dynamic_task_mapping to 2022-03-04T00:00:00+00:00, run_after=2022-03-05T00:00:00+00:00
[2025-12-16T17:58:00.892+0000] {processor.py:179} INFO - Processing /home/vscode/.local/lib/python3.10/site-packages/airflow/example_dags/example_dynamic_task_mapping.py took 0.046 seconds
[2025-12-16T17:58:47.112+0000] {processor.py:157} INFO - Started process (PID=6448) to work on /home/vscode/.local/lib/python3.10/site-packages/airflow/example_dags/example_dynamic_task_mapping.py
[2025-12-16T17:58:47.113+0000] {processor.py:826} INFO - Processing file /home/vscode/.local/lib/python3.10/site-packages/airflow/example_dags/example_dynamic_task_mapping.py for tasks to queue
[2025-12-16T17:58:47.113+0000] {logging_mixin.py:150} INFO - [2025-12-16T17:58:47.113+0000] {dagbag.py:541} INFO - Filling up the DagBag from /home/vscode/.local/lib/python3.10/site-packages/airflow/example_dags/example_dynamic_task_mapping.py
[2025-12-16T17:58:47.118+0000] {processor.py:836} INFO - DAG(s) dict_keys(['example_dynamic_task_mapping']) retrieved from /home/vscode/.local/lib/python3.10/site-packages/airflow/example_dags/example_dynamic_task_mapping.py
[2025-12-16T17:58:47.128+0000] {logging_mixin.py:150} INFO - [2025-12-16T17:58:47.128+0000] {dag.py:2742} INFO - Sync 1 DAGs
[2025-12-16T17:58:47.142+0000] {logging_mixin.py:150} INFO - [2025-12-16T17:58:47.142+0000] {dag.py:3504} INFO - Setting next_dagrun for example_dynamic_task_mapping to 2022-03-04T00:00:00+00:00, run_after=2022-03-05T00:00:00+00:00
[2025-12-16T17:58:47.156+0000] {processor.py:179} INFO - Processing /home/vscode/.local/lib/python3.10/site-packages/airflow/example_dags/example_dynamic_task_mapping.py took 0.046 seconds
[2025-12-16T17:59:35.774+0000] {processor.py:157} INFO - Started process (PID=6775) to work on /home/vscode/.local/lib/python3.10/site-packages/airflow/example_dags/example_dynamic_task_mapping.py
[2025-12-16T17:59:35.775+0000] {processor.py:826} INFO - Processing file /home/vscode/.local/lib/python3.10/site-packages/airflow/example_dags/example_dynamic_task_mapping.py for tasks to queue
[2025-12-16T17:59:35.775+0000] {logging_mixin.py:150} INFO - [2025-12-16T17:59:35.775+0000] {dagbag.py:541} INFO - Filling up the DagBag from /home/vscode/.local/lib/python3.10/site-packages/airflow/example_dags/example_dynamic_task_mapping.py
[2025-12-16T17:59:35.781+0000] {processor.py:836} INFO - DAG(s) dict_keys(['example_dynamic_task_mapping']) retrieved from /home/vscode/.local/lib/python3.10/site-packages/airflow/example_dags/example_dynamic_task_mapping.py
[2025-12-16T17:59:35.791+0000] {logging_mixin.py:150} INFO - [2025-12-16T17:59:35.791+0000] {dag.py:2742} INFO - Sync 1 DAGs
[2025-12-16T17:59:35.804+0000] {logging_mixin.py:150} INFO - [2025-12-16T17:59:35.804+0000] {dag.py:3504} INFO - Setting next_dagrun for example_dynamic_task_mapping to 2022-03-04T00:00:00+00:00, run_after=2022-03-05T00:00:00+00:00
[2025-12-16T17:59:35.818+0000] {processor.py:179} INFO - Processing /home/vscode/.local/lib/python3.10/site-packages/airflow/example_dags/example_dynamic_task_mapping.py took 0.046 seconds
[2025-12-16T18:00:21.330+0000] {processor.py:157} INFO - Started process (PID=7072) to work on /home/vscode/.local/lib/python3.10/site-packages/airflow/example_dags/example_dynamic_task_mapping.py
[2025-12-16T18:00:21.330+0000] {processor.py:826} INFO - Processing file /home/vscode/.local/lib/python3.10/site-packages/airflow/example_dags/example_dynamic_task_mapping.py for tasks to queue
[2025-12-16T18:00:21.331+0000] {logging_mixin.py:150} INFO - [2025-12-16T18:00:21.331+0000] {dagbag.py:541} INFO - Filling up the DagBag from /home/vscode/.local/lib/python3.10/site-packages/airflow/example_dags/example_dynamic_task_mapping.py
[2025-12-16T18:00:21.336+0000] {processor.py:836} INFO - DAG(s) dict_keys(['example_dynamic_task_mapping']) retrieved from /home/vscode/.local/lib/python3.10/site-packages/airflow/example_dags/example_dynamic_task_mapping.py
[2025-12-16T18:00:21.346+0000] {logging_mixin.py:150} INFO - [2025-12-16T18:00:21.346+0000] {dag.py:2742} INFO - Sync 1 DAGs
[2025-12-16T18:00:21.359+0000] {logging_mixin.py:150} INFO - [2025-12-16T18:00:21.359+0000] {dag.py:3504} INFO - Setting next_dagrun for example_dynamic_task_mapping to 2022-03-04T00:00:00+00:00, run_after=2022-03-05T00:00:00+00:00
[2025-12-16T18:00:21.373+0000] {processor.py:179} INFO - Processing /home/vscode/.local/lib/python3.10/site-packages/airflow/example_dags/example_dynamic_task_mapping.py took 0.045 seconds
[2025-12-16T18:01:07.911+0000] {processor.py:157} INFO - Started process (PID=7390) to work on /home/vscode/.local/lib/python3.10/site-packages/airflow/example_dags/example_dynamic_task_mapping.py
[2025-12-16T18:01:07.912+0000] {processor.py:826} INFO - Processing file /home/vscode/.local/lib/python3.10/site-packages/airflow/example_dags/example_dynamic_task_mapping.py for tasks to queue
[2025-12-16T18:01:07.912+0000] {logging_mixin.py:150} INFO - [2025-12-16T18:01:07.912+0000] {dagbag.py:541} INFO - Filling up the DagBag from /home/vscode/.local/lib/python3.10/site-packages/airflow/example_dags/example_dynamic_task_mapping.py
[2025-12-16T18:01:07.918+0000] {processor.py:836} INFO - DAG(s) dict_keys(['example_dynamic_task_mapping']) retrieved from /home/vscode/.local/lib/python3.10/site-packages/airflow/example_dags/example_dynamic_task_mapping.py
[2025-12-16T18:01:07.928+0000] {logging_mixin.py:150} INFO - [2025-12-16T18:01:07.928+0000] {dag.py:2742} INFO - Sync 1 DAGs
[2025-12-16T18:01:07.941+0000] {logging_mixin.py:150} INFO - [2025-12-16T18:01:07.941+0000] {dag.py:3504} INFO - Setting next_dagrun for example_dynamic_task_mapping to 2022-03-04T00:00:00+00:00, run_after=2022-03-05T00:00:00+00:00
[2025-12-16T18:01:07.954+0000] {processor.py:179} INFO - Processing /home/vscode/.local/lib/python3.10/site-packages/airflow/example_dags/example_dynamic_task_mapping.py took 0.045 seconds
[2025-12-16T18:01:52.177+0000] {processor.py:157} INFO - Started process (PID=7685) to work on /home/vscode/.local/lib/python3.10/site-packages/airflow/example_dags/example_dynamic_task_mapping.py
[2025-12-16T18:01:52.177+0000] {processor.py:826} INFO - Processing file /home/vscode/.local/lib/python3.10/site-packages/airflow/example_dags/example_dynamic_task_mapping.py for tasks to queue
[2025-12-16T18:01:52.178+0000] {logging_mixin.py:150} INFO - [2025-12-16T18:01:52.178+0000] {dagbag.py:541} INFO - Filling up the DagBag from /home/vscode/.local/lib/python3.10/site-packages/airflow/example_dags/example_dynamic_task_mapping.py
[2025-12-16T18:01:52.183+0000] {processor.py:836} INFO - DAG(s) dict_keys(['example_dynamic_task_mapping']) retrieved from /home/vscode/.local/lib/python3.10/site-packages/airflow/example_dags/example_dynamic_task_mapping.py
[2025-12-16T18:01:52.193+0000] {logging_mixin.py:150} INFO - [2025-12-16T18:01:52.193+0000] {dag.py:2742} INFO - Sync 1 DAGs
[2025-12-16T18:01:52.207+0000] {logging_mixin.py:150} INFO - [2025-12-16T18:01:52.206+0000] {dag.py:3504} INFO - Setting next_dagrun for example_dynamic_task_mapping to 2022-03-04T00:00:00+00:00, run_after=2022-03-05T00:00:00+00:00
[2025-12-16T18:01:52.222+0000] {processor.py:179} INFO - Processing /home/vscode/.local/lib/python3.10/site-packages/airflow/example_dags/example_dynamic_task_mapping.py took 0.047 seconds
[2025-12-16T18:02:39.549+0000] {processor.py:157} INFO - Started process (PID=8003) to work on /home/vscode/.local/lib/python3.10/site-packages/airflow/example_dags/example_dynamic_task_mapping.py
[2025-12-16T18:02:39.549+0000] {processor.py:826} INFO - Processing file /home/vscode/.local/lib/python3.10/site-packages/airflow/example_dags/example_dynamic_task_mapping.py for tasks to queue
[2025-12-16T18:02:39.550+0000] {logging_mixin.py:150} INFO - [2025-12-16T18:02:39.550+0000] {dagbag.py:541} INFO - Filling up the DagBag from /home/vscode/.local/lib/python3.10/site-packages/airflow/example_dags/example_dynamic_task_mapping.py
[2025-12-16T18:02:39.556+0000] {processor.py:836} INFO - DAG(s) dict_keys(['example_dynamic_task_mapping']) retrieved from /home/vscode/.local/lib/python3.10/site-packages/airflow/example_dags/example_dynamic_task_mapping.py
[2025-12-16T18:02:39.567+0000] {logging_mixin.py:150} INFO - [2025-12-16T18:02:39.567+0000] {dag.py:2742} INFO - Sync 1 DAGs
[2025-12-16T18:02:39.582+0000] {logging_mixin.py:150} INFO - [2025-12-16T18:02:39.582+0000] {dag.py:3504} INFO - Setting next_dagrun for example_dynamic_task_mapping to 2022-03-04T00:00:00+00:00, run_after=2022-03-05T00:00:00+00:00
[2025-12-16T18:02:39.598+0000] {processor.py:179} INFO - Processing /home/vscode/.local/lib/python3.10/site-packages/airflow/example_dags/example_dynamic_task_mapping.py took 0.052 seconds
[2025-12-16T18:03:29.648+0000] {processor.py:157} INFO - Started process (PID=8332) to work on /home/vscode/.local/lib/python3.10/site-packages/airflow/example_dags/example_dynamic_task_mapping.py
[2025-12-16T18:03:29.649+0000] {processor.py:826} INFO - Processing file /home/vscode/.local/lib/python3.10/site-packages/airflow/example_dags/example_dynamic_task_mapping.py for tasks to queue
[2025-12-16T18:03:29.649+0000] {logging_mixin.py:150} INFO - [2025-12-16T18:03:29.649+0000] {dagbag.py:541} INFO - Filling up the DagBag from /home/vscode/.local/lib/python3.10/site-packages/airflow/example_dags/example_dynamic_task_mapping.py
[2025-12-16T18:03:29.655+0000] {processor.py:836} INFO - DAG(s) dict_keys(['example_dynamic_task_mapping']) retrieved from /home/vscode/.local/lib/python3.10/site-packages/airflow/example_dags/example_dynamic_task_mapping.py
[2025-12-16T18:03:29.666+0000] {logging_mixin.py:150} INFO - [2025-12-16T18:03:29.666+0000] {dag.py:2742} INFO - Sync 1 DAGs
[2025-12-16T18:03:29.680+0000] {logging_mixin.py:150} INFO - [2025-12-16T18:03:29.680+0000] {dag.py:3504} INFO - Setting next_dagrun for example_dynamic_task_mapping to 2022-03-04T00:00:00+00:00, run_after=2022-03-05T00:00:00+00:00
[2025-12-16T18:03:29.695+0000] {processor.py:179} INFO - Processing /home/vscode/.local/lib/python3.10/site-packages/airflow/example_dags/example_dynamic_task_mapping.py took 0.049 seconds
[2025-12-16T18:04:15.447+0000] {processor.py:157} INFO - Started process (PID=8635) to work on /home/vscode/.local/lib/python3.10/site-packages/airflow/example_dags/example_dynamic_task_mapping.py
[2025-12-16T18:04:15.447+0000] {processor.py:826} INFO - Processing file /home/vscode/.local/lib/python3.10/site-packages/airflow/example_dags/example_dynamic_task_mapping.py for tasks to queue
[2025-12-16T18:04:15.448+0000] {logging_mixin.py:150} INFO - [2025-12-16T18:04:15.448+0000] {dagbag.py:541} INFO - Filling up the DagBag from /home/vscode/.local/lib/python3.10/site-packages/airflow/example_dags/example_dynamic_task_mapping.py
[2025-12-16T18:04:15.453+0000] {processor.py:836} INFO - DAG(s) dict_keys(['example_dynamic_task_mapping']) retrieved from /home/vscode/.local/lib/python3.10/site-packages/airflow/example_dags/example_dynamic_task_mapping.py
[2025-12-16T18:04:15.464+0000] {logging_mixin.py:150} INFO - [2025-12-16T18:04:15.464+0000] {dag.py:2742} INFO - Sync 1 DAGs
[2025-12-16T18:04:15.478+0000] {logging_mixin.py:150} INFO - [2025-12-16T18:04:15.478+0000] {dag.py:3504} INFO - Setting next_dagrun for example_dynamic_task_mapping to 2022-03-04T00:00:00+00:00, run_after=2022-03-05T00:00:00+00:00
[2025-12-16T18:04:15.492+0000] {processor.py:179} INFO - Processing /home/vscode/.local/lib/python3.10/site-packages/airflow/example_dags/example_dynamic_task_mapping.py took 0.048 seconds
[2025-12-16T18:05:06.671+0000] {processor.py:157} INFO - Started process (PID=8977) to work on /home/vscode/.local/lib/python3.10/site-packages/airflow/example_dags/example_dynamic_task_mapping.py
[2025-12-16T18:05:06.672+0000] {processor.py:826} INFO - Processing file /home/vscode/.local/lib/python3.10/site-packages/airflow/example_dags/example_dynamic_task_mapping.py for tasks to queue
[2025-12-16T18:05:06.673+0000] {logging_mixin.py:150} INFO - [2025-12-16T18:05:06.672+0000] {dagbag.py:541} INFO - Filling up the DagBag from /home/vscode/.local/lib/python3.10/site-packages/airflow/example_dags/example_dynamic_task_mapping.py
[2025-12-16T18:05:06.678+0000] {processor.py:836} INFO - DAG(s) dict_keys(['example_dynamic_task_mapping']) retrieved from /home/vscode/.local/lib/python3.10/site-packages/airflow/example_dags/example_dynamic_task_mapping.py
[2025-12-16T18:05:06.689+0000] {logging_mixin.py:150} INFO - [2025-12-16T18:05:06.688+0000] {dag.py:2742} INFO - Sync 1 DAGs
[2025-12-16T18:05:06.704+0000] {logging_mixin.py:150} INFO - [2025-12-16T18:05:06.704+0000] {dag.py:3504} INFO - Setting next_dagrun for example_dynamic_task_mapping to 2022-03-04T00:00:00+00:00, run_after=2022-03-05T00:00:00+00:00
[2025-12-16T18:05:06.720+0000] {processor.py:179} INFO - Processing /home/vscode/.local/lib/python3.10/site-packages/airflow/example_dags/example_dynamic_task_mapping.py took 0.051 seconds
[2025-12-16T18:05:52.922+0000] {processor.py:157} INFO - Started process (PID=9281) to work on /home/vscode/.local/lib/python3.10/site-packages/airflow/example_dags/example_dynamic_task_mapping.py
[2025-12-16T18:05:52.923+0000] {processor.py:826} INFO - Processing file /home/vscode/.local/lib/python3.10/site-packages/airflow/example_dags/example_dynamic_task_mapping.py for tasks to queue
[2025-12-16T18:05:52.924+0000] {logging_mixin.py:150} INFO - [2025-12-16T18:05:52.923+0000] {dagbag.py:541} INFO - Filling up the DagBag from /home/vscode/.local/lib/python3.10/site-packages/airflow/example_dags/example_dynamic_task_mapping.py
[2025-12-16T18:05:52.929+0000] {processor.py:836} INFO - DAG(s) dict_keys(['example_dynamic_task_mapping']) retrieved from /home/vscode/.local/lib/python3.10/site-packages/airflow/example_dags/example_dynamic_task_mapping.py
[2025-12-16T18:05:52.940+0000] {logging_mixin.py:150} INFO - [2025-12-16T18:05:52.940+0000] {dag.py:2742} INFO - Sync 1 DAGs
[2025-12-16T18:05:52.954+0000] {logging_mixin.py:150} INFO - [2025-12-16T18:05:52.954+0000] {dag.py:3504} INFO - Setting next_dagrun for example_dynamic_task_mapping to 2022-03-04T00:00:00+00:00, run_after=2022-03-05T00:00:00+00:00
[2025-12-16T18:05:52.970+0000] {processor.py:179} INFO - Processing /home/vscode/.local/lib/python3.10/site-packages/airflow/example_dags/example_dynamic_task_mapping.py took 0.050 seconds
[2025-12-16T18:06:38.083+0000] {processor.py:157} INFO - Started process (PID=9584) to work on /home/vscode/.local/lib/python3.10/site-packages/airflow/example_dags/example_dynamic_task_mapping.py
[2025-12-16T18:06:38.084+0000] {processor.py:826} INFO - Processing file /home/vscode/.local/lib/python3.10/site-packages/airflow/example_dags/example_dynamic_task_mapping.py for tasks to queue
[2025-12-16T18:06:38.084+0000] {logging_mixin.py:150} INFO - [2025-12-16T18:06:38.084+0000] {dagbag.py:541} INFO - Filling up the DagBag from /home/vscode/.local/lib/python3.10/site-packages/airflow/example_dags/example_dynamic_task_mapping.py
[2025-12-16T18:06:38.089+0000] {processor.py:836} INFO - DAG(s) dict_keys(['example_dynamic_task_mapping']) retrieved from /home/vscode/.local/lib/python3.10/site-packages/airflow/example_dags/example_dynamic_task_mapping.py
[2025-12-16T18:06:38.100+0000] {logging_mixin.py:150} INFO - [2025-12-16T18:06:38.100+0000] {dag.py:2742} INFO - Sync 1 DAGs
[2025-12-16T18:06:38.115+0000] {logging_mixin.py:150} INFO - [2025-12-16T18:06:38.115+0000] {dag.py:3504} INFO - Setting next_dagrun for example_dynamic_task_mapping to 2022-03-04T00:00:00+00:00, run_after=2022-03-05T00:00:00+00:00
[2025-12-16T18:06:38.130+0000] {processor.py:179} INFO - Processing /home/vscode/.local/lib/python3.10/site-packages/airflow/example_dags/example_dynamic_task_mapping.py took 0.049 seconds
[2025-12-16T18:07:25.876+0000] {processor.py:157} INFO - Started process (PID=9903) to work on /home/vscode/.local/lib/python3.10/site-packages/airflow/example_dags/example_dynamic_task_mapping.py
[2025-12-16T18:07:25.877+0000] {processor.py:826} INFO - Processing file /home/vscode/.local/lib/python3.10/site-packages/airflow/example_dags/example_dynamic_task_mapping.py for tasks to queue
[2025-12-16T18:07:25.878+0000] {logging_mixin.py:150} INFO - [2025-12-16T18:07:25.877+0000] {dagbag.py:541} INFO - Filling up the DagBag from /home/vscode/.local/lib/python3.10/site-packages/airflow/example_dags/example_dynamic_task_mapping.py
[2025-12-16T18:07:25.883+0000] {processor.py:836} INFO - DAG(s) dict_keys(['example_dynamic_task_mapping']) retrieved from /home/vscode/.local/lib/python3.10/site-packages/airflow/example_dags/example_dynamic_task_mapping.py
[2025-12-16T18:07:25.893+0000] {logging_mixin.py:150} INFO - [2025-12-16T18:07:25.893+0000] {dag.py:2742} INFO - Sync 1 DAGs
[2025-12-16T18:07:25.908+0000] {logging_mixin.py:150} INFO - [2025-12-16T18:07:25.908+0000] {dag.py:3504} INFO - Setting next_dagrun for example_dynamic_task_mapping to 2022-03-04T00:00:00+00:00, run_after=2022-03-05T00:00:00+00:00
[2025-12-16T18:07:25.923+0000] {processor.py:179} INFO - Processing /home/vscode/.local/lib/python3.10/site-packages/airflow/example_dags/example_dynamic_task_mapping.py took 0.048 seconds
[2025-12-16T18:08:17.281+0000] {processor.py:157} INFO - Started process (PID=10238) to work on /home/vscode/.local/lib/python3.10/site-packages/airflow/example_dags/example_dynamic_task_mapping.py
[2025-12-16T18:08:17.282+0000] {processor.py:826} INFO - Processing file /home/vscode/.local/lib/python3.10/site-packages/airflow/example_dags/example_dynamic_task_mapping.py for tasks to queue
[2025-12-16T18:08:17.283+0000] {logging_mixin.py:150} INFO - [2025-12-16T18:08:17.282+0000] {dagbag.py:541} INFO - Filling up the DagBag from /home/vscode/.local/lib/python3.10/site-packages/airflow/example_dags/example_dynamic_task_mapping.py
[2025-12-16T18:08:17.288+0000] {processor.py:836} INFO - DAG(s) dict_keys(['example_dynamic_task_mapping']) retrieved from /home/vscode/.local/lib/python3.10/site-packages/airflow/example_dags/example_dynamic_task_mapping.py
[2025-12-16T18:08:17.299+0000] {logging_mixin.py:150} INFO - [2025-12-16T18:08:17.299+0000] {dag.py:2742} INFO - Sync 1 DAGs
[2025-12-16T18:08:17.313+0000] {logging_mixin.py:150} INFO - [2025-12-16T18:08:17.312+0000] {dag.py:3504} INFO - Setting next_dagrun for example_dynamic_task_mapping to 2022-03-04T00:00:00+00:00, run_after=2022-03-05T00:00:00+00:00
[2025-12-16T18:08:17.327+0000] {processor.py:179} INFO - Processing /home/vscode/.local/lib/python3.10/site-packages/airflow/example_dags/example_dynamic_task_mapping.py took 0.048 seconds
[2025-12-16T18:09:02.889+0000] {processor.py:157} INFO - Started process (PID=10547) to work on /home/vscode/.local/lib/python3.10/site-packages/airflow/example_dags/example_dynamic_task_mapping.py
[2025-12-16T18:09:02.889+0000] {processor.py:826} INFO - Processing file /home/vscode/.local/lib/python3.10/site-packages/airflow/example_dags/example_dynamic_task_mapping.py for tasks to queue
[2025-12-16T18:09:02.890+0000] {logging_mixin.py:150} INFO - [2025-12-16T18:09:02.890+0000] {dagbag.py:541} INFO - Filling up the DagBag from /home/vscode/.local/lib/python3.10/site-packages/airflow/example_dags/example_dynamic_task_mapping.py
[2025-12-16T18:09:02.895+0000] {processor.py:836} INFO - DAG(s) dict_keys(['example_dynamic_task_mapping']) retrieved from /home/vscode/.local/lib/python3.10/site-packages/airflow/example_dags/example_dynamic_task_mapping.py
[2025-12-16T18:09:02.905+0000] {logging_mixin.py:150} INFO - [2025-12-16T18:09:02.905+0000] {dag.py:2742} INFO - Sync 1 DAGs
[2025-12-16T18:09:02.920+0000] {logging_mixin.py:150} INFO - [2025-12-16T18:09:02.920+0000] {dag.py:3504} INFO - Setting next_dagrun for example_dynamic_task_mapping to 2022-03-04T00:00:00+00:00, run_after=2022-03-05T00:00:00+00:00
[2025-12-16T18:09:02.942+0000] {processor.py:179} INFO - Processing /home/vscode/.local/lib/python3.10/site-packages/airflow/example_dags/example_dynamic_task_mapping.py took 0.056 seconds
[2025-12-16T18:09:50.924+0000] {processor.py:157} INFO - Started process (PID=10861) to work on /home/vscode/.local/lib/python3.10/site-packages/airflow/example_dags/example_dynamic_task_mapping.py
[2025-12-16T18:09:50.924+0000] {processor.py:826} INFO - Processing file /home/vscode/.local/lib/python3.10/site-packages/airflow/example_dags/example_dynamic_task_mapping.py for tasks to queue
[2025-12-16T18:09:50.925+0000] {logging_mixin.py:150} INFO - [2025-12-16T18:09:50.925+0000] {dagbag.py:541} INFO - Filling up the DagBag from /home/vscode/.local/lib/python3.10/site-packages/airflow/example_dags/example_dynamic_task_mapping.py
[2025-12-16T18:09:50.930+0000] {processor.py:836} INFO - DAG(s) dict_keys(['example_dynamic_task_mapping']) retrieved from /home/vscode/.local/lib/python3.10/site-packages/airflow/example_dags/example_dynamic_task_mapping.py
[2025-12-16T18:09:50.941+0000] {logging_mixin.py:150} INFO - [2025-12-16T18:09:50.941+0000] {dag.py:2742} INFO - Sync 1 DAGs
[2025-12-16T18:09:50.956+0000] {logging_mixin.py:150} INFO - [2025-12-16T18:09:50.956+0000] {dag.py:3504} INFO - Setting next_dagrun for example_dynamic_task_mapping to 2022-03-04T00:00:00+00:00, run_after=2022-03-05T00:00:00+00:00
[2025-12-16T18:09:50.971+0000] {processor.py:179} INFO - Processing /home/vscode/.local/lib/python3.10/site-packages/airflow/example_dags/example_dynamic_task_mapping.py took 0.050 seconds
[2025-12-16T18:10:37.186+0000] {processor.py:157} INFO - Started process (PID=11172) to work on /home/vscode/.local/lib/python3.10/site-packages/airflow/example_dags/example_dynamic_task_mapping.py
[2025-12-16T18:10:37.187+0000] {processor.py:826} INFO - Processing file /home/vscode/.local/lib/python3.10/site-packages/airflow/example_dags/example_dynamic_task_mapping.py for tasks to queue
[2025-12-16T18:10:37.187+0000] {logging_mixin.py:150} INFO - [2025-12-16T18:10:37.187+0000] {dagbag.py:541} INFO - Filling up the DagBag from /home/vscode/.local/lib/python3.10/site-packages/airflow/example_dags/example_dynamic_task_mapping.py
[2025-12-16T18:10:37.193+0000] {processor.py:836} INFO - DAG(s) dict_keys(['example_dynamic_task_mapping']) retrieved from /home/vscode/.local/lib/python3.10/site-packages/airflow/example_dags/example_dynamic_task_mapping.py
[2025-12-16T18:10:37.203+0000] {logging_mixin.py:150} INFO - [2025-12-16T18:10:37.203+0000] {dag.py:2742} INFO - Sync 1 DAGs
[2025-12-16T18:10:37.221+0000] {logging_mixin.py:150} INFO - [2025-12-16T18:10:37.221+0000] {dag.py:3504} INFO - Setting next_dagrun for example_dynamic_task_mapping to 2022-03-04T00:00:00+00:00, run_after=2022-03-05T00:00:00+00:00
[2025-12-16T18:10:37.238+0000] {processor.py:179} INFO - Processing /home/vscode/.local/lib/python3.10/site-packages/airflow/example_dags/example_dynamic_task_mapping.py took 0.054 seconds
[2025-12-16T18:11:28.524+0000] {processor.py:157} INFO - Started process (PID=11508) to work on /home/vscode/.local/lib/python3.10/site-packages/airflow/example_dags/example_dynamic_task_mapping.py
[2025-12-16T18:11:28.524+0000] {processor.py:826} INFO - Processing file /home/vscode/.local/lib/python3.10/site-packages/airflow/example_dags/example_dynamic_task_mapping.py for tasks to queue
[2025-12-16T18:11:28.525+0000] {logging_mixin.py:150} INFO - [2025-12-16T18:11:28.525+0000] {dagbag.py:541} INFO - Filling up the DagBag from /home/vscode/.local/lib/python3.10/site-packages/airflow/example_dags/example_dynamic_task_mapping.py
[2025-12-16T18:11:28.530+0000] {processor.py:836} INFO - DAG(s) dict_keys(['example_dynamic_task_mapping']) retrieved from /home/vscode/.local/lib/python3.10/site-packages/airflow/example_dags/example_dynamic_task_mapping.py
[2025-12-16T18:11:28.541+0000] {logging_mixin.py:150} INFO - [2025-12-16T18:11:28.540+0000] {dag.py:2742} INFO - Sync 1 DAGs
[2025-12-16T18:11:28.554+0000] {logging_mixin.py:150} INFO - [2025-12-16T18:11:28.554+0000] {dag.py:3504} INFO - Setting next_dagrun for example_dynamic_task_mapping to 2022-03-04T00:00:00+00:00, run_after=2022-03-05T00:00:00+00:00
[2025-12-16T18:11:28.569+0000] {processor.py:179} INFO - Processing /home/vscode/.local/lib/python3.10/site-packages/airflow/example_dags/example_dynamic_task_mapping.py took 0.048 seconds
[2025-12-16T18:12:17.156+0000] {processor.py:157} INFO - Started process (PID=11832) to work on /home/vscode/.local/lib/python3.10/site-packages/airflow/example_dags/example_dynamic_task_mapping.py
[2025-12-16T18:12:17.156+0000] {processor.py:826} INFO - Processing file /home/vscode/.local/lib/python3.10/site-packages/airflow/example_dags/example_dynamic_task_mapping.py for tasks to queue
[2025-12-16T18:12:17.157+0000] {logging_mixin.py:150} INFO - [2025-12-16T18:12:17.157+0000] {dagbag.py:541} INFO - Filling up the DagBag from /home/vscode/.local/lib/python3.10/site-packages/airflow/example_dags/example_dynamic_task_mapping.py
[2025-12-16T18:12:17.162+0000] {processor.py:836} INFO - DAG(s) dict_keys(['example_dynamic_task_mapping']) retrieved from /home/vscode/.local/lib/python3.10/site-packages/airflow/example_dags/example_dynamic_task_mapping.py
[2025-12-16T18:12:17.172+0000] {logging_mixin.py:150} INFO - [2025-12-16T18:12:17.172+0000] {dag.py:2742} INFO - Sync 1 DAGs
[2025-12-16T18:12:17.186+0000] {logging_mixin.py:150} INFO - [2025-12-16T18:12:17.186+0000] {dag.py:3504} INFO - Setting next_dagrun for example_dynamic_task_mapping to 2022-03-04T00:00:00+00:00, run_after=2022-03-05T00:00:00+00:00
[2025-12-16T18:12:17.201+0000] {processor.py:179} INFO - Processing /home/vscode/.local/lib/python3.10/site-packages/airflow/example_dags/example_dynamic_task_mapping.py took 0.048 seconds
[2025-12-16T18:13:09.560+0000] {processor.py:157} INFO - Started process (PID=12183) to work on /home/vscode/.local/lib/python3.10/site-packages/airflow/example_dags/example_dynamic_task_mapping.py
[2025-12-16T18:13:09.560+0000] {processor.py:826} INFO - Processing file /home/vscode/.local/lib/python3.10/site-packages/airflow/example_dags/example_dynamic_task_mapping.py for tasks to queue
[2025-12-16T18:13:09.561+0000] {logging_mixin.py:150} INFO - [2025-12-16T18:13:09.561+0000] {dagbag.py:541} INFO - Filling up the DagBag from /home/vscode/.local/lib/python3.10/site-packages/airflow/example_dags/example_dynamic_task_mapping.py
[2025-12-16T18:13:09.566+0000] {processor.py:836} INFO - DAG(s) dict_keys(['example_dynamic_task_mapping']) retrieved from /home/vscode/.local/lib/python3.10/site-packages/airflow/example_dags/example_dynamic_task_mapping.py
[2025-12-16T18:13:09.576+0000] {logging_mixin.py:150} INFO - [2025-12-16T18:13:09.576+0000] {dag.py:2742} INFO - Sync 1 DAGs
[2025-12-16T18:13:09.595+0000] {logging_mixin.py:150} INFO - [2025-12-16T18:13:09.595+0000] {dag.py:3504} INFO - Setting next_dagrun for example_dynamic_task_mapping to 2022-03-04T00:00:00+00:00, run_after=2022-03-05T00:00:00+00:00
[2025-12-16T18:13:09.617+0000] {processor.py:179} INFO - Processing /home/vscode/.local/lib/python3.10/site-packages/airflow/example_dags/example_dynamic_task_mapping.py took 0.059 seconds
[2025-12-16T18:13:59.791+0000] {processor.py:157} INFO - Started process (PID=12514) to work on /home/vscode/.local/lib/python3.10/site-packages/airflow/example_dags/example_dynamic_task_mapping.py
[2025-12-16T18:13:59.791+0000] {processor.py:826} INFO - Processing file /home/vscode/.local/lib/python3.10/site-packages/airflow/example_dags/example_dynamic_task_mapping.py for tasks to queue
[2025-12-16T18:13:59.792+0000] {logging_mixin.py:150} INFO - [2025-12-16T18:13:59.792+0000] {dagbag.py:541} INFO - Filling up the DagBag from /home/vscode/.local/lib/python3.10/site-packages/airflow/example_dags/example_dynamic_task_mapping.py
[2025-12-16T18:13:59.797+0000] {processor.py:836} INFO - DAG(s) dict_keys(['example_dynamic_task_mapping']) retrieved from /home/vscode/.local/lib/python3.10/site-packages/airflow/example_dags/example_dynamic_task_mapping.py
[2025-12-16T18:13:59.808+0000] {logging_mixin.py:150} INFO - [2025-12-16T18:13:59.808+0000] {dag.py:2742} INFO - Sync 1 DAGs
[2025-12-16T18:13:59.822+0000] {logging_mixin.py:150} INFO - [2025-12-16T18:13:59.822+0000] {dag.py:3504} INFO - Setting next_dagrun for example_dynamic_task_mapping to 2022-03-04T00:00:00+00:00, run_after=2022-03-05T00:00:00+00:00
[2025-12-16T18:13:59.836+0000] {processor.py:179} INFO - Processing /home/vscode/.local/lib/python3.10/site-packages/airflow/example_dags/example_dynamic_task_mapping.py took 0.048 seconds
[2025-12-16T18:14:50.990+0000] {processor.py:157} INFO - Started process (PID=12858) to work on /home/vscode/.local/lib/python3.10/site-packages/airflow/example_dags/example_dynamic_task_mapping.py
[2025-12-16T18:14:50.991+0000] {processor.py:826} INFO - Processing file /home/vscode/.local/lib/python3.10/site-packages/airflow/example_dags/example_dynamic_task_mapping.py for tasks to queue
[2025-12-16T18:14:50.991+0000] {logging_mixin.py:150} INFO - [2025-12-16T18:14:50.991+0000] {dagbag.py:541} INFO - Filling up the DagBag from /home/vscode/.local/lib/python3.10/site-packages/airflow/example_dags/example_dynamic_task_mapping.py
[2025-12-16T18:14:50.997+0000] {processor.py:836} INFO - DAG(s) dict_keys(['example_dynamic_task_mapping']) retrieved from /home/vscode/.local/lib/python3.10/site-packages/airflow/example_dags/example_dynamic_task_mapping.py
[2025-12-16T18:14:51.007+0000] {logging_mixin.py:150} INFO - [2025-12-16T18:14:51.007+0000] {dag.py:2742} INFO - Sync 1 DAGs
[2025-12-16T18:14:51.021+0000] {logging_mixin.py:150} INFO - [2025-12-16T18:14:51.021+0000] {dag.py:3504} INFO - Setting next_dagrun for example_dynamic_task_mapping to 2022-03-04T00:00:00+00:00, run_after=2022-03-05T00:00:00+00:00
[2025-12-16T18:14:51.036+0000] {processor.py:179} INFO - Processing /home/vscode/.local/lib/python3.10/site-packages/airflow/example_dags/example_dynamic_task_mapping.py took 0.048 seconds
[2025-12-16T18:15:40.075+0000] {processor.py:157} INFO - Started process (PID=13178) to work on /home/vscode/.local/lib/python3.10/site-packages/airflow/example_dags/example_dynamic_task_mapping.py
[2025-12-16T18:15:40.076+0000] {processor.py:826} INFO - Processing file /home/vscode/.local/lib/python3.10/site-packages/airflow/example_dags/example_dynamic_task_mapping.py for tasks to queue
[2025-12-16T18:15:40.076+0000] {logging_mixin.py:150} INFO - [2025-12-16T18:15:40.076+0000] {dagbag.py:541} INFO - Filling up the DagBag from /home/vscode/.local/lib/python3.10/site-packages/airflow/example_dags/example_dynamic_task_mapping.py
[2025-12-16T18:15:40.082+0000] {processor.py:836} INFO - DAG(s) dict_keys(['example_dynamic_task_mapping']) retrieved from /home/vscode/.local/lib/python3.10/site-packages/airflow/example_dags/example_dynamic_task_mapping.py
[2025-12-16T18:15:40.093+0000] {logging_mixin.py:150} INFO - [2025-12-16T18:15:40.093+0000] {dag.py:2742} INFO - Sync 1 DAGs
[2025-12-16T18:15:40.107+0000] {logging_mixin.py:150} INFO - [2025-12-16T18:15:40.107+0000] {dag.py:3504} INFO - Setting next_dagrun for example_dynamic_task_mapping to 2022-03-04T00:00:00+00:00, run_after=2022-03-05T00:00:00+00:00
[2025-12-16T18:15:40.121+0000] {processor.py:179} INFO - Processing /home/vscode/.local/lib/python3.10/site-packages/airflow/example_dags/example_dynamic_task_mapping.py took 0.049 seconds
[2025-12-16T18:16:27.259+0000] {processor.py:157} INFO - Started process (PID=13496) to work on /home/vscode/.local/lib/python3.10/site-packages/airflow/example_dags/example_dynamic_task_mapping.py
[2025-12-16T18:16:27.260+0000] {processor.py:826} INFO - Processing file /home/vscode/.local/lib/python3.10/site-packages/airflow/example_dags/example_dynamic_task_mapping.py for tasks to queue
[2025-12-16T18:16:27.261+0000] {logging_mixin.py:150} INFO - [2025-12-16T18:16:27.260+0000] {dagbag.py:541} INFO - Filling up the DagBag from /home/vscode/.local/lib/python3.10/site-packages/airflow/example_dags/example_dynamic_task_mapping.py
[2025-12-16T18:16:27.268+0000] {processor.py:836} INFO - DAG(s) dict_keys(['example_dynamic_task_mapping']) retrieved from /home/vscode/.local/lib/python3.10/site-packages/airflow/example_dags/example_dynamic_task_mapping.py
[2025-12-16T18:16:27.282+0000] {logging_mixin.py:150} INFO - [2025-12-16T18:16:27.282+0000] {dag.py:2742} INFO - Sync 1 DAGs
[2025-12-16T18:16:27.300+0000] {logging_mixin.py:150} INFO - [2025-12-16T18:16:27.300+0000] {dag.py:3504} INFO - Setting next_dagrun for example_dynamic_task_mapping to 2022-03-04T00:00:00+00:00, run_after=2022-03-05T00:00:00+00:00
[2025-12-16T18:16:27.314+0000] {processor.py:179} INFO - Processing /home/vscode/.local/lib/python3.10/site-packages/airflow/example_dags/example_dynamic_task_mapping.py took 0.058 seconds
[2025-12-16T18:17:17.927+0000] {processor.py:157} INFO - Started process (PID=13832) to work on /home/vscode/.local/lib/python3.10/site-packages/airflow/example_dags/example_dynamic_task_mapping.py
[2025-12-16T18:17:17.928+0000] {processor.py:826} INFO - Processing file /home/vscode/.local/lib/python3.10/site-packages/airflow/example_dags/example_dynamic_task_mapping.py for tasks to queue
[2025-12-16T18:17:17.929+0000] {logging_mixin.py:150} INFO - [2025-12-16T18:17:17.928+0000] {dagbag.py:541} INFO - Filling up the DagBag from /home/vscode/.local/lib/python3.10/site-packages/airflow/example_dags/example_dynamic_task_mapping.py
[2025-12-16T18:17:17.934+0000] {processor.py:836} INFO - DAG(s) dict_keys(['example_dynamic_task_mapping']) retrieved from /home/vscode/.local/lib/python3.10/site-packages/airflow/example_dags/example_dynamic_task_mapping.py
[2025-12-16T18:17:17.944+0000] {logging_mixin.py:150} INFO - [2025-12-16T18:17:17.944+0000] {dag.py:2742} INFO - Sync 1 DAGs
[2025-12-16T18:17:17.957+0000] {logging_mixin.py:150} INFO - [2025-12-16T18:17:17.957+0000] {dag.py:3504} INFO - Setting next_dagrun for example_dynamic_task_mapping to 2022-03-04T00:00:00+00:00, run_after=2022-03-05T00:00:00+00:00
[2025-12-16T18:17:17.971+0000] {processor.py:179} INFO - Processing /home/vscode/.local/lib/python3.10/site-packages/airflow/example_dags/example_dynamic_task_mapping.py took 0.046 seconds
[2025-12-16T18:18:05.089+0000] {processor.py:157} INFO - Started process (PID=14148) to work on /home/vscode/.local/lib/python3.10/site-packages/airflow/example_dags/example_dynamic_task_mapping.py
[2025-12-16T18:18:05.090+0000] {processor.py:826} INFO - Processing file /home/vscode/.local/lib/python3.10/site-packages/airflow/example_dags/example_dynamic_task_mapping.py for tasks to queue
[2025-12-16T18:18:05.090+0000] {logging_mixin.py:150} INFO - [2025-12-16T18:18:05.090+0000] {dagbag.py:541} INFO - Filling up the DagBag from /home/vscode/.local/lib/python3.10/site-packages/airflow/example_dags/example_dynamic_task_mapping.py
[2025-12-16T18:18:05.096+0000] {processor.py:836} INFO - DAG(s) dict_keys(['example_dynamic_task_mapping']) retrieved from /home/vscode/.local/lib/python3.10/site-packages/airflow/example_dags/example_dynamic_task_mapping.py
[2025-12-16T18:18:05.106+0000] {logging_mixin.py:150} INFO - [2025-12-16T18:18:05.106+0000] {dag.py:2742} INFO - Sync 1 DAGs
[2025-12-16T18:18:05.120+0000] {logging_mixin.py:150} INFO - [2025-12-16T18:18:05.120+0000] {dag.py:3504} INFO - Setting next_dagrun for example_dynamic_task_mapping to 2022-03-04T00:00:00+00:00, run_after=2022-03-05T00:00:00+00:00
[2025-12-16T18:18:05.135+0000] {processor.py:179} INFO - Processing /home/vscode/.local/lib/python3.10/site-packages/airflow/example_dags/example_dynamic_task_mapping.py took 0.048 seconds
[2025-12-16T18:18:50.203+0000] {processor.py:157} INFO - Started process (PID=14443) to work on /home/vscode/.local/lib/python3.10/site-packages/airflow/example_dags/example_dynamic_task_mapping.py
[2025-12-16T18:18:50.204+0000] {processor.py:826} INFO - Processing file /home/vscode/.local/lib/python3.10/site-packages/airflow/example_dags/example_dynamic_task_mapping.py for tasks to queue
[2025-12-16T18:18:50.205+0000] {logging_mixin.py:150} INFO - [2025-12-16T18:18:50.204+0000] {dagbag.py:541} INFO - Filling up the DagBag from /home/vscode/.local/lib/python3.10/site-packages/airflow/example_dags/example_dynamic_task_mapping.py
[2025-12-16T18:18:50.210+0000] {processor.py:836} INFO - DAG(s) dict_keys(['example_dynamic_task_mapping']) retrieved from /home/vscode/.local/lib/python3.10/site-packages/airflow/example_dags/example_dynamic_task_mapping.py
[2025-12-16T18:18:50.220+0000] {logging_mixin.py:150} INFO - [2025-12-16T18:18:50.220+0000] {dag.py:2742} INFO - Sync 1 DAGs
[2025-12-16T18:18:50.234+0000] {logging_mixin.py:150} INFO - [2025-12-16T18:18:50.234+0000] {dag.py:3504} INFO - Setting next_dagrun for example_dynamic_task_mapping to 2022-03-04T00:00:00+00:00, run_after=2022-03-05T00:00:00+00:00
[2025-12-16T18:18:50.249+0000] {processor.py:179} INFO - Processing /home/vscode/.local/lib/python3.10/site-packages/airflow/example_dags/example_dynamic_task_mapping.py took 0.047 seconds
[2025-12-16T18:19:36.401+0000] {processor.py:157} INFO - Started process (PID=14755) to work on /home/vscode/.local/lib/python3.10/site-packages/airflow/example_dags/example_dynamic_task_mapping.py
[2025-12-16T18:19:36.401+0000] {processor.py:826} INFO - Processing file /home/vscode/.local/lib/python3.10/site-packages/airflow/example_dags/example_dynamic_task_mapping.py for tasks to queue
[2025-12-16T18:19:36.402+0000] {logging_mixin.py:150} INFO - [2025-12-16T18:19:36.402+0000] {dagbag.py:541} INFO - Filling up the DagBag from /home/vscode/.local/lib/python3.10/site-packages/airflow/example_dags/example_dynamic_task_mapping.py
[2025-12-16T18:19:36.407+0000] {processor.py:836} INFO - DAG(s) dict_keys(['example_dynamic_task_mapping']) retrieved from /home/vscode/.local/lib/python3.10/site-packages/airflow/example_dags/example_dynamic_task_mapping.py
[2025-12-16T18:19:36.417+0000] {logging_mixin.py:150} INFO - [2025-12-16T18:19:36.417+0000] {dag.py:2742} INFO - Sync 1 DAGs
[2025-12-16T18:19:36.430+0000] {logging_mixin.py:150} INFO - [2025-12-16T18:19:36.430+0000] {dag.py:3504} INFO - Setting next_dagrun for example_dynamic_task_mapping to 2022-03-04T00:00:00+00:00, run_after=2022-03-05T00:00:00+00:00
[2025-12-16T18:19:36.444+0000] {processor.py:179} INFO - Processing /home/vscode/.local/lib/python3.10/site-packages/airflow/example_dags/example_dynamic_task_mapping.py took 0.046 seconds
[2025-12-16T18:20:26.663+0000] {processor.py:157} INFO - Started process (PID=15089) to work on /home/vscode/.local/lib/python3.10/site-packages/airflow/example_dags/example_dynamic_task_mapping.py
[2025-12-16T18:20:26.663+0000] {processor.py:826} INFO - Processing file /home/vscode/.local/lib/python3.10/site-packages/airflow/example_dags/example_dynamic_task_mapping.py for tasks to queue
[2025-12-16T18:20:26.664+0000] {logging_mixin.py:150} INFO - [2025-12-16T18:20:26.664+0000] {dagbag.py:541} INFO - Filling up the DagBag from /home/vscode/.local/lib/python3.10/site-packages/airflow/example_dags/example_dynamic_task_mapping.py
[2025-12-16T18:20:26.669+0000] {processor.py:836} INFO - DAG(s) dict_keys(['example_dynamic_task_mapping']) retrieved from /home/vscode/.local/lib/python3.10/site-packages/airflow/example_dags/example_dynamic_task_mapping.py
[2025-12-16T18:20:26.679+0000] {logging_mixin.py:150} INFO - [2025-12-16T18:20:26.679+0000] {dag.py:2742} INFO - Sync 1 DAGs
[2025-12-16T18:20:26.692+0000] {logging_mixin.py:150} INFO - [2025-12-16T18:20:26.692+0000] {dag.py:3504} INFO - Setting next_dagrun for example_dynamic_task_mapping to 2022-03-04T00:00:00+00:00, run_after=2022-03-05T00:00:00+00:00
[2025-12-16T18:20:26.708+0000] {processor.py:179} INFO - Processing /home/vscode/.local/lib/python3.10/site-packages/airflow/example_dags/example_dynamic_task_mapping.py took 0.047 seconds
[2025-12-16T18:21:10.920+0000] {processor.py:157} INFO - Started process (PID=15384) to work on /home/vscode/.local/lib/python3.10/site-packages/airflow/example_dags/example_dynamic_task_mapping.py
[2025-12-16T18:21:10.920+0000] {processor.py:826} INFO - Processing file /home/vscode/.local/lib/python3.10/site-packages/airflow/example_dags/example_dynamic_task_mapping.py for tasks to queue
[2025-12-16T18:21:10.921+0000] {logging_mixin.py:150} INFO - [2025-12-16T18:21:10.921+0000] {dagbag.py:541} INFO - Filling up the DagBag from /home/vscode/.local/lib/python3.10/site-packages/airflow/example_dags/example_dynamic_task_mapping.py
[2025-12-16T18:21:10.926+0000] {processor.py:836} INFO - DAG(s) dict_keys(['example_dynamic_task_mapping']) retrieved from /home/vscode/.local/lib/python3.10/site-packages/airflow/example_dags/example_dynamic_task_mapping.py
[2025-12-16T18:21:10.936+0000] {logging_mixin.py:150} INFO - [2025-12-16T18:21:10.936+0000] {dag.py:2742} INFO - Sync 1 DAGs
[2025-12-16T18:21:10.950+0000] {logging_mixin.py:150} INFO - [2025-12-16T18:21:10.950+0000] {dag.py:3504} INFO - Setting next_dagrun for example_dynamic_task_mapping to 2022-03-04T00:00:00+00:00, run_after=2022-03-05T00:00:00+00:00
[2025-12-16T18:21:10.964+0000] {processor.py:179} INFO - Processing /home/vscode/.local/lib/python3.10/site-packages/airflow/example_dags/example_dynamic_task_mapping.py took 0.046 seconds
[2025-12-16T18:22:01.539+0000] {processor.py:157} INFO - Started process (PID=15720) to work on /home/vscode/.local/lib/python3.10/site-packages/airflow/example_dags/example_dynamic_task_mapping.py
[2025-12-16T18:22:01.539+0000] {processor.py:826} INFO - Processing file /home/vscode/.local/lib/python3.10/site-packages/airflow/example_dags/example_dynamic_task_mapping.py for tasks to queue
[2025-12-16T18:22:01.540+0000] {logging_mixin.py:150} INFO - [2025-12-16T18:22:01.540+0000] {dagbag.py:541} INFO - Filling up the DagBag from /home/vscode/.local/lib/python3.10/site-packages/airflow/example_dags/example_dynamic_task_mapping.py
[2025-12-16T18:22:01.545+0000] {processor.py:836} INFO - DAG(s) dict_keys(['example_dynamic_task_mapping']) retrieved from /home/vscode/.local/lib/python3.10/site-packages/airflow/example_dags/example_dynamic_task_mapping.py
[2025-12-16T18:22:01.555+0000] {logging_mixin.py:150} INFO - [2025-12-16T18:22:01.555+0000] {dag.py:2742} INFO - Sync 1 DAGs
[2025-12-16T18:22:01.569+0000] {logging_mixin.py:150} INFO - [2025-12-16T18:22:01.569+0000] {dag.py:3504} INFO - Setting next_dagrun for example_dynamic_task_mapping to 2022-03-04T00:00:00+00:00, run_after=2022-03-05T00:00:00+00:00
[2025-12-16T18:22:01.583+0000] {processor.py:179} INFO - Processing /home/vscode/.local/lib/python3.10/site-packages/airflow/example_dags/example_dynamic_task_mapping.py took 0.046 seconds
[2025-12-16T18:22:49.445+0000] {processor.py:157} INFO - Started process (PID=16038) to work on /home/vscode/.local/lib/python3.10/site-packages/airflow/example_dags/example_dynamic_task_mapping.py
[2025-12-16T18:22:49.446+0000] {processor.py:826} INFO - Processing file /home/vscode/.local/lib/python3.10/site-packages/airflow/example_dags/example_dynamic_task_mapping.py for tasks to queue
[2025-12-16T18:22:49.447+0000] {logging_mixin.py:150} INFO - [2025-12-16T18:22:49.446+0000] {dagbag.py:541} INFO - Filling up the DagBag from /home/vscode/.local/lib/python3.10/site-packages/airflow/example_dags/example_dynamic_task_mapping.py
[2025-12-16T18:22:49.452+0000] {processor.py:836} INFO - DAG(s) dict_keys(['example_dynamic_task_mapping']) retrieved from /home/vscode/.local/lib/python3.10/site-packages/airflow/example_dags/example_dynamic_task_mapping.py
[2025-12-16T18:22:49.463+0000] {logging_mixin.py:150} INFO - [2025-12-16T18:22:49.462+0000] {dag.py:2742} INFO - Sync 1 DAGs
[2025-12-16T18:22:49.477+0000] {logging_mixin.py:150} INFO - [2025-12-16T18:22:49.477+0000] {dag.py:3504} INFO - Setting next_dagrun for example_dynamic_task_mapping to 2022-03-04T00:00:00+00:00, run_after=2022-03-05T00:00:00+00:00
[2025-12-16T18:22:49.491+0000] {processor.py:179} INFO - Processing /home/vscode/.local/lib/python3.10/site-packages/airflow/example_dags/example_dynamic_task_mapping.py took 0.049 seconds
[2025-12-16T18:23:33.730+0000] {processor.py:157} INFO - Started process (PID=16340) to work on /home/vscode/.local/lib/python3.10/site-packages/airflow/example_dags/example_dynamic_task_mapping.py
[2025-12-16T18:23:33.731+0000] {processor.py:826} INFO - Processing file /home/vscode/.local/lib/python3.10/site-packages/airflow/example_dags/example_dynamic_task_mapping.py for tasks to queue
[2025-12-16T18:23:33.731+0000] {logging_mixin.py:150} INFO - [2025-12-16T18:23:33.731+0000] {dagbag.py:541} INFO - Filling up the DagBag from /home/vscode/.local/lib/python3.10/site-packages/airflow/example_dags/example_dynamic_task_mapping.py
[2025-12-16T18:23:33.738+0000] {processor.py:836} INFO - DAG(s) dict_keys(['example_dynamic_task_mapping']) retrieved from /home/vscode/.local/lib/python3.10/site-packages/airflow/example_dags/example_dynamic_task_mapping.py
[2025-12-16T18:23:33.756+0000] {logging_mixin.py:150} INFO - [2025-12-16T18:23:33.756+0000] {dag.py:2742} INFO - Sync 1 DAGs
[2025-12-16T18:23:33.770+0000] {logging_mixin.py:150} INFO - [2025-12-16T18:23:33.770+0000] {dag.py:3504} INFO - Setting next_dagrun for example_dynamic_task_mapping to 2022-03-04T00:00:00+00:00, run_after=2022-03-05T00:00:00+00:00
[2025-12-16T18:23:33.784+0000] {processor.py:179} INFO - Processing /home/vscode/.local/lib/python3.10/site-packages/airflow/example_dags/example_dynamic_task_mapping.py took 0.056 seconds
[2025-12-16T18:24:19.121+0000] {processor.py:157} INFO - Started process (PID=16635) to work on /home/vscode/.local/lib/python3.10/site-packages/airflow/example_dags/example_dynamic_task_mapping.py
[2025-12-16T18:24:19.121+0000] {processor.py:826} INFO - Processing file /home/vscode/.local/lib/python3.10/site-packages/airflow/example_dags/example_dynamic_task_mapping.py for tasks to queue
[2025-12-16T18:24:19.122+0000] {logging_mixin.py:150} INFO - [2025-12-16T18:24:19.122+0000] {dagbag.py:541} INFO - Filling up the DagBag from /home/vscode/.local/lib/python3.10/site-packages/airflow/example_dags/example_dynamic_task_mapping.py
[2025-12-16T18:24:19.128+0000] {processor.py:836} INFO - DAG(s) dict_keys(['example_dynamic_task_mapping']) retrieved from /home/vscode/.local/lib/python3.10/site-packages/airflow/example_dags/example_dynamic_task_mapping.py
[2025-12-16T18:24:19.138+0000] {logging_mixin.py:150} INFO - [2025-12-16T18:24:19.138+0000] {dag.py:2742} INFO - Sync 1 DAGs
[2025-12-16T18:24:19.152+0000] {logging_mixin.py:150} INFO - [2025-12-16T18:24:19.152+0000] {dag.py:3504} INFO - Setting next_dagrun for example_dynamic_task_mapping to 2022-03-04T00:00:00+00:00, run_after=2022-03-05T00:00:00+00:00
[2025-12-16T18:24:19.166+0000] {processor.py:179} INFO - Processing /home/vscode/.local/lib/python3.10/site-packages/airflow/example_dags/example_dynamic_task_mapping.py took 0.048 seconds
[2025-12-16T18:25:12.774+0000] {processor.py:157} INFO - Started process (PID=16986) to work on /home/vscode/.local/lib/python3.10/site-packages/airflow/example_dags/example_dynamic_task_mapping.py
[2025-12-16T18:25:12.775+0000] {processor.py:826} INFO - Processing file /home/vscode/.local/lib/python3.10/site-packages/airflow/example_dags/example_dynamic_task_mapping.py for tasks to queue
[2025-12-16T18:25:12.775+0000] {logging_mixin.py:150} INFO - [2025-12-16T18:25:12.775+0000] {dagbag.py:541} INFO - Filling up the DagBag from /home/vscode/.local/lib/python3.10/site-packages/airflow/example_dags/example_dynamic_task_mapping.py
[2025-12-16T18:25:12.780+0000] {processor.py:836} INFO - DAG(s) dict_keys(['example_dynamic_task_mapping']) retrieved from /home/vscode/.local/lib/python3.10/site-packages/airflow/example_dags/example_dynamic_task_mapping.py
[2025-12-16T18:25:12.791+0000] {logging_mixin.py:150} INFO - [2025-12-16T18:25:12.791+0000] {dag.py:2742} INFO - Sync 1 DAGs
[2025-12-16T18:25:12.811+0000] {logging_mixin.py:150} INFO - [2025-12-16T18:25:12.811+0000] {dag.py:3504} INFO - Setting next_dagrun for example_dynamic_task_mapping to 2022-03-04T00:00:00+00:00, run_after=2022-03-05T00:00:00+00:00
[2025-12-16T18:25:12.830+0000] {processor.py:179} INFO - Processing /home/vscode/.local/lib/python3.10/site-packages/airflow/example_dags/example_dynamic_task_mapping.py took 0.058 seconds
[2025-12-16T18:25:55.108+0000] {processor.py:157} INFO - Started process (PID=17281) to work on /home/vscode/.local/lib/python3.10/site-packages/airflow/example_dags/example_dynamic_task_mapping.py
[2025-12-16T18:25:55.109+0000] {processor.py:826} INFO - Processing file /home/vscode/.local/lib/python3.10/site-packages/airflow/example_dags/example_dynamic_task_mapping.py for tasks to queue
[2025-12-16T18:25:55.109+0000] {logging_mixin.py:150} INFO - [2025-12-16T18:25:55.109+0000] {dagbag.py:541} INFO - Filling up the DagBag from /home/vscode/.local/lib/python3.10/site-packages/airflow/example_dags/example_dynamic_task_mapping.py
[2025-12-16T18:25:55.115+0000] {processor.py:836} INFO - DAG(s) dict_keys(['example_dynamic_task_mapping']) retrieved from /home/vscode/.local/lib/python3.10/site-packages/airflow/example_dags/example_dynamic_task_mapping.py
[2025-12-16T18:25:55.125+0000] {logging_mixin.py:150} INFO - [2025-12-16T18:25:55.125+0000] {dag.py:2742} INFO - Sync 1 DAGs
[2025-12-16T18:25:55.212+0000] {logging_mixin.py:150} INFO - [2025-12-16T18:25:55.212+0000] {dag.py:3504} INFO - Setting next_dagrun for example_dynamic_task_mapping to 2022-03-04T00:00:00+00:00, run_after=2022-03-05T00:00:00+00:00
[2025-12-16T18:25:55.226+0000] {processor.py:179} INFO - Processing /home/vscode/.local/lib/python3.10/site-packages/airflow/example_dags/example_dynamic_task_mapping.py took 0.119 seconds
[2025-12-16T18:26:47.908+0000] {processor.py:157} INFO - Started process (PID=17624) to work on /home/vscode/.local/lib/python3.10/site-packages/airflow/example_dags/example_dynamic_task_mapping.py
[2025-12-16T18:26:47.909+0000] {processor.py:826} INFO - Processing file /home/vscode/.local/lib/python3.10/site-packages/airflow/example_dags/example_dynamic_task_mapping.py for tasks to queue
[2025-12-16T18:26:47.909+0000] {logging_mixin.py:150} INFO - [2025-12-16T18:26:47.909+0000] {dagbag.py:541} INFO - Filling up the DagBag from /home/vscode/.local/lib/python3.10/site-packages/airflow/example_dags/example_dynamic_task_mapping.py
[2025-12-16T18:26:47.915+0000] {processor.py:836} INFO - DAG(s) dict_keys(['example_dynamic_task_mapping']) retrieved from /home/vscode/.local/lib/python3.10/site-packages/airflow/example_dags/example_dynamic_task_mapping.py
[2025-12-16T18:26:47.925+0000] {logging_mixin.py:150} INFO - [2025-12-16T18:26:47.925+0000] {dag.py:2742} INFO - Sync 1 DAGs
[2025-12-16T18:26:47.939+0000] {logging_mixin.py:150} INFO - [2025-12-16T18:26:47.939+0000] {dag.py:3504} INFO - Setting next_dagrun for example_dynamic_task_mapping to 2022-03-04T00:00:00+00:00, run_after=2022-03-05T00:00:00+00:00
[2025-12-16T18:26:48.026+0000] {processor.py:179} INFO - Processing /home/vscode/.local/lib/python3.10/site-packages/airflow/example_dags/example_dynamic_task_mapping.py took 0.120 seconds
