[2025-01-21T03:41:58.624+0000] {local_task_job_runner.py:123} INFO - ::group::Pre task execution logs
[2025-01-21T03:41:58.632+0000] {taskinstance.py:2613} INFO - Dependencies all met for dep_context=non-requeueable deps ti=<TaskInstance: two_task_dag.bash_task_0 manual__2025-01-21T03:41:56.327499+00:00 [queued]>
[2025-01-21T03:41:58.636+0000] {taskinstance.py:2613} INFO - Dependencies all met for dep_context=requeueable deps ti=<TaskInstance: two_task_dag.bash_task_0 manual__2025-01-21T03:41:56.327499+00:00 [queued]>
[2025-01-21T03:41:58.636+0000] {taskinstance.py:2866} INFO - Starting attempt 1 of 1
[2025-01-21T03:41:58.646+0000] {taskinstance.py:2889} INFO - Executing <Task(BashOperator): bash_task_0> on 2025-01-21 03:41:56.327499+00:00
[2025-01-21T03:41:58.649+0000] {standard_task_runner.py:72} INFO - Started process 13227 to run task
[2025-01-21T03:41:58.652+0000] {standard_task_runner.py:104} INFO - Running: ['airflow', 'tasks', 'run', 'two_task_dag', 'bash_task_0', 'manual__2025-01-21T03:41:56.327499+00:00', '--job-id', '3', '--raw', '--subdir', 'DAGS_FOLDER/two_task_dag.py', '--cfg-path', '/tmp/tmp04bvd4a7']
[2025-01-21T03:41:58.653+0000] {standard_task_runner.py:105} INFO - Job 3: Subtask bash_task_0
[2025-01-21T03:41:58.677+0000] {task_command.py:467} INFO - Running <TaskInstance: two_task_dag.bash_task_0 manual__2025-01-21T03:41:56.327499+00:00 [running]> on host codespaces-abc8f7
[2025-01-21T03:41:58.718+0000] {taskinstance.py:3132} INFO - Exporting env vars: AIRFLOW_CTX_DAG_OWNER='Shanique' AIRFLOW_CTX_DAG_ID='two_task_dag' AIRFLOW_CTX_TASK_ID='bash_task_0' AIRFLOW_CTX_EXECUTION_DATE='2025-01-21T03:41:56.327499+00:00' AIRFLOW_CTX_TRY_NUMBER='1' AIRFLOW_CTX_DAG_RUN_ID='manual__2025-01-21T03:41:56.327499+00:00'
[2025-01-21T03:41:58.718+0000] {taskinstance.py:731} INFO - ::endgroup::
[2025-01-21T03:41:58.729+0000] {subprocess.py:78} INFO - Tmp dir root location: /tmp
[2025-01-21T03:41:58.729+0000] {subprocess.py:88} INFO - Running command: ['/usr/bin/bash', '-c', 'echo "First Airflow task!"']
[2025-01-21T03:41:58.735+0000] {subprocess.py:99} INFO - Output:
[2025-01-21T03:41:58.736+0000] {subprocess.py:106} INFO - First Airflow task!
[2025-01-21T03:41:58.736+0000] {subprocess.py:110} INFO - Command exited with return code 0
[2025-01-21T03:41:58.749+0000] {taskinstance.py:340} INFO - ::group::Post task execution logs
[2025-01-21T03:41:58.749+0000] {taskinstance.py:352} INFO - Marking task as SUCCESS. dag_id=two_task_dag, task_id=bash_task_0, run_id=manual__2025-01-21T03:41:56.327499+00:00, execution_date=20250121T034156, start_date=20250121T034158, end_date=20250121T034158
[2025-01-21T03:41:58.784+0000] {local_task_job_runner.py:266} INFO - Task exited with return code 0
[2025-01-21T03:41:58.795+0000] {taskinstance.py:3895} INFO - 1 downstream tasks scheduled from follow-on schedule check
[2025-01-21T03:41:58.798+0000] {local_task_job_runner.py:245} INFO - ::endgroup::
