[2025-01-21T03:42:00.274+0000] {local_task_job_runner.py:123} INFO - ::group::Pre task execution logs
[2025-01-21T03:42:00.282+0000] {taskinstance.py:2613} INFO - Dependencies all met for dep_context=non-requeueable deps ti=<TaskInstance: two_task_dag.bash_task_1 manual__2025-01-21T03:41:56.327499+00:00 [queued]>
[2025-01-21T03:42:00.286+0000] {taskinstance.py:2613} INFO - Dependencies all met for dep_context=requeueable deps ti=<TaskInstance: two_task_dag.bash_task_1 manual__2025-01-21T03:41:56.327499+00:00 [queued]>
[2025-01-21T03:42:00.286+0000] {taskinstance.py:2866} INFO - Starting attempt 1 of 1
[2025-01-21T03:42:00.296+0000] {taskinstance.py:2889} INFO - Executing <Task(BashOperator): bash_task_1> on 2025-01-21 03:41:56.327499+00:00
[2025-01-21T03:42:00.298+0000] {standard_task_runner.py:72} INFO - Started process 13240 to run task
[2025-01-21T03:42:00.301+0000] {standard_task_runner.py:104} INFO - Running: ['airflow', 'tasks', 'run', 'two_task_dag', 'bash_task_1', 'manual__2025-01-21T03:41:56.327499+00:00', '--job-id', '4', '--raw', '--subdir', 'DAGS_FOLDER/two_task_dag.py', '--cfg-path', '/tmp/tmpp2vxrgsd']
[2025-01-21T03:42:00.302+0000] {standard_task_runner.py:105} INFO - Job 4: Subtask bash_task_1
[2025-01-21T03:42:00.325+0000] {task_command.py:467} INFO - Running <TaskInstance: two_task_dag.bash_task_1 manual__2025-01-21T03:41:56.327499+00:00 [running]> on host codespaces-abc8f7
[2025-01-21T03:42:00.365+0000] {taskinstance.py:3132} INFO - Exporting env vars: AIRFLOW_CTX_DAG_OWNER='Shanique' AIRFLOW_CTX_DAG_ID='two_task_dag' AIRFLOW_CTX_TASK_ID='bash_task_1' AIRFLOW_CTX_EXECUTION_DATE='2025-01-21T03:41:56.327499+00:00' AIRFLOW_CTX_TRY_NUMBER='1' AIRFLOW_CTX_DAG_RUN_ID='manual__2025-01-21T03:41:56.327499+00:00'
[2025-01-21T03:42:00.365+0000] {taskinstance.py:731} INFO - ::endgroup::
[2025-01-21T03:42:00.376+0000] {subprocess.py:78} INFO - Tmp dir root location: /tmp
[2025-01-21T03:42:00.376+0000] {subprocess.py:88} INFO - Running command: ['/usr/bin/bash', '-c', 'echo "Sleeping..." && sleep 5s && echo "Second Airflow task!"']
[2025-01-21T03:42:00.382+0000] {subprocess.py:99} INFO - Output:
[2025-01-21T03:42:00.383+0000] {subprocess.py:106} INFO - Sleeping...
[2025-01-21T03:42:05.385+0000] {subprocess.py:106} INFO - Second Airflow task!
[2025-01-21T03:42:05.385+0000] {subprocess.py:110} INFO - Command exited with return code 0
[2025-01-21T03:42:05.398+0000] {taskinstance.py:340} INFO - ::group::Post task execution logs
[2025-01-21T03:42:05.398+0000] {taskinstance.py:352} INFO - Marking task as SUCCESS. dag_id=two_task_dag, task_id=bash_task_1, run_id=manual__2025-01-21T03:41:56.327499+00:00, execution_date=20250121T034156, start_date=20250121T034200, end_date=20250121T034205
[2025-01-21T03:42:05.430+0000] {local_task_job_runner.py:266} INFO - Task exited with return code 0
[2025-01-21T03:42:05.436+0000] {taskinstance.py:3895} INFO - 0 downstream tasks scheduled from follow-on schedule check
[2025-01-21T03:42:05.437+0000] {local_task_job_runner.py:245} INFO - ::endgroup::
