2025-01-19 04:27:10,441 INFO - Loaded executor: SequentialExecutor
2025-01-19 04:27:10,476 INFO - Starting the scheduler
2025-01-19 04:27:10,477 INFO - Processing each file at most -1 times
2025-01-19 04:27:10,509 INFO - Launched DagFileProcessorManager with pid: 6641
2025-01-19 04:27:10,511 INFO - Adopting or resetting orphaned tasks for active dag runs
2025-01-19 04:27:10,519 INFO - Configured default timezone UTC
2025-01-19 04:29:16,244 INFO - Exiting gracefully upon receiving signal 15
2025-01-19 04:29:17,248 INFO - Sending Signals.SIGTERM to group 6641. PIDs of all processes in the group: [6641]
2025-01-19 04:29:17,249 INFO - Sending the signal Signals.SIGTERM to group 6641
2025-01-19 04:29:17,427 INFO - Process psutil.Process(pid=6641, status='terminated', exitcode=0, started='04:27:09') (6641) terminated with exit code 0
2025-01-19 04:29:17,429 INFO - Sending Signals.SIGTERM to group 6641. PIDs of all processes in the group: []
2025-01-19 04:29:17,429 INFO - Sending the signal Signals.SIGTERM to group 6641
2025-01-19 04:29:17,430 INFO - Sending the signal Signals.SIGTERM to process 6641 as process group is missing.
2025-01-19 04:29:17,430 INFO - Exited execute loop
2025-01-19 04:45:23,829 INFO - Loaded executor: SequentialExecutor
2025-01-19 04:45:23,870 INFO - Starting the scheduler
2025-01-19 04:45:23,873 INFO - Processing each file at most -1 times
2025-01-19 04:45:23,884 INFO - Launched DagFileProcessorManager with pid: 15490
2025-01-19 04:45:23,886 INFO - Adopting or resetting orphaned tasks for active dag runs
2025-01-19 04:45:23,889 INFO - Configured default timezone UTC
2025-01-19 04:50:23,936 INFO - Adopting or resetting orphaned tasks for active dag runs
2025-01-19 04:55:24,076 INFO - Adopting or resetting orphaned tasks for active dag runs
2025-01-19 05:00:24,108 INFO - Adopting or resetting orphaned tasks for active dag runs
2025-01-19 05:05:24,137 INFO - Adopting or resetting orphaned tasks for active dag runs
2025-01-19 05:10:24,166 INFO - Adopting or resetting orphaned tasks for active dag runs
2025-01-19 05:15:24,193 INFO - Adopting or resetting orphaned tasks for active dag runs
2025-01-19 05:16:23,262 INFO - 1 tasks up for execution:
	<TaskInstance: one_task_dag.one_task manual__2025-01-19T05:16:22.234345+00:00 [scheduled]>
2025-01-19 05:16:23,263 INFO - DAG one_task_dag has 0/16 running and queued tasks
2025-01-19 05:16:23,263 INFO - Setting the following tasks to queued state:
	<TaskInstance: one_task_dag.one_task manual__2025-01-19T05:16:22.234345+00:00 [scheduled]>
2025-01-19 05:16:23,266 INFO - Trying to enqueue tasks: [<TaskInstance: one_task_dag.one_task manual__2025-01-19T05:16:22.234345+00:00 [scheduled]>] for executor: SequentialExecutor(parallelism=32)
2025-01-19 05:16:23,266 INFO - Sending TaskInstanceKey(dag_id='one_task_dag', task_id='one_task', run_id='manual__2025-01-19T05:16:22.234345+00:00', try_number=1, map_index=-1) to SequentialExecutor with priority 1 and queue default
2025-01-19 05:16:23,267 INFO - Adding to queue: ['airflow', 'tasks', 'run', 'one_task_dag', 'one_task', 'manual__2025-01-19T05:16:22.234345+00:00', '--local', '--subdir', 'DAGS_FOLDER/one_task_dag.py']
2025-01-19 05:16:23,270 INFO - Executing command: ['airflow', 'tasks', 'run', 'one_task_dag', 'one_task', 'manual__2025-01-19T05:16:22.234345+00:00', '--local', '--subdir', 'DAGS_FOLDER/one_task_dag.py']
2025-01-19 05:16:24,932 INFO - Received executor event with state success for task instance TaskInstanceKey(dag_id='one_task_dag', task_id='one_task', run_id='manual__2025-01-19T05:16:22.234345+00:00', try_number=1, map_index=-1)
2025-01-19 05:16:24,938 INFO - TaskInstance Finished: dag_id=one_task_dag, task_id=one_task, run_id=manual__2025-01-19T05:16:22.234345+00:00, map_index=-1, run_start_date=2025-01-19 05:16:24.579755+00:00, run_end_date=2025-01-19 05:16:24.703890+00:00, run_duration=0.124135, state=failed, executor=SequentialExecutor(parallelism=32), executor_state=success, try_number=1, max_tries=0, job_id=3, pool=default_pool, queue=default, priority_weight=1, operator=BashOperator, queued_dttm=2025-01-19 05:16:23.264224+00:00, queued_by_job_id=2, pid=32803
2025-01-19 05:16:24,963 ERROR - Marking run <DagRun one_task_dag @ 2025-01-19 05:16:22.234345+00:00: manual__2025-01-19T05:16:22.234345+00:00, state:running, queued_at: 2025-01-19 05:16:22.262201+00:00. externally triggered: True> failed
2025-01-19 05:16:24,964 INFO - DagRun Finished: dag_id=one_task_dag, execution_date=2025-01-19 05:16:22.234345+00:00, run_id=manual__2025-01-19T05:16:22.234345+00:00, run_start_date=2025-01-19 05:16:23.234061+00:00, run_end_date=2025-01-19 05:16:24.964455+00:00, run_duration=1.730394, state=failed, external_trigger=True, run_type=manual, data_interval_start=2025-01-19 05:16:22.234345+00:00, data_interval_end=2025-01-19 05:16:22.234345+00:00, dag_hash=133c95414e408b91b96c19c5ee2facbc
2025-01-19 05:17:48,934 INFO - 1 tasks up for execution:
	<TaskInstance: one_task_dag.one_task manual__2025-01-19T05:17:47.606795+00:00 [scheduled]>
2025-01-19 05:17:48,935 INFO - DAG one_task_dag has 0/16 running and queued tasks
2025-01-19 05:17:48,935 INFO - Setting the following tasks to queued state:
	<TaskInstance: one_task_dag.one_task manual__2025-01-19T05:17:47.606795+00:00 [scheduled]>
2025-01-19 05:17:48,938 INFO - Trying to enqueue tasks: [<TaskInstance: one_task_dag.one_task manual__2025-01-19T05:17:47.606795+00:00 [scheduled]>] for executor: SequentialExecutor(parallelism=32)
2025-01-19 05:17:48,938 INFO - Sending TaskInstanceKey(dag_id='one_task_dag', task_id='one_task', run_id='manual__2025-01-19T05:17:47.606795+00:00', try_number=1, map_index=-1) to SequentialExecutor with priority 1 and queue default
2025-01-19 05:17:48,939 INFO - Adding to queue: ['airflow', 'tasks', 'run', 'one_task_dag', 'one_task', 'manual__2025-01-19T05:17:47.606795+00:00', '--local', '--subdir', 'DAGS_FOLDER/one_task_dag.py']
2025-01-19 05:17:48,942 INFO - Executing command: ['airflow', 'tasks', 'run', 'one_task_dag', 'one_task', 'manual__2025-01-19T05:17:47.606795+00:00', '--local', '--subdir', 'DAGS_FOLDER/one_task_dag.py']
2025-01-19 05:17:50,680 INFO - Received executor event with state success for task instance TaskInstanceKey(dag_id='one_task_dag', task_id='one_task', run_id='manual__2025-01-19T05:17:47.606795+00:00', try_number=1, map_index=-1)
2025-01-19 05:17:50,684 INFO - TaskInstance Finished: dag_id=one_task_dag, task_id=one_task, run_id=manual__2025-01-19T05:17:47.606795+00:00, map_index=-1, run_start_date=2025-01-19 05:17:50.325468+00:00, run_end_date=2025-01-19 05:17:50.446058+00:00, run_duration=0.12059, state=failed, executor=SequentialExecutor(parallelism=32), executor_state=success, try_number=1, max_tries=0, job_id=4, pool=default_pool, queue=default, priority_weight=1, operator=BashOperator, queued_dttm=2025-01-19 05:17:48.936360+00:00, queued_by_job_id=2, pid=33657
2025-01-19 05:17:50,720 ERROR - Marking run <DagRun one_task_dag @ 2025-01-19 05:17:47.606795+00:00: manual__2025-01-19T05:17:47.606795+00:00, state:running, queued_at: 2025-01-19 05:17:47.617567+00:00. externally triggered: True> failed
2025-01-19 05:17:50,720 INFO - DagRun Finished: dag_id=one_task_dag, execution_date=2025-01-19 05:17:47.606795+00:00, run_id=manual__2025-01-19T05:17:47.606795+00:00, run_start_date=2025-01-19 05:17:48.913619+00:00, run_end_date=2025-01-19 05:17:50.720453+00:00, run_duration=1.806834, state=failed, external_trigger=True, run_type=manual, data_interval_start=2025-01-19 05:17:47.606795+00:00, data_interval_end=2025-01-19 05:17:47.606795+00:00, dag_hash=2643e52271eca25c8ee68387a9166757
2025-01-19 05:20:24,222 INFO - Adopting or resetting orphaned tasks for active dag runs
2025-01-19 05:23:59,261 INFO - Exiting gracefully upon receiving signal 15
2025-01-19 05:24:00,265 INFO - Sending Signals.SIGTERM to group 15490. PIDs of all processes in the group: [15490]
2025-01-19 05:24:00,266 INFO - Sending the signal Signals.SIGTERM to group 15490
2025-01-19 05:24:00,451 INFO - Process psutil.Process(pid=15490, status='terminated', exitcode=0, started='04:45:23') (15490) terminated with exit code 0
2025-01-19 05:24:00,453 INFO - Sending Signals.SIGTERM to group 15490. PIDs of all processes in the group: []
2025-01-19 05:24:00,454 INFO - Sending the signal Signals.SIGTERM to group 15490
2025-01-19 05:24:00,454 INFO - Sending the signal Signals.SIGTERM to process 15490 as process group is missing.
2025-01-19 05:24:00,454 INFO - Exited execute loop
2025-01-19 05:24:28,295 INFO - Loaded executor: SequentialExecutor
2025-01-19 05:24:28,341 INFO - Starting the scheduler
2025-01-19 05:24:28,343 INFO - Processing each file at most -1 times
2025-01-19 05:24:28,358 INFO - Launched DagFileProcessorManager with pid: 37297
2025-01-19 05:24:28,361 INFO - Adopting or resetting orphaned tasks for active dag runs
2025-01-19 05:24:28,381 INFO - Configured default timezone UTC
2025-01-19 05:24:38,437 INFO - 1 tasks up for execution:
	<TaskInstance: one_task_dag.one_task manual__2025-01-19T05:24:37.176950+00:00 [scheduled]>
2025-01-19 05:24:38,437 INFO - DAG one_task_dag has 0/16 running and queued tasks
2025-01-19 05:24:38,438 INFO - Setting the following tasks to queued state:
	<TaskInstance: one_task_dag.one_task manual__2025-01-19T05:24:37.176950+00:00 [scheduled]>
2025-01-19 05:24:38,439 INFO - Trying to enqueue tasks: [<TaskInstance: one_task_dag.one_task manual__2025-01-19T05:24:37.176950+00:00 [scheduled]>] for executor: SequentialExecutor(parallelism=32)
2025-01-19 05:24:38,440 INFO - Sending TaskInstanceKey(dag_id='one_task_dag', task_id='one_task', run_id='manual__2025-01-19T05:24:37.176950+00:00', try_number=1, map_index=-1) to SequentialExecutor with priority 1 and queue default
2025-01-19 05:24:38,440 INFO - Adding to queue: ['airflow', 'tasks', 'run', 'one_task_dag', 'one_task', 'manual__2025-01-19T05:24:37.176950+00:00', '--local', '--subdir', 'DAGS_FOLDER/one_task_dag.py']
2025-01-19 05:24:38,444 INFO - Executing command: ['airflow', 'tasks', 'run', 'one_task_dag', 'one_task', 'manual__2025-01-19T05:24:37.176950+00:00', '--local', '--subdir', 'DAGS_FOLDER/one_task_dag.py']
2025-01-19 05:24:40,285 INFO - Received executor event with state success for task instance TaskInstanceKey(dag_id='one_task_dag', task_id='one_task', run_id='manual__2025-01-19T05:24:37.176950+00:00', try_number=1, map_index=-1)
2025-01-19 05:24:40,291 INFO - TaskInstance Finished: dag_id=one_task_dag, task_id=one_task, run_id=manual__2025-01-19T05:24:37.176950+00:00, map_index=-1, run_start_date=2025-01-19 05:24:39.866659+00:00, run_end_date=2025-01-19 05:24:40.003980+00:00, run_duration=0.137321, state=success, executor=SequentialExecutor(parallelism=32), executor_state=success, try_number=1, max_tries=0, job_id=6, pool=default_pool, queue=default, priority_weight=1, operator=BashOperator, queued_dttm=2025-01-19 05:24:38.438671+00:00, queued_by_job_id=5, pid=37387
2025-01-19 05:24:40,329 INFO - Marking run <DagRun one_task_dag @ 2025-01-19 05:24:37.176950+00:00: manual__2025-01-19T05:24:37.176950+00:00, state:running, queued_at: 2025-01-19 05:24:37.192905+00:00. externally triggered: True> successful
2025-01-19 05:24:40,330 INFO - DagRun Finished: dag_id=one_task_dag, execution_date=2025-01-19 05:24:37.176950+00:00, run_id=manual__2025-01-19T05:24:37.176950+00:00, run_start_date=2025-01-19 05:24:38.409034+00:00, run_end_date=2025-01-19 05:24:40.330271+00:00, run_duration=1.921237, state=success, external_trigger=True, run_type=manual, data_interval_start=2025-01-19 05:24:37.176950+00:00, data_interval_end=2025-01-19 05:24:37.176950+00:00, dag_hash=3a93d67c094727453f1022385c26b178
2025-01-19 05:29:28,403 INFO - Adopting or resetting orphaned tasks for active dag runs
2025-01-19 05:34:28,434 INFO - Adopting or resetting orphaned tasks for active dag runs
2025-01-19 05:39:28,464 INFO - Adopting or resetting orphaned tasks for active dag runs
2025-01-19 05:44:28,494 INFO - Adopting or resetting orphaned tasks for active dag runs
2025-01-19 05:49:28,526 INFO - Adopting or resetting orphaned tasks for active dag runs
2025-01-19 05:54:28,558 INFO - Adopting or resetting orphaned tasks for active dag runs
