[2025-08-12T15:37:19.473+0000] {processor.py:157} INFO - Started process (PID=18090) to work on /home/vscode/.local/lib/python3.10/site-packages/airflow/example_dags/example_branch_labels.py
[2025-08-12T15:37:19.474+0000] {processor.py:826} INFO - Processing file /home/vscode/.local/lib/python3.10/site-packages/airflow/example_dags/example_branch_labels.py for tasks to queue
[2025-08-12T15:37:19.474+0000] {logging_mixin.py:150} INFO - [2025-08-12T15:37:19.474+0000] {dagbag.py:541} INFO - Filling up the DagBag from /home/vscode/.local/lib/python3.10/site-packages/airflow/example_dags/example_branch_labels.py
[2025-08-12T15:37:19.480+0000] {processor.py:836} INFO - DAG(s) dict_keys(['example_branch_labels']) retrieved from /home/vscode/.local/lib/python3.10/site-packages/airflow/example_dags/example_branch_labels.py
[2025-08-12T15:37:19.558+0000] {logging_mixin.py:150} INFO - [2025-08-12T15:37:19.558+0000] {manager.py:504} INFO - Created Permission View: can edit on DAG:example_branch_labels
[2025-08-12T15:37:19.567+0000] {logging_mixin.py:150} INFO - [2025-08-12T15:37:19.567+0000] {manager.py:504} INFO - Created Permission View: can read on DAG:example_branch_labels
[2025-08-12T15:37:19.574+0000] {logging_mixin.py:150} INFO - [2025-08-12T15:37:19.574+0000] {manager.py:504} INFO - Created Permission View: can delete on DAG:example_branch_labels
[2025-08-12T15:37:19.582+0000] {logging_mixin.py:150} INFO - [2025-08-12T15:37:19.582+0000] {dag.py:2742} INFO - Sync 1 DAGs
[2025-08-12T15:37:19.589+0000] {logging_mixin.py:150} INFO - [2025-08-12T15:37:19.588+0000] {dag.py:2763} INFO - Creating ORM DAG for example_branch_labels
[2025-08-12T15:37:19.598+0000] {logging_mixin.py:150} INFO - [2025-08-12T15:37:19.597+0000] {dag.py:3504} INFO - Setting next_dagrun for example_branch_labels to 2025-08-11T00:00:00+00:00, run_after=2025-08-12T00:00:00+00:00
[2025-08-12T15:37:19.615+0000] {processor.py:179} INFO - Processing /home/vscode/.local/lib/python3.10/site-packages/airflow/example_dags/example_branch_labels.py took 0.144 seconds
[2025-08-12T15:38:09.848+0000] {processor.py:157} INFO - Started process (PID=18495) to work on /home/vscode/.local/lib/python3.10/site-packages/airflow/example_dags/example_branch_labels.py
[2025-08-12T15:38:09.849+0000] {processor.py:826} INFO - Processing file /home/vscode/.local/lib/python3.10/site-packages/airflow/example_dags/example_branch_labels.py for tasks to queue
[2025-08-12T15:38:09.849+0000] {logging_mixin.py:150} INFO - [2025-08-12T15:38:09.849+0000] {dagbag.py:541} INFO - Filling up the DagBag from /home/vscode/.local/lib/python3.10/site-packages/airflow/example_dags/example_branch_labels.py
[2025-08-12T15:38:09.855+0000] {processor.py:836} INFO - DAG(s) dict_keys(['example_branch_labels']) retrieved from /home/vscode/.local/lib/python3.10/site-packages/airflow/example_dags/example_branch_labels.py
[2025-08-12T15:38:09.868+0000] {logging_mixin.py:150} INFO - [2025-08-12T15:38:09.867+0000] {dag.py:2742} INFO - Sync 1 DAGs
[2025-08-12T15:38:09.883+0000] {logging_mixin.py:150} INFO - [2025-08-12T15:38:09.883+0000] {dag.py:3504} INFO - Setting next_dagrun for example_branch_labels to 2025-08-11T00:00:00+00:00, run_after=2025-08-12T00:00:00+00:00
[2025-08-12T15:38:09.898+0000] {processor.py:179} INFO - Processing /home/vscode/.local/lib/python3.10/site-packages/airflow/example_dags/example_branch_labels.py took 0.051 seconds
[2025-08-12T15:39:00.113+0000] {processor.py:157} INFO - Started process (PID=18912) to work on /home/vscode/.local/lib/python3.10/site-packages/airflow/example_dags/example_branch_labels.py
[2025-08-12T15:39:00.113+0000] {processor.py:826} INFO - Processing file /home/vscode/.local/lib/python3.10/site-packages/airflow/example_dags/example_branch_labels.py for tasks to queue
[2025-08-12T15:39:00.114+0000] {logging_mixin.py:150} INFO - [2025-08-12T15:39:00.114+0000] {dagbag.py:541} INFO - Filling up the DagBag from /home/vscode/.local/lib/python3.10/site-packages/airflow/example_dags/example_branch_labels.py
[2025-08-12T15:39:00.121+0000] {processor.py:836} INFO - DAG(s) dict_keys(['example_branch_labels']) retrieved from /home/vscode/.local/lib/python3.10/site-packages/airflow/example_dags/example_branch_labels.py
[2025-08-12T15:39:00.140+0000] {logging_mixin.py:150} INFO - [2025-08-12T15:39:00.140+0000] {dag.py:2742} INFO - Sync 1 DAGs
[2025-08-12T15:39:00.155+0000] {logging_mixin.py:150} INFO - [2025-08-12T15:39:00.155+0000] {dag.py:3504} INFO - Setting next_dagrun for example_branch_labels to 2025-08-11T00:00:00+00:00, run_after=2025-08-12T00:00:00+00:00
[2025-08-12T15:39:00.170+0000] {processor.py:179} INFO - Processing /home/vscode/.local/lib/python3.10/site-packages/airflow/example_dags/example_branch_labels.py took 0.060 seconds
[2025-08-12T15:39:42.374+0000] {processor.py:157} INFO - Started process (PID=19196) to work on /home/vscode/.local/lib/python3.10/site-packages/airflow/example_dags/example_branch_labels.py
[2025-08-12T15:39:42.375+0000] {processor.py:826} INFO - Processing file /home/vscode/.local/lib/python3.10/site-packages/airflow/example_dags/example_branch_labels.py for tasks to queue
[2025-08-12T15:39:42.376+0000] {logging_mixin.py:150} INFO - [2025-08-12T15:39:42.375+0000] {dagbag.py:541} INFO - Filling up the DagBag from /home/vscode/.local/lib/python3.10/site-packages/airflow/example_dags/example_branch_labels.py
[2025-08-12T15:39:42.381+0000] {processor.py:836} INFO - DAG(s) dict_keys(['example_branch_labels']) retrieved from /home/vscode/.local/lib/python3.10/site-packages/airflow/example_dags/example_branch_labels.py
[2025-08-12T15:39:42.395+0000] {logging_mixin.py:150} INFO - [2025-08-12T15:39:42.395+0000] {dag.py:2742} INFO - Sync 1 DAGs
[2025-08-12T15:39:42.411+0000] {logging_mixin.py:150} INFO - [2025-08-12T15:39:42.410+0000] {dag.py:3504} INFO - Setting next_dagrun for example_branch_labels to 2025-08-11T00:00:00+00:00, run_after=2025-08-12T00:00:00+00:00
[2025-08-12T15:39:42.426+0000] {processor.py:179} INFO - Processing /home/vscode/.local/lib/python3.10/site-packages/airflow/example_dags/example_branch_labels.py took 0.054 seconds
[2025-08-12T15:40:29.070+0000] {processor.py:157} INFO - Started process (PID=19512) to work on /home/vscode/.local/lib/python3.10/site-packages/airflow/example_dags/example_branch_labels.py
[2025-08-12T15:40:29.070+0000] {processor.py:826} INFO - Processing file /home/vscode/.local/lib/python3.10/site-packages/airflow/example_dags/example_branch_labels.py for tasks to queue
[2025-08-12T15:40:29.071+0000] {logging_mixin.py:150} INFO - [2025-08-12T15:40:29.070+0000] {dagbag.py:541} INFO - Filling up the DagBag from /home/vscode/.local/lib/python3.10/site-packages/airflow/example_dags/example_branch_labels.py
[2025-08-12T15:40:29.076+0000] {processor.py:836} INFO - DAG(s) dict_keys(['example_branch_labels']) retrieved from /home/vscode/.local/lib/python3.10/site-packages/airflow/example_dags/example_branch_labels.py
[2025-08-12T15:40:29.089+0000] {logging_mixin.py:150} INFO - [2025-08-12T15:40:29.089+0000] {dag.py:2742} INFO - Sync 1 DAGs
[2025-08-12T15:40:29.104+0000] {logging_mixin.py:150} INFO - [2025-08-12T15:40:29.104+0000] {dag.py:3504} INFO - Setting next_dagrun for example_branch_labels to 2025-08-11T00:00:00+00:00, run_after=2025-08-12T00:00:00+00:00
[2025-08-12T15:40:29.121+0000] {processor.py:179} INFO - Processing /home/vscode/.local/lib/python3.10/site-packages/airflow/example_dags/example_branch_labels.py took 0.053 seconds
[2025-08-12T15:41:12.072+0000] {processor.py:157} INFO - Started process (PID=19797) to work on /home/vscode/.local/lib/python3.10/site-packages/airflow/example_dags/example_branch_labels.py
[2025-08-12T15:41:12.072+0000] {processor.py:826} INFO - Processing file /home/vscode/.local/lib/python3.10/site-packages/airflow/example_dags/example_branch_labels.py for tasks to queue
[2025-08-12T15:41:12.073+0000] {logging_mixin.py:150} INFO - [2025-08-12T15:41:12.073+0000] {dagbag.py:541} INFO - Filling up the DagBag from /home/vscode/.local/lib/python3.10/site-packages/airflow/example_dags/example_branch_labels.py
[2025-08-12T15:41:12.078+0000] {processor.py:836} INFO - DAG(s) dict_keys(['example_branch_labels']) retrieved from /home/vscode/.local/lib/python3.10/site-packages/airflow/example_dags/example_branch_labels.py
[2025-08-12T15:41:12.091+0000] {logging_mixin.py:150} INFO - [2025-08-12T15:41:12.091+0000] {dag.py:2742} INFO - Sync 1 DAGs
[2025-08-12T15:41:12.105+0000] {logging_mixin.py:150} INFO - [2025-08-12T15:41:12.105+0000] {dag.py:3504} INFO - Setting next_dagrun for example_branch_labels to 2025-08-11T00:00:00+00:00, run_after=2025-08-12T00:00:00+00:00
[2025-08-12T15:41:12.120+0000] {processor.py:179} INFO - Processing /home/vscode/.local/lib/python3.10/site-packages/airflow/example_dags/example_branch_labels.py took 0.050 seconds
[2025-08-12T15:41:57.304+0000] {processor.py:157} INFO - Started process (PID=20098) to work on /home/vscode/.local/lib/python3.10/site-packages/airflow/example_dags/example_branch_labels.py
[2025-08-12T15:41:57.304+0000] {processor.py:826} INFO - Processing file /home/vscode/.local/lib/python3.10/site-packages/airflow/example_dags/example_branch_labels.py for tasks to queue
[2025-08-12T15:41:57.305+0000] {logging_mixin.py:150} INFO - [2025-08-12T15:41:57.305+0000] {dagbag.py:541} INFO - Filling up the DagBag from /home/vscode/.local/lib/python3.10/site-packages/airflow/example_dags/example_branch_labels.py
[2025-08-12T15:41:57.311+0000] {processor.py:836} INFO - DAG(s) dict_keys(['example_branch_labels']) retrieved from /home/vscode/.local/lib/python3.10/site-packages/airflow/example_dags/example_branch_labels.py
[2025-08-12T15:41:57.324+0000] {logging_mixin.py:150} INFO - [2025-08-12T15:41:57.323+0000] {dag.py:2742} INFO - Sync 1 DAGs
[2025-08-12T15:41:57.339+0000] {logging_mixin.py:150} INFO - [2025-08-12T15:41:57.338+0000] {dag.py:3504} INFO - Setting next_dagrun for example_branch_labels to 2025-08-11T00:00:00+00:00, run_after=2025-08-12T00:00:00+00:00
[2025-08-12T15:41:57.354+0000] {processor.py:179} INFO - Processing /home/vscode/.local/lib/python3.10/site-packages/airflow/example_dags/example_branch_labels.py took 0.052 seconds
[2025-08-12T15:42:42.111+0000] {processor.py:157} INFO - Started process (PID=20396) to work on /home/vscode/.local/lib/python3.10/site-packages/airflow/example_dags/example_branch_labels.py
[2025-08-12T15:42:42.111+0000] {processor.py:826} INFO - Processing file /home/vscode/.local/lib/python3.10/site-packages/airflow/example_dags/example_branch_labels.py for tasks to queue
[2025-08-12T15:42:42.112+0000] {logging_mixin.py:150} INFO - [2025-08-12T15:42:42.112+0000] {dagbag.py:541} INFO - Filling up the DagBag from /home/vscode/.local/lib/python3.10/site-packages/airflow/example_dags/example_branch_labels.py
[2025-08-12T15:42:42.118+0000] {processor.py:836} INFO - DAG(s) dict_keys(['example_branch_labels']) retrieved from /home/vscode/.local/lib/python3.10/site-packages/airflow/example_dags/example_branch_labels.py
[2025-08-12T15:42:42.131+0000] {logging_mixin.py:150} INFO - [2025-08-12T15:42:42.130+0000] {dag.py:2742} INFO - Sync 1 DAGs
[2025-08-12T15:42:42.145+0000] {logging_mixin.py:150} INFO - [2025-08-12T15:42:42.145+0000] {dag.py:3504} INFO - Setting next_dagrun for example_branch_labels to 2025-08-11T00:00:00+00:00, run_after=2025-08-12T00:00:00+00:00
[2025-08-12T15:42:42.160+0000] {processor.py:179} INFO - Processing /home/vscode/.local/lib/python3.10/site-packages/airflow/example_dags/example_branch_labels.py took 0.052 seconds
[2025-08-12T15:43:38.653+0000] {processor.py:157} INFO - Started process (PID=20778) to work on /home/vscode/.local/lib/python3.10/site-packages/airflow/example_dags/example_branch_labels.py
[2025-08-12T15:43:38.654+0000] {processor.py:826} INFO - Processing file /home/vscode/.local/lib/python3.10/site-packages/airflow/example_dags/example_branch_labels.py for tasks to queue
[2025-08-12T15:43:38.654+0000] {logging_mixin.py:150} INFO - [2025-08-12T15:43:38.654+0000] {dagbag.py:541} INFO - Filling up the DagBag from /home/vscode/.local/lib/python3.10/site-packages/airflow/example_dags/example_branch_labels.py
[2025-08-12T15:43:38.660+0000] {processor.py:836} INFO - DAG(s) dict_keys(['example_branch_labels']) retrieved from /home/vscode/.local/lib/python3.10/site-packages/airflow/example_dags/example_branch_labels.py
[2025-08-12T15:43:38.673+0000] {logging_mixin.py:150} INFO - [2025-08-12T15:43:38.673+0000] {dag.py:2742} INFO - Sync 1 DAGs
[2025-08-12T15:43:38.688+0000] {logging_mixin.py:150} INFO - [2025-08-12T15:43:38.688+0000] {dag.py:3504} INFO - Setting next_dagrun for example_branch_labels to 2025-08-11T00:00:00+00:00, run_after=2025-08-12T00:00:00+00:00
[2025-08-12T15:43:38.704+0000] {processor.py:179} INFO - Processing /home/vscode/.local/lib/python3.10/site-packages/airflow/example_dags/example_branch_labels.py took 0.053 seconds
[2025-08-12T15:44:23.133+0000] {processor.py:157} INFO - Started process (PID=21066) to work on /home/vscode/.local/lib/python3.10/site-packages/airflow/example_dags/example_branch_labels.py
[2025-08-12T15:44:23.133+0000] {processor.py:826} INFO - Processing file /home/vscode/.local/lib/python3.10/site-packages/airflow/example_dags/example_branch_labels.py for tasks to queue
[2025-08-12T15:44:23.134+0000] {logging_mixin.py:150} INFO - [2025-08-12T15:44:23.134+0000] {dagbag.py:541} INFO - Filling up the DagBag from /home/vscode/.local/lib/python3.10/site-packages/airflow/example_dags/example_branch_labels.py
[2025-08-12T15:44:23.141+0000] {processor.py:836} INFO - DAG(s) dict_keys(['example_branch_labels']) retrieved from /home/vscode/.local/lib/python3.10/site-packages/airflow/example_dags/example_branch_labels.py
[2025-08-12T15:44:23.159+0000] {logging_mixin.py:150} INFO - [2025-08-12T15:44:23.159+0000] {dag.py:2742} INFO - Sync 1 DAGs
[2025-08-12T15:44:23.182+0000] {logging_mixin.py:150} INFO - [2025-08-12T15:44:23.182+0000] {dag.py:3504} INFO - Setting next_dagrun for example_branch_labels to 2025-08-11T00:00:00+00:00, run_after=2025-08-12T00:00:00+00:00
[2025-08-12T15:44:23.200+0000] {processor.py:179} INFO - Processing /home/vscode/.local/lib/python3.10/site-packages/airflow/example_dags/example_branch_labels.py took 0.070 seconds
[2025-08-12T15:45:05.835+0000] {processor.py:157} INFO - Started process (PID=21357) to work on /home/vscode/.local/lib/python3.10/site-packages/airflow/example_dags/example_branch_labels.py
[2025-08-12T15:45:05.836+0000] {processor.py:826} INFO - Processing file /home/vscode/.local/lib/python3.10/site-packages/airflow/example_dags/example_branch_labels.py for tasks to queue
[2025-08-12T15:45:05.836+0000] {logging_mixin.py:150} INFO - [2025-08-12T15:45:05.836+0000] {dagbag.py:541} INFO - Filling up the DagBag from /home/vscode/.local/lib/python3.10/site-packages/airflow/example_dags/example_branch_labels.py
[2025-08-12T15:45:05.842+0000] {processor.py:836} INFO - DAG(s) dict_keys(['example_branch_labels']) retrieved from /home/vscode/.local/lib/python3.10/site-packages/airflow/example_dags/example_branch_labels.py
[2025-08-12T15:45:05.855+0000] {logging_mixin.py:150} INFO - [2025-08-12T15:45:05.855+0000] {dag.py:2742} INFO - Sync 1 DAGs
[2025-08-12T15:45:05.870+0000] {logging_mixin.py:150} INFO - [2025-08-12T15:45:05.870+0000] {dag.py:3504} INFO - Setting next_dagrun for example_branch_labels to 2025-08-11T00:00:00+00:00, run_after=2025-08-12T00:00:00+00:00
[2025-08-12T15:45:05.886+0000] {processor.py:179} INFO - Processing /home/vscode/.local/lib/python3.10/site-packages/airflow/example_dags/example_branch_labels.py took 0.053 seconds
[2025-08-12T15:45:49.247+0000] {processor.py:157} INFO - Started process (PID=21650) to work on /home/vscode/.local/lib/python3.10/site-packages/airflow/example_dags/example_branch_labels.py
[2025-08-12T15:45:49.247+0000] {processor.py:826} INFO - Processing file /home/vscode/.local/lib/python3.10/site-packages/airflow/example_dags/example_branch_labels.py for tasks to queue
[2025-08-12T15:45:49.248+0000] {logging_mixin.py:150} INFO - [2025-08-12T15:45:49.248+0000] {dagbag.py:541} INFO - Filling up the DagBag from /home/vscode/.local/lib/python3.10/site-packages/airflow/example_dags/example_branch_labels.py
[2025-08-12T15:45:49.253+0000] {processor.py:836} INFO - DAG(s) dict_keys(['example_branch_labels']) retrieved from /home/vscode/.local/lib/python3.10/site-packages/airflow/example_dags/example_branch_labels.py
[2025-08-12T15:45:49.266+0000] {logging_mixin.py:150} INFO - [2025-08-12T15:45:49.266+0000] {dag.py:2742} INFO - Sync 1 DAGs
[2025-08-12T15:45:49.282+0000] {logging_mixin.py:150} INFO - [2025-08-12T15:45:49.281+0000] {dag.py:3504} INFO - Setting next_dagrun for example_branch_labels to 2025-08-11T00:00:00+00:00, run_after=2025-08-12T00:00:00+00:00
[2025-08-12T15:45:49.297+0000] {processor.py:179} INFO - Processing /home/vscode/.local/lib/python3.10/site-packages/airflow/example_dags/example_branch_labels.py took 0.052 seconds
[2025-08-12T15:46:33.905+0000] {processor.py:157} INFO - Started process (PID=21937) to work on /home/vscode/.local/lib/python3.10/site-packages/airflow/example_dags/example_branch_labels.py
[2025-08-12T15:46:33.906+0000] {processor.py:826} INFO - Processing file /home/vscode/.local/lib/python3.10/site-packages/airflow/example_dags/example_branch_labels.py for tasks to queue
[2025-08-12T15:46:33.906+0000] {logging_mixin.py:150} INFO - [2025-08-12T15:46:33.906+0000] {dagbag.py:541} INFO - Filling up the DagBag from /home/vscode/.local/lib/python3.10/site-packages/airflow/example_dags/example_branch_labels.py
[2025-08-12T15:46:33.912+0000] {processor.py:836} INFO - DAG(s) dict_keys(['example_branch_labels']) retrieved from /home/vscode/.local/lib/python3.10/site-packages/airflow/example_dags/example_branch_labels.py
[2025-08-12T15:46:33.926+0000] {logging_mixin.py:150} INFO - [2025-08-12T15:46:33.925+0000] {dag.py:2742} INFO - Sync 1 DAGs
[2025-08-12T15:46:33.941+0000] {logging_mixin.py:150} INFO - [2025-08-12T15:46:33.941+0000] {dag.py:3504} INFO - Setting next_dagrun for example_branch_labels to 2025-08-11T00:00:00+00:00, run_after=2025-08-12T00:00:00+00:00
[2025-08-12T15:46:33.956+0000] {processor.py:179} INFO - Processing /home/vscode/.local/lib/python3.10/site-packages/airflow/example_dags/example_branch_labels.py took 0.053 seconds
[2025-08-12T15:47:29.615+0000] {processor.py:157} INFO - Started process (PID=22309) to work on /home/vscode/.local/lib/python3.10/site-packages/airflow/example_dags/example_branch_labels.py
[2025-08-12T15:47:29.616+0000] {processor.py:826} INFO - Processing file /home/vscode/.local/lib/python3.10/site-packages/airflow/example_dags/example_branch_labels.py for tasks to queue
[2025-08-12T15:47:29.616+0000] {logging_mixin.py:150} INFO - [2025-08-12T15:47:29.616+0000] {dagbag.py:541} INFO - Filling up the DagBag from /home/vscode/.local/lib/python3.10/site-packages/airflow/example_dags/example_branch_labels.py
[2025-08-12T15:47:29.622+0000] {processor.py:836} INFO - DAG(s) dict_keys(['example_branch_labels']) retrieved from /home/vscode/.local/lib/python3.10/site-packages/airflow/example_dags/example_branch_labels.py
[2025-08-12T15:47:29.635+0000] {logging_mixin.py:150} INFO - [2025-08-12T15:47:29.635+0000] {dag.py:2742} INFO - Sync 1 DAGs
[2025-08-12T15:47:29.650+0000] {logging_mixin.py:150} INFO - [2025-08-12T15:47:29.650+0000] {dag.py:3504} INFO - Setting next_dagrun for example_branch_labels to 2025-08-11T00:00:00+00:00, run_after=2025-08-12T00:00:00+00:00
[2025-08-12T15:47:29.666+0000] {processor.py:179} INFO - Processing /home/vscode/.local/lib/python3.10/site-packages/airflow/example_dags/example_branch_labels.py took 0.053 seconds
[2025-08-12T15:48:21.029+0000] {processor.py:157} INFO - Started process (PID=22661) to work on /home/vscode/.local/lib/python3.10/site-packages/airflow/example_dags/example_branch_labels.py
[2025-08-12T15:48:21.030+0000] {processor.py:826} INFO - Processing file /home/vscode/.local/lib/python3.10/site-packages/airflow/example_dags/example_branch_labels.py for tasks to queue
[2025-08-12T15:48:21.030+0000] {logging_mixin.py:150} INFO - [2025-08-12T15:48:21.030+0000] {dagbag.py:541} INFO - Filling up the DagBag from /home/vscode/.local/lib/python3.10/site-packages/airflow/example_dags/example_branch_labels.py
[2025-08-12T15:48:21.036+0000] {processor.py:836} INFO - DAG(s) dict_keys(['example_branch_labels']) retrieved from /home/vscode/.local/lib/python3.10/site-packages/airflow/example_dags/example_branch_labels.py
[2025-08-12T15:48:21.049+0000] {logging_mixin.py:150} INFO - [2025-08-12T15:48:21.048+0000] {dag.py:2742} INFO - Sync 1 DAGs
[2025-08-12T15:48:21.064+0000] {logging_mixin.py:150} INFO - [2025-08-12T15:48:21.063+0000] {dag.py:3504} INFO - Setting next_dagrun for example_branch_labels to 2025-08-11T00:00:00+00:00, run_after=2025-08-12T00:00:00+00:00
[2025-08-12T15:48:21.080+0000] {processor.py:179} INFO - Processing /home/vscode/.local/lib/python3.10/site-packages/airflow/example_dags/example_branch_labels.py took 0.053 seconds
[2025-08-12T15:49:05.390+0000] {processor.py:157} INFO - Started process (PID=22973) to work on /home/vscode/.local/lib/python3.10/site-packages/airflow/example_dags/example_branch_labels.py
[2025-08-12T15:49:05.391+0000] {processor.py:826} INFO - Processing file /home/vscode/.local/lib/python3.10/site-packages/airflow/example_dags/example_branch_labels.py for tasks to queue
[2025-08-12T15:49:05.392+0000] {logging_mixin.py:150} INFO - [2025-08-12T15:49:05.391+0000] {dagbag.py:541} INFO - Filling up the DagBag from /home/vscode/.local/lib/python3.10/site-packages/airflow/example_dags/example_branch_labels.py
[2025-08-12T15:49:05.397+0000] {processor.py:836} INFO - DAG(s) dict_keys(['example_branch_labels']) retrieved from /home/vscode/.local/lib/python3.10/site-packages/airflow/example_dags/example_branch_labels.py
[2025-08-12T15:49:05.411+0000] {logging_mixin.py:150} INFO - [2025-08-12T15:49:05.411+0000] {dag.py:2742} INFO - Sync 1 DAGs
[2025-08-12T15:49:05.426+0000] {logging_mixin.py:150} INFO - [2025-08-12T15:49:05.426+0000] {dag.py:3504} INFO - Setting next_dagrun for example_branch_labels to 2025-08-11T00:00:00+00:00, run_after=2025-08-12T00:00:00+00:00
[2025-08-12T15:49:05.442+0000] {processor.py:179} INFO - Processing /home/vscode/.local/lib/python3.10/site-packages/airflow/example_dags/example_branch_labels.py took 0.054 seconds
[2025-08-12T15:50:01.912+0000] {processor.py:157} INFO - Started process (PID=23438) to work on /home/vscode/.local/lib/python3.10/site-packages/airflow/example_dags/example_branch_labels.py
[2025-08-12T15:50:01.913+0000] {processor.py:826} INFO - Processing file /home/vscode/.local/lib/python3.10/site-packages/airflow/example_dags/example_branch_labels.py for tasks to queue
[2025-08-12T15:50:01.913+0000] {logging_mixin.py:150} INFO - [2025-08-12T15:50:01.913+0000] {dagbag.py:541} INFO - Filling up the DagBag from /home/vscode/.local/lib/python3.10/site-packages/airflow/example_dags/example_branch_labels.py
[2025-08-12T15:50:01.919+0000] {processor.py:836} INFO - DAG(s) dict_keys(['example_branch_labels']) retrieved from /home/vscode/.local/lib/python3.10/site-packages/airflow/example_dags/example_branch_labels.py
[2025-08-12T15:50:01.933+0000] {logging_mixin.py:150} INFO - [2025-08-12T15:50:01.933+0000] {dag.py:2742} INFO - Sync 1 DAGs
[2025-08-12T15:50:01.949+0000] {logging_mixin.py:150} INFO - [2025-08-12T15:50:01.949+0000] {dag.py:3504} INFO - Setting next_dagrun for example_branch_labels to 2025-08-11T00:00:00+00:00, run_after=2025-08-12T00:00:00+00:00
[2025-08-12T15:50:01.965+0000] {processor.py:179} INFO - Processing /home/vscode/.local/lib/python3.10/site-packages/airflow/example_dags/example_branch_labels.py took 0.055 seconds
[2025-08-12T15:50:47.055+0000] {processor.py:157} INFO - Started process (PID=23886) to work on /home/vscode/.local/lib/python3.10/site-packages/airflow/example_dags/example_branch_labels.py
[2025-08-12T15:50:47.056+0000] {processor.py:826} INFO - Processing file /home/vscode/.local/lib/python3.10/site-packages/airflow/example_dags/example_branch_labels.py for tasks to queue
[2025-08-12T15:50:47.056+0000] {logging_mixin.py:150} INFO - [2025-08-12T15:50:47.056+0000] {dagbag.py:541} INFO - Filling up the DagBag from /home/vscode/.local/lib/python3.10/site-packages/airflow/example_dags/example_branch_labels.py
[2025-08-12T15:50:47.062+0000] {processor.py:836} INFO - DAG(s) dict_keys(['example_branch_labels']) retrieved from /home/vscode/.local/lib/python3.10/site-packages/airflow/example_dags/example_branch_labels.py
[2025-08-12T15:50:47.074+0000] {logging_mixin.py:150} INFO - [2025-08-12T15:50:47.074+0000] {dag.py:2742} INFO - Sync 1 DAGs
[2025-08-12T15:50:47.090+0000] {logging_mixin.py:150} INFO - [2025-08-12T15:50:47.090+0000] {dag.py:3504} INFO - Setting next_dagrun for example_branch_labels to 2025-08-11T00:00:00+00:00, run_after=2025-08-12T00:00:00+00:00
[2025-08-12T15:50:47.105+0000] {processor.py:179} INFO - Processing /home/vscode/.local/lib/python3.10/site-packages/airflow/example_dags/example_branch_labels.py took 0.052 seconds
[2025-08-12T15:51:30.483+0000] {processor.py:157} INFO - Started process (PID=24178) to work on /home/vscode/.local/lib/python3.10/site-packages/airflow/example_dags/example_branch_labels.py
[2025-08-12T15:51:30.484+0000] {processor.py:826} INFO - Processing file /home/vscode/.local/lib/python3.10/site-packages/airflow/example_dags/example_branch_labels.py for tasks to queue
[2025-08-12T15:51:30.485+0000] {logging_mixin.py:150} INFO - [2025-08-12T15:51:30.484+0000] {dagbag.py:541} INFO - Filling up the DagBag from /home/vscode/.local/lib/python3.10/site-packages/airflow/example_dags/example_branch_labels.py
[2025-08-12T15:51:30.491+0000] {processor.py:836} INFO - DAG(s) dict_keys(['example_branch_labels']) retrieved from /home/vscode/.local/lib/python3.10/site-packages/airflow/example_dags/example_branch_labels.py
[2025-08-12T15:51:30.503+0000] {logging_mixin.py:150} INFO - [2025-08-12T15:51:30.503+0000] {dag.py:2742} INFO - Sync 1 DAGs
[2025-08-12T15:51:30.519+0000] {logging_mixin.py:150} INFO - [2025-08-12T15:51:30.519+0000] {dag.py:3504} INFO - Setting next_dagrun for example_branch_labels to 2025-08-11T00:00:00+00:00, run_after=2025-08-12T00:00:00+00:00
[2025-08-12T15:51:30.534+0000] {processor.py:179} INFO - Processing /home/vscode/.local/lib/python3.10/site-packages/airflow/example_dags/example_branch_labels.py took 0.052 seconds
[2025-08-12T15:52:14.450+0000] {processor.py:157} INFO - Started process (PID=24467) to work on /home/vscode/.local/lib/python3.10/site-packages/airflow/example_dags/example_branch_labels.py
[2025-08-12T15:52:14.451+0000] {processor.py:826} INFO - Processing file /home/vscode/.local/lib/python3.10/site-packages/airflow/example_dags/example_branch_labels.py for tasks to queue
[2025-08-12T15:52:14.451+0000] {logging_mixin.py:150} INFO - [2025-08-12T15:52:14.451+0000] {dagbag.py:541} INFO - Filling up the DagBag from /home/vscode/.local/lib/python3.10/site-packages/airflow/example_dags/example_branch_labels.py
[2025-08-12T15:52:14.457+0000] {processor.py:836} INFO - DAG(s) dict_keys(['example_branch_labels']) retrieved from /home/vscode/.local/lib/python3.10/site-packages/airflow/example_dags/example_branch_labels.py
[2025-08-12T15:52:14.470+0000] {logging_mixin.py:150} INFO - [2025-08-12T15:52:14.470+0000] {dag.py:2742} INFO - Sync 1 DAGs
[2025-08-12T15:52:14.490+0000] {logging_mixin.py:150} INFO - [2025-08-12T15:52:14.490+0000] {dag.py:3504} INFO - Setting next_dagrun for example_branch_labels to 2025-08-11T00:00:00+00:00, run_after=2025-08-12T00:00:00+00:00
[2025-08-12T15:52:14.512+0000] {processor.py:179} INFO - Processing /home/vscode/.local/lib/python3.10/site-packages/airflow/example_dags/example_branch_labels.py took 0.064 seconds
[2025-08-12T15:52:58.404+0000] {processor.py:157} INFO - Started process (PID=24789) to work on /home/vscode/.local/lib/python3.10/site-packages/airflow/example_dags/example_branch_labels.py
[2025-08-12T15:52:58.404+0000] {processor.py:826} INFO - Processing file /home/vscode/.local/lib/python3.10/site-packages/airflow/example_dags/example_branch_labels.py for tasks to queue
[2025-08-12T15:52:58.405+0000] {logging_mixin.py:150} INFO - [2025-08-12T15:52:58.405+0000] {dagbag.py:541} INFO - Filling up the DagBag from /home/vscode/.local/lib/python3.10/site-packages/airflow/example_dags/example_branch_labels.py
[2025-08-12T15:52:58.411+0000] {processor.py:836} INFO - DAG(s) dict_keys(['example_branch_labels']) retrieved from /home/vscode/.local/lib/python3.10/site-packages/airflow/example_dags/example_branch_labels.py
[2025-08-12T15:52:58.423+0000] {logging_mixin.py:150} INFO - [2025-08-12T15:52:58.423+0000] {dag.py:2742} INFO - Sync 1 DAGs
[2025-08-12T15:52:58.439+0000] {logging_mixin.py:150} INFO - [2025-08-12T15:52:58.438+0000] {dag.py:3504} INFO - Setting next_dagrun for example_branch_labels to 2025-08-11T00:00:00+00:00, run_after=2025-08-12T00:00:00+00:00
[2025-08-12T15:52:58.455+0000] {processor.py:179} INFO - Processing /home/vscode/.local/lib/python3.10/site-packages/airflow/example_dags/example_branch_labels.py took 0.054 seconds
[2025-08-12T15:53:40.698+0000] {processor.py:157} INFO - Started process (PID=25130) to work on /home/vscode/.local/lib/python3.10/site-packages/airflow/example_dags/example_branch_labels.py
[2025-08-12T15:53:40.699+0000] {processor.py:826} INFO - Processing file /home/vscode/.local/lib/python3.10/site-packages/airflow/example_dags/example_branch_labels.py for tasks to queue
[2025-08-12T15:53:40.699+0000] {logging_mixin.py:150} INFO - [2025-08-12T15:53:40.699+0000] {dagbag.py:541} INFO - Filling up the DagBag from /home/vscode/.local/lib/python3.10/site-packages/airflow/example_dags/example_branch_labels.py
[2025-08-12T15:53:40.705+0000] {processor.py:836} INFO - DAG(s) dict_keys(['example_branch_labels']) retrieved from /home/vscode/.local/lib/python3.10/site-packages/airflow/example_dags/example_branch_labels.py
[2025-08-12T15:53:40.717+0000] {logging_mixin.py:150} INFO - [2025-08-12T15:53:40.717+0000] {dag.py:2742} INFO - Sync 1 DAGs
[2025-08-12T15:53:40.732+0000] {logging_mixin.py:150} INFO - [2025-08-12T15:53:40.731+0000] {dag.py:3504} INFO - Setting next_dagrun for example_branch_labels to 2025-08-11T00:00:00+00:00, run_after=2025-08-12T00:00:00+00:00
[2025-08-12T15:53:40.747+0000] {processor.py:179} INFO - Processing /home/vscode/.local/lib/python3.10/site-packages/airflow/example_dags/example_branch_labels.py took 0.051 seconds
[2025-08-12T15:54:38.639+0000] {processor.py:157} INFO - Started process (PID=25560) to work on /home/vscode/.local/lib/python3.10/site-packages/airflow/example_dags/example_branch_labels.py
[2025-08-12T15:54:38.640+0000] {processor.py:826} INFO - Processing file /home/vscode/.local/lib/python3.10/site-packages/airflow/example_dags/example_branch_labels.py for tasks to queue
[2025-08-12T15:54:38.641+0000] {logging_mixin.py:150} INFO - [2025-08-12T15:54:38.640+0000] {dagbag.py:541} INFO - Filling up the DagBag from /home/vscode/.local/lib/python3.10/site-packages/airflow/example_dags/example_branch_labels.py
[2025-08-12T15:54:38.647+0000] {processor.py:836} INFO - DAG(s) dict_keys(['example_branch_labels']) retrieved from /home/vscode/.local/lib/python3.10/site-packages/airflow/example_dags/example_branch_labels.py
[2025-08-12T15:54:38.661+0000] {logging_mixin.py:150} INFO - [2025-08-12T15:54:38.661+0000] {dag.py:2742} INFO - Sync 1 DAGs
[2025-08-12T15:54:38.676+0000] {logging_mixin.py:150} INFO - [2025-08-12T15:54:38.676+0000] {dag.py:3504} INFO - Setting next_dagrun for example_branch_labels to 2025-08-11T00:00:00+00:00, run_after=2025-08-12T00:00:00+00:00
[2025-08-12T15:54:38.692+0000] {processor.py:179} INFO - Processing /home/vscode/.local/lib/python3.10/site-packages/airflow/example_dags/example_branch_labels.py took 0.055 seconds
[2025-08-12T15:55:21.890+0000] {processor.py:157} INFO - Started process (PID=25899) to work on /home/vscode/.local/lib/python3.10/site-packages/airflow/example_dags/example_branch_labels.py
[2025-08-12T15:55:21.890+0000] {processor.py:826} INFO - Processing file /home/vscode/.local/lib/python3.10/site-packages/airflow/example_dags/example_branch_labels.py for tasks to queue
[2025-08-12T15:55:21.891+0000] {logging_mixin.py:150} INFO - [2025-08-12T15:55:21.891+0000] {dagbag.py:541} INFO - Filling up the DagBag from /home/vscode/.local/lib/python3.10/site-packages/airflow/example_dags/example_branch_labels.py
[2025-08-12T15:55:21.897+0000] {processor.py:836} INFO - DAG(s) dict_keys(['example_branch_labels']) retrieved from /home/vscode/.local/lib/python3.10/site-packages/airflow/example_dags/example_branch_labels.py
[2025-08-12T15:55:21.910+0000] {logging_mixin.py:150} INFO - [2025-08-12T15:55:21.910+0000] {dag.py:2742} INFO - Sync 1 DAGs
[2025-08-12T15:55:21.925+0000] {logging_mixin.py:150} INFO - [2025-08-12T15:55:21.925+0000] {dag.py:3504} INFO - Setting next_dagrun for example_branch_labels to 2025-08-11T00:00:00+00:00, run_after=2025-08-12T00:00:00+00:00
[2025-08-12T15:55:21.941+0000] {processor.py:179} INFO - Processing /home/vscode/.local/lib/python3.10/site-packages/airflow/example_dags/example_branch_labels.py took 0.053 seconds
[2025-08-12T15:56:05.738+0000] {processor.py:157} INFO - Started process (PID=26226) to work on /home/vscode/.local/lib/python3.10/site-packages/airflow/example_dags/example_branch_labels.py
[2025-08-12T15:56:05.738+0000] {processor.py:826} INFO - Processing file /home/vscode/.local/lib/python3.10/site-packages/airflow/example_dags/example_branch_labels.py for tasks to queue
[2025-08-12T15:56:05.739+0000] {logging_mixin.py:150} INFO - [2025-08-12T15:56:05.739+0000] {dagbag.py:541} INFO - Filling up the DagBag from /home/vscode/.local/lib/python3.10/site-packages/airflow/example_dags/example_branch_labels.py
[2025-08-12T15:56:05.745+0000] {processor.py:836} INFO - DAG(s) dict_keys(['example_branch_labels']) retrieved from /home/vscode/.local/lib/python3.10/site-packages/airflow/example_dags/example_branch_labels.py
[2025-08-12T15:56:05.758+0000] {logging_mixin.py:150} INFO - [2025-08-12T15:56:05.758+0000] {dag.py:2742} INFO - Sync 1 DAGs
[2025-08-12T15:56:05.773+0000] {logging_mixin.py:150} INFO - [2025-08-12T15:56:05.773+0000] {dag.py:3504} INFO - Setting next_dagrun for example_branch_labels to 2025-08-11T00:00:00+00:00, run_after=2025-08-12T00:00:00+00:00
[2025-08-12T15:56:05.789+0000] {processor.py:179} INFO - Processing /home/vscode/.local/lib/python3.10/site-packages/airflow/example_dags/example_branch_labels.py took 0.053 seconds
[2025-08-12T15:56:49.485+0000] {processor.py:157} INFO - Started process (PID=26565) to work on /home/vscode/.local/lib/python3.10/site-packages/airflow/example_dags/example_branch_labels.py
[2025-08-12T15:56:49.486+0000] {processor.py:826} INFO - Processing file /home/vscode/.local/lib/python3.10/site-packages/airflow/example_dags/example_branch_labels.py for tasks to queue
[2025-08-12T15:56:49.487+0000] {logging_mixin.py:150} INFO - [2025-08-12T15:56:49.486+0000] {dagbag.py:541} INFO - Filling up the DagBag from /home/vscode/.local/lib/python3.10/site-packages/airflow/example_dags/example_branch_labels.py
[2025-08-12T15:56:49.493+0000] {processor.py:836} INFO - DAG(s) dict_keys(['example_branch_labels']) retrieved from /home/vscode/.local/lib/python3.10/site-packages/airflow/example_dags/example_branch_labels.py
[2025-08-12T15:56:49.506+0000] {logging_mixin.py:150} INFO - [2025-08-12T15:56:49.506+0000] {dag.py:2742} INFO - Sync 1 DAGs
[2025-08-12T15:56:49.522+0000] {logging_mixin.py:150} INFO - [2025-08-12T15:56:49.521+0000] {dag.py:3504} INFO - Setting next_dagrun for example_branch_labels to 2025-08-11T00:00:00+00:00, run_after=2025-08-12T00:00:00+00:00
[2025-08-12T15:56:49.537+0000] {processor.py:179} INFO - Processing /home/vscode/.local/lib/python3.10/site-packages/airflow/example_dags/example_branch_labels.py took 0.054 seconds
[2025-08-12T15:57:43.751+0000] {processor.py:157} INFO - Started process (PID=26982) to work on /home/vscode/.local/lib/python3.10/site-packages/airflow/example_dags/example_branch_labels.py
[2025-08-12T15:57:43.752+0000] {processor.py:826} INFO - Processing file /home/vscode/.local/lib/python3.10/site-packages/airflow/example_dags/example_branch_labels.py for tasks to queue
[2025-08-12T15:57:43.753+0000] {logging_mixin.py:150} INFO - [2025-08-12T15:57:43.752+0000] {dagbag.py:541} INFO - Filling up the DagBag from /home/vscode/.local/lib/python3.10/site-packages/airflow/example_dags/example_branch_labels.py
[2025-08-12T15:57:43.758+0000] {processor.py:836} INFO - DAG(s) dict_keys(['example_branch_labels']) retrieved from /home/vscode/.local/lib/python3.10/site-packages/airflow/example_dags/example_branch_labels.py
[2025-08-12T15:57:43.771+0000] {logging_mixin.py:150} INFO - [2025-08-12T15:57:43.771+0000] {dag.py:2742} INFO - Sync 1 DAGs
[2025-08-12T15:57:43.786+0000] {logging_mixin.py:150} INFO - [2025-08-12T15:57:43.786+0000] {dag.py:3504} INFO - Setting next_dagrun for example_branch_labels to 2025-08-11T00:00:00+00:00, run_after=2025-08-12T00:00:00+00:00
[2025-08-12T15:57:43.801+0000] {processor.py:179} INFO - Processing /home/vscode/.local/lib/python3.10/site-packages/airflow/example_dags/example_branch_labels.py took 0.052 seconds
[2025-08-12T15:58:30.924+0000] {processor.py:157} INFO - Started process (PID=27291) to work on /home/vscode/.local/lib/python3.10/site-packages/airflow/example_dags/example_branch_labels.py
[2025-08-12T15:58:30.924+0000] {processor.py:826} INFO - Processing file /home/vscode/.local/lib/python3.10/site-packages/airflow/example_dags/example_branch_labels.py for tasks to queue
[2025-08-12T15:58:30.925+0000] {logging_mixin.py:150} INFO - [2025-08-12T15:58:30.925+0000] {dagbag.py:541} INFO - Filling up the DagBag from /home/vscode/.local/lib/python3.10/site-packages/airflow/example_dags/example_branch_labels.py
[2025-08-12T15:58:30.930+0000] {processor.py:836} INFO - DAG(s) dict_keys(['example_branch_labels']) retrieved from /home/vscode/.local/lib/python3.10/site-packages/airflow/example_dags/example_branch_labels.py
[2025-08-12T15:58:30.943+0000] {logging_mixin.py:150} INFO - [2025-08-12T15:58:30.943+0000] {dag.py:2742} INFO - Sync 1 DAGs
[2025-08-12T15:58:30.959+0000] {logging_mixin.py:150} INFO - [2025-08-12T15:58:30.958+0000] {dag.py:3504} INFO - Setting next_dagrun for example_branch_labels to 2025-08-11T00:00:00+00:00, run_after=2025-08-12T00:00:00+00:00
[2025-08-12T15:58:30.974+0000] {processor.py:179} INFO - Processing /home/vscode/.local/lib/python3.10/site-packages/airflow/example_dags/example_branch_labels.py took 0.052 seconds
[2025-08-12T15:59:13.494+0000] {processor.py:157} INFO - Started process (PID=27585) to work on /home/vscode/.local/lib/python3.10/site-packages/airflow/example_dags/example_branch_labels.py
[2025-08-12T15:59:13.494+0000] {processor.py:826} INFO - Processing file /home/vscode/.local/lib/python3.10/site-packages/airflow/example_dags/example_branch_labels.py for tasks to queue
[2025-08-12T15:59:13.495+0000] {logging_mixin.py:150} INFO - [2025-08-12T15:59:13.495+0000] {dagbag.py:541} INFO - Filling up the DagBag from /home/vscode/.local/lib/python3.10/site-packages/airflow/example_dags/example_branch_labels.py
[2025-08-12T15:59:13.501+0000] {processor.py:836} INFO - DAG(s) dict_keys(['example_branch_labels']) retrieved from /home/vscode/.local/lib/python3.10/site-packages/airflow/example_dags/example_branch_labels.py
[2025-08-12T15:59:13.514+0000] {logging_mixin.py:150} INFO - [2025-08-12T15:59:13.514+0000] {dag.py:2742} INFO - Sync 1 DAGs
[2025-08-12T15:59:13.529+0000] {logging_mixin.py:150} INFO - [2025-08-12T15:59:13.529+0000] {dag.py:3504} INFO - Setting next_dagrun for example_branch_labels to 2025-08-11T00:00:00+00:00, run_after=2025-08-12T00:00:00+00:00
[2025-08-12T15:59:13.544+0000] {processor.py:179} INFO - Processing /home/vscode/.local/lib/python3.10/site-packages/airflow/example_dags/example_branch_labels.py took 0.053 seconds
[2025-08-12T16:00:06.289+0000] {processor.py:157} INFO - Started process (PID=27939) to work on /home/vscode/.local/lib/python3.10/site-packages/airflow/example_dags/example_branch_labels.py
[2025-08-12T16:00:06.290+0000] {processor.py:826} INFO - Processing file /home/vscode/.local/lib/python3.10/site-packages/airflow/example_dags/example_branch_labels.py for tasks to queue
[2025-08-12T16:00:06.290+0000] {logging_mixin.py:150} INFO - [2025-08-12T16:00:06.290+0000] {dagbag.py:541} INFO - Filling up the DagBag from /home/vscode/.local/lib/python3.10/site-packages/airflow/example_dags/example_branch_labels.py
[2025-08-12T16:00:06.296+0000] {processor.py:836} INFO - DAG(s) dict_keys(['example_branch_labels']) retrieved from /home/vscode/.local/lib/python3.10/site-packages/airflow/example_dags/example_branch_labels.py
[2025-08-12T16:00:06.309+0000] {logging_mixin.py:150} INFO - [2025-08-12T16:00:06.308+0000] {dag.py:2742} INFO - Sync 1 DAGs
[2025-08-12T16:00:06.324+0000] {logging_mixin.py:150} INFO - [2025-08-12T16:00:06.324+0000] {dag.py:3504} INFO - Setting next_dagrun for example_branch_labels to 2025-08-11T00:00:00+00:00, run_after=2025-08-12T00:00:00+00:00
[2025-08-12T16:00:06.340+0000] {processor.py:179} INFO - Processing /home/vscode/.local/lib/python3.10/site-packages/airflow/example_dags/example_branch_labels.py took 0.054 seconds
[2025-08-12T16:00:50.256+0000] {processor.py:157} INFO - Started process (PID=28340) to work on /home/vscode/.local/lib/python3.10/site-packages/airflow/example_dags/example_branch_labels.py
[2025-08-12T16:00:50.256+0000] {processor.py:826} INFO - Processing file /home/vscode/.local/lib/python3.10/site-packages/airflow/example_dags/example_branch_labels.py for tasks to queue
[2025-08-12T16:00:50.257+0000] {logging_mixin.py:150} INFO - [2025-08-12T16:00:50.257+0000] {dagbag.py:541} INFO - Filling up the DagBag from /home/vscode/.local/lib/python3.10/site-packages/airflow/example_dags/example_branch_labels.py
[2025-08-12T16:00:50.262+0000] {processor.py:836} INFO - DAG(s) dict_keys(['example_branch_labels']) retrieved from /home/vscode/.local/lib/python3.10/site-packages/airflow/example_dags/example_branch_labels.py
[2025-08-12T16:00:50.276+0000] {logging_mixin.py:150} INFO - [2025-08-12T16:00:50.276+0000] {dag.py:2742} INFO - Sync 1 DAGs
[2025-08-12T16:00:50.291+0000] {logging_mixin.py:150} INFO - [2025-08-12T16:00:50.291+0000] {dag.py:3504} INFO - Setting next_dagrun for example_branch_labels to 2025-08-11T00:00:00+00:00, run_after=2025-08-12T00:00:00+00:00
[2025-08-12T16:00:50.305+0000] {processor.py:179} INFO - Processing /home/vscode/.local/lib/python3.10/site-packages/airflow/example_dags/example_branch_labels.py took 0.052 seconds
[2025-08-12T16:01:34.517+0000] {processor.py:157} INFO - Started process (PID=28682) to work on /home/vscode/.local/lib/python3.10/site-packages/airflow/example_dags/example_branch_labels.py
[2025-08-12T16:01:34.518+0000] {processor.py:826} INFO - Processing file /home/vscode/.local/lib/python3.10/site-packages/airflow/example_dags/example_branch_labels.py for tasks to queue
[2025-08-12T16:01:34.518+0000] {logging_mixin.py:150} INFO - [2025-08-12T16:01:34.518+0000] {dagbag.py:541} INFO - Filling up the DagBag from /home/vscode/.local/lib/python3.10/site-packages/airflow/example_dags/example_branch_labels.py
[2025-08-12T16:01:34.524+0000] {processor.py:836} INFO - DAG(s) dict_keys(['example_branch_labels']) retrieved from /home/vscode/.local/lib/python3.10/site-packages/airflow/example_dags/example_branch_labels.py
[2025-08-12T16:01:34.537+0000] {logging_mixin.py:150} INFO - [2025-08-12T16:01:34.537+0000] {dag.py:2742} INFO - Sync 1 DAGs
[2025-08-12T16:01:34.552+0000] {logging_mixin.py:150} INFO - [2025-08-12T16:01:34.552+0000] {dag.py:3504} INFO - Setting next_dagrun for example_branch_labels to 2025-08-11T00:00:00+00:00, run_after=2025-08-12T00:00:00+00:00
[2025-08-12T16:01:34.567+0000] {processor.py:179} INFO - Processing /home/vscode/.local/lib/python3.10/site-packages/airflow/example_dags/example_branch_labels.py took 0.052 seconds
[2025-08-12T16:02:19.922+0000] {processor.py:157} INFO - Started process (PID=28990) to work on /home/vscode/.local/lib/python3.10/site-packages/airflow/example_dags/example_branch_labels.py
[2025-08-12T16:02:19.923+0000] {processor.py:826} INFO - Processing file /home/vscode/.local/lib/python3.10/site-packages/airflow/example_dags/example_branch_labels.py for tasks to queue
[2025-08-12T16:02:19.923+0000] {logging_mixin.py:150} INFO - [2025-08-12T16:02:19.923+0000] {dagbag.py:541} INFO - Filling up the DagBag from /home/vscode/.local/lib/python3.10/site-packages/airflow/example_dags/example_branch_labels.py
[2025-08-12T16:02:19.929+0000] {processor.py:836} INFO - DAG(s) dict_keys(['example_branch_labels']) retrieved from /home/vscode/.local/lib/python3.10/site-packages/airflow/example_dags/example_branch_labels.py
[2025-08-12T16:02:19.941+0000] {logging_mixin.py:150} INFO - [2025-08-12T16:02:19.941+0000] {dag.py:2742} INFO - Sync 1 DAGs
[2025-08-12T16:02:19.957+0000] {logging_mixin.py:150} INFO - [2025-08-12T16:02:19.957+0000] {dag.py:3504} INFO - Setting next_dagrun for example_branch_labels to 2025-08-11T00:00:00+00:00, run_after=2025-08-12T00:00:00+00:00
[2025-08-12T16:02:19.972+0000] {processor.py:179} INFO - Processing /home/vscode/.local/lib/python3.10/site-packages/airflow/example_dags/example_branch_labels.py took 0.052 seconds
[2025-08-12T16:03:12.281+0000] {processor.py:157} INFO - Started process (PID=29341) to work on /home/vscode/.local/lib/python3.10/site-packages/airflow/example_dags/example_branch_labels.py
[2025-08-12T16:03:12.281+0000] {processor.py:826} INFO - Processing file /home/vscode/.local/lib/python3.10/site-packages/airflow/example_dags/example_branch_labels.py for tasks to queue
[2025-08-12T16:03:12.282+0000] {logging_mixin.py:150} INFO - [2025-08-12T16:03:12.282+0000] {dagbag.py:541} INFO - Filling up the DagBag from /home/vscode/.local/lib/python3.10/site-packages/airflow/example_dags/example_branch_labels.py
[2025-08-12T16:03:12.288+0000] {processor.py:836} INFO - DAG(s) dict_keys(['example_branch_labels']) retrieved from /home/vscode/.local/lib/python3.10/site-packages/airflow/example_dags/example_branch_labels.py
[2025-08-12T16:03:12.301+0000] {logging_mixin.py:150} INFO - [2025-08-12T16:03:12.301+0000] {dag.py:2742} INFO - Sync 1 DAGs
[2025-08-12T16:03:12.317+0000] {logging_mixin.py:150} INFO - [2025-08-12T16:03:12.317+0000] {dag.py:3504} INFO - Setting next_dagrun for example_branch_labels to 2025-08-11T00:00:00+00:00, run_after=2025-08-12T00:00:00+00:00
[2025-08-12T16:03:12.333+0000] {processor.py:179} INFO - Processing /home/vscode/.local/lib/python3.10/site-packages/airflow/example_dags/example_branch_labels.py took 0.055 seconds
[2025-08-12T16:03:57.306+0000] {processor.py:157} INFO - Started process (PID=29642) to work on /home/vscode/.local/lib/python3.10/site-packages/airflow/example_dags/example_branch_labels.py
[2025-08-12T16:03:57.306+0000] {processor.py:826} INFO - Processing file /home/vscode/.local/lib/python3.10/site-packages/airflow/example_dags/example_branch_labels.py for tasks to queue
[2025-08-12T16:03:57.307+0000] {logging_mixin.py:150} INFO - [2025-08-12T16:03:57.307+0000] {dagbag.py:541} INFO - Filling up the DagBag from /home/vscode/.local/lib/python3.10/site-packages/airflow/example_dags/example_branch_labels.py
[2025-08-12T16:03:57.313+0000] {processor.py:836} INFO - DAG(s) dict_keys(['example_branch_labels']) retrieved from /home/vscode/.local/lib/python3.10/site-packages/airflow/example_dags/example_branch_labels.py
[2025-08-12T16:03:57.326+0000] {logging_mixin.py:150} INFO - [2025-08-12T16:03:57.326+0000] {dag.py:2742} INFO - Sync 1 DAGs
[2025-08-12T16:03:57.341+0000] {logging_mixin.py:150} INFO - [2025-08-12T16:03:57.341+0000] {dag.py:3504} INFO - Setting next_dagrun for example_branch_labels to 2025-08-11T00:00:00+00:00, run_after=2025-08-12T00:00:00+00:00
[2025-08-12T16:03:57.358+0000] {processor.py:179} INFO - Processing /home/vscode/.local/lib/python3.10/site-packages/airflow/example_dags/example_branch_labels.py took 0.054 seconds
[2025-08-12T16:04:47.095+0000] {processor.py:157} INFO - Started process (PID=29970) to work on /home/vscode/.local/lib/python3.10/site-packages/airflow/example_dags/example_branch_labels.py
[2025-08-12T16:04:47.096+0000] {processor.py:826} INFO - Processing file /home/vscode/.local/lib/python3.10/site-packages/airflow/example_dags/example_branch_labels.py for tasks to queue
[2025-08-12T16:04:47.096+0000] {logging_mixin.py:150} INFO - [2025-08-12T16:04:47.096+0000] {dagbag.py:541} INFO - Filling up the DagBag from /home/vscode/.local/lib/python3.10/site-packages/airflow/example_dags/example_branch_labels.py
[2025-08-12T16:04:47.102+0000] {processor.py:836} INFO - DAG(s) dict_keys(['example_branch_labels']) retrieved from /home/vscode/.local/lib/python3.10/site-packages/airflow/example_dags/example_branch_labels.py
[2025-08-12T16:04:47.114+0000] {logging_mixin.py:150} INFO - [2025-08-12T16:04:47.114+0000] {dag.py:2742} INFO - Sync 1 DAGs
[2025-08-12T16:04:47.130+0000] {logging_mixin.py:150} INFO - [2025-08-12T16:04:47.130+0000] {dag.py:3504} INFO - Setting next_dagrun for example_branch_labels to 2025-08-11T00:00:00+00:00, run_after=2025-08-12T00:00:00+00:00
[2025-08-12T16:04:47.145+0000] {processor.py:179} INFO - Processing /home/vscode/.local/lib/python3.10/site-packages/airflow/example_dags/example_branch_labels.py took 0.052 seconds
[2025-08-12T16:05:29.961+0000] {processor.py:157} INFO - Started process (PID=30256) to work on /home/vscode/.local/lib/python3.10/site-packages/airflow/example_dags/example_branch_labels.py
[2025-08-12T16:05:29.961+0000] {processor.py:826} INFO - Processing file /home/vscode/.local/lib/python3.10/site-packages/airflow/example_dags/example_branch_labels.py for tasks to queue
[2025-08-12T16:05:29.962+0000] {logging_mixin.py:150} INFO - [2025-08-12T16:05:29.962+0000] {dagbag.py:541} INFO - Filling up the DagBag from /home/vscode/.local/lib/python3.10/site-packages/airflow/example_dags/example_branch_labels.py
[2025-08-12T16:05:29.968+0000] {processor.py:836} INFO - DAG(s) dict_keys(['example_branch_labels']) retrieved from /home/vscode/.local/lib/python3.10/site-packages/airflow/example_dags/example_branch_labels.py
[2025-08-12T16:05:29.985+0000] {logging_mixin.py:150} INFO - [2025-08-12T16:05:29.985+0000] {dag.py:2742} INFO - Sync 1 DAGs
[2025-08-12T16:05:30.011+0000] {logging_mixin.py:150} INFO - [2025-08-12T16:05:30.011+0000] {dag.py:3504} INFO - Setting next_dagrun for example_branch_labels to 2025-08-11T00:00:00+00:00, run_after=2025-08-12T00:00:00+00:00
[2025-08-12T16:05:30.034+0000] {processor.py:179} INFO - Processing /home/vscode/.local/lib/python3.10/site-packages/airflow/example_dags/example_branch_labels.py took 0.076 seconds
[2025-08-12T16:06:15.090+0000] {processor.py:157} INFO - Started process (PID=30563) to work on /home/vscode/.local/lib/python3.10/site-packages/airflow/example_dags/example_branch_labels.py
[2025-08-12T16:06:15.091+0000] {processor.py:826} INFO - Processing file /home/vscode/.local/lib/python3.10/site-packages/airflow/example_dags/example_branch_labels.py for tasks to queue
[2025-08-12T16:06:15.091+0000] {logging_mixin.py:150} INFO - [2025-08-12T16:06:15.091+0000] {dagbag.py:541} INFO - Filling up the DagBag from /home/vscode/.local/lib/python3.10/site-packages/airflow/example_dags/example_branch_labels.py
[2025-08-12T16:06:15.097+0000] {processor.py:836} INFO - DAG(s) dict_keys(['example_branch_labels']) retrieved from /home/vscode/.local/lib/python3.10/site-packages/airflow/example_dags/example_branch_labels.py
[2025-08-12T16:06:15.110+0000] {logging_mixin.py:150} INFO - [2025-08-12T16:06:15.110+0000] {dag.py:2742} INFO - Sync 1 DAGs
[2025-08-12T16:06:15.126+0000] {logging_mixin.py:150} INFO - [2025-08-12T16:06:15.126+0000] {dag.py:3504} INFO - Setting next_dagrun for example_branch_labels to 2025-08-11T00:00:00+00:00, run_after=2025-08-12T00:00:00+00:00
[2025-08-12T16:06:15.142+0000] {processor.py:179} INFO - Processing /home/vscode/.local/lib/python3.10/site-packages/airflow/example_dags/example_branch_labels.py took 0.054 seconds
[2025-08-12T16:07:01.285+0000] {processor.py:157} INFO - Started process (PID=30863) to work on /home/vscode/.local/lib/python3.10/site-packages/airflow/example_dags/example_branch_labels.py
[2025-08-12T16:07:01.286+0000] {processor.py:826} INFO - Processing file /home/vscode/.local/lib/python3.10/site-packages/airflow/example_dags/example_branch_labels.py for tasks to queue
[2025-08-12T16:07:01.286+0000] {logging_mixin.py:150} INFO - [2025-08-12T16:07:01.286+0000] {dagbag.py:541} INFO - Filling up the DagBag from /home/vscode/.local/lib/python3.10/site-packages/airflow/example_dags/example_branch_labels.py
[2025-08-12T16:07:01.292+0000] {processor.py:836} INFO - DAG(s) dict_keys(['example_branch_labels']) retrieved from /home/vscode/.local/lib/python3.10/site-packages/airflow/example_dags/example_branch_labels.py
[2025-08-12T16:07:01.305+0000] {logging_mixin.py:150} INFO - [2025-08-12T16:07:01.305+0000] {dag.py:2742} INFO - Sync 1 DAGs
[2025-08-12T16:07:01.320+0000] {logging_mixin.py:150} INFO - [2025-08-12T16:07:01.320+0000] {dag.py:3504} INFO - Setting next_dagrun for example_branch_labels to 2025-08-11T00:00:00+00:00, run_after=2025-08-12T00:00:00+00:00
[2025-08-12T16:07:01.335+0000] {processor.py:179} INFO - Processing /home/vscode/.local/lib/python3.10/site-packages/airflow/example_dags/example_branch_labels.py took 0.052 seconds
[2025-08-12T16:07:57.809+0000] {processor.py:157} INFO - Started process (PID=31247) to work on /home/vscode/.local/lib/python3.10/site-packages/airflow/example_dags/example_branch_labels.py
[2025-08-12T16:07:57.810+0000] {processor.py:826} INFO - Processing file /home/vscode/.local/lib/python3.10/site-packages/airflow/example_dags/example_branch_labels.py for tasks to queue
[2025-08-12T16:07:57.810+0000] {logging_mixin.py:150} INFO - [2025-08-12T16:07:57.810+0000] {dagbag.py:541} INFO - Filling up the DagBag from /home/vscode/.local/lib/python3.10/site-packages/airflow/example_dags/example_branch_labels.py
[2025-08-12T16:07:57.816+0000] {processor.py:836} INFO - DAG(s) dict_keys(['example_branch_labels']) retrieved from /home/vscode/.local/lib/python3.10/site-packages/airflow/example_dags/example_branch_labels.py
[2025-08-12T16:07:57.829+0000] {logging_mixin.py:150} INFO - [2025-08-12T16:07:57.829+0000] {dag.py:2742} INFO - Sync 1 DAGs
[2025-08-12T16:07:57.844+0000] {logging_mixin.py:150} INFO - [2025-08-12T16:07:57.844+0000] {dag.py:3504} INFO - Setting next_dagrun for example_branch_labels to 2025-08-11T00:00:00+00:00, run_after=2025-08-12T00:00:00+00:00
[2025-08-12T16:07:57.859+0000] {processor.py:179} INFO - Processing /home/vscode/.local/lib/python3.10/site-packages/airflow/example_dags/example_branch_labels.py took 0.052 seconds
[2025-08-12T16:08:51.215+0000] {processor.py:157} INFO - Started process (PID=31596) to work on /home/vscode/.local/lib/python3.10/site-packages/airflow/example_dags/example_branch_labels.py
[2025-08-12T16:08:51.216+0000] {processor.py:826} INFO - Processing file /home/vscode/.local/lib/python3.10/site-packages/airflow/example_dags/example_branch_labels.py for tasks to queue
[2025-08-12T16:08:51.216+0000] {logging_mixin.py:150} INFO - [2025-08-12T16:08:51.216+0000] {dagbag.py:541} INFO - Filling up the DagBag from /home/vscode/.local/lib/python3.10/site-packages/airflow/example_dags/example_branch_labels.py
[2025-08-12T16:08:51.222+0000] {processor.py:836} INFO - DAG(s) dict_keys(['example_branch_labels']) retrieved from /home/vscode/.local/lib/python3.10/site-packages/airflow/example_dags/example_branch_labels.py
[2025-08-12T16:08:51.234+0000] {logging_mixin.py:150} INFO - [2025-08-12T16:08:51.234+0000] {dag.py:2742} INFO - Sync 1 DAGs
[2025-08-12T16:08:51.250+0000] {logging_mixin.py:150} INFO - [2025-08-12T16:08:51.250+0000] {dag.py:3504} INFO - Setting next_dagrun for example_branch_labels to 2025-08-11T00:00:00+00:00, run_after=2025-08-12T00:00:00+00:00
[2025-08-12T16:08:51.265+0000] {processor.py:179} INFO - Processing /home/vscode/.local/lib/python3.10/site-packages/airflow/example_dags/example_branch_labels.py took 0.052 seconds
[2025-08-12T16:09:36.591+0000] {processor.py:157} INFO - Started process (PID=31904) to work on /home/vscode/.local/lib/python3.10/site-packages/airflow/example_dags/example_branch_labels.py
[2025-08-12T16:09:36.591+0000] {processor.py:826} INFO - Processing file /home/vscode/.local/lib/python3.10/site-packages/airflow/example_dags/example_branch_labels.py for tasks to queue
[2025-08-12T16:09:36.592+0000] {logging_mixin.py:150} INFO - [2025-08-12T16:09:36.592+0000] {dagbag.py:541} INFO - Filling up the DagBag from /home/vscode/.local/lib/python3.10/site-packages/airflow/example_dags/example_branch_labels.py
[2025-08-12T16:09:36.598+0000] {processor.py:836} INFO - DAG(s) dict_keys(['example_branch_labels']) retrieved from /home/vscode/.local/lib/python3.10/site-packages/airflow/example_dags/example_branch_labels.py
[2025-08-12T16:09:36.610+0000] {logging_mixin.py:150} INFO - [2025-08-12T16:09:36.610+0000] {dag.py:2742} INFO - Sync 1 DAGs
[2025-08-12T16:09:36.626+0000] {logging_mixin.py:150} INFO - [2025-08-12T16:09:36.626+0000] {dag.py:3504} INFO - Setting next_dagrun for example_branch_labels to 2025-08-11T00:00:00+00:00, run_after=2025-08-12T00:00:00+00:00
[2025-08-12T16:09:36.640+0000] {processor.py:179} INFO - Processing /home/vscode/.local/lib/python3.10/site-packages/airflow/example_dags/example_branch_labels.py took 0.052 seconds
[2025-08-12T16:10:23.561+0000] {processor.py:157} INFO - Started process (PID=32207) to work on /home/vscode/.local/lib/python3.10/site-packages/airflow/example_dags/example_branch_labels.py
[2025-08-12T16:10:23.562+0000] {processor.py:826} INFO - Processing file /home/vscode/.local/lib/python3.10/site-packages/airflow/example_dags/example_branch_labels.py for tasks to queue
[2025-08-12T16:10:23.562+0000] {logging_mixin.py:150} INFO - [2025-08-12T16:10:23.562+0000] {dagbag.py:541} INFO - Filling up the DagBag from /home/vscode/.local/lib/python3.10/site-packages/airflow/example_dags/example_branch_labels.py
[2025-08-12T16:10:23.568+0000] {processor.py:836} INFO - DAG(s) dict_keys(['example_branch_labels']) retrieved from /home/vscode/.local/lib/python3.10/site-packages/airflow/example_dags/example_branch_labels.py
[2025-08-12T16:10:23.581+0000] {logging_mixin.py:150} INFO - [2025-08-12T16:10:23.581+0000] {dag.py:2742} INFO - Sync 1 DAGs
[2025-08-12T16:10:23.597+0000] {logging_mixin.py:150} INFO - [2025-08-12T16:10:23.597+0000] {dag.py:3504} INFO - Setting next_dagrun for example_branch_labels to 2025-08-11T00:00:00+00:00, run_after=2025-08-12T00:00:00+00:00
[2025-08-12T16:10:23.612+0000] {processor.py:179} INFO - Processing /home/vscode/.local/lib/python3.10/site-packages/airflow/example_dags/example_branch_labels.py took 0.053 seconds
[2025-08-12T16:11:07.794+0000] {processor.py:157} INFO - Started process (PID=32514) to work on /home/vscode/.local/lib/python3.10/site-packages/airflow/example_dags/example_branch_labels.py
[2025-08-12T16:11:07.794+0000] {processor.py:826} INFO - Processing file /home/vscode/.local/lib/python3.10/site-packages/airflow/example_dags/example_branch_labels.py for tasks to queue
[2025-08-12T16:11:07.795+0000] {logging_mixin.py:150} INFO - [2025-08-12T16:11:07.795+0000] {dagbag.py:541} INFO - Filling up the DagBag from /home/vscode/.local/lib/python3.10/site-packages/airflow/example_dags/example_branch_labels.py
[2025-08-12T16:11:07.800+0000] {processor.py:836} INFO - DAG(s) dict_keys(['example_branch_labels']) retrieved from /home/vscode/.local/lib/python3.10/site-packages/airflow/example_dags/example_branch_labels.py
[2025-08-12T16:11:07.813+0000] {logging_mixin.py:150} INFO - [2025-08-12T16:11:07.813+0000] {dag.py:2742} INFO - Sync 1 DAGs
[2025-08-12T16:11:07.829+0000] {logging_mixin.py:150} INFO - [2025-08-12T16:11:07.829+0000] {dag.py:3504} INFO - Setting next_dagrun for example_branch_labels to 2025-08-11T00:00:00+00:00, run_after=2025-08-12T00:00:00+00:00
[2025-08-12T16:11:07.844+0000] {processor.py:179} INFO - Processing /home/vscode/.local/lib/python3.10/site-packages/airflow/example_dags/example_branch_labels.py took 0.053 seconds
[2025-08-12T16:11:52.063+0000] {processor.py:157} INFO - Started process (PID=32801) to work on /home/vscode/.local/lib/python3.10/site-packages/airflow/example_dags/example_branch_labels.py
[2025-08-12T16:11:52.063+0000] {processor.py:826} INFO - Processing file /home/vscode/.local/lib/python3.10/site-packages/airflow/example_dags/example_branch_labels.py for tasks to queue
[2025-08-12T16:11:52.064+0000] {logging_mixin.py:150} INFO - [2025-08-12T16:11:52.064+0000] {dagbag.py:541} INFO - Filling up the DagBag from /home/vscode/.local/lib/python3.10/site-packages/airflow/example_dags/example_branch_labels.py
[2025-08-12T16:11:52.069+0000] {processor.py:836} INFO - DAG(s) dict_keys(['example_branch_labels']) retrieved from /home/vscode/.local/lib/python3.10/site-packages/airflow/example_dags/example_branch_labels.py
[2025-08-12T16:11:52.083+0000] {logging_mixin.py:150} INFO - [2025-08-12T16:11:52.082+0000] {dag.py:2742} INFO - Sync 1 DAGs
[2025-08-12T16:11:52.098+0000] {logging_mixin.py:150} INFO - [2025-08-12T16:11:52.098+0000] {dag.py:3504} INFO - Setting next_dagrun for example_branch_labels to 2025-08-11T00:00:00+00:00, run_after=2025-08-12T00:00:00+00:00
[2025-08-12T16:11:52.113+0000] {processor.py:179} INFO - Processing /home/vscode/.local/lib/python3.10/site-packages/airflow/example_dags/example_branch_labels.py took 0.052 seconds
[2025-08-12T16:12:36.114+0000] {processor.py:157} INFO - Started process (PID=33094) to work on /home/vscode/.local/lib/python3.10/site-packages/airflow/example_dags/example_branch_labels.py
[2025-08-12T16:12:36.114+0000] {processor.py:826} INFO - Processing file /home/vscode/.local/lib/python3.10/site-packages/airflow/example_dags/example_branch_labels.py for tasks to queue
[2025-08-12T16:12:36.115+0000] {logging_mixin.py:150} INFO - [2025-08-12T16:12:36.115+0000] {dagbag.py:541} INFO - Filling up the DagBag from /home/vscode/.local/lib/python3.10/site-packages/airflow/example_dags/example_branch_labels.py
[2025-08-12T16:12:36.121+0000] {processor.py:836} INFO - DAG(s) dict_keys(['example_branch_labels']) retrieved from /home/vscode/.local/lib/python3.10/site-packages/airflow/example_dags/example_branch_labels.py
[2025-08-12T16:12:36.135+0000] {logging_mixin.py:150} INFO - [2025-08-12T16:12:36.135+0000] {dag.py:2742} INFO - Sync 1 DAGs
[2025-08-12T16:12:36.150+0000] {logging_mixin.py:150} INFO - [2025-08-12T16:12:36.150+0000] {dag.py:3504} INFO - Setting next_dagrun for example_branch_labels to 2025-08-11T00:00:00+00:00, run_after=2025-08-12T00:00:00+00:00
[2025-08-12T16:12:36.166+0000] {processor.py:179} INFO - Processing /home/vscode/.local/lib/python3.10/site-packages/airflow/example_dags/example_branch_labels.py took 0.055 seconds
[2025-08-12T16:13:23.405+0000] {processor.py:157} INFO - Started process (PID=33412) to work on /home/vscode/.local/lib/python3.10/site-packages/airflow/example_dags/example_branch_labels.py
[2025-08-12T16:13:23.405+0000] {processor.py:826} INFO - Processing file /home/vscode/.local/lib/python3.10/site-packages/airflow/example_dags/example_branch_labels.py for tasks to queue
[2025-08-12T16:13:23.406+0000] {logging_mixin.py:150} INFO - [2025-08-12T16:13:23.406+0000] {dagbag.py:541} INFO - Filling up the DagBag from /home/vscode/.local/lib/python3.10/site-packages/airflow/example_dags/example_branch_labels.py
[2025-08-12T16:13:23.412+0000] {processor.py:836} INFO - DAG(s) dict_keys(['example_branch_labels']) retrieved from /home/vscode/.local/lib/python3.10/site-packages/airflow/example_dags/example_branch_labels.py
[2025-08-12T16:13:23.424+0000] {logging_mixin.py:150} INFO - [2025-08-12T16:13:23.424+0000] {dag.py:2742} INFO - Sync 1 DAGs
[2025-08-12T16:13:23.439+0000] {logging_mixin.py:150} INFO - [2025-08-12T16:13:23.439+0000] {dag.py:3504} INFO - Setting next_dagrun for example_branch_labels to 2025-08-11T00:00:00+00:00, run_after=2025-08-12T00:00:00+00:00
[2025-08-12T16:13:23.454+0000] {processor.py:179} INFO - Processing /home/vscode/.local/lib/python3.10/site-packages/airflow/example_dags/example_branch_labels.py took 0.051 seconds
[2025-08-12T16:14:22.283+0000] {processor.py:157} INFO - Started process (PID=33797) to work on /home/vscode/.local/lib/python3.10/site-packages/airflow/example_dags/example_branch_labels.py
[2025-08-12T16:14:22.284+0000] {processor.py:826} INFO - Processing file /home/vscode/.local/lib/python3.10/site-packages/airflow/example_dags/example_branch_labels.py for tasks to queue
[2025-08-12T16:14:22.284+0000] {logging_mixin.py:150} INFO - [2025-08-12T16:14:22.284+0000] {dagbag.py:541} INFO - Filling up the DagBag from /home/vscode/.local/lib/python3.10/site-packages/airflow/example_dags/example_branch_labels.py
[2025-08-12T16:14:22.290+0000] {processor.py:836} INFO - DAG(s) dict_keys(['example_branch_labels']) retrieved from /home/vscode/.local/lib/python3.10/site-packages/airflow/example_dags/example_branch_labels.py
[2025-08-12T16:14:22.303+0000] {logging_mixin.py:150} INFO - [2025-08-12T16:14:22.303+0000] {dag.py:2742} INFO - Sync 1 DAGs
[2025-08-12T16:14:22.318+0000] {logging_mixin.py:150} INFO - [2025-08-12T16:14:22.318+0000] {dag.py:3504} INFO - Setting next_dagrun for example_branch_labels to 2025-08-11T00:00:00+00:00, run_after=2025-08-12T00:00:00+00:00
[2025-08-12T16:14:22.334+0000] {processor.py:179} INFO - Processing /home/vscode/.local/lib/python3.10/site-packages/airflow/example_dags/example_branch_labels.py took 0.053 seconds
[2025-08-12T16:15:04.031+0000] {processor.py:157} INFO - Started process (PID=34076) to work on /home/vscode/.local/lib/python3.10/site-packages/airflow/example_dags/example_branch_labels.py
[2025-08-12T16:15:04.032+0000] {processor.py:826} INFO - Processing file /home/vscode/.local/lib/python3.10/site-packages/airflow/example_dags/example_branch_labels.py for tasks to queue
[2025-08-12T16:15:04.033+0000] {logging_mixin.py:150} INFO - [2025-08-12T16:15:04.032+0000] {dagbag.py:541} INFO - Filling up the DagBag from /home/vscode/.local/lib/python3.10/site-packages/airflow/example_dags/example_branch_labels.py
[2025-08-12T16:15:04.038+0000] {processor.py:836} INFO - DAG(s) dict_keys(['example_branch_labels']) retrieved from /home/vscode/.local/lib/python3.10/site-packages/airflow/example_dags/example_branch_labels.py
[2025-08-12T16:15:04.051+0000] {logging_mixin.py:150} INFO - [2025-08-12T16:15:04.051+0000] {dag.py:2742} INFO - Sync 1 DAGs
[2025-08-12T16:15:04.066+0000] {logging_mixin.py:150} INFO - [2025-08-12T16:15:04.066+0000] {dag.py:3504} INFO - Setting next_dagrun for example_branch_labels to 2025-08-11T00:00:00+00:00, run_after=2025-08-12T00:00:00+00:00
[2025-08-12T16:15:04.081+0000] {processor.py:179} INFO - Processing /home/vscode/.local/lib/python3.10/site-packages/airflow/example_dags/example_branch_labels.py took 0.052 seconds
[2025-08-12T16:15:46.700+0000] {processor.py:157} INFO - Started process (PID=34361) to work on /home/vscode/.local/lib/python3.10/site-packages/airflow/example_dags/example_branch_labels.py
[2025-08-12T16:15:46.701+0000] {processor.py:826} INFO - Processing file /home/vscode/.local/lib/python3.10/site-packages/airflow/example_dags/example_branch_labels.py for tasks to queue
[2025-08-12T16:15:46.701+0000] {logging_mixin.py:150} INFO - [2025-08-12T16:15:46.701+0000] {dagbag.py:541} INFO - Filling up the DagBag from /home/vscode/.local/lib/python3.10/site-packages/airflow/example_dags/example_branch_labels.py
[2025-08-12T16:15:46.707+0000] {processor.py:836} INFO - DAG(s) dict_keys(['example_branch_labels']) retrieved from /home/vscode/.local/lib/python3.10/site-packages/airflow/example_dags/example_branch_labels.py
[2025-08-12T16:15:46.719+0000] {logging_mixin.py:150} INFO - [2025-08-12T16:15:46.719+0000] {dag.py:2742} INFO - Sync 1 DAGs
[2025-08-12T16:15:46.734+0000] {logging_mixin.py:150} INFO - [2025-08-12T16:15:46.734+0000] {dag.py:3504} INFO - Setting next_dagrun for example_branch_labels to 2025-08-11T00:00:00+00:00, run_after=2025-08-12T00:00:00+00:00
[2025-08-12T16:15:46.748+0000] {processor.py:179} INFO - Processing /home/vscode/.local/lib/python3.10/site-packages/airflow/example_dags/example_branch_labels.py took 0.050 seconds
[2025-08-12T16:16:41.463+0000] {processor.py:157} INFO - Started process (PID=34732) to work on /home/vscode/.local/lib/python3.10/site-packages/airflow/example_dags/example_branch_labels.py
[2025-08-12T16:16:41.464+0000] {processor.py:826} INFO - Processing file /home/vscode/.local/lib/python3.10/site-packages/airflow/example_dags/example_branch_labels.py for tasks to queue
[2025-08-12T16:16:41.465+0000] {logging_mixin.py:150} INFO - [2025-08-12T16:16:41.464+0000] {dagbag.py:541} INFO - Filling up the DagBag from /home/vscode/.local/lib/python3.10/site-packages/airflow/example_dags/example_branch_labels.py
[2025-08-12T16:16:41.470+0000] {processor.py:836} INFO - DAG(s) dict_keys(['example_branch_labels']) retrieved from /home/vscode/.local/lib/python3.10/site-packages/airflow/example_dags/example_branch_labels.py
[2025-08-12T16:16:41.483+0000] {logging_mixin.py:150} INFO - [2025-08-12T16:16:41.482+0000] {dag.py:2742} INFO - Sync 1 DAGs
[2025-08-12T16:16:41.497+0000] {logging_mixin.py:150} INFO - [2025-08-12T16:16:41.497+0000] {dag.py:3504} INFO - Setting next_dagrun for example_branch_labels to 2025-08-11T00:00:00+00:00, run_after=2025-08-12T00:00:00+00:00
[2025-08-12T16:16:41.513+0000] {processor.py:179} INFO - Processing /home/vscode/.local/lib/python3.10/site-packages/airflow/example_dags/example_branch_labels.py took 0.052 seconds
[2025-08-12T16:17:24.034+0000] {processor.py:157} INFO - Started process (PID=35011) to work on /home/vscode/.local/lib/python3.10/site-packages/airflow/example_dags/example_branch_labels.py
[2025-08-12T16:17:24.035+0000] {processor.py:826} INFO - Processing file /home/vscode/.local/lib/python3.10/site-packages/airflow/example_dags/example_branch_labels.py for tasks to queue
[2025-08-12T16:17:24.036+0000] {logging_mixin.py:150} INFO - [2025-08-12T16:17:24.035+0000] {dagbag.py:541} INFO - Filling up the DagBag from /home/vscode/.local/lib/python3.10/site-packages/airflow/example_dags/example_branch_labels.py
[2025-08-12T16:17:24.041+0000] {processor.py:836} INFO - DAG(s) dict_keys(['example_branch_labels']) retrieved from /home/vscode/.local/lib/python3.10/site-packages/airflow/example_dags/example_branch_labels.py
[2025-08-12T16:17:24.053+0000] {logging_mixin.py:150} INFO - [2025-08-12T16:17:24.053+0000] {dag.py:2742} INFO - Sync 1 DAGs
[2025-08-12T16:17:24.068+0000] {logging_mixin.py:150} INFO - [2025-08-12T16:17:24.068+0000] {dag.py:3504} INFO - Setting next_dagrun for example_branch_labels to 2025-08-11T00:00:00+00:00, run_after=2025-08-12T00:00:00+00:00
[2025-08-12T16:17:24.083+0000] {processor.py:179} INFO - Processing /home/vscode/.local/lib/python3.10/site-packages/airflow/example_dags/example_branch_labels.py took 0.050 seconds
[2025-08-12T16:18:15.462+0000] {processor.py:157} INFO - Started process (PID=35350) to work on /home/vscode/.local/lib/python3.10/site-packages/airflow/example_dags/example_branch_labels.py
[2025-08-12T16:18:15.463+0000] {processor.py:826} INFO - Processing file /home/vscode/.local/lib/python3.10/site-packages/airflow/example_dags/example_branch_labels.py for tasks to queue
[2025-08-12T16:18:15.463+0000] {logging_mixin.py:150} INFO - [2025-08-12T16:18:15.463+0000] {dagbag.py:541} INFO - Filling up the DagBag from /home/vscode/.local/lib/python3.10/site-packages/airflow/example_dags/example_branch_labels.py
[2025-08-12T16:18:15.469+0000] {processor.py:836} INFO - DAG(s) dict_keys(['example_branch_labels']) retrieved from /home/vscode/.local/lib/python3.10/site-packages/airflow/example_dags/example_branch_labels.py
[2025-08-12T16:18:15.481+0000] {logging_mixin.py:150} INFO - [2025-08-12T16:18:15.481+0000] {dag.py:2742} INFO - Sync 1 DAGs
[2025-08-12T16:18:15.496+0000] {logging_mixin.py:150} INFO - [2025-08-12T16:18:15.496+0000] {dag.py:3504} INFO - Setting next_dagrun for example_branch_labels to 2025-08-11T00:00:00+00:00, run_after=2025-08-12T00:00:00+00:00
[2025-08-12T16:18:15.511+0000] {processor.py:179} INFO - Processing /home/vscode/.local/lib/python3.10/site-packages/airflow/example_dags/example_branch_labels.py took 0.051 seconds
[2025-08-12T16:18:57.823+0000] {processor.py:157} INFO - Started process (PID=35634) to work on /home/vscode/.local/lib/python3.10/site-packages/airflow/example_dags/example_branch_labels.py
[2025-08-12T16:18:57.824+0000] {processor.py:826} INFO - Processing file /home/vscode/.local/lib/python3.10/site-packages/airflow/example_dags/example_branch_labels.py for tasks to queue
[2025-08-12T16:18:57.825+0000] {logging_mixin.py:150} INFO - [2025-08-12T16:18:57.824+0000] {dagbag.py:541} INFO - Filling up the DagBag from /home/vscode/.local/lib/python3.10/site-packages/airflow/example_dags/example_branch_labels.py
[2025-08-12T16:18:57.830+0000] {processor.py:836} INFO - DAG(s) dict_keys(['example_branch_labels']) retrieved from /home/vscode/.local/lib/python3.10/site-packages/airflow/example_dags/example_branch_labels.py
[2025-08-12T16:18:57.842+0000] {logging_mixin.py:150} INFO - [2025-08-12T16:18:57.842+0000] {dag.py:2742} INFO - Sync 1 DAGs
[2025-08-12T16:18:57.857+0000] {logging_mixin.py:150} INFO - [2025-08-12T16:18:57.857+0000] {dag.py:3504} INFO - Setting next_dagrun for example_branch_labels to 2025-08-11T00:00:00+00:00, run_after=2025-08-12T00:00:00+00:00
[2025-08-12T16:18:57.872+0000] {processor.py:179} INFO - Processing /home/vscode/.local/lib/python3.10/site-packages/airflow/example_dags/example_branch_labels.py took 0.051 seconds
[2025-08-12T16:19:40.824+0000] {processor.py:157} INFO - Started process (PID=35925) to work on /home/vscode/.local/lib/python3.10/site-packages/airflow/example_dags/example_branch_labels.py
[2025-08-12T16:19:40.825+0000] {processor.py:826} INFO - Processing file /home/vscode/.local/lib/python3.10/site-packages/airflow/example_dags/example_branch_labels.py for tasks to queue
[2025-08-12T16:19:40.825+0000] {logging_mixin.py:150} INFO - [2025-08-12T16:19:40.825+0000] {dagbag.py:541} INFO - Filling up the DagBag from /home/vscode/.local/lib/python3.10/site-packages/airflow/example_dags/example_branch_labels.py
[2025-08-12T16:19:40.831+0000] {processor.py:836} INFO - DAG(s) dict_keys(['example_branch_labels']) retrieved from /home/vscode/.local/lib/python3.10/site-packages/airflow/example_dags/example_branch_labels.py
[2025-08-12T16:19:40.844+0000] {logging_mixin.py:150} INFO - [2025-08-12T16:19:40.844+0000] {dag.py:2742} INFO - Sync 1 DAGs
[2025-08-12T16:19:40.859+0000] {logging_mixin.py:150} INFO - [2025-08-12T16:19:40.859+0000] {dag.py:3504} INFO - Setting next_dagrun for example_branch_labels to 2025-08-11T00:00:00+00:00, run_after=2025-08-12T00:00:00+00:00
[2025-08-12T16:19:40.874+0000] {processor.py:179} INFO - Processing /home/vscode/.local/lib/python3.10/site-packages/airflow/example_dags/example_branch_labels.py took 0.052 seconds
[2025-08-12T16:20:29.630+0000] {processor.py:157} INFO - Started process (PID=36245) to work on /home/vscode/.local/lib/python3.10/site-packages/airflow/example_dags/example_branch_labels.py
[2025-08-12T16:20:29.630+0000] {processor.py:826} INFO - Processing file /home/vscode/.local/lib/python3.10/site-packages/airflow/example_dags/example_branch_labels.py for tasks to queue
[2025-08-12T16:20:29.631+0000] {logging_mixin.py:150} INFO - [2025-08-12T16:20:29.631+0000] {dagbag.py:541} INFO - Filling up the DagBag from /home/vscode/.local/lib/python3.10/site-packages/airflow/example_dags/example_branch_labels.py
[2025-08-12T16:20:29.636+0000] {processor.py:836} INFO - DAG(s) dict_keys(['example_branch_labels']) retrieved from /home/vscode/.local/lib/python3.10/site-packages/airflow/example_dags/example_branch_labels.py
[2025-08-12T16:20:29.649+0000] {logging_mixin.py:150} INFO - [2025-08-12T16:20:29.649+0000] {dag.py:2742} INFO - Sync 1 DAGs
[2025-08-12T16:20:29.664+0000] {logging_mixin.py:150} INFO - [2025-08-12T16:20:29.664+0000] {dag.py:3504} INFO - Setting next_dagrun for example_branch_labels to 2025-08-11T00:00:00+00:00, run_after=2025-08-12T00:00:00+00:00
[2025-08-12T16:20:29.679+0000] {processor.py:179} INFO - Processing /home/vscode/.local/lib/python3.10/site-packages/airflow/example_dags/example_branch_labels.py took 0.051 seconds
[2025-08-12T16:21:25.692+0000] {processor.py:157} INFO - Started process (PID=36623) to work on /home/vscode/.local/lib/python3.10/site-packages/airflow/example_dags/example_branch_labels.py
[2025-08-12T16:21:25.692+0000] {processor.py:826} INFO - Processing file /home/vscode/.local/lib/python3.10/site-packages/airflow/example_dags/example_branch_labels.py for tasks to queue
[2025-08-12T16:21:25.693+0000] {logging_mixin.py:150} INFO - [2025-08-12T16:21:25.693+0000] {dagbag.py:541} INFO - Filling up the DagBag from /home/vscode/.local/lib/python3.10/site-packages/airflow/example_dags/example_branch_labels.py
[2025-08-12T16:21:25.699+0000] {processor.py:836} INFO - DAG(s) dict_keys(['example_branch_labels']) retrieved from /home/vscode/.local/lib/python3.10/site-packages/airflow/example_dags/example_branch_labels.py
[2025-08-12T16:21:25.711+0000] {logging_mixin.py:150} INFO - [2025-08-12T16:21:25.711+0000] {dag.py:2742} INFO - Sync 1 DAGs
[2025-08-12T16:21:25.726+0000] {logging_mixin.py:150} INFO - [2025-08-12T16:21:25.726+0000] {dag.py:3504} INFO - Setting next_dagrun for example_branch_labels to 2025-08-11T00:00:00+00:00, run_after=2025-08-12T00:00:00+00:00
[2025-08-12T16:21:25.740+0000] {processor.py:179} INFO - Processing /home/vscode/.local/lib/python3.10/site-packages/airflow/example_dags/example_branch_labels.py took 0.051 seconds
[2025-08-12T16:22:07.819+0000] {processor.py:157} INFO - Started process (PID=36902) to work on /home/vscode/.local/lib/python3.10/site-packages/airflow/example_dags/example_branch_labels.py
[2025-08-12T16:22:07.820+0000] {processor.py:826} INFO - Processing file /home/vscode/.local/lib/python3.10/site-packages/airflow/example_dags/example_branch_labels.py for tasks to queue
[2025-08-12T16:22:07.820+0000] {logging_mixin.py:150} INFO - [2025-08-12T16:22:07.820+0000] {dagbag.py:541} INFO - Filling up the DagBag from /home/vscode/.local/lib/python3.10/site-packages/airflow/example_dags/example_branch_labels.py
[2025-08-12T16:22:07.826+0000] {processor.py:836} INFO - DAG(s) dict_keys(['example_branch_labels']) retrieved from /home/vscode/.local/lib/python3.10/site-packages/airflow/example_dags/example_branch_labels.py
[2025-08-12T16:22:07.838+0000] {logging_mixin.py:150} INFO - [2025-08-12T16:22:07.838+0000] {dag.py:2742} INFO - Sync 1 DAGs
[2025-08-12T16:22:07.853+0000] {logging_mixin.py:150} INFO - [2025-08-12T16:22:07.853+0000] {dag.py:3504} INFO - Setting next_dagrun for example_branch_labels to 2025-08-11T00:00:00+00:00, run_after=2025-08-12T00:00:00+00:00
[2025-08-12T16:22:07.870+0000] {processor.py:179} INFO - Processing /home/vscode/.local/lib/python3.10/site-packages/airflow/example_dags/example_branch_labels.py took 0.053 seconds
[2025-08-12T16:22:51.235+0000] {processor.py:157} INFO - Started process (PID=37193) to work on /home/vscode/.local/lib/python3.10/site-packages/airflow/example_dags/example_branch_labels.py
[2025-08-12T16:22:51.236+0000] {processor.py:826} INFO - Processing file /home/vscode/.local/lib/python3.10/site-packages/airflow/example_dags/example_branch_labels.py for tasks to queue
[2025-08-12T16:22:51.237+0000] {logging_mixin.py:150} INFO - [2025-08-12T16:22:51.236+0000] {dagbag.py:541} INFO - Filling up the DagBag from /home/vscode/.local/lib/python3.10/site-packages/airflow/example_dags/example_branch_labels.py
[2025-08-12T16:22:51.242+0000] {processor.py:836} INFO - DAG(s) dict_keys(['example_branch_labels']) retrieved from /home/vscode/.local/lib/python3.10/site-packages/airflow/example_dags/example_branch_labels.py
[2025-08-12T16:22:51.255+0000] {logging_mixin.py:150} INFO - [2025-08-12T16:22:51.255+0000] {dag.py:2742} INFO - Sync 1 DAGs
[2025-08-12T16:22:51.272+0000] {logging_mixin.py:150} INFO - [2025-08-12T16:22:51.272+0000] {dag.py:3504} INFO - Setting next_dagrun for example_branch_labels to 2025-08-11T00:00:00+00:00, run_after=2025-08-12T00:00:00+00:00
[2025-08-12T16:22:51.287+0000] {processor.py:179} INFO - Processing /home/vscode/.local/lib/python3.10/site-packages/airflow/example_dags/example_branch_labels.py took 0.053 seconds
[2025-08-12T16:23:37.956+0000] {processor.py:157} INFO - Started process (PID=37502) to work on /home/vscode/.local/lib/python3.10/site-packages/airflow/example_dags/example_branch_labels.py
[2025-08-12T16:23:37.957+0000] {processor.py:826} INFO - Processing file /home/vscode/.local/lib/python3.10/site-packages/airflow/example_dags/example_branch_labels.py for tasks to queue
[2025-08-12T16:23:37.958+0000] {logging_mixin.py:150} INFO - [2025-08-12T16:23:37.957+0000] {dagbag.py:541} INFO - Filling up the DagBag from /home/vscode/.local/lib/python3.10/site-packages/airflow/example_dags/example_branch_labels.py
[2025-08-12T16:23:37.963+0000] {processor.py:836} INFO - DAG(s) dict_keys(['example_branch_labels']) retrieved from /home/vscode/.local/lib/python3.10/site-packages/airflow/example_dags/example_branch_labels.py
[2025-08-12T16:23:37.978+0000] {logging_mixin.py:150} INFO - [2025-08-12T16:23:37.978+0000] {dag.py:2742} INFO - Sync 1 DAGs
[2025-08-12T16:23:37.994+0000] {logging_mixin.py:150} INFO - [2025-08-12T16:23:37.994+0000] {dag.py:3504} INFO - Setting next_dagrun for example_branch_labels to 2025-08-11T00:00:00+00:00, run_after=2025-08-12T00:00:00+00:00
[2025-08-12T16:23:38.009+0000] {processor.py:179} INFO - Processing /home/vscode/.local/lib/python3.10/site-packages/airflow/example_dags/example_branch_labels.py took 0.055 seconds
[2025-08-12T16:24:21.468+0000] {processor.py:157} INFO - Started process (PID=37788) to work on /home/vscode/.local/lib/python3.10/site-packages/airflow/example_dags/example_branch_labels.py
[2025-08-12T16:24:21.468+0000] {processor.py:826} INFO - Processing file /home/vscode/.local/lib/python3.10/site-packages/airflow/example_dags/example_branch_labels.py for tasks to queue
[2025-08-12T16:24:21.469+0000] {logging_mixin.py:150} INFO - [2025-08-12T16:24:21.469+0000] {dagbag.py:541} INFO - Filling up the DagBag from /home/vscode/.local/lib/python3.10/site-packages/airflow/example_dags/example_branch_labels.py
[2025-08-12T16:24:21.475+0000] {processor.py:836} INFO - DAG(s) dict_keys(['example_branch_labels']) retrieved from /home/vscode/.local/lib/python3.10/site-packages/airflow/example_dags/example_branch_labels.py
[2025-08-12T16:24:21.487+0000] {logging_mixin.py:150} INFO - [2025-08-12T16:24:21.487+0000] {dag.py:2742} INFO - Sync 1 DAGs
[2025-08-12T16:24:21.503+0000] {logging_mixin.py:150} INFO - [2025-08-12T16:24:21.503+0000] {dag.py:3504} INFO - Setting next_dagrun for example_branch_labels to 2025-08-11T00:00:00+00:00, run_after=2025-08-12T00:00:00+00:00
[2025-08-12T16:24:21.519+0000] {processor.py:179} INFO - Processing /home/vscode/.local/lib/python3.10/site-packages/airflow/example_dags/example_branch_labels.py took 0.053 seconds
[2025-08-12T16:25:05.442+0000] {processor.py:157} INFO - Started process (PID=38086) to work on /home/vscode/.local/lib/python3.10/site-packages/airflow/example_dags/example_branch_labels.py
[2025-08-12T16:25:05.443+0000] {processor.py:826} INFO - Processing file /home/vscode/.local/lib/python3.10/site-packages/airflow/example_dags/example_branch_labels.py for tasks to queue
[2025-08-12T16:25:05.444+0000] {logging_mixin.py:150} INFO - [2025-08-12T16:25:05.443+0000] {dagbag.py:541} INFO - Filling up the DagBag from /home/vscode/.local/lib/python3.10/site-packages/airflow/example_dags/example_branch_labels.py
[2025-08-12T16:25:05.449+0000] {processor.py:836} INFO - DAG(s) dict_keys(['example_branch_labels']) retrieved from /home/vscode/.local/lib/python3.10/site-packages/airflow/example_dags/example_branch_labels.py
[2025-08-12T16:25:05.464+0000] {logging_mixin.py:150} INFO - [2025-08-12T16:25:05.464+0000] {dag.py:2742} INFO - Sync 1 DAGs
[2025-08-12T16:25:05.480+0000] {logging_mixin.py:150} INFO - [2025-08-12T16:25:05.480+0000] {dag.py:3504} INFO - Setting next_dagrun for example_branch_labels to 2025-08-11T00:00:00+00:00, run_after=2025-08-12T00:00:00+00:00
[2025-08-12T16:25:05.496+0000] {processor.py:179} INFO - Processing /home/vscode/.local/lib/python3.10/site-packages/airflow/example_dags/example_branch_labels.py took 0.056 seconds
[2025-08-12T16:25:51.810+0000] {processor.py:157} INFO - Started process (PID=38388) to work on /home/vscode/.local/lib/python3.10/site-packages/airflow/example_dags/example_branch_labels.py
[2025-08-12T16:25:51.811+0000] {processor.py:826} INFO - Processing file /home/vscode/.local/lib/python3.10/site-packages/airflow/example_dags/example_branch_labels.py for tasks to queue
[2025-08-12T16:25:51.812+0000] {logging_mixin.py:150} INFO - [2025-08-12T16:25:51.812+0000] {dagbag.py:541} INFO - Filling up the DagBag from /home/vscode/.local/lib/python3.10/site-packages/airflow/example_dags/example_branch_labels.py
[2025-08-12T16:25:51.821+0000] {processor.py:836} INFO - DAG(s) dict_keys(['example_branch_labels']) retrieved from /home/vscode/.local/lib/python3.10/site-packages/airflow/example_dags/example_branch_labels.py
[2025-08-12T16:25:51.835+0000] {logging_mixin.py:150} INFO - [2025-08-12T16:25:51.835+0000] {dag.py:2742} INFO - Sync 1 DAGs
[2025-08-12T16:25:51.850+0000] {logging_mixin.py:150} INFO - [2025-08-12T16:25:51.850+0000] {dag.py:3504} INFO - Setting next_dagrun for example_branch_labels to 2025-08-11T00:00:00+00:00, run_after=2025-08-12T00:00:00+00:00
[2025-08-12T16:25:51.866+0000] {processor.py:179} INFO - Processing /home/vscode/.local/lib/python3.10/site-packages/airflow/example_dags/example_branch_labels.py took 0.059 seconds
[2025-08-12T16:26:35.065+0000] {processor.py:157} INFO - Started process (PID=38681) to work on /home/vscode/.local/lib/python3.10/site-packages/airflow/example_dags/example_branch_labels.py
[2025-08-12T16:26:35.065+0000] {processor.py:826} INFO - Processing file /home/vscode/.local/lib/python3.10/site-packages/airflow/example_dags/example_branch_labels.py for tasks to queue
[2025-08-12T16:26:35.066+0000] {logging_mixin.py:150} INFO - [2025-08-12T16:26:35.066+0000] {dagbag.py:541} INFO - Filling up the DagBag from /home/vscode/.local/lib/python3.10/site-packages/airflow/example_dags/example_branch_labels.py
[2025-08-12T16:26:35.072+0000] {processor.py:836} INFO - DAG(s) dict_keys(['example_branch_labels']) retrieved from /home/vscode/.local/lib/python3.10/site-packages/airflow/example_dags/example_branch_labels.py
[2025-08-12T16:26:35.085+0000] {logging_mixin.py:150} INFO - [2025-08-12T16:26:35.084+0000] {dag.py:2742} INFO - Sync 1 DAGs
[2025-08-12T16:26:35.100+0000] {logging_mixin.py:150} INFO - [2025-08-12T16:26:35.100+0000] {dag.py:3504} INFO - Setting next_dagrun for example_branch_labels to 2025-08-11T00:00:00+00:00, run_after=2025-08-12T00:00:00+00:00
[2025-08-12T16:26:35.115+0000] {processor.py:179} INFO - Processing /home/vscode/.local/lib/python3.10/site-packages/airflow/example_dags/example_branch_labels.py took 0.053 seconds
[2025-08-12T16:27:31.681+0000] {processor.py:157} INFO - Started process (PID=39054) to work on /home/vscode/.local/lib/python3.10/site-packages/airflow/example_dags/example_branch_labels.py
[2025-08-12T16:27:31.682+0000] {processor.py:826} INFO - Processing file /home/vscode/.local/lib/python3.10/site-packages/airflow/example_dags/example_branch_labels.py for tasks to queue
[2025-08-12T16:27:31.682+0000] {logging_mixin.py:150} INFO - [2025-08-12T16:27:31.682+0000] {dagbag.py:541} INFO - Filling up the DagBag from /home/vscode/.local/lib/python3.10/site-packages/airflow/example_dags/example_branch_labels.py
[2025-08-12T16:27:31.688+0000] {processor.py:836} INFO - DAG(s) dict_keys(['example_branch_labels']) retrieved from /home/vscode/.local/lib/python3.10/site-packages/airflow/example_dags/example_branch_labels.py
[2025-08-12T16:27:31.701+0000] {logging_mixin.py:150} INFO - [2025-08-12T16:27:31.701+0000] {dag.py:2742} INFO - Sync 1 DAGs
[2025-08-12T16:27:31.715+0000] {logging_mixin.py:150} INFO - [2025-08-12T16:27:31.715+0000] {dag.py:3504} INFO - Setting next_dagrun for example_branch_labels to 2025-08-11T00:00:00+00:00, run_after=2025-08-12T00:00:00+00:00
[2025-08-12T16:27:31.730+0000] {processor.py:179} INFO - Processing /home/vscode/.local/lib/python3.10/site-packages/airflow/example_dags/example_branch_labels.py took 0.052 seconds
[2025-08-12T16:28:27.607+0000] {processor.py:157} INFO - Started process (PID=39426) to work on /home/vscode/.local/lib/python3.10/site-packages/airflow/example_dags/example_branch_labels.py
[2025-08-12T16:28:27.607+0000] {processor.py:826} INFO - Processing file /home/vscode/.local/lib/python3.10/site-packages/airflow/example_dags/example_branch_labels.py for tasks to queue
[2025-08-12T16:28:27.608+0000] {logging_mixin.py:150} INFO - [2025-08-12T16:28:27.608+0000] {dagbag.py:541} INFO - Filling up the DagBag from /home/vscode/.local/lib/python3.10/site-packages/airflow/example_dags/example_branch_labels.py
[2025-08-12T16:28:27.614+0000] {processor.py:836} INFO - DAG(s) dict_keys(['example_branch_labels']) retrieved from /home/vscode/.local/lib/python3.10/site-packages/airflow/example_dags/example_branch_labels.py
[2025-08-12T16:28:27.627+0000] {logging_mixin.py:150} INFO - [2025-08-12T16:28:27.627+0000] {dag.py:2742} INFO - Sync 1 DAGs
[2025-08-12T16:28:27.643+0000] {logging_mixin.py:150} INFO - [2025-08-12T16:28:27.643+0000] {dag.py:3504} INFO - Setting next_dagrun for example_branch_labels to 2025-08-11T00:00:00+00:00, run_after=2025-08-12T00:00:00+00:00
[2025-08-12T16:28:27.658+0000] {processor.py:179} INFO - Processing /home/vscode/.local/lib/python3.10/site-packages/airflow/example_dags/example_branch_labels.py took 0.054 seconds
[2025-08-12T16:29:13.241+0000] {processor.py:157} INFO - Started process (PID=39734) to work on /home/vscode/.local/lib/python3.10/site-packages/airflow/example_dags/example_branch_labels.py
[2025-08-12T16:29:13.241+0000] {processor.py:826} INFO - Processing file /home/vscode/.local/lib/python3.10/site-packages/airflow/example_dags/example_branch_labels.py for tasks to queue
[2025-08-12T16:29:13.242+0000] {logging_mixin.py:150} INFO - [2025-08-12T16:29:13.242+0000] {dagbag.py:541} INFO - Filling up the DagBag from /home/vscode/.local/lib/python3.10/site-packages/airflow/example_dags/example_branch_labels.py
[2025-08-12T16:29:13.247+0000] {processor.py:836} INFO - DAG(s) dict_keys(['example_branch_labels']) retrieved from /home/vscode/.local/lib/python3.10/site-packages/airflow/example_dags/example_branch_labels.py
[2025-08-12T16:29:13.260+0000] {logging_mixin.py:150} INFO - [2025-08-12T16:29:13.260+0000] {dag.py:2742} INFO - Sync 1 DAGs
[2025-08-12T16:29:13.274+0000] {logging_mixin.py:150} INFO - [2025-08-12T16:29:13.274+0000] {dag.py:3504} INFO - Setting next_dagrun for example_branch_labels to 2025-08-11T00:00:00+00:00, run_after=2025-08-12T00:00:00+00:00
[2025-08-12T16:29:13.291+0000] {processor.py:179} INFO - Processing /home/vscode/.local/lib/python3.10/site-packages/airflow/example_dags/example_branch_labels.py took 0.052 seconds
[2025-08-12T16:30:00.370+0000] {processor.py:157} INFO - Started process (PID=40045) to work on /home/vscode/.local/lib/python3.10/site-packages/airflow/example_dags/example_branch_labels.py
[2025-08-12T16:30:00.370+0000] {processor.py:826} INFO - Processing file /home/vscode/.local/lib/python3.10/site-packages/airflow/example_dags/example_branch_labels.py for tasks to queue
[2025-08-12T16:30:00.371+0000] {logging_mixin.py:150} INFO - [2025-08-12T16:30:00.371+0000] {dagbag.py:541} INFO - Filling up the DagBag from /home/vscode/.local/lib/python3.10/site-packages/airflow/example_dags/example_branch_labels.py
[2025-08-12T16:30:00.377+0000] {processor.py:836} INFO - DAG(s) dict_keys(['example_branch_labels']) retrieved from /home/vscode/.local/lib/python3.10/site-packages/airflow/example_dags/example_branch_labels.py
[2025-08-12T16:30:00.390+0000] {logging_mixin.py:150} INFO - [2025-08-12T16:30:00.389+0000] {dag.py:2742} INFO - Sync 1 DAGs
[2025-08-12T16:30:00.405+0000] {logging_mixin.py:150} INFO - [2025-08-12T16:30:00.405+0000] {dag.py:3504} INFO - Setting next_dagrun for example_branch_labels to 2025-08-11T00:00:00+00:00, run_after=2025-08-12T00:00:00+00:00
[2025-08-12T16:30:00.420+0000] {processor.py:179} INFO - Processing /home/vscode/.local/lib/python3.10/site-packages/airflow/example_dags/example_branch_labels.py took 0.052 seconds
