[2025-08-12T15:37:02.302+0000] {processor.py:157} INFO - Started process (PID=17963) to work on /home/vscode/.local/lib/python3.10/site-packages/airflow/example_dags/example_sensors.py
[2025-08-12T15:37:02.302+0000] {processor.py:826} INFO - Processing file /home/vscode/.local/lib/python3.10/site-packages/airflow/example_dags/example_sensors.py for tasks to queue
[2025-08-12T15:37:02.303+0000] {logging_mixin.py:150} INFO - [2025-08-12T15:37:02.303+0000] {dagbag.py:541} INFO - Filling up the DagBag from /home/vscode/.local/lib/python3.10/site-packages/airflow/example_dags/example_sensors.py
[2025-08-12T15:37:02.310+0000] {processor.py:836} INFO - DAG(s) dict_keys(['example_sensors']) retrieved from /home/vscode/.local/lib/python3.10/site-packages/airflow/example_dags/example_sensors.py
[2025-08-12T15:37:02.397+0000] {logging_mixin.py:150} INFO - [2025-08-12T15:37:02.397+0000] {manager.py:504} INFO - Created Permission View: can edit on DAG:example_sensors
[2025-08-12T15:37:02.406+0000] {logging_mixin.py:150} INFO - [2025-08-12T15:37:02.406+0000] {manager.py:504} INFO - Created Permission View: can read on DAG:example_sensors
[2025-08-12T15:37:02.413+0000] {logging_mixin.py:150} INFO - [2025-08-12T15:37:02.413+0000] {manager.py:504} INFO - Created Permission View: can delete on DAG:example_sensors
[2025-08-12T15:37:02.421+0000] {logging_mixin.py:150} INFO - [2025-08-12T15:37:02.421+0000] {dag.py:2742} INFO - Sync 1 DAGs
[2025-08-12T15:37:02.428+0000] {logging_mixin.py:150} INFO - [2025-08-12T15:37:02.428+0000] {dag.py:2763} INFO - Creating ORM DAG for example_sensors
[2025-08-12T15:37:02.434+0000] {logging_mixin.py:150} INFO - [2025-08-12T15:37:02.434+0000] {dag.py:3504} INFO - Setting next_dagrun for example_sensors to None, run_after=None
[2025-08-12T15:37:02.451+0000] {processor.py:179} INFO - Processing /home/vscode/.local/lib/python3.10/site-packages/airflow/example_dags/example_sensors.py took 0.151 seconds
[2025-08-12T15:37:49.287+0000] {processor.py:157} INFO - Started process (PID=18329) to work on /home/vscode/.local/lib/python3.10/site-packages/airflow/example_dags/example_sensors.py
[2025-08-12T15:37:49.288+0000] {processor.py:826} INFO - Processing file /home/vscode/.local/lib/python3.10/site-packages/airflow/example_dags/example_sensors.py for tasks to queue
[2025-08-12T15:37:49.288+0000] {logging_mixin.py:150} INFO - [2025-08-12T15:37:49.288+0000] {dagbag.py:541} INFO - Filling up the DagBag from /home/vscode/.local/lib/python3.10/site-packages/airflow/example_dags/example_sensors.py
[2025-08-12T15:37:49.295+0000] {processor.py:836} INFO - DAG(s) dict_keys(['example_sensors']) retrieved from /home/vscode/.local/lib/python3.10/site-packages/airflow/example_dags/example_sensors.py
[2025-08-12T15:37:49.309+0000] {logging_mixin.py:150} INFO - [2025-08-12T15:37:49.309+0000] {dag.py:2742} INFO - Sync 1 DAGs
[2025-08-12T15:37:49.323+0000] {logging_mixin.py:150} INFO - [2025-08-12T15:37:49.323+0000] {dag.py:3504} INFO - Setting next_dagrun for example_sensors to None, run_after=None
[2025-08-12T15:37:49.339+0000] {processor.py:179} INFO - Processing /home/vscode/.local/lib/python3.10/site-packages/airflow/example_dags/example_sensors.py took 0.053 seconds
[2025-08-12T15:38:37.570+0000] {processor.py:157} INFO - Started process (PID=18694) to work on /home/vscode/.local/lib/python3.10/site-packages/airflow/example_dags/example_sensors.py
[2025-08-12T15:38:37.571+0000] {processor.py:826} INFO - Processing file /home/vscode/.local/lib/python3.10/site-packages/airflow/example_dags/example_sensors.py for tasks to queue
[2025-08-12T15:38:37.571+0000] {logging_mixin.py:150} INFO - [2025-08-12T15:38:37.571+0000] {dagbag.py:541} INFO - Filling up the DagBag from /home/vscode/.local/lib/python3.10/site-packages/airflow/example_dags/example_sensors.py
[2025-08-12T15:38:37.578+0000] {processor.py:836} INFO - DAG(s) dict_keys(['example_sensors']) retrieved from /home/vscode/.local/lib/python3.10/site-packages/airflow/example_dags/example_sensors.py
[2025-08-12T15:38:37.593+0000] {logging_mixin.py:150} INFO - [2025-08-12T15:38:37.593+0000] {dag.py:2742} INFO - Sync 1 DAGs
[2025-08-12T15:38:37.606+0000] {logging_mixin.py:150} INFO - [2025-08-12T15:38:37.606+0000] {dag.py:3504} INFO - Setting next_dagrun for example_sensors to None, run_after=None
[2025-08-12T15:38:37.621+0000] {processor.py:179} INFO - Processing /home/vscode/.local/lib/python3.10/site-packages/airflow/example_dags/example_sensors.py took 0.053 seconds
[2025-08-12T15:39:25.216+0000] {processor.py:157} INFO - Started process (PID=19084) to work on /home/vscode/.local/lib/python3.10/site-packages/airflow/example_dags/example_sensors.py
[2025-08-12T15:39:25.217+0000] {processor.py:826} INFO - Processing file /home/vscode/.local/lib/python3.10/site-packages/airflow/example_dags/example_sensors.py for tasks to queue
[2025-08-12T15:39:25.218+0000] {logging_mixin.py:150} INFO - [2025-08-12T15:39:25.217+0000] {dagbag.py:541} INFO - Filling up the DagBag from /home/vscode/.local/lib/python3.10/site-packages/airflow/example_dags/example_sensors.py
[2025-08-12T15:39:25.225+0000] {processor.py:836} INFO - DAG(s) dict_keys(['example_sensors']) retrieved from /home/vscode/.local/lib/python3.10/site-packages/airflow/example_dags/example_sensors.py
[2025-08-12T15:39:25.240+0000] {logging_mixin.py:150} INFO - [2025-08-12T15:39:25.239+0000] {dag.py:2742} INFO - Sync 1 DAGs
[2025-08-12T15:39:25.253+0000] {logging_mixin.py:150} INFO - [2025-08-12T15:39:25.253+0000] {dag.py:3504} INFO - Setting next_dagrun for example_sensors to None, run_after=None
[2025-08-12T15:39:25.268+0000] {processor.py:179} INFO - Processing /home/vscode/.local/lib/python3.10/site-packages/airflow/example_dags/example_sensors.py took 0.054 seconds
[2025-08-12T15:40:08.801+0000] {processor.py:157} INFO - Started process (PID=19376) to work on /home/vscode/.local/lib/python3.10/site-packages/airflow/example_dags/example_sensors.py
[2025-08-12T15:40:08.802+0000] {processor.py:826} INFO - Processing file /home/vscode/.local/lib/python3.10/site-packages/airflow/example_dags/example_sensors.py for tasks to queue
[2025-08-12T15:40:08.803+0000] {logging_mixin.py:150} INFO - [2025-08-12T15:40:08.802+0000] {dagbag.py:541} INFO - Filling up the DagBag from /home/vscode/.local/lib/python3.10/site-packages/airflow/example_dags/example_sensors.py
[2025-08-12T15:40:08.810+0000] {processor.py:836} INFO - DAG(s) dict_keys(['example_sensors']) retrieved from /home/vscode/.local/lib/python3.10/site-packages/airflow/example_dags/example_sensors.py
[2025-08-12T15:40:08.824+0000] {logging_mixin.py:150} INFO - [2025-08-12T15:40:08.824+0000] {dag.py:2742} INFO - Sync 1 DAGs
[2025-08-12T15:40:08.837+0000] {logging_mixin.py:150} INFO - [2025-08-12T15:40:08.837+0000] {dag.py:3504} INFO - Setting next_dagrun for example_sensors to None, run_after=None
[2025-08-12T15:40:08.853+0000] {processor.py:179} INFO - Processing /home/vscode/.local/lib/python3.10/site-packages/airflow/example_dags/example_sensors.py took 0.054 seconds
[2025-08-12T15:40:55.522+0000] {processor.py:157} INFO - Started process (PID=19692) to work on /home/vscode/.local/lib/python3.10/site-packages/airflow/example_dags/example_sensors.py
[2025-08-12T15:40:55.522+0000] {processor.py:826} INFO - Processing file /home/vscode/.local/lib/python3.10/site-packages/airflow/example_dags/example_sensors.py for tasks to queue
[2025-08-12T15:40:55.523+0000] {logging_mixin.py:150} INFO - [2025-08-12T15:40:55.523+0000] {dagbag.py:541} INFO - Filling up the DagBag from /home/vscode/.local/lib/python3.10/site-packages/airflow/example_dags/example_sensors.py
[2025-08-12T15:40:55.530+0000] {processor.py:836} INFO - DAG(s) dict_keys(['example_sensors']) retrieved from /home/vscode/.local/lib/python3.10/site-packages/airflow/example_dags/example_sensors.py
[2025-08-12T15:40:55.544+0000] {logging_mixin.py:150} INFO - [2025-08-12T15:40:55.544+0000] {dag.py:2742} INFO - Sync 1 DAGs
[2025-08-12T15:40:55.558+0000] {logging_mixin.py:150} INFO - [2025-08-12T15:40:55.558+0000] {dag.py:3504} INFO - Setting next_dagrun for example_sensors to None, run_after=None
[2025-08-12T15:40:55.574+0000] {processor.py:179} INFO - Processing /home/vscode/.local/lib/python3.10/site-packages/airflow/example_dags/example_sensors.py took 0.054 seconds
[2025-08-12T15:41:37.972+0000] {processor.py:157} INFO - Started process (PID=19970) to work on /home/vscode/.local/lib/python3.10/site-packages/airflow/example_dags/example_sensors.py
[2025-08-12T15:41:37.972+0000] {processor.py:826} INFO - Processing file /home/vscode/.local/lib/python3.10/site-packages/airflow/example_dags/example_sensors.py for tasks to queue
[2025-08-12T15:41:37.973+0000] {logging_mixin.py:150} INFO - [2025-08-12T15:41:37.973+0000] {dagbag.py:541} INFO - Filling up the DagBag from /home/vscode/.local/lib/python3.10/site-packages/airflow/example_dags/example_sensors.py
[2025-08-12T15:41:37.981+0000] {processor.py:836} INFO - DAG(s) dict_keys(['example_sensors']) retrieved from /home/vscode/.local/lib/python3.10/site-packages/airflow/example_dags/example_sensors.py
[2025-08-12T15:41:37.996+0000] {logging_mixin.py:150} INFO - [2025-08-12T15:41:37.996+0000] {dag.py:2742} INFO - Sync 1 DAGs
[2025-08-12T15:41:38.010+0000] {logging_mixin.py:150} INFO - [2025-08-12T15:41:38.010+0000] {dag.py:3504} INFO - Setting next_dagrun for example_sensors to None, run_after=None
[2025-08-12T15:41:38.026+0000] {processor.py:179} INFO - Processing /home/vscode/.local/lib/python3.10/site-packages/airflow/example_dags/example_sensors.py took 0.057 seconds
[2025-08-12T15:42:25.669+0000] {processor.py:157} INFO - Started process (PID=20287) to work on /home/vscode/.local/lib/python3.10/site-packages/airflow/example_dags/example_sensors.py
[2025-08-12T15:42:25.669+0000] {processor.py:826} INFO - Processing file /home/vscode/.local/lib/python3.10/site-packages/airflow/example_dags/example_sensors.py for tasks to queue
[2025-08-12T15:42:25.670+0000] {logging_mixin.py:150} INFO - [2025-08-12T15:42:25.670+0000] {dagbag.py:541} INFO - Filling up the DagBag from /home/vscode/.local/lib/python3.10/site-packages/airflow/example_dags/example_sensors.py
[2025-08-12T15:42:25.677+0000] {processor.py:836} INFO - DAG(s) dict_keys(['example_sensors']) retrieved from /home/vscode/.local/lib/python3.10/site-packages/airflow/example_dags/example_sensors.py
[2025-08-12T15:42:25.692+0000] {logging_mixin.py:150} INFO - [2025-08-12T15:42:25.692+0000] {dag.py:2742} INFO - Sync 1 DAGs
[2025-08-12T15:42:25.706+0000] {logging_mixin.py:150} INFO - [2025-08-12T15:42:25.706+0000] {dag.py:3504} INFO - Setting next_dagrun for example_sensors to None, run_after=None
[2025-08-12T15:42:25.723+0000] {processor.py:179} INFO - Processing /home/vscode/.local/lib/python3.10/site-packages/airflow/example_dags/example_sensors.py took 0.057 seconds
[2025-08-12T15:43:07.809+0000] {processor.py:157} INFO - Started process (PID=20573) to work on /home/vscode/.local/lib/python3.10/site-packages/airflow/example_dags/example_sensors.py
[2025-08-12T15:43:07.810+0000] {processor.py:826} INFO - Processing file /home/vscode/.local/lib/python3.10/site-packages/airflow/example_dags/example_sensors.py for tasks to queue
[2025-08-12T15:43:07.810+0000] {logging_mixin.py:150} INFO - [2025-08-12T15:43:07.810+0000] {dagbag.py:541} INFO - Filling up the DagBag from /home/vscode/.local/lib/python3.10/site-packages/airflow/example_dags/example_sensors.py
[2025-08-12T15:43:07.818+0000] {processor.py:836} INFO - DAG(s) dict_keys(['example_sensors']) retrieved from /home/vscode/.local/lib/python3.10/site-packages/airflow/example_dags/example_sensors.py
[2025-08-12T15:43:07.834+0000] {logging_mixin.py:150} INFO - [2025-08-12T15:43:07.834+0000] {dag.py:2742} INFO - Sync 1 DAGs
[2025-08-12T15:43:07.848+0000] {logging_mixin.py:150} INFO - [2025-08-12T15:43:07.848+0000] {dag.py:3504} INFO - Setting next_dagrun for example_sensors to None, run_after=None
[2025-08-12T15:43:07.865+0000] {processor.py:179} INFO - Processing /home/vscode/.local/lib/python3.10/site-packages/airflow/example_dags/example_sensors.py took 0.058 seconds
[2025-08-12T15:43:55.014+0000] {processor.py:157} INFO - Started process (PID=20882) to work on /home/vscode/.local/lib/python3.10/site-packages/airflow/example_dags/example_sensors.py
[2025-08-12T15:43:55.014+0000] {processor.py:826} INFO - Processing file /home/vscode/.local/lib/python3.10/site-packages/airflow/example_dags/example_sensors.py for tasks to queue
[2025-08-12T15:43:55.015+0000] {logging_mixin.py:150} INFO - [2025-08-12T15:43:55.015+0000] {dagbag.py:541} INFO - Filling up the DagBag from /home/vscode/.local/lib/python3.10/site-packages/airflow/example_dags/example_sensors.py
[2025-08-12T15:43:55.022+0000] {processor.py:836} INFO - DAG(s) dict_keys(['example_sensors']) retrieved from /home/vscode/.local/lib/python3.10/site-packages/airflow/example_dags/example_sensors.py
[2025-08-12T15:43:55.037+0000] {logging_mixin.py:150} INFO - [2025-08-12T15:43:55.037+0000] {dag.py:2742} INFO - Sync 1 DAGs
[2025-08-12T15:43:55.051+0000] {logging_mixin.py:150} INFO - [2025-08-12T15:43:55.051+0000] {dag.py:3504} INFO - Setting next_dagrun for example_sensors to None, run_after=None
[2025-08-12T15:43:55.067+0000] {processor.py:179} INFO - Processing /home/vscode/.local/lib/python3.10/site-packages/airflow/example_dags/example_sensors.py took 0.056 seconds
[2025-08-12T15:44:37.243+0000] {processor.py:157} INFO - Started process (PID=21161) to work on /home/vscode/.local/lib/python3.10/site-packages/airflow/example_dags/example_sensors.py
[2025-08-12T15:44:37.245+0000] {processor.py:826} INFO - Processing file /home/vscode/.local/lib/python3.10/site-packages/airflow/example_dags/example_sensors.py for tasks to queue
[2025-08-12T15:44:37.246+0000] {logging_mixin.py:150} INFO - [2025-08-12T15:44:37.245+0000] {dagbag.py:541} INFO - Filling up the DagBag from /home/vscode/.local/lib/python3.10/site-packages/airflow/example_dags/example_sensors.py
[2025-08-12T15:44:37.256+0000] {processor.py:836} INFO - DAG(s) dict_keys(['example_sensors']) retrieved from /home/vscode/.local/lib/python3.10/site-packages/airflow/example_dags/example_sensors.py
[2025-08-12T15:44:37.281+0000] {logging_mixin.py:150} INFO - [2025-08-12T15:44:37.281+0000] {dag.py:2742} INFO - Sync 1 DAGs
[2025-08-12T15:44:37.345+0000] {logging_mixin.py:150} INFO - [2025-08-12T15:44:37.345+0000] {dag.py:3504} INFO - Setting next_dagrun for example_sensors to None, run_after=None
[2025-08-12T15:44:37.395+0000] {processor.py:179} INFO - Processing /home/vscode/.local/lib/python3.10/site-packages/airflow/example_dags/example_sensors.py took 0.153 seconds
[2025-08-12T15:45:19.515+0000] {processor.py:157} INFO - Started process (PID=21444) to work on /home/vscode/.local/lib/python3.10/site-packages/airflow/example_dags/example_sensors.py
[2025-08-12T15:45:19.516+0000] {processor.py:826} INFO - Processing file /home/vscode/.local/lib/python3.10/site-packages/airflow/example_dags/example_sensors.py for tasks to queue
[2025-08-12T15:45:19.516+0000] {logging_mixin.py:150} INFO - [2025-08-12T15:45:19.516+0000] {dagbag.py:541} INFO - Filling up the DagBag from /home/vscode/.local/lib/python3.10/site-packages/airflow/example_dags/example_sensors.py
[2025-08-12T15:45:19.524+0000] {processor.py:836} INFO - DAG(s) dict_keys(['example_sensors']) retrieved from /home/vscode/.local/lib/python3.10/site-packages/airflow/example_dags/example_sensors.py
[2025-08-12T15:45:19.539+0000] {logging_mixin.py:150} INFO - [2025-08-12T15:45:19.539+0000] {dag.py:2742} INFO - Sync 1 DAGs
[2025-08-12T15:45:19.553+0000] {logging_mixin.py:150} INFO - [2025-08-12T15:45:19.553+0000] {dag.py:3504} INFO - Setting next_dagrun for example_sensors to None, run_after=None
[2025-08-12T15:45:19.569+0000] {processor.py:179} INFO - Processing /home/vscode/.local/lib/python3.10/site-packages/airflow/example_dags/example_sensors.py took 0.056 seconds
[2025-08-12T15:46:02.385+0000] {processor.py:157} INFO - Started process (PID=21730) to work on /home/vscode/.local/lib/python3.10/site-packages/airflow/example_dags/example_sensors.py
[2025-08-12T15:46:02.385+0000] {processor.py:826} INFO - Processing file /home/vscode/.local/lib/python3.10/site-packages/airflow/example_dags/example_sensors.py for tasks to queue
[2025-08-12T15:46:02.386+0000] {logging_mixin.py:150} INFO - [2025-08-12T15:46:02.386+0000] {dagbag.py:541} INFO - Filling up the DagBag from /home/vscode/.local/lib/python3.10/site-packages/airflow/example_dags/example_sensors.py
[2025-08-12T15:46:02.393+0000] {processor.py:836} INFO - DAG(s) dict_keys(['example_sensors']) retrieved from /home/vscode/.local/lib/python3.10/site-packages/airflow/example_dags/example_sensors.py
[2025-08-12T15:46:02.408+0000] {logging_mixin.py:150} INFO - [2025-08-12T15:46:02.408+0000] {dag.py:2742} INFO - Sync 1 DAGs
[2025-08-12T15:46:02.422+0000] {logging_mixin.py:150} INFO - [2025-08-12T15:46:02.422+0000] {dag.py:3504} INFO - Setting next_dagrun for example_sensors to None, run_after=None
[2025-08-12T15:46:02.438+0000] {processor.py:179} INFO - Processing /home/vscode/.local/lib/python3.10/site-packages/airflow/example_dags/example_sensors.py took 0.055 seconds
[2025-08-12T15:46:47.449+0000] {processor.py:157} INFO - Started process (PID=22032) to work on /home/vscode/.local/lib/python3.10/site-packages/airflow/example_dags/example_sensors.py
[2025-08-12T15:46:47.449+0000] {processor.py:826} INFO - Processing file /home/vscode/.local/lib/python3.10/site-packages/airflow/example_dags/example_sensors.py for tasks to queue
[2025-08-12T15:46:47.450+0000] {logging_mixin.py:150} INFO - [2025-08-12T15:46:47.450+0000] {dagbag.py:541} INFO - Filling up the DagBag from /home/vscode/.local/lib/python3.10/site-packages/airflow/example_dags/example_sensors.py
[2025-08-12T15:46:47.457+0000] {processor.py:836} INFO - DAG(s) dict_keys(['example_sensors']) retrieved from /home/vscode/.local/lib/python3.10/site-packages/airflow/example_dags/example_sensors.py
[2025-08-12T15:46:47.472+0000] {logging_mixin.py:150} INFO - [2025-08-12T15:46:47.472+0000] {dag.py:2742} INFO - Sync 1 DAGs
[2025-08-12T15:46:47.492+0000] {logging_mixin.py:150} INFO - [2025-08-12T15:46:47.492+0000] {dag.py:3504} INFO - Setting next_dagrun for example_sensors to None, run_after=None
[2025-08-12T15:46:47.508+0000] {processor.py:179} INFO - Processing /home/vscode/.local/lib/python3.10/site-packages/airflow/example_dags/example_sensors.py took 0.061 seconds
[2025-08-12T15:47:29.467+0000] {processor.py:157} INFO - Started process (PID=22308) to work on /home/vscode/.local/lib/python3.10/site-packages/airflow/example_dags/example_sensors.py
[2025-08-12T15:47:29.467+0000] {processor.py:826} INFO - Processing file /home/vscode/.local/lib/python3.10/site-packages/airflow/example_dags/example_sensors.py for tasks to queue
[2025-08-12T15:47:29.468+0000] {logging_mixin.py:150} INFO - [2025-08-12T15:47:29.468+0000] {dagbag.py:541} INFO - Filling up the DagBag from /home/vscode/.local/lib/python3.10/site-packages/airflow/example_dags/example_sensors.py
[2025-08-12T15:47:29.475+0000] {processor.py:836} INFO - DAG(s) dict_keys(['example_sensors']) retrieved from /home/vscode/.local/lib/python3.10/site-packages/airflow/example_dags/example_sensors.py
[2025-08-12T15:47:29.490+0000] {logging_mixin.py:150} INFO - [2025-08-12T15:47:29.490+0000] {dag.py:2742} INFO - Sync 1 DAGs
[2025-08-12T15:47:29.505+0000] {logging_mixin.py:150} INFO - [2025-08-12T15:47:29.505+0000] {dag.py:3504} INFO - Setting next_dagrun for example_sensors to None, run_after=None
[2025-08-12T15:47:29.521+0000] {processor.py:179} INFO - Processing /home/vscode/.local/lib/python3.10/site-packages/airflow/example_dags/example_sensors.py took 0.057 seconds
[2025-08-12T15:48:13.742+0000] {processor.py:157} INFO - Started process (PID=22604) to work on /home/vscode/.local/lib/python3.10/site-packages/airflow/example_dags/example_sensors.py
[2025-08-12T15:48:13.743+0000] {processor.py:826} INFO - Processing file /home/vscode/.local/lib/python3.10/site-packages/airflow/example_dags/example_sensors.py for tasks to queue
[2025-08-12T15:48:13.744+0000] {logging_mixin.py:150} INFO - [2025-08-12T15:48:13.743+0000] {dagbag.py:541} INFO - Filling up the DagBag from /home/vscode/.local/lib/python3.10/site-packages/airflow/example_dags/example_sensors.py
[2025-08-12T15:48:13.751+0000] {processor.py:836} INFO - DAG(s) dict_keys(['example_sensors']) retrieved from /home/vscode/.local/lib/python3.10/site-packages/airflow/example_dags/example_sensors.py
[2025-08-12T15:48:13.765+0000] {logging_mixin.py:150} INFO - [2025-08-12T15:48:13.765+0000] {dag.py:2742} INFO - Sync 1 DAGs
[2025-08-12T15:48:13.779+0000] {logging_mixin.py:150} INFO - [2025-08-12T15:48:13.779+0000] {dag.py:3504} INFO - Setting next_dagrun for example_sensors to None, run_after=None
[2025-08-12T15:48:13.794+0000] {processor.py:179} INFO - Processing /home/vscode/.local/lib/python3.10/site-packages/airflow/example_dags/example_sensors.py took 0.054 seconds
[2025-08-12T15:48:55.231+0000] {processor.py:157} INFO - Started process (PID=22897) to work on /home/vscode/.local/lib/python3.10/site-packages/airflow/example_dags/example_sensors.py
[2025-08-12T15:48:55.231+0000] {processor.py:826} INFO - Processing file /home/vscode/.local/lib/python3.10/site-packages/airflow/example_dags/example_sensors.py for tasks to queue
[2025-08-12T15:48:55.232+0000] {logging_mixin.py:150} INFO - [2025-08-12T15:48:55.232+0000] {dagbag.py:541} INFO - Filling up the DagBag from /home/vscode/.local/lib/python3.10/site-packages/airflow/example_dags/example_sensors.py
[2025-08-12T15:48:55.239+0000] {processor.py:836} INFO - DAG(s) dict_keys(['example_sensors']) retrieved from /home/vscode/.local/lib/python3.10/site-packages/airflow/example_dags/example_sensors.py
[2025-08-12T15:48:55.254+0000] {logging_mixin.py:150} INFO - [2025-08-12T15:48:55.254+0000] {dag.py:2742} INFO - Sync 1 DAGs
[2025-08-12T15:48:55.269+0000] {logging_mixin.py:150} INFO - [2025-08-12T15:48:55.268+0000] {dag.py:3504} INFO - Setting next_dagrun for example_sensors to None, run_after=None
[2025-08-12T15:48:55.284+0000] {processor.py:179} INFO - Processing /home/vscode/.local/lib/python3.10/site-packages/airflow/example_dags/example_sensors.py took 0.055 seconds
[2025-08-12T15:49:37.934+0000] {processor.py:157} INFO - Started process (PID=23201) to work on /home/vscode/.local/lib/python3.10/site-packages/airflow/example_dags/example_sensors.py
[2025-08-12T15:49:37.934+0000] {processor.py:826} INFO - Processing file /home/vscode/.local/lib/python3.10/site-packages/airflow/example_dags/example_sensors.py for tasks to queue
[2025-08-12T15:49:37.935+0000] {logging_mixin.py:150} INFO - [2025-08-12T15:49:37.935+0000] {dagbag.py:541} INFO - Filling up the DagBag from /home/vscode/.local/lib/python3.10/site-packages/airflow/example_dags/example_sensors.py
[2025-08-12T15:49:37.942+0000] {processor.py:836} INFO - DAG(s) dict_keys(['example_sensors']) retrieved from /home/vscode/.local/lib/python3.10/site-packages/airflow/example_dags/example_sensors.py
[2025-08-12T15:49:37.958+0000] {logging_mixin.py:150} INFO - [2025-08-12T15:49:37.958+0000] {dag.py:2742} INFO - Sync 1 DAGs
[2025-08-12T15:49:37.972+0000] {logging_mixin.py:150} INFO - [2025-08-12T15:49:37.972+0000] {dag.py:3504} INFO - Setting next_dagrun for example_sensors to None, run_after=None
[2025-08-12T15:49:37.989+0000] {processor.py:179} INFO - Processing /home/vscode/.local/lib/python3.10/site-packages/airflow/example_dags/example_sensors.py took 0.058 seconds
[2025-08-12T15:50:25.359+0000] {processor.py:157} INFO - Started process (PID=23684) to work on /home/vscode/.local/lib/python3.10/site-packages/airflow/example_dags/example_sensors.py
[2025-08-12T15:50:25.359+0000] {processor.py:826} INFO - Processing file /home/vscode/.local/lib/python3.10/site-packages/airflow/example_dags/example_sensors.py for tasks to queue
[2025-08-12T15:50:25.360+0000] {logging_mixin.py:150} INFO - [2025-08-12T15:50:25.359+0000] {dagbag.py:541} INFO - Filling up the DagBag from /home/vscode/.local/lib/python3.10/site-packages/airflow/example_dags/example_sensors.py
[2025-08-12T15:50:25.367+0000] {processor.py:836} INFO - DAG(s) dict_keys(['example_sensors']) retrieved from /home/vscode/.local/lib/python3.10/site-packages/airflow/example_dags/example_sensors.py
[2025-08-12T15:50:25.387+0000] {logging_mixin.py:150} INFO - [2025-08-12T15:50:25.387+0000] {dag.py:2742} INFO - Sync 1 DAGs
[2025-08-12T15:50:25.402+0000] {logging_mixin.py:150} INFO - [2025-08-12T15:50:25.402+0000] {dag.py:3504} INFO - Setting next_dagrun for example_sensors to None, run_after=None
[2025-08-12T15:50:25.429+0000] {processor.py:179} INFO - Processing /home/vscode/.local/lib/python3.10/site-packages/airflow/example_dags/example_sensors.py took 0.072 seconds
[2025-08-12T15:51:09.752+0000] {processor.py:157} INFO - Started process (PID=24040) to work on /home/vscode/.local/lib/python3.10/site-packages/airflow/example_dags/example_sensors.py
[2025-08-12T15:51:09.753+0000] {processor.py:826} INFO - Processing file /home/vscode/.local/lib/python3.10/site-packages/airflow/example_dags/example_sensors.py for tasks to queue
[2025-08-12T15:51:09.753+0000] {logging_mixin.py:150} INFO - [2025-08-12T15:51:09.753+0000] {dagbag.py:541} INFO - Filling up the DagBag from /home/vscode/.local/lib/python3.10/site-packages/airflow/example_dags/example_sensors.py
[2025-08-12T15:51:09.762+0000] {processor.py:836} INFO - DAG(s) dict_keys(['example_sensors']) retrieved from /home/vscode/.local/lib/python3.10/site-packages/airflow/example_dags/example_sensors.py
[2025-08-12T15:51:09.782+0000] {logging_mixin.py:150} INFO - [2025-08-12T15:51:09.782+0000] {dag.py:2742} INFO - Sync 1 DAGs
[2025-08-12T15:51:09.798+0000] {logging_mixin.py:150} INFO - [2025-08-12T15:51:09.798+0000] {dag.py:3504} INFO - Setting next_dagrun for example_sensors to None, run_after=None
[2025-08-12T15:51:09.815+0000] {processor.py:179} INFO - Processing /home/vscode/.local/lib/python3.10/site-packages/airflow/example_dags/example_sensors.py took 0.066 seconds
[2025-08-12T15:51:54.005+0000] {processor.py:157} INFO - Started process (PID=24331) to work on /home/vscode/.local/lib/python3.10/site-packages/airflow/example_dags/example_sensors.py
[2025-08-12T15:51:54.006+0000] {processor.py:826} INFO - Processing file /home/vscode/.local/lib/python3.10/site-packages/airflow/example_dags/example_sensors.py for tasks to queue
[2025-08-12T15:51:54.007+0000] {logging_mixin.py:150} INFO - [2025-08-12T15:51:54.007+0000] {dagbag.py:541} INFO - Filling up the DagBag from /home/vscode/.local/lib/python3.10/site-packages/airflow/example_dags/example_sensors.py
[2025-08-12T15:51:54.018+0000] {processor.py:836} INFO - DAG(s) dict_keys(['example_sensors']) retrieved from /home/vscode/.local/lib/python3.10/site-packages/airflow/example_dags/example_sensors.py
[2025-08-12T15:51:54.041+0000] {logging_mixin.py:150} INFO - [2025-08-12T15:51:54.041+0000] {dag.py:2742} INFO - Sync 1 DAGs
[2025-08-12T15:51:54.056+0000] {logging_mixin.py:150} INFO - [2025-08-12T15:51:54.056+0000] {dag.py:3504} INFO - Setting next_dagrun for example_sensors to None, run_after=None
[2025-08-12T15:51:54.072+0000] {processor.py:179} INFO - Processing /home/vscode/.local/lib/python3.10/site-packages/airflow/example_dags/example_sensors.py took 0.070 seconds
[2025-08-12T15:52:37.252+0000] {processor.py:157} INFO - Started process (PID=24637) to work on /home/vscode/.local/lib/python3.10/site-packages/airflow/example_dags/example_sensors.py
[2025-08-12T15:52:37.252+0000] {processor.py:826} INFO - Processing file /home/vscode/.local/lib/python3.10/site-packages/airflow/example_dags/example_sensors.py for tasks to queue
[2025-08-12T15:52:37.253+0000] {logging_mixin.py:150} INFO - [2025-08-12T15:52:37.253+0000] {dagbag.py:541} INFO - Filling up the DagBag from /home/vscode/.local/lib/python3.10/site-packages/airflow/example_dags/example_sensors.py
[2025-08-12T15:52:37.260+0000] {processor.py:836} INFO - DAG(s) dict_keys(['example_sensors']) retrieved from /home/vscode/.local/lib/python3.10/site-packages/airflow/example_dags/example_sensors.py
[2025-08-12T15:52:37.275+0000] {logging_mixin.py:150} INFO - [2025-08-12T15:52:37.275+0000] {dag.py:2742} INFO - Sync 1 DAGs
[2025-08-12T15:52:37.289+0000] {logging_mixin.py:150} INFO - [2025-08-12T15:52:37.289+0000] {dag.py:3504} INFO - Setting next_dagrun for example_sensors to None, run_after=None
[2025-08-12T15:52:37.305+0000] {processor.py:179} INFO - Processing /home/vscode/.local/lib/python3.10/site-packages/airflow/example_dags/example_sensors.py took 0.056 seconds
[2025-08-12T15:53:19.238+0000] {processor.py:157} INFO - Started process (PID=24965) to work on /home/vscode/.local/lib/python3.10/site-packages/airflow/example_dags/example_sensors.py
[2025-08-12T15:53:19.239+0000] {processor.py:826} INFO - Processing file /home/vscode/.local/lib/python3.10/site-packages/airflow/example_dags/example_sensors.py for tasks to queue
[2025-08-12T15:53:19.239+0000] {logging_mixin.py:150} INFO - [2025-08-12T15:53:19.239+0000] {dagbag.py:541} INFO - Filling up the DagBag from /home/vscode/.local/lib/python3.10/site-packages/airflow/example_dags/example_sensors.py
[2025-08-12T15:53:19.246+0000] {processor.py:836} INFO - DAG(s) dict_keys(['example_sensors']) retrieved from /home/vscode/.local/lib/python3.10/site-packages/airflow/example_dags/example_sensors.py
[2025-08-12T15:53:19.261+0000] {logging_mixin.py:150} INFO - [2025-08-12T15:53:19.261+0000] {dag.py:2742} INFO - Sync 1 DAGs
[2025-08-12T15:53:19.275+0000] {logging_mixin.py:150} INFO - [2025-08-12T15:53:19.275+0000] {dag.py:3504} INFO - Setting next_dagrun for example_sensors to None, run_after=None
[2025-08-12T15:53:19.292+0000] {processor.py:179} INFO - Processing /home/vscode/.local/lib/python3.10/site-packages/airflow/example_dags/example_sensors.py took 0.056 seconds
[2025-08-12T15:54:00.123+0000] {processor.py:157} INFO - Started process (PID=25260) to work on /home/vscode/.local/lib/python3.10/site-packages/airflow/example_dags/example_sensors.py
[2025-08-12T15:54:00.124+0000] {processor.py:826} INFO - Processing file /home/vscode/.local/lib/python3.10/site-packages/airflow/example_dags/example_sensors.py for tasks to queue
[2025-08-12T15:54:00.124+0000] {logging_mixin.py:150} INFO - [2025-08-12T15:54:00.124+0000] {dagbag.py:541} INFO - Filling up the DagBag from /home/vscode/.local/lib/python3.10/site-packages/airflow/example_dags/example_sensors.py
[2025-08-12T15:54:00.131+0000] {processor.py:836} INFO - DAG(s) dict_keys(['example_sensors']) retrieved from /home/vscode/.local/lib/python3.10/site-packages/airflow/example_dags/example_sensors.py
[2025-08-12T15:54:00.148+0000] {logging_mixin.py:150} INFO - [2025-08-12T15:54:00.148+0000] {dag.py:2742} INFO - Sync 1 DAGs
[2025-08-12T15:54:00.163+0000] {logging_mixin.py:150} INFO - [2025-08-12T15:54:00.162+0000] {dag.py:3504} INFO - Setting next_dagrun for example_sensors to None, run_after=None
[2025-08-12T15:54:00.179+0000] {processor.py:179} INFO - Processing /home/vscode/.local/lib/python3.10/site-packages/airflow/example_dags/example_sensors.py took 0.058 seconds
[2025-08-12T15:54:46.118+0000] {processor.py:157} INFO - Started process (PID=25622) to work on /home/vscode/.local/lib/python3.10/site-packages/airflow/example_dags/example_sensors.py
[2025-08-12T15:54:46.119+0000] {processor.py:826} INFO - Processing file /home/vscode/.local/lib/python3.10/site-packages/airflow/example_dags/example_sensors.py for tasks to queue
[2025-08-12T15:54:46.120+0000] {logging_mixin.py:150} INFO - [2025-08-12T15:54:46.120+0000] {dagbag.py:541} INFO - Filling up the DagBag from /home/vscode/.local/lib/python3.10/site-packages/airflow/example_dags/example_sensors.py
[2025-08-12T15:54:46.132+0000] {processor.py:836} INFO - DAG(s) dict_keys(['example_sensors']) retrieved from /home/vscode/.local/lib/python3.10/site-packages/airflow/example_dags/example_sensors.py
[2025-08-12T15:54:46.155+0000] {logging_mixin.py:150} INFO - [2025-08-12T15:54:46.155+0000] {dag.py:2742} INFO - Sync 1 DAGs
[2025-08-12T15:54:46.176+0000] {logging_mixin.py:150} INFO - [2025-08-12T15:54:46.176+0000] {dag.py:3504} INFO - Setting next_dagrun for example_sensors to None, run_after=None
[2025-08-12T15:54:46.192+0000] {processor.py:179} INFO - Processing /home/vscode/.local/lib/python3.10/site-packages/airflow/example_dags/example_sensors.py took 0.076 seconds
[2025-08-12T15:55:28.623+0000] {processor.py:157} INFO - Started process (PID=25948) to work on /home/vscode/.local/lib/python3.10/site-packages/airflow/example_dags/example_sensors.py
[2025-08-12T15:55:28.624+0000] {processor.py:826} INFO - Processing file /home/vscode/.local/lib/python3.10/site-packages/airflow/example_dags/example_sensors.py for tasks to queue
[2025-08-12T15:55:28.624+0000] {logging_mixin.py:150} INFO - [2025-08-12T15:55:28.624+0000] {dagbag.py:541} INFO - Filling up the DagBag from /home/vscode/.local/lib/python3.10/site-packages/airflow/example_dags/example_sensors.py
[2025-08-12T15:55:28.632+0000] {processor.py:836} INFO - DAG(s) dict_keys(['example_sensors']) retrieved from /home/vscode/.local/lib/python3.10/site-packages/airflow/example_dags/example_sensors.py
[2025-08-12T15:55:28.647+0000] {logging_mixin.py:150} INFO - [2025-08-12T15:55:28.647+0000] {dag.py:2742} INFO - Sync 1 DAGs
[2025-08-12T15:55:28.661+0000] {logging_mixin.py:150} INFO - [2025-08-12T15:55:28.661+0000] {dag.py:3504} INFO - Setting next_dagrun for example_sensors to None, run_after=None
[2025-08-12T15:55:28.677+0000] {processor.py:179} INFO - Processing /home/vscode/.local/lib/python3.10/site-packages/airflow/example_dags/example_sensors.py took 0.056 seconds
[2025-08-12T15:56:15.994+0000] {processor.py:157} INFO - Started process (PID=26304) to work on /home/vscode/.local/lib/python3.10/site-packages/airflow/example_dags/example_sensors.py
[2025-08-12T15:56:15.995+0000] {processor.py:826} INFO - Processing file /home/vscode/.local/lib/python3.10/site-packages/airflow/example_dags/example_sensors.py for tasks to queue
[2025-08-12T15:56:15.995+0000] {logging_mixin.py:150} INFO - [2025-08-12T15:56:15.995+0000] {dagbag.py:541} INFO - Filling up the DagBag from /home/vscode/.local/lib/python3.10/site-packages/airflow/example_dags/example_sensors.py
[2025-08-12T15:56:16.002+0000] {processor.py:836} INFO - DAG(s) dict_keys(['example_sensors']) retrieved from /home/vscode/.local/lib/python3.10/site-packages/airflow/example_dags/example_sensors.py
[2025-08-12T15:56:16.016+0000] {logging_mixin.py:150} INFO - [2025-08-12T15:56:16.016+0000] {dag.py:2742} INFO - Sync 1 DAGs
[2025-08-12T15:56:16.030+0000] {logging_mixin.py:150} INFO - [2025-08-12T15:56:16.030+0000] {dag.py:3504} INFO - Setting next_dagrun for example_sensors to None, run_after=None
[2025-08-12T15:56:16.046+0000] {processor.py:179} INFO - Processing /home/vscode/.local/lib/python3.10/site-packages/airflow/example_dags/example_sensors.py took 0.055 seconds
[2025-08-12T15:56:58.221+0000] {processor.py:157} INFO - Started process (PID=26634) to work on /home/vscode/.local/lib/python3.10/site-packages/airflow/example_dags/example_sensors.py
[2025-08-12T15:56:58.222+0000] {processor.py:826} INFO - Processing file /home/vscode/.local/lib/python3.10/site-packages/airflow/example_dags/example_sensors.py for tasks to queue
[2025-08-12T15:56:58.222+0000] {logging_mixin.py:150} INFO - [2025-08-12T15:56:58.222+0000] {dagbag.py:541} INFO - Filling up the DagBag from /home/vscode/.local/lib/python3.10/site-packages/airflow/example_dags/example_sensors.py
[2025-08-12T15:56:58.229+0000] {processor.py:836} INFO - DAG(s) dict_keys(['example_sensors']) retrieved from /home/vscode/.local/lib/python3.10/site-packages/airflow/example_dags/example_sensors.py
[2025-08-12T15:56:58.244+0000] {logging_mixin.py:150} INFO - [2025-08-12T15:56:58.244+0000] {dag.py:2742} INFO - Sync 1 DAGs
[2025-08-12T15:56:58.258+0000] {logging_mixin.py:150} INFO - [2025-08-12T15:56:58.258+0000] {dag.py:3504} INFO - Setting next_dagrun for example_sensors to None, run_after=None
[2025-08-12T15:56:58.273+0000] {processor.py:179} INFO - Processing /home/vscode/.local/lib/python3.10/site-packages/airflow/example_dags/example_sensors.py took 0.054 seconds
[2025-08-12T15:57:39.045+0000] {processor.py:157} INFO - Started process (PID=26949) to work on /home/vscode/.local/lib/python3.10/site-packages/airflow/example_dags/example_sensors.py
[2025-08-12T15:57:39.046+0000] {processor.py:826} INFO - Processing file /home/vscode/.local/lib/python3.10/site-packages/airflow/example_dags/example_sensors.py for tasks to queue
[2025-08-12T15:57:39.046+0000] {logging_mixin.py:150} INFO - [2025-08-12T15:57:39.046+0000] {dagbag.py:541} INFO - Filling up the DagBag from /home/vscode/.local/lib/python3.10/site-packages/airflow/example_dags/example_sensors.py
[2025-08-12T15:57:39.054+0000] {processor.py:836} INFO - DAG(s) dict_keys(['example_sensors']) retrieved from /home/vscode/.local/lib/python3.10/site-packages/airflow/example_dags/example_sensors.py
[2025-08-12T15:57:39.068+0000] {logging_mixin.py:150} INFO - [2025-08-12T15:57:39.068+0000] {dag.py:2742} INFO - Sync 1 DAGs
[2025-08-12T15:57:39.082+0000] {logging_mixin.py:150} INFO - [2025-08-12T15:57:39.082+0000] {dag.py:3504} INFO - Setting next_dagrun for example_sensors to None, run_after=None
[2025-08-12T15:57:39.097+0000] {processor.py:179} INFO - Processing /home/vscode/.local/lib/python3.10/site-packages/airflow/example_dags/example_sensors.py took 0.054 seconds
[2025-08-12T15:58:25.344+0000] {processor.py:157} INFO - Started process (PID=27263) to work on /home/vscode/.local/lib/python3.10/site-packages/airflow/example_dags/example_sensors.py
[2025-08-12T15:58:25.345+0000] {processor.py:826} INFO - Processing file /home/vscode/.local/lib/python3.10/site-packages/airflow/example_dags/example_sensors.py for tasks to queue
[2025-08-12T15:58:25.345+0000] {logging_mixin.py:150} INFO - [2025-08-12T15:58:25.345+0000] {dagbag.py:541} INFO - Filling up the DagBag from /home/vscode/.local/lib/python3.10/site-packages/airflow/example_dags/example_sensors.py
[2025-08-12T15:58:25.354+0000] {processor.py:836} INFO - DAG(s) dict_keys(['example_sensors']) retrieved from /home/vscode/.local/lib/python3.10/site-packages/airflow/example_dags/example_sensors.py
[2025-08-12T15:58:25.368+0000] {logging_mixin.py:150} INFO - [2025-08-12T15:58:25.368+0000] {dag.py:2742} INFO - Sync 1 DAGs
[2025-08-12T15:58:25.382+0000] {logging_mixin.py:150} INFO - [2025-08-12T15:58:25.382+0000] {dag.py:3504} INFO - Setting next_dagrun for example_sensors to None, run_after=None
[2025-08-12T15:58:25.397+0000] {processor.py:179} INFO - Processing /home/vscode/.local/lib/python3.10/site-packages/airflow/example_dags/example_sensors.py took 0.055 seconds
[2025-08-12T15:59:08.637+0000] {processor.py:157} INFO - Started process (PID=27551) to work on /home/vscode/.local/lib/python3.10/site-packages/airflow/example_dags/example_sensors.py
[2025-08-12T15:59:08.637+0000] {processor.py:826} INFO - Processing file /home/vscode/.local/lib/python3.10/site-packages/airflow/example_dags/example_sensors.py for tasks to queue
[2025-08-12T15:59:08.638+0000] {logging_mixin.py:150} INFO - [2025-08-12T15:59:08.638+0000] {dagbag.py:541} INFO - Filling up the DagBag from /home/vscode/.local/lib/python3.10/site-packages/airflow/example_dags/example_sensors.py
[2025-08-12T15:59:08.645+0000] {processor.py:836} INFO - DAG(s) dict_keys(['example_sensors']) retrieved from /home/vscode/.local/lib/python3.10/site-packages/airflow/example_dags/example_sensors.py
[2025-08-12T15:59:08.660+0000] {logging_mixin.py:150} INFO - [2025-08-12T15:59:08.660+0000] {dag.py:2742} INFO - Sync 1 DAGs
[2025-08-12T15:59:08.674+0000] {logging_mixin.py:150} INFO - [2025-08-12T15:59:08.674+0000] {dag.py:3504} INFO - Setting next_dagrun for example_sensors to None, run_after=None
[2025-08-12T15:59:08.690+0000] {processor.py:179} INFO - Processing /home/vscode/.local/lib/python3.10/site-packages/airflow/example_dags/example_sensors.py took 0.055 seconds
[2025-08-12T15:59:48.586+0000] {processor.py:157} INFO - Started process (PID=27814) to work on /home/vscode/.local/lib/python3.10/site-packages/airflow/example_dags/example_sensors.py
[2025-08-12T15:59:48.587+0000] {processor.py:826} INFO - Processing file /home/vscode/.local/lib/python3.10/site-packages/airflow/example_dags/example_sensors.py for tasks to queue
[2025-08-12T15:59:48.588+0000] {logging_mixin.py:150} INFO - [2025-08-12T15:59:48.587+0000] {dagbag.py:541} INFO - Filling up the DagBag from /home/vscode/.local/lib/python3.10/site-packages/airflow/example_dags/example_sensors.py
[2025-08-12T15:59:48.595+0000] {processor.py:836} INFO - DAG(s) dict_keys(['example_sensors']) retrieved from /home/vscode/.local/lib/python3.10/site-packages/airflow/example_dags/example_sensors.py
[2025-08-12T15:59:48.610+0000] {logging_mixin.py:150} INFO - [2025-08-12T15:59:48.610+0000] {dag.py:2742} INFO - Sync 1 DAGs
[2025-08-12T15:59:48.624+0000] {logging_mixin.py:150} INFO - [2025-08-12T15:59:48.624+0000] {dag.py:3504} INFO - Setting next_dagrun for example_sensors to None, run_after=None
[2025-08-12T15:59:48.640+0000] {processor.py:179} INFO - Processing /home/vscode/.local/lib/python3.10/site-packages/airflow/example_dags/example_sensors.py took 0.056 seconds
[2025-08-12T16:00:30.854+0000] {processor.py:157} INFO - Started process (PID=28101) to work on /home/vscode/.local/lib/python3.10/site-packages/airflow/example_dags/example_sensors.py
[2025-08-12T16:00:30.855+0000] {processor.py:826} INFO - Processing file /home/vscode/.local/lib/python3.10/site-packages/airflow/example_dags/example_sensors.py for tasks to queue
[2025-08-12T16:00:30.855+0000] {logging_mixin.py:150} INFO - [2025-08-12T16:00:30.855+0000] {dagbag.py:541} INFO - Filling up the DagBag from /home/vscode/.local/lib/python3.10/site-packages/airflow/example_dags/example_sensors.py
[2025-08-12T16:00:30.864+0000] {processor.py:836} INFO - DAG(s) dict_keys(['example_sensors']) retrieved from /home/vscode/.local/lib/python3.10/site-packages/airflow/example_dags/example_sensors.py
[2025-08-12T16:00:30.882+0000] {logging_mixin.py:150} INFO - [2025-08-12T16:00:30.882+0000] {dag.py:2742} INFO - Sync 1 DAGs
[2025-08-12T16:00:30.897+0000] {logging_mixin.py:150} INFO - [2025-08-12T16:00:30.897+0000] {dag.py:3504} INFO - Setting next_dagrun for example_sensors to None, run_after=None
[2025-08-12T16:00:30.913+0000] {processor.py:179} INFO - Processing /home/vscode/.local/lib/python3.10/site-packages/airflow/example_dags/example_sensors.py took 0.061 seconds
[2025-08-12T16:01:14.245+0000] {processor.py:157} INFO - Started process (PID=28526) to work on /home/vscode/.local/lib/python3.10/site-packages/airflow/example_dags/example_sensors.py
[2025-08-12T16:01:14.246+0000] {processor.py:826} INFO - Processing file /home/vscode/.local/lib/python3.10/site-packages/airflow/example_dags/example_sensors.py for tasks to queue
[2025-08-12T16:01:14.247+0000] {logging_mixin.py:150} INFO - [2025-08-12T16:01:14.246+0000] {dagbag.py:541} INFO - Filling up the DagBag from /home/vscode/.local/lib/python3.10/site-packages/airflow/example_dags/example_sensors.py
[2025-08-12T16:01:14.254+0000] {processor.py:836} INFO - DAG(s) dict_keys(['example_sensors']) retrieved from /home/vscode/.local/lib/python3.10/site-packages/airflow/example_dags/example_sensors.py
[2025-08-12T16:01:14.269+0000] {logging_mixin.py:150} INFO - [2025-08-12T16:01:14.269+0000] {dag.py:2742} INFO - Sync 1 DAGs
[2025-08-12T16:01:14.283+0000] {logging_mixin.py:150} INFO - [2025-08-12T16:01:14.283+0000] {dag.py:3504} INFO - Setting next_dagrun for example_sensors to None, run_after=None
[2025-08-12T16:01:14.300+0000] {processor.py:179} INFO - Processing /home/vscode/.local/lib/python3.10/site-packages/airflow/example_dags/example_sensors.py took 0.057 seconds
[2025-08-12T16:02:03.213+0000] {processor.py:157} INFO - Started process (PID=28882) to work on /home/vscode/.local/lib/python3.10/site-packages/airflow/example_dags/example_sensors.py
[2025-08-12T16:02:03.214+0000] {processor.py:826} INFO - Processing file /home/vscode/.local/lib/python3.10/site-packages/airflow/example_dags/example_sensors.py for tasks to queue
[2025-08-12T16:02:03.215+0000] {logging_mixin.py:150} INFO - [2025-08-12T16:02:03.214+0000] {dagbag.py:541} INFO - Filling up the DagBag from /home/vscode/.local/lib/python3.10/site-packages/airflow/example_dags/example_sensors.py
[2025-08-12T16:02:03.222+0000] {processor.py:836} INFO - DAG(s) dict_keys(['example_sensors']) retrieved from /home/vscode/.local/lib/python3.10/site-packages/airflow/example_dags/example_sensors.py
[2025-08-12T16:02:03.237+0000] {logging_mixin.py:150} INFO - [2025-08-12T16:02:03.237+0000] {dag.py:2742} INFO - Sync 1 DAGs
[2025-08-12T16:02:03.251+0000] {logging_mixin.py:150} INFO - [2025-08-12T16:02:03.251+0000] {dag.py:3504} INFO - Setting next_dagrun for example_sensors to None, run_after=None
[2025-08-12T16:02:03.267+0000] {processor.py:179} INFO - Processing /home/vscode/.local/lib/python3.10/site-packages/airflow/example_dags/example_sensors.py took 0.056 seconds
[2025-08-12T16:02:44.281+0000] {processor.py:157} INFO - Started process (PID=29160) to work on /home/vscode/.local/lib/python3.10/site-packages/airflow/example_dags/example_sensors.py
[2025-08-12T16:02:44.281+0000] {processor.py:826} INFO - Processing file /home/vscode/.local/lib/python3.10/site-packages/airflow/example_dags/example_sensors.py for tasks to queue
[2025-08-12T16:02:44.282+0000] {logging_mixin.py:150} INFO - [2025-08-12T16:02:44.282+0000] {dagbag.py:541} INFO - Filling up the DagBag from /home/vscode/.local/lib/python3.10/site-packages/airflow/example_dags/example_sensors.py
[2025-08-12T16:02:44.289+0000] {processor.py:836} INFO - DAG(s) dict_keys(['example_sensors']) retrieved from /home/vscode/.local/lib/python3.10/site-packages/airflow/example_dags/example_sensors.py
[2025-08-12T16:02:44.304+0000] {logging_mixin.py:150} INFO - [2025-08-12T16:02:44.304+0000] {dag.py:2742} INFO - Sync 1 DAGs
[2025-08-12T16:02:44.318+0000] {logging_mixin.py:150} INFO - [2025-08-12T16:02:44.318+0000] {dag.py:3504} INFO - Setting next_dagrun for example_sensors to None, run_after=None
[2025-08-12T16:02:44.334+0000] {processor.py:179} INFO - Processing /home/vscode/.local/lib/python3.10/site-packages/airflow/example_dags/example_sensors.py took 0.056 seconds
[2025-08-12T16:03:25.515+0000] {processor.py:157} INFO - Started process (PID=29427) to work on /home/vscode/.local/lib/python3.10/site-packages/airflow/example_dags/example_sensors.py
[2025-08-12T16:03:25.516+0000] {processor.py:826} INFO - Processing file /home/vscode/.local/lib/python3.10/site-packages/airflow/example_dags/example_sensors.py for tasks to queue
[2025-08-12T16:03:25.516+0000] {logging_mixin.py:150} INFO - [2025-08-12T16:03:25.516+0000] {dagbag.py:541} INFO - Filling up the DagBag from /home/vscode/.local/lib/python3.10/site-packages/airflow/example_dags/example_sensors.py
[2025-08-12T16:03:25.523+0000] {processor.py:836} INFO - DAG(s) dict_keys(['example_sensors']) retrieved from /home/vscode/.local/lib/python3.10/site-packages/airflow/example_dags/example_sensors.py
[2025-08-12T16:03:25.539+0000] {logging_mixin.py:150} INFO - [2025-08-12T16:03:25.538+0000] {dag.py:2742} INFO - Sync 1 DAGs
[2025-08-12T16:03:25.552+0000] {logging_mixin.py:150} INFO - [2025-08-12T16:03:25.552+0000] {dag.py:3504} INFO - Setting next_dagrun for example_sensors to None, run_after=None
[2025-08-12T16:03:25.568+0000] {processor.py:179} INFO - Processing /home/vscode/.local/lib/python3.10/site-packages/airflow/example_dags/example_sensors.py took 0.055 seconds
[2025-08-12T16:04:10.849+0000] {processor.py:157} INFO - Started process (PID=29728) to work on /home/vscode/.local/lib/python3.10/site-packages/airflow/example_dags/example_sensors.py
[2025-08-12T16:04:10.850+0000] {processor.py:826} INFO - Processing file /home/vscode/.local/lib/python3.10/site-packages/airflow/example_dags/example_sensors.py for tasks to queue
[2025-08-12T16:04:10.851+0000] {logging_mixin.py:150} INFO - [2025-08-12T16:04:10.850+0000] {dagbag.py:541} INFO - Filling up the DagBag from /home/vscode/.local/lib/python3.10/site-packages/airflow/example_dags/example_sensors.py
[2025-08-12T16:04:10.858+0000] {processor.py:836} INFO - DAG(s) dict_keys(['example_sensors']) retrieved from /home/vscode/.local/lib/python3.10/site-packages/airflow/example_dags/example_sensors.py
[2025-08-12T16:04:10.872+0000] {logging_mixin.py:150} INFO - [2025-08-12T16:04:10.872+0000] {dag.py:2742} INFO - Sync 1 DAGs
[2025-08-12T16:04:10.886+0000] {logging_mixin.py:150} INFO - [2025-08-12T16:04:10.886+0000] {dag.py:3504} INFO - Setting next_dagrun for example_sensors to None, run_after=None
[2025-08-12T16:04:10.901+0000] {processor.py:179} INFO - Processing /home/vscode/.local/lib/python3.10/site-packages/airflow/example_dags/example_sensors.py took 0.054 seconds
[2025-08-12T16:04:58.079+0000] {processor.py:157} INFO - Started process (PID=30041) to work on /home/vscode/.local/lib/python3.10/site-packages/airflow/example_dags/example_sensors.py
[2025-08-12T16:04:58.080+0000] {processor.py:826} INFO - Processing file /home/vscode/.local/lib/python3.10/site-packages/airflow/example_dags/example_sensors.py for tasks to queue
[2025-08-12T16:04:58.080+0000] {logging_mixin.py:150} INFO - [2025-08-12T16:04:58.080+0000] {dagbag.py:541} INFO - Filling up the DagBag from /home/vscode/.local/lib/python3.10/site-packages/airflow/example_dags/example_sensors.py
[2025-08-12T16:04:58.087+0000] {processor.py:836} INFO - DAG(s) dict_keys(['example_sensors']) retrieved from /home/vscode/.local/lib/python3.10/site-packages/airflow/example_dags/example_sensors.py
[2025-08-12T16:04:58.102+0000] {logging_mixin.py:150} INFO - [2025-08-12T16:04:58.102+0000] {dag.py:2742} INFO - Sync 1 DAGs
[2025-08-12T16:04:58.116+0000] {logging_mixin.py:150} INFO - [2025-08-12T16:04:58.116+0000] {dag.py:3504} INFO - Setting next_dagrun for example_sensors to None, run_after=None
[2025-08-12T16:04:58.133+0000] {processor.py:179} INFO - Processing /home/vscode/.local/lib/python3.10/site-packages/airflow/example_dags/example_sensors.py took 0.056 seconds
[2025-08-12T16:05:40.150+0000] {processor.py:157} INFO - Started process (PID=30326) to work on /home/vscode/.local/lib/python3.10/site-packages/airflow/example_dags/example_sensors.py
[2025-08-12T16:05:40.151+0000] {processor.py:826} INFO - Processing file /home/vscode/.local/lib/python3.10/site-packages/airflow/example_dags/example_sensors.py for tasks to queue
[2025-08-12T16:05:40.152+0000] {logging_mixin.py:150} INFO - [2025-08-12T16:05:40.151+0000] {dagbag.py:541} INFO - Filling up the DagBag from /home/vscode/.local/lib/python3.10/site-packages/airflow/example_dags/example_sensors.py
[2025-08-12T16:05:40.159+0000] {processor.py:836} INFO - DAG(s) dict_keys(['example_sensors']) retrieved from /home/vscode/.local/lib/python3.10/site-packages/airflow/example_dags/example_sensors.py
[2025-08-12T16:05:40.175+0000] {logging_mixin.py:150} INFO - [2025-08-12T16:05:40.174+0000] {dag.py:2742} INFO - Sync 1 DAGs
[2025-08-12T16:05:40.189+0000] {logging_mixin.py:150} INFO - [2025-08-12T16:05:40.189+0000] {dag.py:3504} INFO - Setting next_dagrun for example_sensors to None, run_after=None
[2025-08-12T16:05:40.205+0000] {processor.py:179} INFO - Processing /home/vscode/.local/lib/python3.10/site-packages/airflow/example_dags/example_sensors.py took 0.056 seconds
[2025-08-12T16:06:27.627+0000] {processor.py:157} INFO - Started process (PID=30642) to work on /home/vscode/.local/lib/python3.10/site-packages/airflow/example_dags/example_sensors.py
[2025-08-12T16:06:27.628+0000] {processor.py:826} INFO - Processing file /home/vscode/.local/lib/python3.10/site-packages/airflow/example_dags/example_sensors.py for tasks to queue
[2025-08-12T16:06:27.628+0000] {logging_mixin.py:150} INFO - [2025-08-12T16:06:27.628+0000] {dagbag.py:541} INFO - Filling up the DagBag from /home/vscode/.local/lib/python3.10/site-packages/airflow/example_dags/example_sensors.py
[2025-08-12T16:06:27.635+0000] {processor.py:836} INFO - DAG(s) dict_keys(['example_sensors']) retrieved from /home/vscode/.local/lib/python3.10/site-packages/airflow/example_dags/example_sensors.py
[2025-08-12T16:06:27.651+0000] {logging_mixin.py:150} INFO - [2025-08-12T16:06:27.650+0000] {dag.py:2742} INFO - Sync 1 DAGs
[2025-08-12T16:06:27.665+0000] {logging_mixin.py:150} INFO - [2025-08-12T16:06:27.665+0000] {dag.py:3504} INFO - Setting next_dagrun for example_sensors to None, run_after=None
[2025-08-12T16:06:27.680+0000] {processor.py:179} INFO - Processing /home/vscode/.local/lib/python3.10/site-packages/airflow/example_dags/example_sensors.py took 0.055 seconds
[2025-08-12T16:07:09.839+0000] {processor.py:157} INFO - Started process (PID=30928) to work on /home/vscode/.local/lib/python3.10/site-packages/airflow/example_dags/example_sensors.py
[2025-08-12T16:07:09.840+0000] {processor.py:826} INFO - Processing file /home/vscode/.local/lib/python3.10/site-packages/airflow/example_dags/example_sensors.py for tasks to queue
[2025-08-12T16:07:09.840+0000] {logging_mixin.py:150} INFO - [2025-08-12T16:07:09.840+0000] {dagbag.py:541} INFO - Filling up the DagBag from /home/vscode/.local/lib/python3.10/site-packages/airflow/example_dags/example_sensors.py
[2025-08-12T16:07:09.848+0000] {processor.py:836} INFO - DAG(s) dict_keys(['example_sensors']) retrieved from /home/vscode/.local/lib/python3.10/site-packages/airflow/example_dags/example_sensors.py
[2025-08-12T16:07:09.862+0000] {logging_mixin.py:150} INFO - [2025-08-12T16:07:09.862+0000] {dag.py:2742} INFO - Sync 1 DAGs
[2025-08-12T16:07:09.876+0000] {logging_mixin.py:150} INFO - [2025-08-12T16:07:09.876+0000] {dag.py:3504} INFO - Setting next_dagrun for example_sensors to None, run_after=None
[2025-08-12T16:07:09.891+0000] {processor.py:179} INFO - Processing /home/vscode/.local/lib/python3.10/site-packages/airflow/example_dags/example_sensors.py took 0.054 seconds
[2025-08-12T16:07:51.531+0000] {processor.py:157} INFO - Started process (PID=31199) to work on /home/vscode/.local/lib/python3.10/site-packages/airflow/example_dags/example_sensors.py
[2025-08-12T16:07:51.532+0000] {processor.py:826} INFO - Processing file /home/vscode/.local/lib/python3.10/site-packages/airflow/example_dags/example_sensors.py for tasks to queue
[2025-08-12T16:07:51.533+0000] {logging_mixin.py:150} INFO - [2025-08-12T16:07:51.532+0000] {dagbag.py:541} INFO - Filling up the DagBag from /home/vscode/.local/lib/python3.10/site-packages/airflow/example_dags/example_sensors.py
[2025-08-12T16:07:51.540+0000] {processor.py:836} INFO - DAG(s) dict_keys(['example_sensors']) retrieved from /home/vscode/.local/lib/python3.10/site-packages/airflow/example_dags/example_sensors.py
[2025-08-12T16:07:51.554+0000] {logging_mixin.py:150} INFO - [2025-08-12T16:07:51.554+0000] {dag.py:2742} INFO - Sync 1 DAGs
[2025-08-12T16:07:51.568+0000] {logging_mixin.py:150} INFO - [2025-08-12T16:07:51.568+0000] {dag.py:3504} INFO - Setting next_dagrun for example_sensors to None, run_after=None
[2025-08-12T16:07:51.584+0000] {processor.py:179} INFO - Processing /home/vscode/.local/lib/python3.10/site-packages/airflow/example_dags/example_sensors.py took 0.055 seconds
[2025-08-12T16:08:33.215+0000] {processor.py:157} INFO - Started process (PID=31475) to work on /home/vscode/.local/lib/python3.10/site-packages/airflow/example_dags/example_sensors.py
[2025-08-12T16:08:33.216+0000] {processor.py:826} INFO - Processing file /home/vscode/.local/lib/python3.10/site-packages/airflow/example_dags/example_sensors.py for tasks to queue
[2025-08-12T16:08:33.216+0000] {logging_mixin.py:150} INFO - [2025-08-12T16:08:33.216+0000] {dagbag.py:541} INFO - Filling up the DagBag from /home/vscode/.local/lib/python3.10/site-packages/airflow/example_dags/example_sensors.py
[2025-08-12T16:08:33.223+0000] {processor.py:836} INFO - DAG(s) dict_keys(['example_sensors']) retrieved from /home/vscode/.local/lib/python3.10/site-packages/airflow/example_dags/example_sensors.py
[2025-08-12T16:08:33.238+0000] {logging_mixin.py:150} INFO - [2025-08-12T16:08:33.238+0000] {dag.py:2742} INFO - Sync 1 DAGs
[2025-08-12T16:08:33.252+0000] {logging_mixin.py:150} INFO - [2025-08-12T16:08:33.252+0000] {dag.py:3504} INFO - Setting next_dagrun for example_sensors to None, run_after=None
[2025-08-12T16:08:33.268+0000] {processor.py:179} INFO - Processing /home/vscode/.local/lib/python3.10/site-packages/airflow/example_dags/example_sensors.py took 0.056 seconds
[2025-08-12T16:09:16.027+0000] {processor.py:157} INFO - Started process (PID=31765) to work on /home/vscode/.local/lib/python3.10/site-packages/airflow/example_dags/example_sensors.py
[2025-08-12T16:09:16.028+0000] {processor.py:826} INFO - Processing file /home/vscode/.local/lib/python3.10/site-packages/airflow/example_dags/example_sensors.py for tasks to queue
[2025-08-12T16:09:16.028+0000] {logging_mixin.py:150} INFO - [2025-08-12T16:09:16.028+0000] {dagbag.py:541} INFO - Filling up the DagBag from /home/vscode/.local/lib/python3.10/site-packages/airflow/example_dags/example_sensors.py
[2025-08-12T16:09:16.035+0000] {processor.py:836} INFO - DAG(s) dict_keys(['example_sensors']) retrieved from /home/vscode/.local/lib/python3.10/site-packages/airflow/example_dags/example_sensors.py
[2025-08-12T16:09:16.050+0000] {logging_mixin.py:150} INFO - [2025-08-12T16:09:16.050+0000] {dag.py:2742} INFO - Sync 1 DAGs
[2025-08-12T16:09:16.063+0000] {logging_mixin.py:150} INFO - [2025-08-12T16:09:16.063+0000] {dag.py:3504} INFO - Setting next_dagrun for example_sensors to None, run_after=None
[2025-08-12T16:09:16.078+0000] {processor.py:179} INFO - Processing /home/vscode/.local/lib/python3.10/site-packages/airflow/example_dags/example_sensors.py took 0.054 seconds
[2025-08-12T16:10:01.157+0000] {processor.py:157} INFO - Started process (PID=32061) to work on /home/vscode/.local/lib/python3.10/site-packages/airflow/example_dags/example_sensors.py
[2025-08-12T16:10:01.157+0000] {processor.py:826} INFO - Processing file /home/vscode/.local/lib/python3.10/site-packages/airflow/example_dags/example_sensors.py for tasks to queue
[2025-08-12T16:10:01.158+0000] {logging_mixin.py:150} INFO - [2025-08-12T16:10:01.158+0000] {dagbag.py:541} INFO - Filling up the DagBag from /home/vscode/.local/lib/python3.10/site-packages/airflow/example_dags/example_sensors.py
[2025-08-12T16:10:01.165+0000] {processor.py:836} INFO - DAG(s) dict_keys(['example_sensors']) retrieved from /home/vscode/.local/lib/python3.10/site-packages/airflow/example_dags/example_sensors.py
[2025-08-12T16:10:01.179+0000] {logging_mixin.py:150} INFO - [2025-08-12T16:10:01.179+0000] {dag.py:2742} INFO - Sync 1 DAGs
[2025-08-12T16:10:01.193+0000] {logging_mixin.py:150} INFO - [2025-08-12T16:10:01.193+0000] {dag.py:3504} INFO - Setting next_dagrun for example_sensors to None, run_after=None
[2025-08-12T16:10:01.209+0000] {processor.py:179} INFO - Processing /home/vscode/.local/lib/python3.10/site-packages/airflow/example_dags/example_sensors.py took 0.054 seconds
[2025-08-12T16:10:48.373+0000] {processor.py:157} INFO - Started process (PID=32377) to work on /home/vscode/.local/lib/python3.10/site-packages/airflow/example_dags/example_sensors.py
[2025-08-12T16:10:48.373+0000] {processor.py:826} INFO - Processing file /home/vscode/.local/lib/python3.10/site-packages/airflow/example_dags/example_sensors.py for tasks to queue
[2025-08-12T16:10:48.374+0000] {logging_mixin.py:150} INFO - [2025-08-12T16:10:48.374+0000] {dagbag.py:541} INFO - Filling up the DagBag from /home/vscode/.local/lib/python3.10/site-packages/airflow/example_dags/example_sensors.py
[2025-08-12T16:10:48.381+0000] {processor.py:836} INFO - DAG(s) dict_keys(['example_sensors']) retrieved from /home/vscode/.local/lib/python3.10/site-packages/airflow/example_dags/example_sensors.py
[2025-08-12T16:10:48.395+0000] {logging_mixin.py:150} INFO - [2025-08-12T16:10:48.395+0000] {dag.py:2742} INFO - Sync 1 DAGs
[2025-08-12T16:10:48.409+0000] {logging_mixin.py:150} INFO - [2025-08-12T16:10:48.409+0000] {dag.py:3504} INFO - Setting next_dagrun for example_sensors to None, run_after=None
[2025-08-12T16:10:48.424+0000] {processor.py:179} INFO - Processing /home/vscode/.local/lib/python3.10/site-packages/airflow/example_dags/example_sensors.py took 0.054 seconds
[2025-08-12T16:11:31.676+0000] {processor.py:157} INFO - Started process (PID=32664) to work on /home/vscode/.local/lib/python3.10/site-packages/airflow/example_dags/example_sensors.py
[2025-08-12T16:11:31.677+0000] {processor.py:826} INFO - Processing file /home/vscode/.local/lib/python3.10/site-packages/airflow/example_dags/example_sensors.py for tasks to queue
[2025-08-12T16:11:31.677+0000] {logging_mixin.py:150} INFO - [2025-08-12T16:11:31.677+0000] {dagbag.py:541} INFO - Filling up the DagBag from /home/vscode/.local/lib/python3.10/site-packages/airflow/example_dags/example_sensors.py
[2025-08-12T16:11:31.684+0000] {processor.py:836} INFO - DAG(s) dict_keys(['example_sensors']) retrieved from /home/vscode/.local/lib/python3.10/site-packages/airflow/example_dags/example_sensors.py
[2025-08-12T16:11:31.698+0000] {logging_mixin.py:150} INFO - [2025-08-12T16:11:31.698+0000] {dag.py:2742} INFO - Sync 1 DAGs
[2025-08-12T16:11:31.712+0000] {logging_mixin.py:150} INFO - [2025-08-12T16:11:31.712+0000] {dag.py:3504} INFO - Setting next_dagrun for example_sensors to None, run_after=None
[2025-08-12T16:11:31.727+0000] {processor.py:179} INFO - Processing /home/vscode/.local/lib/python3.10/site-packages/airflow/example_dags/example_sensors.py took 0.053 seconds
[2025-08-12T16:12:15.581+0000] {processor.py:157} INFO - Started process (PID=32957) to work on /home/vscode/.local/lib/python3.10/site-packages/airflow/example_dags/example_sensors.py
[2025-08-12T16:12:15.582+0000] {processor.py:826} INFO - Processing file /home/vscode/.local/lib/python3.10/site-packages/airflow/example_dags/example_sensors.py for tasks to queue
[2025-08-12T16:12:15.582+0000] {logging_mixin.py:150} INFO - [2025-08-12T16:12:15.582+0000] {dagbag.py:541} INFO - Filling up the DagBag from /home/vscode/.local/lib/python3.10/site-packages/airflow/example_dags/example_sensors.py
[2025-08-12T16:12:15.589+0000] {processor.py:836} INFO - DAG(s) dict_keys(['example_sensors']) retrieved from /home/vscode/.local/lib/python3.10/site-packages/airflow/example_dags/example_sensors.py
[2025-08-12T16:12:15.603+0000] {logging_mixin.py:150} INFO - [2025-08-12T16:12:15.603+0000] {dag.py:2742} INFO - Sync 1 DAGs
[2025-08-12T16:12:15.617+0000] {logging_mixin.py:150} INFO - [2025-08-12T16:12:15.616+0000] {dag.py:3504} INFO - Setting next_dagrun for example_sensors to None, run_after=None
[2025-08-12T16:12:15.632+0000] {processor.py:179} INFO - Processing /home/vscode/.local/lib/python3.10/site-packages/airflow/example_dags/example_sensors.py took 0.053 seconds
[2025-08-12T16:13:04.094+0000] {processor.py:157} INFO - Started process (PID=33282) to work on /home/vscode/.local/lib/python3.10/site-packages/airflow/example_dags/example_sensors.py
[2025-08-12T16:13:04.095+0000] {processor.py:826} INFO - Processing file /home/vscode/.local/lib/python3.10/site-packages/airflow/example_dags/example_sensors.py for tasks to queue
[2025-08-12T16:13:04.095+0000] {logging_mixin.py:150} INFO - [2025-08-12T16:13:04.095+0000] {dagbag.py:541} INFO - Filling up the DagBag from /home/vscode/.local/lib/python3.10/site-packages/airflow/example_dags/example_sensors.py
[2025-08-12T16:13:04.102+0000] {processor.py:836} INFO - DAG(s) dict_keys(['example_sensors']) retrieved from /home/vscode/.local/lib/python3.10/site-packages/airflow/example_dags/example_sensors.py
[2025-08-12T16:13:04.117+0000] {logging_mixin.py:150} INFO - [2025-08-12T16:13:04.117+0000] {dag.py:2742} INFO - Sync 1 DAGs
[2025-08-12T16:13:04.132+0000] {logging_mixin.py:150} INFO - [2025-08-12T16:13:04.132+0000] {dag.py:3504} INFO - Setting next_dagrun for example_sensors to None, run_after=None
[2025-08-12T16:13:04.149+0000] {processor.py:179} INFO - Processing /home/vscode/.local/lib/python3.10/site-packages/airflow/example_dags/example_sensors.py took 0.058 seconds
[2025-08-12T16:13:46.831+0000] {processor.py:157} INFO - Started process (PID=33562) to work on /home/vscode/.local/lib/python3.10/site-packages/airflow/example_dags/example_sensors.py
[2025-08-12T16:13:46.832+0000] {processor.py:826} INFO - Processing file /home/vscode/.local/lib/python3.10/site-packages/airflow/example_dags/example_sensors.py for tasks to queue
[2025-08-12T16:13:46.832+0000] {logging_mixin.py:150} INFO - [2025-08-12T16:13:46.832+0000] {dagbag.py:541} INFO - Filling up the DagBag from /home/vscode/.local/lib/python3.10/site-packages/airflow/example_dags/example_sensors.py
[2025-08-12T16:13:46.840+0000] {processor.py:836} INFO - DAG(s) dict_keys(['example_sensors']) retrieved from /home/vscode/.local/lib/python3.10/site-packages/airflow/example_dags/example_sensors.py
[2025-08-12T16:13:46.855+0000] {logging_mixin.py:150} INFO - [2025-08-12T16:13:46.854+0000] {dag.py:2742} INFO - Sync 1 DAGs
[2025-08-12T16:13:46.869+0000] {logging_mixin.py:150} INFO - [2025-08-12T16:13:46.869+0000] {dag.py:3504} INFO - Setting next_dagrun for example_sensors to None, run_after=None
[2025-08-12T16:13:46.884+0000] {processor.py:179} INFO - Processing /home/vscode/.local/lib/python3.10/site-packages/airflow/example_dags/example_sensors.py took 0.055 seconds
[2025-08-12T16:14:35.457+0000] {processor.py:157} INFO - Started process (PID=33883) to work on /home/vscode/.local/lib/python3.10/site-packages/airflow/example_dags/example_sensors.py
[2025-08-12T16:14:35.457+0000] {processor.py:826} INFO - Processing file /home/vscode/.local/lib/python3.10/site-packages/airflow/example_dags/example_sensors.py for tasks to queue
[2025-08-12T16:14:35.458+0000] {logging_mixin.py:150} INFO - [2025-08-12T16:14:35.457+0000] {dagbag.py:541} INFO - Filling up the DagBag from /home/vscode/.local/lib/python3.10/site-packages/airflow/example_dags/example_sensors.py
[2025-08-12T16:14:35.465+0000] {processor.py:836} INFO - DAG(s) dict_keys(['example_sensors']) retrieved from /home/vscode/.local/lib/python3.10/site-packages/airflow/example_dags/example_sensors.py
[2025-08-12T16:14:35.481+0000] {logging_mixin.py:150} INFO - [2025-08-12T16:14:35.480+0000] {dag.py:2742} INFO - Sync 1 DAGs
[2025-08-12T16:14:35.495+0000] {logging_mixin.py:150} INFO - [2025-08-12T16:14:35.494+0000] {dag.py:3504} INFO - Setting next_dagrun for example_sensors to None, run_after=None
[2025-08-12T16:14:35.510+0000] {processor.py:179} INFO - Processing /home/vscode/.local/lib/python3.10/site-packages/airflow/example_dags/example_sensors.py took 0.056 seconds
[2025-08-12T16:15:15.455+0000] {processor.py:157} INFO - Started process (PID=34153) to work on /home/vscode/.local/lib/python3.10/site-packages/airflow/example_dags/example_sensors.py
[2025-08-12T16:15:15.455+0000] {processor.py:826} INFO - Processing file /home/vscode/.local/lib/python3.10/site-packages/airflow/example_dags/example_sensors.py for tasks to queue
[2025-08-12T16:15:15.456+0000] {logging_mixin.py:150} INFO - [2025-08-12T16:15:15.456+0000] {dagbag.py:541} INFO - Filling up the DagBag from /home/vscode/.local/lib/python3.10/site-packages/airflow/example_dags/example_sensors.py
[2025-08-12T16:15:15.463+0000] {processor.py:836} INFO - DAG(s) dict_keys(['example_sensors']) retrieved from /home/vscode/.local/lib/python3.10/site-packages/airflow/example_dags/example_sensors.py
[2025-08-12T16:15:15.478+0000] {logging_mixin.py:150} INFO - [2025-08-12T16:15:15.477+0000] {dag.py:2742} INFO - Sync 1 DAGs
[2025-08-12T16:15:15.491+0000] {logging_mixin.py:150} INFO - [2025-08-12T16:15:15.491+0000] {dag.py:3504} INFO - Setting next_dagrun for example_sensors to None, run_after=None
[2025-08-12T16:15:15.508+0000] {processor.py:179} INFO - Processing /home/vscode/.local/lib/python3.10/site-packages/airflow/example_dags/example_sensors.py took 0.055 seconds
[2025-08-12T16:15:57.290+0000] {processor.py:157} INFO - Started process (PID=34432) to work on /home/vscode/.local/lib/python3.10/site-packages/airflow/example_dags/example_sensors.py
[2025-08-12T16:15:57.291+0000] {processor.py:826} INFO - Processing file /home/vscode/.local/lib/python3.10/site-packages/airflow/example_dags/example_sensors.py for tasks to queue
[2025-08-12T16:15:57.292+0000] {logging_mixin.py:150} INFO - [2025-08-12T16:15:57.291+0000] {dagbag.py:541} INFO - Filling up the DagBag from /home/vscode/.local/lib/python3.10/site-packages/airflow/example_dags/example_sensors.py
[2025-08-12T16:15:57.299+0000] {processor.py:836} INFO - DAG(s) dict_keys(['example_sensors']) retrieved from /home/vscode/.local/lib/python3.10/site-packages/airflow/example_dags/example_sensors.py
[2025-08-12T16:15:57.313+0000] {logging_mixin.py:150} INFO - [2025-08-12T16:15:57.313+0000] {dag.py:2742} INFO - Sync 1 DAGs
[2025-08-12T16:15:57.326+0000] {logging_mixin.py:150} INFO - [2025-08-12T16:15:57.326+0000] {dag.py:3504} INFO - Setting next_dagrun for example_sensors to None, run_after=None
[2025-08-12T16:15:57.341+0000] {processor.py:179} INFO - Processing /home/vscode/.local/lib/python3.10/site-packages/airflow/example_dags/example_sensors.py took 0.053 seconds
[2025-08-12T16:16:38.554+0000] {processor.py:157} INFO - Started process (PID=34714) to work on /home/vscode/.local/lib/python3.10/site-packages/airflow/example_dags/example_sensors.py
[2025-08-12T16:16:38.555+0000] {processor.py:826} INFO - Processing file /home/vscode/.local/lib/python3.10/site-packages/airflow/example_dags/example_sensors.py for tasks to queue
[2025-08-12T16:16:38.556+0000] {logging_mixin.py:150} INFO - [2025-08-12T16:16:38.555+0000] {dagbag.py:541} INFO - Filling up the DagBag from /home/vscode/.local/lib/python3.10/site-packages/airflow/example_dags/example_sensors.py
[2025-08-12T16:16:38.567+0000] {processor.py:836} INFO - DAG(s) dict_keys(['example_sensors']) retrieved from /home/vscode/.local/lib/python3.10/site-packages/airflow/example_dags/example_sensors.py
[2025-08-12T16:16:38.587+0000] {logging_mixin.py:150} INFO - [2025-08-12T16:16:38.587+0000] {dag.py:2742} INFO - Sync 1 DAGs
[2025-08-12T16:16:38.601+0000] {logging_mixin.py:150} INFO - [2025-08-12T16:16:38.601+0000] {dag.py:3504} INFO - Setting next_dagrun for example_sensors to None, run_after=None
[2025-08-12T16:16:38.619+0000] {processor.py:179} INFO - Processing /home/vscode/.local/lib/python3.10/site-packages/airflow/example_dags/example_sensors.py took 0.067 seconds
[2025-08-12T16:17:21.369+0000] {processor.py:157} INFO - Started process (PID=34995) to work on /home/vscode/.local/lib/python3.10/site-packages/airflow/example_dags/example_sensors.py
[2025-08-12T16:17:21.370+0000] {processor.py:826} INFO - Processing file /home/vscode/.local/lib/python3.10/site-packages/airflow/example_dags/example_sensors.py for tasks to queue
[2025-08-12T16:17:21.370+0000] {logging_mixin.py:150} INFO - [2025-08-12T16:17:21.370+0000] {dagbag.py:541} INFO - Filling up the DagBag from /home/vscode/.local/lib/python3.10/site-packages/airflow/example_dags/example_sensors.py
[2025-08-12T16:17:21.377+0000] {processor.py:836} INFO - DAG(s) dict_keys(['example_sensors']) retrieved from /home/vscode/.local/lib/python3.10/site-packages/airflow/example_dags/example_sensors.py
[2025-08-12T16:17:21.392+0000] {logging_mixin.py:150} INFO - [2025-08-12T16:17:21.392+0000] {dag.py:2742} INFO - Sync 1 DAGs
[2025-08-12T16:17:21.406+0000] {logging_mixin.py:150} INFO - [2025-08-12T16:17:21.406+0000] {dag.py:3504} INFO - Setting next_dagrun for example_sensors to None, run_after=None
[2025-08-12T16:17:21.422+0000] {processor.py:179} INFO - Processing /home/vscode/.local/lib/python3.10/site-packages/airflow/example_dags/example_sensors.py took 0.055 seconds
[2025-08-12T16:18:11.454+0000] {processor.py:157} INFO - Started process (PID=35330) to work on /home/vscode/.local/lib/python3.10/site-packages/airflow/example_dags/example_sensors.py
[2025-08-12T16:18:11.455+0000] {processor.py:826} INFO - Processing file /home/vscode/.local/lib/python3.10/site-packages/airflow/example_dags/example_sensors.py for tasks to queue
[2025-08-12T16:18:11.455+0000] {logging_mixin.py:150} INFO - [2025-08-12T16:18:11.455+0000] {dagbag.py:541} INFO - Filling up the DagBag from /home/vscode/.local/lib/python3.10/site-packages/airflow/example_dags/example_sensors.py
[2025-08-12T16:18:11.462+0000] {processor.py:836} INFO - DAG(s) dict_keys(['example_sensors']) retrieved from /home/vscode/.local/lib/python3.10/site-packages/airflow/example_dags/example_sensors.py
[2025-08-12T16:18:11.477+0000] {logging_mixin.py:150} INFO - [2025-08-12T16:18:11.477+0000] {dag.py:2742} INFO - Sync 1 DAGs
[2025-08-12T16:18:11.491+0000] {logging_mixin.py:150} INFO - [2025-08-12T16:18:11.491+0000] {dag.py:3504} INFO - Setting next_dagrun for example_sensors to None, run_after=None
[2025-08-12T16:18:11.506+0000] {processor.py:179} INFO - Processing /home/vscode/.local/lib/python3.10/site-packages/airflow/example_dags/example_sensors.py took 0.055 seconds
[2025-08-12T16:18:52.684+0000] {processor.py:157} INFO - Started process (PID=35606) to work on /home/vscode/.local/lib/python3.10/site-packages/airflow/example_dags/example_sensors.py
[2025-08-12T16:18:52.684+0000] {processor.py:826} INFO - Processing file /home/vscode/.local/lib/python3.10/site-packages/airflow/example_dags/example_sensors.py for tasks to queue
[2025-08-12T16:18:52.685+0000] {logging_mixin.py:150} INFO - [2025-08-12T16:18:52.685+0000] {dagbag.py:541} INFO - Filling up the DagBag from /home/vscode/.local/lib/python3.10/site-packages/airflow/example_dags/example_sensors.py
[2025-08-12T16:18:52.692+0000] {processor.py:836} INFO - DAG(s) dict_keys(['example_sensors']) retrieved from /home/vscode/.local/lib/python3.10/site-packages/airflow/example_dags/example_sensors.py
[2025-08-12T16:18:52.706+0000] {logging_mixin.py:150} INFO - [2025-08-12T16:18:52.706+0000] {dag.py:2742} INFO - Sync 1 DAGs
[2025-08-12T16:18:52.720+0000] {logging_mixin.py:150} INFO - [2025-08-12T16:18:52.720+0000] {dag.py:3504} INFO - Setting next_dagrun for example_sensors to None, run_after=None
[2025-08-12T16:18:52.736+0000] {processor.py:179} INFO - Processing /home/vscode/.local/lib/python3.10/site-packages/airflow/example_dags/example_sensors.py took 0.054 seconds
[2025-08-12T16:19:34.969+0000] {processor.py:157} INFO - Started process (PID=35883) to work on /home/vscode/.local/lib/python3.10/site-packages/airflow/example_dags/example_sensors.py
[2025-08-12T16:19:34.969+0000] {processor.py:826} INFO - Processing file /home/vscode/.local/lib/python3.10/site-packages/airflow/example_dags/example_sensors.py for tasks to queue
[2025-08-12T16:19:34.970+0000] {logging_mixin.py:150} INFO - [2025-08-12T16:19:34.970+0000] {dagbag.py:541} INFO - Filling up the DagBag from /home/vscode/.local/lib/python3.10/site-packages/airflow/example_dags/example_sensors.py
[2025-08-12T16:19:34.977+0000] {processor.py:836} INFO - DAG(s) dict_keys(['example_sensors']) retrieved from /home/vscode/.local/lib/python3.10/site-packages/airflow/example_dags/example_sensors.py
[2025-08-12T16:19:34.992+0000] {logging_mixin.py:150} INFO - [2025-08-12T16:19:34.991+0000] {dag.py:2742} INFO - Sync 1 DAGs
[2025-08-12T16:19:35.005+0000] {logging_mixin.py:150} INFO - [2025-08-12T16:19:35.005+0000] {dag.py:3504} INFO - Setting next_dagrun for example_sensors to None, run_after=None
[2025-08-12T16:19:35.021+0000] {processor.py:179} INFO - Processing /home/vscode/.local/lib/python3.10/site-packages/airflow/example_dags/example_sensors.py took 0.054 seconds
[2025-08-12T16:20:24.033+0000] {processor.py:157} INFO - Started process (PID=36209) to work on /home/vscode/.local/lib/python3.10/site-packages/airflow/example_dags/example_sensors.py
[2025-08-12T16:20:24.033+0000] {processor.py:826} INFO - Processing file /home/vscode/.local/lib/python3.10/site-packages/airflow/example_dags/example_sensors.py for tasks to queue
[2025-08-12T16:20:24.034+0000] {logging_mixin.py:150} INFO - [2025-08-12T16:20:24.034+0000] {dagbag.py:541} INFO - Filling up the DagBag from /home/vscode/.local/lib/python3.10/site-packages/airflow/example_dags/example_sensors.py
[2025-08-12T16:20:24.041+0000] {processor.py:836} INFO - DAG(s) dict_keys(['example_sensors']) retrieved from /home/vscode/.local/lib/python3.10/site-packages/airflow/example_dags/example_sensors.py
[2025-08-12T16:20:24.056+0000] {logging_mixin.py:150} INFO - [2025-08-12T16:20:24.056+0000] {dag.py:2742} INFO - Sync 1 DAGs
[2025-08-12T16:20:24.070+0000] {logging_mixin.py:150} INFO - [2025-08-12T16:20:24.070+0000] {dag.py:3504} INFO - Setting next_dagrun for example_sensors to None, run_after=None
[2025-08-12T16:20:24.087+0000] {processor.py:179} INFO - Processing /home/vscode/.local/lib/python3.10/site-packages/airflow/example_dags/example_sensors.py took 0.056 seconds
[2025-08-12T16:21:05.166+0000] {processor.py:157} INFO - Started process (PID=36486) to work on /home/vscode/.local/lib/python3.10/site-packages/airflow/example_dags/example_sensors.py
[2025-08-12T16:21:05.166+0000] {processor.py:826} INFO - Processing file /home/vscode/.local/lib/python3.10/site-packages/airflow/example_dags/example_sensors.py for tasks to queue
[2025-08-12T16:21:05.167+0000] {logging_mixin.py:150} INFO - [2025-08-12T16:21:05.167+0000] {dagbag.py:541} INFO - Filling up the DagBag from /home/vscode/.local/lib/python3.10/site-packages/airflow/example_dags/example_sensors.py
[2025-08-12T16:21:05.174+0000] {processor.py:836} INFO - DAG(s) dict_keys(['example_sensors']) retrieved from /home/vscode/.local/lib/python3.10/site-packages/airflow/example_dags/example_sensors.py
[2025-08-12T16:21:05.188+0000] {logging_mixin.py:150} INFO - [2025-08-12T16:21:05.188+0000] {dag.py:2742} INFO - Sync 1 DAGs
[2025-08-12T16:21:05.202+0000] {logging_mixin.py:150} INFO - [2025-08-12T16:21:05.202+0000] {dag.py:3504} INFO - Setting next_dagrun for example_sensors to None, run_after=None
[2025-08-12T16:21:05.217+0000] {processor.py:179} INFO - Processing /home/vscode/.local/lib/python3.10/site-packages/airflow/example_dags/example_sensors.py took 0.054 seconds
[2025-08-12T16:21:51.553+0000] {processor.py:157} INFO - Started process (PID=36797) to work on /home/vscode/.local/lib/python3.10/site-packages/airflow/example_dags/example_sensors.py
[2025-08-12T16:21:51.553+0000] {processor.py:826} INFO - Processing file /home/vscode/.local/lib/python3.10/site-packages/airflow/example_dags/example_sensors.py for tasks to queue
[2025-08-12T16:21:51.554+0000] {logging_mixin.py:150} INFO - [2025-08-12T16:21:51.554+0000] {dagbag.py:541} INFO - Filling up the DagBag from /home/vscode/.local/lib/python3.10/site-packages/airflow/example_dags/example_sensors.py
[2025-08-12T16:21:51.561+0000] {processor.py:836} INFO - DAG(s) dict_keys(['example_sensors']) retrieved from /home/vscode/.local/lib/python3.10/site-packages/airflow/example_dags/example_sensors.py
[2025-08-12T16:21:51.575+0000] {logging_mixin.py:150} INFO - [2025-08-12T16:21:51.575+0000] {dag.py:2742} INFO - Sync 1 DAGs
[2025-08-12T16:21:51.589+0000] {logging_mixin.py:150} INFO - [2025-08-12T16:21:51.589+0000] {dag.py:3504} INFO - Setting next_dagrun for example_sensors to None, run_after=None
[2025-08-12T16:21:51.604+0000] {processor.py:179} INFO - Processing /home/vscode/.local/lib/python3.10/site-packages/airflow/example_dags/example_sensors.py took 0.054 seconds
[2025-08-12T16:22:31.263+0000] {processor.py:157} INFO - Started process (PID=37062) to work on /home/vscode/.local/lib/python3.10/site-packages/airflow/example_dags/example_sensors.py
[2025-08-12T16:22:31.264+0000] {processor.py:826} INFO - Processing file /home/vscode/.local/lib/python3.10/site-packages/airflow/example_dags/example_sensors.py for tasks to queue
[2025-08-12T16:22:31.265+0000] {logging_mixin.py:150} INFO - [2025-08-12T16:22:31.264+0000] {dagbag.py:541} INFO - Filling up the DagBag from /home/vscode/.local/lib/python3.10/site-packages/airflow/example_dags/example_sensors.py
[2025-08-12T16:22:31.272+0000] {processor.py:836} INFO - DAG(s) dict_keys(['example_sensors']) retrieved from /home/vscode/.local/lib/python3.10/site-packages/airflow/example_dags/example_sensors.py
[2025-08-12T16:22:31.287+0000] {logging_mixin.py:150} INFO - [2025-08-12T16:22:31.286+0000] {dag.py:2742} INFO - Sync 1 DAGs
[2025-08-12T16:22:31.300+0000] {logging_mixin.py:150} INFO - [2025-08-12T16:22:31.300+0000] {dag.py:3504} INFO - Setting next_dagrun for example_sensors to None, run_after=None
[2025-08-12T16:22:31.316+0000] {processor.py:179} INFO - Processing /home/vscode/.local/lib/python3.10/site-packages/airflow/example_dags/example_sensors.py took 0.055 seconds
[2025-08-12T16:23:16.049+0000] {processor.py:157} INFO - Started process (PID=37356) to work on /home/vscode/.local/lib/python3.10/site-packages/airflow/example_dags/example_sensors.py
[2025-08-12T16:23:16.050+0000] {processor.py:826} INFO - Processing file /home/vscode/.local/lib/python3.10/site-packages/airflow/example_dags/example_sensors.py for tasks to queue
[2025-08-12T16:23:16.051+0000] {logging_mixin.py:150} INFO - [2025-08-12T16:23:16.050+0000] {dagbag.py:541} INFO - Filling up the DagBag from /home/vscode/.local/lib/python3.10/site-packages/airflow/example_dags/example_sensors.py
[2025-08-12T16:23:16.058+0000] {processor.py:836} INFO - DAG(s) dict_keys(['example_sensors']) retrieved from /home/vscode/.local/lib/python3.10/site-packages/airflow/example_dags/example_sensors.py
[2025-08-12T16:23:16.072+0000] {logging_mixin.py:150} INFO - [2025-08-12T16:23:16.072+0000] {dag.py:2742} INFO - Sync 1 DAGs
[2025-08-12T16:23:16.086+0000] {logging_mixin.py:150} INFO - [2025-08-12T16:23:16.086+0000] {dag.py:3504} INFO - Setting next_dagrun for example_sensors to None, run_after=None
[2025-08-12T16:23:16.102+0000] {processor.py:179} INFO - Processing /home/vscode/.local/lib/python3.10/site-packages/airflow/example_dags/example_sensors.py took 0.055 seconds
[2025-08-12T16:24:02.610+0000] {processor.py:157} INFO - Started process (PID=37665) to work on /home/vscode/.local/lib/python3.10/site-packages/airflow/example_dags/example_sensors.py
[2025-08-12T16:24:02.611+0000] {processor.py:826} INFO - Processing file /home/vscode/.local/lib/python3.10/site-packages/airflow/example_dags/example_sensors.py for tasks to queue
[2025-08-12T16:24:02.611+0000] {logging_mixin.py:150} INFO - [2025-08-12T16:24:02.611+0000] {dagbag.py:541} INFO - Filling up the DagBag from /home/vscode/.local/lib/python3.10/site-packages/airflow/example_dags/example_sensors.py
[2025-08-12T16:24:02.618+0000] {processor.py:836} INFO - DAG(s) dict_keys(['example_sensors']) retrieved from /home/vscode/.local/lib/python3.10/site-packages/airflow/example_dags/example_sensors.py
[2025-08-12T16:24:02.633+0000] {logging_mixin.py:150} INFO - [2025-08-12T16:24:02.633+0000] {dag.py:2742} INFO - Sync 1 DAGs
[2025-08-12T16:24:02.646+0000] {logging_mixin.py:150} INFO - [2025-08-12T16:24:02.646+0000] {dag.py:3504} INFO - Setting next_dagrun for example_sensors to None, run_after=None
[2025-08-12T16:24:02.662+0000] {processor.py:179} INFO - Processing /home/vscode/.local/lib/python3.10/site-packages/airflow/example_dags/example_sensors.py took 0.054 seconds
[2025-08-12T16:24:44.784+0000] {processor.py:157} INFO - Started process (PID=37942) to work on /home/vscode/.local/lib/python3.10/site-packages/airflow/example_dags/example_sensors.py
[2025-08-12T16:24:44.785+0000] {processor.py:826} INFO - Processing file /home/vscode/.local/lib/python3.10/site-packages/airflow/example_dags/example_sensors.py for tasks to queue
[2025-08-12T16:24:44.785+0000] {logging_mixin.py:150} INFO - [2025-08-12T16:24:44.785+0000] {dagbag.py:541} INFO - Filling up the DagBag from /home/vscode/.local/lib/python3.10/site-packages/airflow/example_dags/example_sensors.py
[2025-08-12T16:24:44.796+0000] {processor.py:836} INFO - DAG(s) dict_keys(['example_sensors']) retrieved from /home/vscode/.local/lib/python3.10/site-packages/airflow/example_dags/example_sensors.py
[2025-08-12T16:24:44.817+0000] {logging_mixin.py:150} INFO - [2025-08-12T16:24:44.817+0000] {dag.py:2742} INFO - Sync 1 DAGs
[2025-08-12T16:24:44.855+0000] {logging_mixin.py:150} INFO - [2025-08-12T16:24:44.855+0000] {dag.py:3504} INFO - Setting next_dagrun for example_sensors to None, run_after=None
[2025-08-12T16:24:44.883+0000] {processor.py:179} INFO - Processing /home/vscode/.local/lib/python3.10/site-packages/airflow/example_dags/example_sensors.py took 0.102 seconds
[2025-08-12T16:25:29.407+0000] {processor.py:157} INFO - Started process (PID=38236) to work on /home/vscode/.local/lib/python3.10/site-packages/airflow/example_dags/example_sensors.py
[2025-08-12T16:25:29.408+0000] {processor.py:826} INFO - Processing file /home/vscode/.local/lib/python3.10/site-packages/airflow/example_dags/example_sensors.py for tasks to queue
[2025-08-12T16:25:29.408+0000] {logging_mixin.py:150} INFO - [2025-08-12T16:25:29.408+0000] {dagbag.py:541} INFO - Filling up the DagBag from /home/vscode/.local/lib/python3.10/site-packages/airflow/example_dags/example_sensors.py
[2025-08-12T16:25:29.415+0000] {processor.py:836} INFO - DAG(s) dict_keys(['example_sensors']) retrieved from /home/vscode/.local/lib/python3.10/site-packages/airflow/example_dags/example_sensors.py
[2025-08-12T16:25:29.429+0000] {logging_mixin.py:150} INFO - [2025-08-12T16:25:29.429+0000] {dag.py:2742} INFO - Sync 1 DAGs
[2025-08-12T16:25:29.443+0000] {logging_mixin.py:150} INFO - [2025-08-12T16:25:29.443+0000] {dag.py:3504} INFO - Setting next_dagrun for example_sensors to None, run_after=None
[2025-08-12T16:25:29.458+0000] {processor.py:179} INFO - Processing /home/vscode/.local/lib/python3.10/site-packages/airflow/example_dags/example_sensors.py took 0.053 seconds
[2025-08-12T16:26:15.944+0000] {processor.py:157} INFO - Started process (PID=38551) to work on /home/vscode/.local/lib/python3.10/site-packages/airflow/example_dags/example_sensors.py
[2025-08-12T16:26:15.945+0000] {processor.py:826} INFO - Processing file /home/vscode/.local/lib/python3.10/site-packages/airflow/example_dags/example_sensors.py for tasks to queue
[2025-08-12T16:26:15.946+0000] {logging_mixin.py:150} INFO - [2025-08-12T16:26:15.946+0000] {dagbag.py:541} INFO - Filling up the DagBag from /home/vscode/.local/lib/python3.10/site-packages/airflow/example_dags/example_sensors.py
[2025-08-12T16:26:15.956+0000] {processor.py:836} INFO - DAG(s) dict_keys(['example_sensors']) retrieved from /home/vscode/.local/lib/python3.10/site-packages/airflow/example_dags/example_sensors.py
[2025-08-12T16:26:15.979+0000] {logging_mixin.py:150} INFO - [2025-08-12T16:26:15.979+0000] {dag.py:2742} INFO - Sync 1 DAGs
[2025-08-12T16:26:15.995+0000] {logging_mixin.py:150} INFO - [2025-08-12T16:26:15.995+0000] {dag.py:3504} INFO - Setting next_dagrun for example_sensors to None, run_after=None
[2025-08-12T16:26:16.010+0000] {processor.py:179} INFO - Processing /home/vscode/.local/lib/python3.10/site-packages/airflow/example_dags/example_sensors.py took 0.069 seconds
[2025-08-12T16:26:56.494+0000] {processor.py:157} INFO - Started process (PID=38821) to work on /home/vscode/.local/lib/python3.10/site-packages/airflow/example_dags/example_sensors.py
[2025-08-12T16:26:56.494+0000] {processor.py:826} INFO - Processing file /home/vscode/.local/lib/python3.10/site-packages/airflow/example_dags/example_sensors.py for tasks to queue
[2025-08-12T16:26:56.495+0000] {logging_mixin.py:150} INFO - [2025-08-12T16:26:56.495+0000] {dagbag.py:541} INFO - Filling up the DagBag from /home/vscode/.local/lib/python3.10/site-packages/airflow/example_dags/example_sensors.py
[2025-08-12T16:26:56.506+0000] {processor.py:836} INFO - DAG(s) dict_keys(['example_sensors']) retrieved from /home/vscode/.local/lib/python3.10/site-packages/airflow/example_dags/example_sensors.py
[2025-08-12T16:26:56.533+0000] {logging_mixin.py:150} INFO - [2025-08-12T16:26:56.533+0000] {dag.py:2742} INFO - Sync 1 DAGs
[2025-08-12T16:26:56.547+0000] {logging_mixin.py:150} INFO - [2025-08-12T16:26:56.547+0000] {dag.py:3504} INFO - Setting next_dagrun for example_sensors to None, run_after=None
[2025-08-12T16:26:56.562+0000] {processor.py:179} INFO - Processing /home/vscode/.local/lib/python3.10/site-packages/airflow/example_dags/example_sensors.py took 0.072 seconds
[2025-08-12T16:27:39.643+0000] {processor.py:157} INFO - Started process (PID=39107) to work on /home/vscode/.local/lib/python3.10/site-packages/airflow/example_dags/example_sensors.py
[2025-08-12T16:27:39.644+0000] {processor.py:826} INFO - Processing file /home/vscode/.local/lib/python3.10/site-packages/airflow/example_dags/example_sensors.py for tasks to queue
[2025-08-12T16:27:39.645+0000] {logging_mixin.py:150} INFO - [2025-08-12T16:27:39.644+0000] {dagbag.py:541} INFO - Filling up the DagBag from /home/vscode/.local/lib/python3.10/site-packages/airflow/example_dags/example_sensors.py
[2025-08-12T16:27:39.651+0000] {processor.py:836} INFO - DAG(s) dict_keys(['example_sensors']) retrieved from /home/vscode/.local/lib/python3.10/site-packages/airflow/example_dags/example_sensors.py
[2025-08-12T16:27:39.665+0000] {logging_mixin.py:150} INFO - [2025-08-12T16:27:39.665+0000] {dag.py:2742} INFO - Sync 1 DAGs
[2025-08-12T16:27:39.679+0000] {logging_mixin.py:150} INFO - [2025-08-12T16:27:39.679+0000] {dag.py:3504} INFO - Setting next_dagrun for example_sensors to None, run_after=None
[2025-08-12T16:27:39.694+0000] {processor.py:179} INFO - Processing /home/vscode/.local/lib/python3.10/site-packages/airflow/example_dags/example_sensors.py took 0.052 seconds
[2025-08-12T16:28:24.271+0000] {processor.py:157} INFO - Started process (PID=39413) to work on /home/vscode/.local/lib/python3.10/site-packages/airflow/example_dags/example_sensors.py
[2025-08-12T16:28:24.271+0000] {processor.py:826} INFO - Processing file /home/vscode/.local/lib/python3.10/site-packages/airflow/example_dags/example_sensors.py for tasks to queue
[2025-08-12T16:28:24.272+0000] {logging_mixin.py:150} INFO - [2025-08-12T16:28:24.272+0000] {dagbag.py:541} INFO - Filling up the DagBag from /home/vscode/.local/lib/python3.10/site-packages/airflow/example_dags/example_sensors.py
[2025-08-12T16:28:24.279+0000] {processor.py:836} INFO - DAG(s) dict_keys(['example_sensors']) retrieved from /home/vscode/.local/lib/python3.10/site-packages/airflow/example_dags/example_sensors.py
[2025-08-12T16:28:24.293+0000] {logging_mixin.py:150} INFO - [2025-08-12T16:28:24.293+0000] {dag.py:2742} INFO - Sync 1 DAGs
[2025-08-12T16:28:24.306+0000] {logging_mixin.py:150} INFO - [2025-08-12T16:28:24.306+0000] {dag.py:3504} INFO - Setting next_dagrun for example_sensors to None, run_after=None
[2025-08-12T16:28:24.321+0000] {processor.py:179} INFO - Processing /home/vscode/.local/lib/python3.10/site-packages/airflow/example_dags/example_sensors.py took 0.053 seconds
[2025-08-12T16:29:09.234+0000] {processor.py:157} INFO - Started process (PID=39708) to work on /home/vscode/.local/lib/python3.10/site-packages/airflow/example_dags/example_sensors.py
[2025-08-12T16:29:09.235+0000] {processor.py:826} INFO - Processing file /home/vscode/.local/lib/python3.10/site-packages/airflow/example_dags/example_sensors.py for tasks to queue
[2025-08-12T16:29:09.236+0000] {logging_mixin.py:150} INFO - [2025-08-12T16:29:09.235+0000] {dagbag.py:541} INFO - Filling up the DagBag from /home/vscode/.local/lib/python3.10/site-packages/airflow/example_dags/example_sensors.py
[2025-08-12T16:29:09.242+0000] {processor.py:836} INFO - DAG(s) dict_keys(['example_sensors']) retrieved from /home/vscode/.local/lib/python3.10/site-packages/airflow/example_dags/example_sensors.py
[2025-08-12T16:29:09.257+0000] {logging_mixin.py:150} INFO - [2025-08-12T16:29:09.256+0000] {dag.py:2742} INFO - Sync 1 DAGs
[2025-08-12T16:29:09.271+0000] {logging_mixin.py:150} INFO - [2025-08-12T16:29:09.270+0000] {dag.py:3504} INFO - Setting next_dagrun for example_sensors to None, run_after=None
[2025-08-12T16:29:09.286+0000] {processor.py:179} INFO - Processing /home/vscode/.local/lib/python3.10/site-packages/airflow/example_dags/example_sensors.py took 0.053 seconds
[2025-08-12T16:29:57.496+0000] {processor.py:157} INFO - Started process (PID=40026) to work on /home/vscode/.local/lib/python3.10/site-packages/airflow/example_dags/example_sensors.py
[2025-08-12T16:29:57.497+0000] {processor.py:826} INFO - Processing file /home/vscode/.local/lib/python3.10/site-packages/airflow/example_dags/example_sensors.py for tasks to queue
[2025-08-12T16:29:57.497+0000] {logging_mixin.py:150} INFO - [2025-08-12T16:29:57.497+0000] {dagbag.py:541} INFO - Filling up the DagBag from /home/vscode/.local/lib/python3.10/site-packages/airflow/example_dags/example_sensors.py
[2025-08-12T16:29:57.504+0000] {processor.py:836} INFO - DAG(s) dict_keys(['example_sensors']) retrieved from /home/vscode/.local/lib/python3.10/site-packages/airflow/example_dags/example_sensors.py
[2025-08-12T16:29:57.519+0000] {logging_mixin.py:150} INFO - [2025-08-12T16:29:57.518+0000] {dag.py:2742} INFO - Sync 1 DAGs
[2025-08-12T16:29:57.532+0000] {logging_mixin.py:150} INFO - [2025-08-12T16:29:57.532+0000] {dag.py:3504} INFO - Setting next_dagrun for example_sensors to None, run_after=None
[2025-08-12T16:29:57.547+0000] {processor.py:179} INFO - Processing /home/vscode/.local/lib/python3.10/site-packages/airflow/example_dags/example_sensors.py took 0.053 seconds
