[2025-08-12T15:37:23.125+0000] {processor.py:157} INFO - Started process (PID=18114) to work on /home/vscode/.local/lib/python3.10/site-packages/airflow/example_dags/example_dag_decorator.py
[2025-08-12T15:37:23.125+0000] {processor.py:826} INFO - Processing file /home/vscode/.local/lib/python3.10/site-packages/airflow/example_dags/example_dag_decorator.py for tasks to queue
[2025-08-12T15:37:23.126+0000] {logging_mixin.py:150} INFO - [2025-08-12T15:37:23.126+0000] {dagbag.py:541} INFO - Filling up the DagBag from /home/vscode/.local/lib/python3.10/site-packages/airflow/example_dags/example_dag_decorator.py
[2025-08-12T15:37:23.134+0000] {processor.py:836} INFO - DAG(s) dict_keys(['example_dag_decorator']) retrieved from /home/vscode/.local/lib/python3.10/site-packages/airflow/example_dags/example_dag_decorator.py
[2025-08-12T15:37:23.221+0000] {logging_mixin.py:150} INFO - [2025-08-12T15:37:23.221+0000] {manager.py:504} INFO - Created Permission View: can edit on DAG:example_dag_decorator
[2025-08-12T15:37:23.232+0000] {logging_mixin.py:150} INFO - [2025-08-12T15:37:23.232+0000] {manager.py:504} INFO - Created Permission View: can read on DAG:example_dag_decorator
[2025-08-12T15:37:23.240+0000] {logging_mixin.py:150} INFO - [2025-08-12T15:37:23.240+0000] {manager.py:504} INFO - Created Permission View: can delete on DAG:example_dag_decorator
[2025-08-12T15:37:23.247+0000] {logging_mixin.py:150} INFO - [2025-08-12T15:37:23.247+0000] {dag.py:2742} INFO - Sync 1 DAGs
[2025-08-12T15:37:23.254+0000] {logging_mixin.py:150} INFO - [2025-08-12T15:37:23.254+0000] {dag.py:2763} INFO - Creating ORM DAG for example_dag_decorator
[2025-08-12T15:37:23.260+0000] {logging_mixin.py:150} INFO - [2025-08-12T15:37:23.260+0000] {dag.py:3504} INFO - Setting next_dagrun for example_dag_decorator to None, run_after=None
[2025-08-12T15:37:23.277+0000] {processor.py:179} INFO - Processing /home/vscode/.local/lib/python3.10/site-packages/airflow/example_dags/example_dag_decorator.py took 0.155 seconds
[2025-08-12T15:38:13.277+0000] {processor.py:157} INFO - Started process (PID=18529) to work on /home/vscode/.local/lib/python3.10/site-packages/airflow/example_dags/example_dag_decorator.py
[2025-08-12T15:38:13.278+0000] {processor.py:826} INFO - Processing file /home/vscode/.local/lib/python3.10/site-packages/airflow/example_dags/example_dag_decorator.py for tasks to queue
[2025-08-12T15:38:13.278+0000] {logging_mixin.py:150} INFO - [2025-08-12T15:38:13.278+0000] {dagbag.py:541} INFO - Filling up the DagBag from /home/vscode/.local/lib/python3.10/site-packages/airflow/example_dags/example_dag_decorator.py
[2025-08-12T15:38:13.286+0000] {processor.py:836} INFO - DAG(s) dict_keys(['example_dag_decorator']) retrieved from /home/vscode/.local/lib/python3.10/site-packages/airflow/example_dags/example_dag_decorator.py
[2025-08-12T15:38:13.362+0000] {logging_mixin.py:150} INFO - [2025-08-12T15:38:13.361+0000] {dag.py:2742} INFO - Sync 1 DAGs
[2025-08-12T15:38:13.374+0000] {logging_mixin.py:150} INFO - [2025-08-12T15:38:13.374+0000] {dag.py:3504} INFO - Setting next_dagrun for example_dag_decorator to None, run_after=None
[2025-08-12T15:38:13.390+0000] {processor.py:179} INFO - Processing /home/vscode/.local/lib/python3.10/site-packages/airflow/example_dags/example_dag_decorator.py took 0.115 seconds
[2025-08-12T15:39:03.520+0000] {processor.py:157} INFO - Started process (PID=18936) to work on /home/vscode/.local/lib/python3.10/site-packages/airflow/example_dags/example_dag_decorator.py
[2025-08-12T15:39:03.520+0000] {processor.py:826} INFO - Processing file /home/vscode/.local/lib/python3.10/site-packages/airflow/example_dags/example_dag_decorator.py for tasks to queue
[2025-08-12T15:39:03.521+0000] {logging_mixin.py:150} INFO - [2025-08-12T15:39:03.521+0000] {dagbag.py:541} INFO - Filling up the DagBag from /home/vscode/.local/lib/python3.10/site-packages/airflow/example_dags/example_dag_decorator.py
[2025-08-12T15:39:03.530+0000] {processor.py:836} INFO - DAG(s) dict_keys(['example_dag_decorator']) retrieved from /home/vscode/.local/lib/python3.10/site-packages/airflow/example_dags/example_dag_decorator.py
[2025-08-12T15:39:03.622+0000] {logging_mixin.py:150} INFO - [2025-08-12T15:39:03.622+0000] {dag.py:2742} INFO - Sync 1 DAGs
[2025-08-12T15:39:03.642+0000] {logging_mixin.py:150} INFO - [2025-08-12T15:39:03.642+0000] {dag.py:3504} INFO - Setting next_dagrun for example_dag_decorator to None, run_after=None
[2025-08-12T15:39:03.676+0000] {processor.py:179} INFO - Processing /home/vscode/.local/lib/python3.10/site-packages/airflow/example_dags/example_dag_decorator.py took 0.158 seconds
[2025-08-12T15:39:45.783+0000] {processor.py:157} INFO - Started process (PID=19227) to work on /home/vscode/.local/lib/python3.10/site-packages/airflow/example_dags/example_dag_decorator.py
[2025-08-12T15:39:45.784+0000] {processor.py:826} INFO - Processing file /home/vscode/.local/lib/python3.10/site-packages/airflow/example_dags/example_dag_decorator.py for tasks to queue
[2025-08-12T15:39:45.784+0000] {logging_mixin.py:150} INFO - [2025-08-12T15:39:45.784+0000] {dagbag.py:541} INFO - Filling up the DagBag from /home/vscode/.local/lib/python3.10/site-packages/airflow/example_dags/example_dag_decorator.py
[2025-08-12T15:39:45.796+0000] {processor.py:836} INFO - DAG(s) dict_keys(['example_dag_decorator']) retrieved from /home/vscode/.local/lib/python3.10/site-packages/airflow/example_dags/example_dag_decorator.py
[2025-08-12T15:39:45.872+0000] {logging_mixin.py:150} INFO - [2025-08-12T15:39:45.872+0000] {dag.py:2742} INFO - Sync 1 DAGs
[2025-08-12T15:39:45.885+0000] {logging_mixin.py:150} INFO - [2025-08-12T15:39:45.884+0000] {dag.py:3504} INFO - Setting next_dagrun for example_dag_decorator to None, run_after=None
[2025-08-12T15:39:45.900+0000] {processor.py:179} INFO - Processing /home/vscode/.local/lib/python3.10/site-packages/airflow/example_dags/example_dag_decorator.py took 0.119 seconds
[2025-08-12T15:40:32.471+0000] {processor.py:157} INFO - Started process (PID=19530) to work on /home/vscode/.local/lib/python3.10/site-packages/airflow/example_dags/example_dag_decorator.py
[2025-08-12T15:40:32.472+0000] {processor.py:826} INFO - Processing file /home/vscode/.local/lib/python3.10/site-packages/airflow/example_dags/example_dag_decorator.py for tasks to queue
[2025-08-12T15:40:32.472+0000] {logging_mixin.py:150} INFO - [2025-08-12T15:40:32.472+0000] {dagbag.py:541} INFO - Filling up the DagBag from /home/vscode/.local/lib/python3.10/site-packages/airflow/example_dags/example_dag_decorator.py
[2025-08-12T15:40:32.481+0000] {processor.py:836} INFO - DAG(s) dict_keys(['example_dag_decorator']) retrieved from /home/vscode/.local/lib/python3.10/site-packages/airflow/example_dags/example_dag_decorator.py
[2025-08-12T15:40:32.558+0000] {logging_mixin.py:150} INFO - [2025-08-12T15:40:32.557+0000] {dag.py:2742} INFO - Sync 1 DAGs
[2025-08-12T15:40:32.572+0000] {logging_mixin.py:150} INFO - [2025-08-12T15:40:32.572+0000] {dag.py:3504} INFO - Setting next_dagrun for example_dag_decorator to None, run_after=None
[2025-08-12T15:40:32.588+0000] {processor.py:179} INFO - Processing /home/vscode/.local/lib/python3.10/site-packages/airflow/example_dags/example_dag_decorator.py took 0.119 seconds
[2025-08-12T15:41:14.938+0000] {processor.py:157} INFO - Started process (PID=19821) to work on /home/vscode/.local/lib/python3.10/site-packages/airflow/example_dags/example_dag_decorator.py
[2025-08-12T15:41:14.939+0000] {processor.py:826} INFO - Processing file /home/vscode/.local/lib/python3.10/site-packages/airflow/example_dags/example_dag_decorator.py for tasks to queue
[2025-08-12T15:41:14.939+0000] {logging_mixin.py:150} INFO - [2025-08-12T15:41:14.939+0000] {dagbag.py:541} INFO - Filling up the DagBag from /home/vscode/.local/lib/python3.10/site-packages/airflow/example_dags/example_dag_decorator.py
[2025-08-12T15:41:14.948+0000] {processor.py:836} INFO - DAG(s) dict_keys(['example_dag_decorator']) retrieved from /home/vscode/.local/lib/python3.10/site-packages/airflow/example_dags/example_dag_decorator.py
[2025-08-12T15:41:15.029+0000] {logging_mixin.py:150} INFO - [2025-08-12T15:41:15.028+0000] {dag.py:2742} INFO - Sync 1 DAGs
[2025-08-12T15:41:15.047+0000] {logging_mixin.py:150} INFO - [2025-08-12T15:41:15.047+0000] {dag.py:3504} INFO - Setting next_dagrun for example_dag_decorator to None, run_after=None
[2025-08-12T15:41:15.096+0000] {processor.py:179} INFO - Processing /home/vscode/.local/lib/python3.10/site-packages/airflow/example_dags/example_dag_decorator.py took 0.160 seconds
[2025-08-12T15:42:00.119+0000] {processor.py:157} INFO - Started process (PID=20122) to work on /home/vscode/.local/lib/python3.10/site-packages/airflow/example_dags/example_dag_decorator.py
[2025-08-12T15:42:00.120+0000] {processor.py:826} INFO - Processing file /home/vscode/.local/lib/python3.10/site-packages/airflow/example_dags/example_dag_decorator.py for tasks to queue
[2025-08-12T15:42:00.121+0000] {logging_mixin.py:150} INFO - [2025-08-12T15:42:00.120+0000] {dagbag.py:541} INFO - Filling up the DagBag from /home/vscode/.local/lib/python3.10/site-packages/airflow/example_dags/example_dag_decorator.py
[2025-08-12T15:42:00.129+0000] {processor.py:836} INFO - DAG(s) dict_keys(['example_dag_decorator']) retrieved from /home/vscode/.local/lib/python3.10/site-packages/airflow/example_dags/example_dag_decorator.py
[2025-08-12T15:42:00.230+0000] {logging_mixin.py:150} INFO - [2025-08-12T15:42:00.230+0000] {dag.py:2742} INFO - Sync 1 DAGs
[2025-08-12T15:42:00.244+0000] {logging_mixin.py:150} INFO - [2025-08-12T15:42:00.243+0000] {dag.py:3504} INFO - Setting next_dagrun for example_dag_decorator to None, run_after=None
[2025-08-12T15:42:00.259+0000] {processor.py:179} INFO - Processing /home/vscode/.local/lib/python3.10/site-packages/airflow/example_dags/example_dag_decorator.py took 0.142 seconds
[2025-08-12T15:42:45.518+0000] {processor.py:157} INFO - Started process (PID=20426) to work on /home/vscode/.local/lib/python3.10/site-packages/airflow/example_dags/example_dag_decorator.py
[2025-08-12T15:42:45.519+0000] {processor.py:826} INFO - Processing file /home/vscode/.local/lib/python3.10/site-packages/airflow/example_dags/example_dag_decorator.py for tasks to queue
[2025-08-12T15:42:45.520+0000] {logging_mixin.py:150} INFO - [2025-08-12T15:42:45.519+0000] {dagbag.py:541} INFO - Filling up the DagBag from /home/vscode/.local/lib/python3.10/site-packages/airflow/example_dags/example_dag_decorator.py
[2025-08-12T15:42:45.528+0000] {processor.py:836} INFO - DAG(s) dict_keys(['example_dag_decorator']) retrieved from /home/vscode/.local/lib/python3.10/site-packages/airflow/example_dags/example_dag_decorator.py
[2025-08-12T15:42:45.603+0000] {logging_mixin.py:150} INFO - [2025-08-12T15:42:45.603+0000] {dag.py:2742} INFO - Sync 1 DAGs
[2025-08-12T15:42:45.616+0000] {logging_mixin.py:150} INFO - [2025-08-12T15:42:45.616+0000] {dag.py:3504} INFO - Setting next_dagrun for example_dag_decorator to None, run_after=None
[2025-08-12T15:42:45.632+0000] {processor.py:179} INFO - Processing /home/vscode/.local/lib/python3.10/site-packages/airflow/example_dags/example_dag_decorator.py took 0.116 seconds
[2025-08-12T15:43:41.357+0000] {processor.py:157} INFO - Started process (PID=20790) to work on /home/vscode/.local/lib/python3.10/site-packages/airflow/example_dags/example_dag_decorator.py
[2025-08-12T15:43:41.357+0000] {processor.py:826} INFO - Processing file /home/vscode/.local/lib/python3.10/site-packages/airflow/example_dags/example_dag_decorator.py for tasks to queue
[2025-08-12T15:43:41.358+0000] {logging_mixin.py:150} INFO - [2025-08-12T15:43:41.358+0000] {dagbag.py:541} INFO - Filling up the DagBag from /home/vscode/.local/lib/python3.10/site-packages/airflow/example_dags/example_dag_decorator.py
[2025-08-12T15:43:41.366+0000] {processor.py:836} INFO - DAG(s) dict_keys(['example_dag_decorator']) retrieved from /home/vscode/.local/lib/python3.10/site-packages/airflow/example_dags/example_dag_decorator.py
[2025-08-12T15:43:41.442+0000] {logging_mixin.py:150} INFO - [2025-08-12T15:43:41.442+0000] {dag.py:2742} INFO - Sync 1 DAGs
[2025-08-12T15:43:41.454+0000] {logging_mixin.py:150} INFO - [2025-08-12T15:43:41.454+0000] {dag.py:3504} INFO - Setting next_dagrun for example_dag_decorator to None, run_after=None
[2025-08-12T15:43:41.470+0000] {processor.py:179} INFO - Processing /home/vscode/.local/lib/python3.10/site-packages/airflow/example_dags/example_dag_decorator.py took 0.116 seconds
[2025-08-12T15:44:25.574+0000] {processor.py:157} INFO - Started process (PID=21089) to work on /home/vscode/.local/lib/python3.10/site-packages/airflow/example_dags/example_dag_decorator.py
[2025-08-12T15:44:25.574+0000] {processor.py:826} INFO - Processing file /home/vscode/.local/lib/python3.10/site-packages/airflow/example_dags/example_dag_decorator.py for tasks to queue
[2025-08-12T15:44:25.575+0000] {logging_mixin.py:150} INFO - [2025-08-12T15:44:25.575+0000] {dagbag.py:541} INFO - Filling up the DagBag from /home/vscode/.local/lib/python3.10/site-packages/airflow/example_dags/example_dag_decorator.py
[2025-08-12T15:44:25.583+0000] {processor.py:836} INFO - DAG(s) dict_keys(['example_dag_decorator']) retrieved from /home/vscode/.local/lib/python3.10/site-packages/airflow/example_dags/example_dag_decorator.py
[2025-08-12T15:44:25.661+0000] {logging_mixin.py:150} INFO - [2025-08-12T15:44:25.660+0000] {dag.py:2742} INFO - Sync 1 DAGs
[2025-08-12T15:44:25.674+0000] {logging_mixin.py:150} INFO - [2025-08-12T15:44:25.674+0000] {dag.py:3504} INFO - Setting next_dagrun for example_dag_decorator to None, run_after=None
[2025-08-12T15:44:25.689+0000] {processor.py:179} INFO - Processing /home/vscode/.local/lib/python3.10/site-packages/airflow/example_dags/example_dag_decorator.py took 0.118 seconds
[2025-08-12T15:45:22.390+0000] {processor.py:157} INFO - Started process (PID=21462) to work on /home/vscode/.local/lib/python3.10/site-packages/airflow/example_dags/example_dag_decorator.py
[2025-08-12T15:45:22.390+0000] {processor.py:826} INFO - Processing file /home/vscode/.local/lib/python3.10/site-packages/airflow/example_dags/example_dag_decorator.py for tasks to queue
[2025-08-12T15:45:22.391+0000] {logging_mixin.py:150} INFO - [2025-08-12T15:45:22.390+0000] {dagbag.py:541} INFO - Filling up the DagBag from /home/vscode/.local/lib/python3.10/site-packages/airflow/example_dags/example_dag_decorator.py
[2025-08-12T15:45:22.399+0000] {processor.py:836} INFO - DAG(s) dict_keys(['example_dag_decorator']) retrieved from /home/vscode/.local/lib/python3.10/site-packages/airflow/example_dags/example_dag_decorator.py
[2025-08-12T15:45:22.478+0000] {logging_mixin.py:150} INFO - [2025-08-12T15:45:22.477+0000] {dag.py:2742} INFO - Sync 1 DAGs
[2025-08-12T15:45:22.490+0000] {logging_mixin.py:150} INFO - [2025-08-12T15:45:22.490+0000] {dag.py:3504} INFO - Setting next_dagrun for example_dag_decorator to None, run_after=None
[2025-08-12T15:45:22.508+0000] {processor.py:179} INFO - Processing /home/vscode/.local/lib/python3.10/site-packages/airflow/example_dags/example_dag_decorator.py took 0.121 seconds
[2025-08-12T15:46:20.081+0000] {processor.py:157} INFO - Started process (PID=21848) to work on /home/vscode/.local/lib/python3.10/site-packages/airflow/example_dags/example_dag_decorator.py
[2025-08-12T15:46:20.082+0000] {processor.py:826} INFO - Processing file /home/vscode/.local/lib/python3.10/site-packages/airflow/example_dags/example_dag_decorator.py for tasks to queue
[2025-08-12T15:46:20.082+0000] {logging_mixin.py:150} INFO - [2025-08-12T15:46:20.082+0000] {dagbag.py:541} INFO - Filling up the DagBag from /home/vscode/.local/lib/python3.10/site-packages/airflow/example_dags/example_dag_decorator.py
[2025-08-12T15:46:20.091+0000] {processor.py:836} INFO - DAG(s) dict_keys(['example_dag_decorator']) retrieved from /home/vscode/.local/lib/python3.10/site-packages/airflow/example_dags/example_dag_decorator.py
[2025-08-12T15:46:20.168+0000] {logging_mixin.py:150} INFO - [2025-08-12T15:46:20.167+0000] {dag.py:2742} INFO - Sync 1 DAGs
[2025-08-12T15:46:20.180+0000] {logging_mixin.py:150} INFO - [2025-08-12T15:46:20.180+0000] {dag.py:3504} INFO - Setting next_dagrun for example_dag_decorator to None, run_after=None
[2025-08-12T15:46:20.196+0000] {processor.py:179} INFO - Processing /home/vscode/.local/lib/python3.10/site-packages/airflow/example_dags/example_dag_decorator.py took 0.117 seconds
[2025-08-12T15:47:03.407+0000] {processor.py:157} INFO - Started process (PID=22136) to work on /home/vscode/.local/lib/python3.10/site-packages/airflow/example_dags/example_dag_decorator.py
[2025-08-12T15:47:03.408+0000] {processor.py:826} INFO - Processing file /home/vscode/.local/lib/python3.10/site-packages/airflow/example_dags/example_dag_decorator.py for tasks to queue
[2025-08-12T15:47:03.409+0000] {logging_mixin.py:150} INFO - [2025-08-12T15:47:03.408+0000] {dagbag.py:541} INFO - Filling up the DagBag from /home/vscode/.local/lib/python3.10/site-packages/airflow/example_dags/example_dag_decorator.py
[2025-08-12T15:47:03.417+0000] {processor.py:836} INFO - DAG(s) dict_keys(['example_dag_decorator']) retrieved from /home/vscode/.local/lib/python3.10/site-packages/airflow/example_dags/example_dag_decorator.py
[2025-08-12T15:47:03.494+0000] {logging_mixin.py:150} INFO - [2025-08-12T15:47:03.493+0000] {dag.py:2742} INFO - Sync 1 DAGs
[2025-08-12T15:47:03.507+0000] {logging_mixin.py:150} INFO - [2025-08-12T15:47:03.507+0000] {dag.py:3504} INFO - Setting next_dagrun for example_dag_decorator to None, run_after=None
[2025-08-12T15:47:03.524+0000] {processor.py:179} INFO - Processing /home/vscode/.local/lib/python3.10/site-packages/airflow/example_dags/example_dag_decorator.py took 0.119 seconds
[2025-08-12T15:47:56.466+0000] {processor.py:157} INFO - Started process (PID=22492) to work on /home/vscode/.local/lib/python3.10/site-packages/airflow/example_dags/example_dag_decorator.py
[2025-08-12T15:47:56.466+0000] {processor.py:826} INFO - Processing file /home/vscode/.local/lib/python3.10/site-packages/airflow/example_dags/example_dag_decorator.py for tasks to queue
[2025-08-12T15:47:56.467+0000] {logging_mixin.py:150} INFO - [2025-08-12T15:47:56.467+0000] {dagbag.py:541} INFO - Filling up the DagBag from /home/vscode/.local/lib/python3.10/site-packages/airflow/example_dags/example_dag_decorator.py
[2025-08-12T15:47:56.476+0000] {processor.py:836} INFO - DAG(s) dict_keys(['example_dag_decorator']) retrieved from /home/vscode/.local/lib/python3.10/site-packages/airflow/example_dags/example_dag_decorator.py
[2025-08-12T15:47:56.555+0000] {logging_mixin.py:150} INFO - [2025-08-12T15:47:56.555+0000] {dag.py:2742} INFO - Sync 1 DAGs
[2025-08-12T15:47:56.568+0000] {logging_mixin.py:150} INFO - [2025-08-12T15:47:56.568+0000] {dag.py:3504} INFO - Setting next_dagrun for example_dag_decorator to None, run_after=None
[2025-08-12T15:47:56.584+0000] {processor.py:179} INFO - Processing /home/vscode/.local/lib/python3.10/site-packages/airflow/example_dags/example_dag_decorator.py took 0.120 seconds
[2025-08-12T15:48:50.088+0000] {processor.py:157} INFO - Started process (PID=22865) to work on /home/vscode/.local/lib/python3.10/site-packages/airflow/example_dags/example_dag_decorator.py
[2025-08-12T15:48:50.089+0000] {processor.py:826} INFO - Processing file /home/vscode/.local/lib/python3.10/site-packages/airflow/example_dags/example_dag_decorator.py for tasks to queue
[2025-08-12T15:48:50.089+0000] {logging_mixin.py:150} INFO - [2025-08-12T15:48:50.089+0000] {dagbag.py:541} INFO - Filling up the DagBag from /home/vscode/.local/lib/python3.10/site-packages/airflow/example_dags/example_dag_decorator.py
[2025-08-12T15:48:50.098+0000] {processor.py:836} INFO - DAG(s) dict_keys(['example_dag_decorator']) retrieved from /home/vscode/.local/lib/python3.10/site-packages/airflow/example_dags/example_dag_decorator.py
[2025-08-12T15:48:50.173+0000] {logging_mixin.py:150} INFO - [2025-08-12T15:48:50.173+0000] {dag.py:2742} INFO - Sync 1 DAGs
[2025-08-12T15:48:50.186+0000] {logging_mixin.py:150} INFO - [2025-08-12T15:48:50.186+0000] {dag.py:3504} INFO - Setting next_dagrun for example_dag_decorator to None, run_after=None
[2025-08-12T15:48:50.201+0000] {processor.py:179} INFO - Processing /home/vscode/.local/lib/python3.10/site-packages/airflow/example_dags/example_dag_decorator.py took 0.115 seconds
[2025-08-12T15:49:46.336+0000] {processor.py:157} INFO - Started process (PID=23261) to work on /home/vscode/.local/lib/python3.10/site-packages/airflow/example_dags/example_dag_decorator.py
[2025-08-12T15:49:46.337+0000] {processor.py:826} INFO - Processing file /home/vscode/.local/lib/python3.10/site-packages/airflow/example_dags/example_dag_decorator.py for tasks to queue
[2025-08-12T15:49:46.337+0000] {logging_mixin.py:150} INFO - [2025-08-12T15:49:46.337+0000] {dagbag.py:541} INFO - Filling up the DagBag from /home/vscode/.local/lib/python3.10/site-packages/airflow/example_dags/example_dag_decorator.py
[2025-08-12T15:49:46.346+0000] {processor.py:836} INFO - DAG(s) dict_keys(['example_dag_decorator']) retrieved from /home/vscode/.local/lib/python3.10/site-packages/airflow/example_dags/example_dag_decorator.py
[2025-08-12T15:49:46.422+0000] {logging_mixin.py:150} INFO - [2025-08-12T15:49:46.422+0000] {dag.py:2742} INFO - Sync 1 DAGs
[2025-08-12T15:49:46.435+0000] {logging_mixin.py:150} INFO - [2025-08-12T15:49:46.435+0000] {dag.py:3504} INFO - Setting next_dagrun for example_dag_decorator to None, run_after=None
[2025-08-12T15:49:46.453+0000] {processor.py:179} INFO - Processing /home/vscode/.local/lib/python3.10/site-packages/airflow/example_dags/example_dag_decorator.py took 0.119 seconds
[2025-08-12T15:50:33.904+0000] {processor.py:157} INFO - Started process (PID=23794) to work on /home/vscode/.local/lib/python3.10/site-packages/airflow/example_dags/example_dag_decorator.py
[2025-08-12T15:50:33.904+0000] {processor.py:826} INFO - Processing file /home/vscode/.local/lib/python3.10/site-packages/airflow/example_dags/example_dag_decorator.py for tasks to queue
[2025-08-12T15:50:33.905+0000] {logging_mixin.py:150} INFO - [2025-08-12T15:50:33.905+0000] {dagbag.py:541} INFO - Filling up the DagBag from /home/vscode/.local/lib/python3.10/site-packages/airflow/example_dags/example_dag_decorator.py
[2025-08-12T15:50:33.914+0000] {processor.py:836} INFO - DAG(s) dict_keys(['example_dag_decorator']) retrieved from /home/vscode/.local/lib/python3.10/site-packages/airflow/example_dags/example_dag_decorator.py
[2025-08-12T15:50:33.989+0000] {logging_mixin.py:150} INFO - [2025-08-12T15:50:33.989+0000] {dag.py:2742} INFO - Sync 1 DAGs
[2025-08-12T15:50:34.002+0000] {logging_mixin.py:150} INFO - [2025-08-12T15:50:34.001+0000] {dag.py:3504} INFO - Setting next_dagrun for example_dag_decorator to None, run_after=None
[2025-08-12T15:50:34.017+0000] {processor.py:179} INFO - Processing /home/vscode/.local/lib/python3.10/site-packages/airflow/example_dags/example_dag_decorator.py took 0.116 seconds
[2025-08-12T15:51:31.052+0000] {processor.py:157} INFO - Started process (PID=24180) to work on /home/vscode/.local/lib/python3.10/site-packages/airflow/example_dags/example_dag_decorator.py
[2025-08-12T15:51:31.053+0000] {processor.py:826} INFO - Processing file /home/vscode/.local/lib/python3.10/site-packages/airflow/example_dags/example_dag_decorator.py for tasks to queue
[2025-08-12T15:51:31.054+0000] {logging_mixin.py:150} INFO - [2025-08-12T15:51:31.053+0000] {dagbag.py:541} INFO - Filling up the DagBag from /home/vscode/.local/lib/python3.10/site-packages/airflow/example_dags/example_dag_decorator.py
[2025-08-12T15:51:31.063+0000] {processor.py:836} INFO - DAG(s) dict_keys(['example_dag_decorator']) retrieved from /home/vscode/.local/lib/python3.10/site-packages/airflow/example_dags/example_dag_decorator.py
[2025-08-12T15:51:31.140+0000] {logging_mixin.py:150} INFO - [2025-08-12T15:51:31.140+0000] {dag.py:2742} INFO - Sync 1 DAGs
[2025-08-12T15:51:31.153+0000] {logging_mixin.py:150} INFO - [2025-08-12T15:51:31.153+0000] {dag.py:3504} INFO - Setting next_dagrun for example_dag_decorator to None, run_after=None
[2025-08-12T15:51:31.169+0000] {processor.py:179} INFO - Processing /home/vscode/.local/lib/python3.10/site-packages/airflow/example_dags/example_dag_decorator.py took 0.119 seconds
[2025-08-12T15:52:14.756+0000] {processor.py:157} INFO - Started process (PID=24474) to work on /home/vscode/.local/lib/python3.10/site-packages/airflow/example_dags/example_dag_decorator.py
[2025-08-12T15:52:14.757+0000] {processor.py:826} INFO - Processing file /home/vscode/.local/lib/python3.10/site-packages/airflow/example_dags/example_dag_decorator.py for tasks to queue
[2025-08-12T15:52:14.757+0000] {logging_mixin.py:150} INFO - [2025-08-12T15:52:14.757+0000] {dagbag.py:541} INFO - Filling up the DagBag from /home/vscode/.local/lib/python3.10/site-packages/airflow/example_dags/example_dag_decorator.py
[2025-08-12T15:52:14.766+0000] {processor.py:836} INFO - DAG(s) dict_keys(['example_dag_decorator']) retrieved from /home/vscode/.local/lib/python3.10/site-packages/airflow/example_dags/example_dag_decorator.py
[2025-08-12T15:52:14.842+0000] {logging_mixin.py:150} INFO - [2025-08-12T15:52:14.842+0000] {dag.py:2742} INFO - Sync 1 DAGs
[2025-08-12T15:52:14.856+0000] {logging_mixin.py:150} INFO - [2025-08-12T15:52:14.856+0000] {dag.py:3504} INFO - Setting next_dagrun for example_dag_decorator to None, run_after=None
[2025-08-12T15:52:14.873+0000] {processor.py:179} INFO - Processing /home/vscode/.local/lib/python3.10/site-packages/airflow/example_dags/example_dag_decorator.py took 0.119 seconds
[2025-08-12T15:52:58.871+0000] {processor.py:157} INFO - Started process (PID=24791) to work on /home/vscode/.local/lib/python3.10/site-packages/airflow/example_dags/example_dag_decorator.py
[2025-08-12T15:52:58.872+0000] {processor.py:826} INFO - Processing file /home/vscode/.local/lib/python3.10/site-packages/airflow/example_dags/example_dag_decorator.py for tasks to queue
[2025-08-12T15:52:58.873+0000] {logging_mixin.py:150} INFO - [2025-08-12T15:52:58.873+0000] {dagbag.py:541} INFO - Filling up the DagBag from /home/vscode/.local/lib/python3.10/site-packages/airflow/example_dags/example_dag_decorator.py
[2025-08-12T15:52:58.887+0000] {processor.py:836} INFO - DAG(s) dict_keys(['example_dag_decorator']) retrieved from /home/vscode/.local/lib/python3.10/site-packages/airflow/example_dags/example_dag_decorator.py
[2025-08-12T15:52:58.974+0000] {logging_mixin.py:150} INFO - [2025-08-12T15:52:58.974+0000] {dag.py:2742} INFO - Sync 1 DAGs
[2025-08-12T15:52:58.986+0000] {logging_mixin.py:150} INFO - [2025-08-12T15:52:58.986+0000] {dag.py:3504} INFO - Setting next_dagrun for example_dag_decorator to None, run_after=None
[2025-08-12T15:52:59.002+0000] {processor.py:179} INFO - Processing /home/vscode/.local/lib/python3.10/site-packages/airflow/example_dags/example_dag_decorator.py took 0.134 seconds
[2025-08-12T15:53:54.377+0000] {processor.py:157} INFO - Started process (PID=25212) to work on /home/vscode/.local/lib/python3.10/site-packages/airflow/example_dags/example_dag_decorator.py
[2025-08-12T15:53:54.377+0000] {processor.py:826} INFO - Processing file /home/vscode/.local/lib/python3.10/site-packages/airflow/example_dags/example_dag_decorator.py for tasks to queue
[2025-08-12T15:53:54.378+0000] {logging_mixin.py:150} INFO - [2025-08-12T15:53:54.378+0000] {dagbag.py:541} INFO - Filling up the DagBag from /home/vscode/.local/lib/python3.10/site-packages/airflow/example_dags/example_dag_decorator.py
[2025-08-12T15:53:54.387+0000] {processor.py:836} INFO - DAG(s) dict_keys(['example_dag_decorator']) retrieved from /home/vscode/.local/lib/python3.10/site-packages/airflow/example_dags/example_dag_decorator.py
[2025-08-12T15:53:54.460+0000] {logging_mixin.py:150} INFO - [2025-08-12T15:53:54.460+0000] {dag.py:2742} INFO - Sync 1 DAGs
[2025-08-12T15:53:54.474+0000] {logging_mixin.py:150} INFO - [2025-08-12T15:53:54.474+0000] {dag.py:3504} INFO - Setting next_dagrun for example_dag_decorator to None, run_after=None
[2025-08-12T15:53:54.489+0000] {processor.py:179} INFO - Processing /home/vscode/.local/lib/python3.10/site-packages/airflow/example_dags/example_dag_decorator.py took 0.114 seconds
[2025-08-12T15:54:39.776+0000] {processor.py:157} INFO - Started process (PID=25574) to work on /home/vscode/.local/lib/python3.10/site-packages/airflow/example_dags/example_dag_decorator.py
[2025-08-12T15:54:39.777+0000] {processor.py:826} INFO - Processing file /home/vscode/.local/lib/python3.10/site-packages/airflow/example_dags/example_dag_decorator.py for tasks to queue
[2025-08-12T15:54:39.777+0000] {logging_mixin.py:150} INFO - [2025-08-12T15:54:39.777+0000] {dagbag.py:541} INFO - Filling up the DagBag from /home/vscode/.local/lib/python3.10/site-packages/airflow/example_dags/example_dag_decorator.py
[2025-08-12T15:54:39.786+0000] {processor.py:836} INFO - DAG(s) dict_keys(['example_dag_decorator']) retrieved from /home/vscode/.local/lib/python3.10/site-packages/airflow/example_dags/example_dag_decorator.py
[2025-08-12T15:54:39.863+0000] {logging_mixin.py:150} INFO - [2025-08-12T15:54:39.863+0000] {dag.py:2742} INFO - Sync 1 DAGs
[2025-08-12T15:54:39.876+0000] {logging_mixin.py:150} INFO - [2025-08-12T15:54:39.876+0000] {dag.py:3504} INFO - Setting next_dagrun for example_dag_decorator to None, run_after=None
[2025-08-12T15:54:39.900+0000] {processor.py:179} INFO - Processing /home/vscode/.local/lib/python3.10/site-packages/airflow/example_dags/example_dag_decorator.py took 0.125 seconds
[2025-08-12T15:55:36.033+0000] {processor.py:157} INFO - Started process (PID=26003) to work on /home/vscode/.local/lib/python3.10/site-packages/airflow/example_dags/example_dag_decorator.py
[2025-08-12T15:55:36.034+0000] {processor.py:826} INFO - Processing file /home/vscode/.local/lib/python3.10/site-packages/airflow/example_dags/example_dag_decorator.py for tasks to queue
[2025-08-12T15:55:36.035+0000] {logging_mixin.py:150} INFO - [2025-08-12T15:55:36.034+0000] {dagbag.py:541} INFO - Filling up the DagBag from /home/vscode/.local/lib/python3.10/site-packages/airflow/example_dags/example_dag_decorator.py
[2025-08-12T15:55:36.043+0000] {processor.py:836} INFO - DAG(s) dict_keys(['example_dag_decorator']) retrieved from /home/vscode/.local/lib/python3.10/site-packages/airflow/example_dags/example_dag_decorator.py
[2025-08-12T15:55:36.149+0000] {logging_mixin.py:150} INFO - [2025-08-12T15:55:36.148+0000] {dag.py:2742} INFO - Sync 1 DAGs
[2025-08-12T15:55:36.162+0000] {logging_mixin.py:150} INFO - [2025-08-12T15:55:36.162+0000] {dag.py:3504} INFO - Setting next_dagrun for example_dag_decorator to None, run_after=None
[2025-08-12T15:55:36.178+0000] {processor.py:179} INFO - Processing /home/vscode/.local/lib/python3.10/site-packages/airflow/example_dags/example_dag_decorator.py took 0.147 seconds
[2025-08-12T15:56:22.722+0000] {processor.py:157} INFO - Started process (PID=26364) to work on /home/vscode/.local/lib/python3.10/site-packages/airflow/example_dags/example_dag_decorator.py
[2025-08-12T15:56:22.722+0000] {processor.py:826} INFO - Processing file /home/vscode/.local/lib/python3.10/site-packages/airflow/example_dags/example_dag_decorator.py for tasks to queue
[2025-08-12T15:56:22.723+0000] {logging_mixin.py:150} INFO - [2025-08-12T15:56:22.723+0000] {dagbag.py:541} INFO - Filling up the DagBag from /home/vscode/.local/lib/python3.10/site-packages/airflow/example_dags/example_dag_decorator.py
[2025-08-12T15:56:22.731+0000] {processor.py:836} INFO - DAG(s) dict_keys(['example_dag_decorator']) retrieved from /home/vscode/.local/lib/python3.10/site-packages/airflow/example_dags/example_dag_decorator.py
[2025-08-12T15:56:22.828+0000] {logging_mixin.py:150} INFO - [2025-08-12T15:56:22.827+0000] {dag.py:2742} INFO - Sync 1 DAGs
[2025-08-12T15:56:22.845+0000] {logging_mixin.py:150} INFO - [2025-08-12T15:56:22.845+0000] {dag.py:3504} INFO - Setting next_dagrun for example_dag_decorator to None, run_after=None
[2025-08-12T15:56:22.866+0000] {processor.py:179} INFO - Processing /home/vscode/.local/lib/python3.10/site-packages/airflow/example_dags/example_dag_decorator.py took 0.146 seconds
[2025-08-12T15:57:14.478+0000] {processor.py:157} INFO - Started process (PID=26760) to work on /home/vscode/.local/lib/python3.10/site-packages/airflow/example_dags/example_dag_decorator.py
[2025-08-12T15:57:14.479+0000] {processor.py:826} INFO - Processing file /home/vscode/.local/lib/python3.10/site-packages/airflow/example_dags/example_dag_decorator.py for tasks to queue
[2025-08-12T15:57:14.479+0000] {logging_mixin.py:150} INFO - [2025-08-12T15:57:14.479+0000] {dagbag.py:541} INFO - Filling up the DagBag from /home/vscode/.local/lib/python3.10/site-packages/airflow/example_dags/example_dag_decorator.py
[2025-08-12T15:57:14.488+0000] {processor.py:836} INFO - DAG(s) dict_keys(['example_dag_decorator']) retrieved from /home/vscode/.local/lib/python3.10/site-packages/airflow/example_dags/example_dag_decorator.py
[2025-08-12T15:57:14.565+0000] {logging_mixin.py:150} INFO - [2025-08-12T15:57:14.564+0000] {dag.py:2742} INFO - Sync 1 DAGs
[2025-08-12T15:57:14.577+0000] {logging_mixin.py:150} INFO - [2025-08-12T15:57:14.577+0000] {dag.py:3504} INFO - Setting next_dagrun for example_dag_decorator to None, run_after=None
[2025-08-12T15:57:14.593+0000] {processor.py:179} INFO - Processing /home/vscode/.local/lib/python3.10/site-packages/airflow/example_dags/example_dag_decorator.py took 0.117 seconds
[2025-08-12T15:58:00.070+0000] {processor.py:157} INFO - Started process (PID=27087) to work on /home/vscode/.local/lib/python3.10/site-packages/airflow/example_dags/example_dag_decorator.py
[2025-08-12T15:58:00.071+0000] {processor.py:826} INFO - Processing file /home/vscode/.local/lib/python3.10/site-packages/airflow/example_dags/example_dag_decorator.py for tasks to queue
[2025-08-12T15:58:00.071+0000] {logging_mixin.py:150} INFO - [2025-08-12T15:58:00.071+0000] {dagbag.py:541} INFO - Filling up the DagBag from /home/vscode/.local/lib/python3.10/site-packages/airflow/example_dags/example_dag_decorator.py
[2025-08-12T15:58:00.080+0000] {processor.py:836} INFO - DAG(s) dict_keys(['example_dag_decorator']) retrieved from /home/vscode/.local/lib/python3.10/site-packages/airflow/example_dags/example_dag_decorator.py
[2025-08-12T15:58:00.156+0000] {logging_mixin.py:150} INFO - [2025-08-12T15:58:00.156+0000] {dag.py:2742} INFO - Sync 1 DAGs
[2025-08-12T15:58:00.169+0000] {logging_mixin.py:150} INFO - [2025-08-12T15:58:00.169+0000] {dag.py:3504} INFO - Setting next_dagrun for example_dag_decorator to None, run_after=None
[2025-08-12T15:58:00.185+0000] {processor.py:179} INFO - Processing /home/vscode/.local/lib/python3.10/site-packages/airflow/example_dags/example_dag_decorator.py took 0.117 seconds
[2025-08-12T15:58:46.613+0000] {processor.py:157} INFO - Started process (PID=27403) to work on /home/vscode/.local/lib/python3.10/site-packages/airflow/example_dags/example_dag_decorator.py
[2025-08-12T15:58:46.614+0000] {processor.py:826} INFO - Processing file /home/vscode/.local/lib/python3.10/site-packages/airflow/example_dags/example_dag_decorator.py for tasks to queue
[2025-08-12T15:58:46.615+0000] {logging_mixin.py:150} INFO - [2025-08-12T15:58:46.614+0000] {dagbag.py:541} INFO - Filling up the DagBag from /home/vscode/.local/lib/python3.10/site-packages/airflow/example_dags/example_dag_decorator.py
[2025-08-12T15:58:46.623+0000] {processor.py:836} INFO - DAG(s) dict_keys(['example_dag_decorator']) retrieved from /home/vscode/.local/lib/python3.10/site-packages/airflow/example_dags/example_dag_decorator.py
[2025-08-12T15:58:46.699+0000] {logging_mixin.py:150} INFO - [2025-08-12T15:58:46.699+0000] {dag.py:2742} INFO - Sync 1 DAGs
[2025-08-12T15:58:46.711+0000] {logging_mixin.py:150} INFO - [2025-08-12T15:58:46.711+0000] {dag.py:3504} INFO - Setting next_dagrun for example_dag_decorator to None, run_after=None
[2025-08-12T15:58:46.727+0000] {processor.py:179} INFO - Processing /home/vscode/.local/lib/python3.10/site-packages/airflow/example_dags/example_dag_decorator.py took 0.116 seconds
[2025-08-12T15:59:39.471+0000] {processor.py:157} INFO - Started process (PID=27759) to work on /home/vscode/.local/lib/python3.10/site-packages/airflow/example_dags/example_dag_decorator.py
[2025-08-12T15:59:39.471+0000] {processor.py:826} INFO - Processing file /home/vscode/.local/lib/python3.10/site-packages/airflow/example_dags/example_dag_decorator.py for tasks to queue
[2025-08-12T15:59:39.472+0000] {logging_mixin.py:150} INFO - [2025-08-12T15:59:39.472+0000] {dagbag.py:541} INFO - Filling up the DagBag from /home/vscode/.local/lib/python3.10/site-packages/airflow/example_dags/example_dag_decorator.py
[2025-08-12T15:59:39.481+0000] {processor.py:836} INFO - DAG(s) dict_keys(['example_dag_decorator']) retrieved from /home/vscode/.local/lib/python3.10/site-packages/airflow/example_dags/example_dag_decorator.py
[2025-08-12T15:59:39.559+0000] {logging_mixin.py:150} INFO - [2025-08-12T15:59:39.558+0000] {dag.py:2742} INFO - Sync 1 DAGs
[2025-08-12T15:59:39.571+0000] {logging_mixin.py:150} INFO - [2025-08-12T15:59:39.571+0000] {dag.py:3504} INFO - Setting next_dagrun for example_dag_decorator to None, run_after=None
[2025-08-12T15:59:39.587+0000] {processor.py:179} INFO - Processing /home/vscode/.local/lib/python3.10/site-packages/airflow/example_dags/example_dag_decorator.py took 0.119 seconds
[2025-08-12T16:00:35.994+0000] {processor.py:157} INFO - Started process (PID=28170) to work on /home/vscode/.local/lib/python3.10/site-packages/airflow/example_dags/example_dag_decorator.py
[2025-08-12T16:00:35.995+0000] {processor.py:826} INFO - Processing file /home/vscode/.local/lib/python3.10/site-packages/airflow/example_dags/example_dag_decorator.py for tasks to queue
[2025-08-12T16:00:35.995+0000] {logging_mixin.py:150} INFO - [2025-08-12T16:00:35.995+0000] {dagbag.py:541} INFO - Filling up the DagBag from /home/vscode/.local/lib/python3.10/site-packages/airflow/example_dags/example_dag_decorator.py
[2025-08-12T16:00:36.004+0000] {processor.py:836} INFO - DAG(s) dict_keys(['example_dag_decorator']) retrieved from /home/vscode/.local/lib/python3.10/site-packages/airflow/example_dags/example_dag_decorator.py
[2025-08-12T16:00:36.081+0000] {logging_mixin.py:150} INFO - [2025-08-12T16:00:36.081+0000] {dag.py:2742} INFO - Sync 1 DAGs
[2025-08-12T16:00:36.095+0000] {logging_mixin.py:150} INFO - [2025-08-12T16:00:36.095+0000] {dag.py:3504} INFO - Setting next_dagrun for example_dag_decorator to None, run_after=None
[2025-08-12T16:00:36.111+0000] {processor.py:179} INFO - Processing /home/vscode/.local/lib/python3.10/site-packages/airflow/example_dags/example_dag_decorator.py took 0.119 seconds
[2025-08-12T16:01:35.435+0000] {processor.py:157} INFO - Started process (PID=28684) to work on /home/vscode/.local/lib/python3.10/site-packages/airflow/example_dags/example_dag_decorator.py
[2025-08-12T16:01:35.435+0000] {processor.py:826} INFO - Processing file /home/vscode/.local/lib/python3.10/site-packages/airflow/example_dags/example_dag_decorator.py for tasks to queue
[2025-08-12T16:01:35.436+0000] {logging_mixin.py:150} INFO - [2025-08-12T16:01:35.436+0000] {dagbag.py:541} INFO - Filling up the DagBag from /home/vscode/.local/lib/python3.10/site-packages/airflow/example_dags/example_dag_decorator.py
[2025-08-12T16:01:35.445+0000] {processor.py:836} INFO - DAG(s) dict_keys(['example_dag_decorator']) retrieved from /home/vscode/.local/lib/python3.10/site-packages/airflow/example_dags/example_dag_decorator.py
[2025-08-12T16:01:35.519+0000] {logging_mixin.py:150} INFO - [2025-08-12T16:01:35.519+0000] {dag.py:2742} INFO - Sync 1 DAGs
[2025-08-12T16:01:35.533+0000] {logging_mixin.py:150} INFO - [2025-08-12T16:01:35.533+0000] {dag.py:3504} INFO - Setting next_dagrun for example_dag_decorator to None, run_after=None
[2025-08-12T16:01:35.548+0000] {processor.py:179} INFO - Processing /home/vscode/.local/lib/python3.10/site-packages/airflow/example_dags/example_dag_decorator.py took 0.116 seconds
[2025-08-12T16:02:21.056+0000] {processor.py:157} INFO - Started process (PID=29004) to work on /home/vscode/.local/lib/python3.10/site-packages/airflow/example_dags/example_dag_decorator.py
[2025-08-12T16:02:21.057+0000] {processor.py:826} INFO - Processing file /home/vscode/.local/lib/python3.10/site-packages/airflow/example_dags/example_dag_decorator.py for tasks to queue
[2025-08-12T16:02:21.057+0000] {logging_mixin.py:150} INFO - [2025-08-12T16:02:21.057+0000] {dagbag.py:541} INFO - Filling up the DagBag from /home/vscode/.local/lib/python3.10/site-packages/airflow/example_dags/example_dag_decorator.py
[2025-08-12T16:02:21.066+0000] {processor.py:836} INFO - DAG(s) dict_keys(['example_dag_decorator']) retrieved from /home/vscode/.local/lib/python3.10/site-packages/airflow/example_dags/example_dag_decorator.py
[2025-08-12T16:02:21.143+0000] {logging_mixin.py:150} INFO - [2025-08-12T16:02:21.143+0000] {dag.py:2742} INFO - Sync 1 DAGs
[2025-08-12T16:02:21.155+0000] {logging_mixin.py:150} INFO - [2025-08-12T16:02:21.155+0000] {dag.py:3504} INFO - Setting next_dagrun for example_dag_decorator to None, run_after=None
[2025-08-12T16:02:21.171+0000] {processor.py:179} INFO - Processing /home/vscode/.local/lib/python3.10/site-packages/airflow/example_dags/example_dag_decorator.py took 0.117 seconds
[2025-08-12T16:03:13.414+0000] {processor.py:157} INFO - Started process (PID=29349) to work on /home/vscode/.local/lib/python3.10/site-packages/airflow/example_dags/example_dag_decorator.py
[2025-08-12T16:03:13.414+0000] {processor.py:826} INFO - Processing file /home/vscode/.local/lib/python3.10/site-packages/airflow/example_dags/example_dag_decorator.py for tasks to queue
[2025-08-12T16:03:13.415+0000] {logging_mixin.py:150} INFO - [2025-08-12T16:03:13.414+0000] {dagbag.py:541} INFO - Filling up the DagBag from /home/vscode/.local/lib/python3.10/site-packages/airflow/example_dags/example_dag_decorator.py
[2025-08-12T16:03:13.423+0000] {processor.py:836} INFO - DAG(s) dict_keys(['example_dag_decorator']) retrieved from /home/vscode/.local/lib/python3.10/site-packages/airflow/example_dags/example_dag_decorator.py
[2025-08-12T16:03:13.498+0000] {logging_mixin.py:150} INFO - [2025-08-12T16:03:13.498+0000] {dag.py:2742} INFO - Sync 1 DAGs
[2025-08-12T16:03:13.510+0000] {logging_mixin.py:150} INFO - [2025-08-12T16:03:13.510+0000] {dag.py:3504} INFO - Setting next_dagrun for example_dag_decorator to None, run_after=None
[2025-08-12T16:03:13.526+0000] {processor.py:179} INFO - Processing /home/vscode/.local/lib/python3.10/site-packages/airflow/example_dags/example_dag_decorator.py took 0.114 seconds
[2025-08-12T16:03:58.441+0000] {processor.py:157} INFO - Started process (PID=29644) to work on /home/vscode/.local/lib/python3.10/site-packages/airflow/example_dags/example_dag_decorator.py
[2025-08-12T16:03:58.441+0000] {processor.py:826} INFO - Processing file /home/vscode/.local/lib/python3.10/site-packages/airflow/example_dags/example_dag_decorator.py for tasks to queue
[2025-08-12T16:03:58.442+0000] {logging_mixin.py:150} INFO - [2025-08-12T16:03:58.442+0000] {dagbag.py:541} INFO - Filling up the DagBag from /home/vscode/.local/lib/python3.10/site-packages/airflow/example_dags/example_dag_decorator.py
[2025-08-12T16:03:58.451+0000] {processor.py:836} INFO - DAG(s) dict_keys(['example_dag_decorator']) retrieved from /home/vscode/.local/lib/python3.10/site-packages/airflow/example_dags/example_dag_decorator.py
[2025-08-12T16:03:58.529+0000] {logging_mixin.py:150} INFO - [2025-08-12T16:03:58.529+0000] {dag.py:2742} INFO - Sync 1 DAGs
[2025-08-12T16:03:58.543+0000] {logging_mixin.py:150} INFO - [2025-08-12T16:03:58.543+0000] {dag.py:3504} INFO - Setting next_dagrun for example_dag_decorator to None, run_after=None
[2025-08-12T16:03:58.559+0000] {processor.py:179} INFO - Processing /home/vscode/.local/lib/python3.10/site-packages/airflow/example_dags/example_dag_decorator.py took 0.120 seconds
[2025-08-12T16:04:47.696+0000] {processor.py:157} INFO - Started process (PID=29977) to work on /home/vscode/.local/lib/python3.10/site-packages/airflow/example_dags/example_dag_decorator.py
[2025-08-12T16:04:47.696+0000] {processor.py:826} INFO - Processing file /home/vscode/.local/lib/python3.10/site-packages/airflow/example_dags/example_dag_decorator.py for tasks to queue
[2025-08-12T16:04:47.697+0000] {logging_mixin.py:150} INFO - [2025-08-12T16:04:47.697+0000] {dagbag.py:541} INFO - Filling up the DagBag from /home/vscode/.local/lib/python3.10/site-packages/airflow/example_dags/example_dag_decorator.py
[2025-08-12T16:04:47.705+0000] {processor.py:836} INFO - DAG(s) dict_keys(['example_dag_decorator']) retrieved from /home/vscode/.local/lib/python3.10/site-packages/airflow/example_dags/example_dag_decorator.py
[2025-08-12T16:04:47.810+0000] {logging_mixin.py:150} INFO - [2025-08-12T16:04:47.810+0000] {dag.py:2742} INFO - Sync 1 DAGs
[2025-08-12T16:04:47.822+0000] {logging_mixin.py:150} INFO - [2025-08-12T16:04:47.822+0000] {dag.py:3504} INFO - Setting next_dagrun for example_dag_decorator to None, run_after=None
[2025-08-12T16:04:47.839+0000] {processor.py:179} INFO - Processing /home/vscode/.local/lib/python3.10/site-packages/airflow/example_dags/example_dag_decorator.py took 0.146 seconds
[2025-08-12T16:05:31.094+0000] {processor.py:157} INFO - Started process (PID=30265) to work on /home/vscode/.local/lib/python3.10/site-packages/airflow/example_dags/example_dag_decorator.py
[2025-08-12T16:05:31.095+0000] {processor.py:826} INFO - Processing file /home/vscode/.local/lib/python3.10/site-packages/airflow/example_dags/example_dag_decorator.py for tasks to queue
[2025-08-12T16:05:31.096+0000] {logging_mixin.py:150} INFO - [2025-08-12T16:05:31.095+0000] {dagbag.py:541} INFO - Filling up the DagBag from /home/vscode/.local/lib/python3.10/site-packages/airflow/example_dags/example_dag_decorator.py
[2025-08-12T16:05:31.105+0000] {processor.py:836} INFO - DAG(s) dict_keys(['example_dag_decorator']) retrieved from /home/vscode/.local/lib/python3.10/site-packages/airflow/example_dags/example_dag_decorator.py
[2025-08-12T16:05:31.198+0000] {logging_mixin.py:150} INFO - [2025-08-12T16:05:31.198+0000] {dag.py:2742} INFO - Sync 1 DAGs
[2025-08-12T16:05:31.211+0000] {logging_mixin.py:150} INFO - [2025-08-12T16:05:31.210+0000] {dag.py:3504} INFO - Setting next_dagrun for example_dag_decorator to None, run_after=None
[2025-08-12T16:05:31.226+0000] {processor.py:179} INFO - Processing /home/vscode/.local/lib/python3.10/site-packages/airflow/example_dags/example_dag_decorator.py took 0.134 seconds
[2025-08-12T16:06:17.364+0000] {processor.py:157} INFO - Started process (PID=30574) to work on /home/vscode/.local/lib/python3.10/site-packages/airflow/example_dags/example_dag_decorator.py
[2025-08-12T16:06:17.365+0000] {processor.py:826} INFO - Processing file /home/vscode/.local/lib/python3.10/site-packages/airflow/example_dags/example_dag_decorator.py for tasks to queue
[2025-08-12T16:06:17.365+0000] {logging_mixin.py:150} INFO - [2025-08-12T16:06:17.365+0000] {dagbag.py:541} INFO - Filling up the DagBag from /home/vscode/.local/lib/python3.10/site-packages/airflow/example_dags/example_dag_decorator.py
[2025-08-12T16:06:17.374+0000] {processor.py:836} INFO - DAG(s) dict_keys(['example_dag_decorator']) retrieved from /home/vscode/.local/lib/python3.10/site-packages/airflow/example_dags/example_dag_decorator.py
[2025-08-12T16:06:17.450+0000] {logging_mixin.py:150} INFO - [2025-08-12T16:06:17.449+0000] {dag.py:2742} INFO - Sync 1 DAGs
[2025-08-12T16:06:17.463+0000] {logging_mixin.py:150} INFO - [2025-08-12T16:06:17.463+0000] {dag.py:3504} INFO - Setting next_dagrun for example_dag_decorator to None, run_after=None
[2025-08-12T16:06:17.479+0000] {processor.py:179} INFO - Processing /home/vscode/.local/lib/python3.10/site-packages/airflow/example_dags/example_dag_decorator.py took 0.117 seconds
[2025-08-12T16:07:03.559+0000] {processor.py:157} INFO - Started process (PID=30885) to work on /home/vscode/.local/lib/python3.10/site-packages/airflow/example_dags/example_dag_decorator.py
[2025-08-12T16:07:03.560+0000] {processor.py:826} INFO - Processing file /home/vscode/.local/lib/python3.10/site-packages/airflow/example_dags/example_dag_decorator.py for tasks to queue
[2025-08-12T16:07:03.560+0000] {logging_mixin.py:150} INFO - [2025-08-12T16:07:03.560+0000] {dagbag.py:541} INFO - Filling up the DagBag from /home/vscode/.local/lib/python3.10/site-packages/airflow/example_dags/example_dag_decorator.py
[2025-08-12T16:07:03.569+0000] {processor.py:836} INFO - DAG(s) dict_keys(['example_dag_decorator']) retrieved from /home/vscode/.local/lib/python3.10/site-packages/airflow/example_dags/example_dag_decorator.py
[2025-08-12T16:07:03.645+0000] {logging_mixin.py:150} INFO - [2025-08-12T16:07:03.645+0000] {dag.py:2742} INFO - Sync 1 DAGs
[2025-08-12T16:07:03.658+0000] {logging_mixin.py:150} INFO - [2025-08-12T16:07:03.658+0000] {dag.py:3504} INFO - Setting next_dagrun for example_dag_decorator to None, run_after=None
[2025-08-12T16:07:03.675+0000] {processor.py:179} INFO - Processing /home/vscode/.local/lib/python3.10/site-packages/airflow/example_dags/example_dag_decorator.py took 0.118 seconds
[2025-08-12T16:08:00.083+0000] {processor.py:157} INFO - Started process (PID=31257) to work on /home/vscode/.local/lib/python3.10/site-packages/airflow/example_dags/example_dag_decorator.py
[2025-08-12T16:08:00.084+0000] {processor.py:826} INFO - Processing file /home/vscode/.local/lib/python3.10/site-packages/airflow/example_dags/example_dag_decorator.py for tasks to queue
[2025-08-12T16:08:00.084+0000] {logging_mixin.py:150} INFO - [2025-08-12T16:08:00.084+0000] {dagbag.py:541} INFO - Filling up the DagBag from /home/vscode/.local/lib/python3.10/site-packages/airflow/example_dags/example_dag_decorator.py
[2025-08-12T16:08:00.093+0000] {processor.py:836} INFO - DAG(s) dict_keys(['example_dag_decorator']) retrieved from /home/vscode/.local/lib/python3.10/site-packages/airflow/example_dags/example_dag_decorator.py
[2025-08-12T16:08:00.171+0000] {logging_mixin.py:150} INFO - [2025-08-12T16:08:00.171+0000] {dag.py:2742} INFO - Sync 1 DAGs
[2025-08-12T16:08:00.184+0000] {logging_mixin.py:150} INFO - [2025-08-12T16:08:00.183+0000] {dag.py:3504} INFO - Setting next_dagrun for example_dag_decorator to None, run_after=None
[2025-08-12T16:08:00.199+0000] {processor.py:179} INFO - Processing /home/vscode/.local/lib/python3.10/site-packages/airflow/example_dags/example_dag_decorator.py took 0.118 seconds
[2025-08-12T16:08:53.216+0000] {processor.py:157} INFO - Started process (PID=31612) to work on /home/vscode/.local/lib/python3.10/site-packages/airflow/example_dags/example_dag_decorator.py
[2025-08-12T16:08:53.217+0000] {processor.py:826} INFO - Processing file /home/vscode/.local/lib/python3.10/site-packages/airflow/example_dags/example_dag_decorator.py for tasks to queue
[2025-08-12T16:08:53.217+0000] {logging_mixin.py:150} INFO - [2025-08-12T16:08:53.217+0000] {dagbag.py:541} INFO - Filling up the DagBag from /home/vscode/.local/lib/python3.10/site-packages/airflow/example_dags/example_dag_decorator.py
[2025-08-12T16:08:53.226+0000] {processor.py:836} INFO - DAG(s) dict_keys(['example_dag_decorator']) retrieved from /home/vscode/.local/lib/python3.10/site-packages/airflow/example_dags/example_dag_decorator.py
[2025-08-12T16:08:53.301+0000] {logging_mixin.py:150} INFO - [2025-08-12T16:08:53.301+0000] {dag.py:2742} INFO - Sync 1 DAGs
[2025-08-12T16:08:53.314+0000] {logging_mixin.py:150} INFO - [2025-08-12T16:08:53.314+0000] {dag.py:3504} INFO - Setting next_dagrun for example_dag_decorator to None, run_after=None
[2025-08-12T16:08:53.329+0000] {processor.py:179} INFO - Processing /home/vscode/.local/lib/python3.10/site-packages/airflow/example_dags/example_dag_decorator.py took 0.115 seconds
[2025-08-12T16:09:38.731+0000] {processor.py:157} INFO - Started process (PID=31914) to work on /home/vscode/.local/lib/python3.10/site-packages/airflow/example_dags/example_dag_decorator.py
[2025-08-12T16:09:38.732+0000] {processor.py:826} INFO - Processing file /home/vscode/.local/lib/python3.10/site-packages/airflow/example_dags/example_dag_decorator.py for tasks to queue
[2025-08-12T16:09:38.732+0000] {logging_mixin.py:150} INFO - [2025-08-12T16:09:38.732+0000] {dagbag.py:541} INFO - Filling up the DagBag from /home/vscode/.local/lib/python3.10/site-packages/airflow/example_dags/example_dag_decorator.py
[2025-08-12T16:09:38.741+0000] {processor.py:836} INFO - DAG(s) dict_keys(['example_dag_decorator']) retrieved from /home/vscode/.local/lib/python3.10/site-packages/airflow/example_dags/example_dag_decorator.py
[2025-08-12T16:09:38.834+0000] {logging_mixin.py:150} INFO - [2025-08-12T16:09:38.833+0000] {dag.py:2742} INFO - Sync 1 DAGs
[2025-08-12T16:09:38.852+0000] {logging_mixin.py:150} INFO - [2025-08-12T16:09:38.852+0000] {dag.py:3504} INFO - Setting next_dagrun for example_dag_decorator to None, run_after=None
[2025-08-12T16:09:38.873+0000] {processor.py:179} INFO - Processing /home/vscode/.local/lib/python3.10/site-packages/airflow/example_dags/example_dag_decorator.py took 0.144 seconds
[2025-08-12T16:10:25.388+0000] {processor.py:157} INFO - Started process (PID=32222) to work on /home/vscode/.local/lib/python3.10/site-packages/airflow/example_dags/example_dag_decorator.py
[2025-08-12T16:10:25.389+0000] {processor.py:826} INFO - Processing file /home/vscode/.local/lib/python3.10/site-packages/airflow/example_dags/example_dag_decorator.py for tasks to queue
[2025-08-12T16:10:25.389+0000] {logging_mixin.py:150} INFO - [2025-08-12T16:10:25.389+0000] {dagbag.py:541} INFO - Filling up the DagBag from /home/vscode/.local/lib/python3.10/site-packages/airflow/example_dags/example_dag_decorator.py
[2025-08-12T16:10:25.398+0000] {processor.py:836} INFO - DAG(s) dict_keys(['example_dag_decorator']) retrieved from /home/vscode/.local/lib/python3.10/site-packages/airflow/example_dags/example_dag_decorator.py
[2025-08-12T16:10:25.475+0000] {logging_mixin.py:150} INFO - [2025-08-12T16:10:25.475+0000] {dag.py:2742} INFO - Sync 1 DAGs
[2025-08-12T16:10:25.488+0000] {logging_mixin.py:150} INFO - [2025-08-12T16:10:25.488+0000] {dag.py:3504} INFO - Setting next_dagrun for example_dag_decorator to None, run_after=None
[2025-08-12T16:10:25.506+0000] {processor.py:179} INFO - Processing /home/vscode/.local/lib/python3.10/site-packages/airflow/example_dags/example_dag_decorator.py took 0.120 seconds
[2025-08-12T16:11:09.624+0000] {processor.py:157} INFO - Started process (PID=32524) to work on /home/vscode/.local/lib/python3.10/site-packages/airflow/example_dags/example_dag_decorator.py
[2025-08-12T16:11:09.625+0000] {processor.py:826} INFO - Processing file /home/vscode/.local/lib/python3.10/site-packages/airflow/example_dags/example_dag_decorator.py for tasks to queue
[2025-08-12T16:11:09.625+0000] {logging_mixin.py:150} INFO - [2025-08-12T16:11:09.625+0000] {dagbag.py:541} INFO - Filling up the DagBag from /home/vscode/.local/lib/python3.10/site-packages/airflow/example_dags/example_dag_decorator.py
[2025-08-12T16:11:09.634+0000] {processor.py:836} INFO - DAG(s) dict_keys(['example_dag_decorator']) retrieved from /home/vscode/.local/lib/python3.10/site-packages/airflow/example_dags/example_dag_decorator.py
[2025-08-12T16:11:09.709+0000] {logging_mixin.py:150} INFO - [2025-08-12T16:11:09.708+0000] {dag.py:2742} INFO - Sync 1 DAGs
[2025-08-12T16:11:09.721+0000] {logging_mixin.py:150} INFO - [2025-08-12T16:11:09.721+0000] {dag.py:3504} INFO - Setting next_dagrun for example_dag_decorator to None, run_after=None
[2025-08-12T16:11:09.737+0000] {processor.py:179} INFO - Processing /home/vscode/.local/lib/python3.10/site-packages/airflow/example_dags/example_dag_decorator.py took 0.115 seconds
[2025-08-12T16:11:53.780+0000] {processor.py:157} INFO - Started process (PID=32812) to work on /home/vscode/.local/lib/python3.10/site-packages/airflow/example_dags/example_dag_decorator.py
[2025-08-12T16:11:53.780+0000] {processor.py:826} INFO - Processing file /home/vscode/.local/lib/python3.10/site-packages/airflow/example_dags/example_dag_decorator.py for tasks to queue
[2025-08-12T16:11:53.781+0000] {logging_mixin.py:150} INFO - [2025-08-12T16:11:53.781+0000] {dagbag.py:541} INFO - Filling up the DagBag from /home/vscode/.local/lib/python3.10/site-packages/airflow/example_dags/example_dag_decorator.py
[2025-08-12T16:11:53.790+0000] {processor.py:836} INFO - DAG(s) dict_keys(['example_dag_decorator']) retrieved from /home/vscode/.local/lib/python3.10/site-packages/airflow/example_dags/example_dag_decorator.py
[2025-08-12T16:11:53.867+0000] {logging_mixin.py:150} INFO - [2025-08-12T16:11:53.867+0000] {dag.py:2742} INFO - Sync 1 DAGs
[2025-08-12T16:11:53.880+0000] {logging_mixin.py:150} INFO - [2025-08-12T16:11:53.880+0000] {dag.py:3504} INFO - Setting next_dagrun for example_dag_decorator to None, run_after=None
[2025-08-12T16:11:53.895+0000] {processor.py:179} INFO - Processing /home/vscode/.local/lib/python3.10/site-packages/airflow/example_dags/example_dag_decorator.py took 0.118 seconds
[2025-08-12T16:12:39.494+0000] {processor.py:157} INFO - Started process (PID=33124) to work on /home/vscode/.local/lib/python3.10/site-packages/airflow/example_dags/example_dag_decorator.py
[2025-08-12T16:12:39.495+0000] {processor.py:826} INFO - Processing file /home/vscode/.local/lib/python3.10/site-packages/airflow/example_dags/example_dag_decorator.py for tasks to queue
[2025-08-12T16:12:39.495+0000] {logging_mixin.py:150} INFO - [2025-08-12T16:12:39.495+0000] {dagbag.py:541} INFO - Filling up the DagBag from /home/vscode/.local/lib/python3.10/site-packages/airflow/example_dags/example_dag_decorator.py
[2025-08-12T16:12:39.504+0000] {processor.py:836} INFO - DAG(s) dict_keys(['example_dag_decorator']) retrieved from /home/vscode/.local/lib/python3.10/site-packages/airflow/example_dags/example_dag_decorator.py
[2025-08-12T16:12:39.579+0000] {logging_mixin.py:150} INFO - [2025-08-12T16:12:39.579+0000] {dag.py:2742} INFO - Sync 1 DAGs
[2025-08-12T16:12:39.593+0000] {logging_mixin.py:150} INFO - [2025-08-12T16:12:39.592+0000] {dag.py:3504} INFO - Setting next_dagrun for example_dag_decorator to None, run_after=None
[2025-08-12T16:12:39.609+0000] {processor.py:179} INFO - Processing /home/vscode/.local/lib/python3.10/site-packages/airflow/example_dags/example_dag_decorator.py took 0.117 seconds
[2025-08-12T16:13:25.818+0000] {processor.py:157} INFO - Started process (PID=33424) to work on /home/vscode/.local/lib/python3.10/site-packages/airflow/example_dags/example_dag_decorator.py
[2025-08-12T16:13:25.819+0000] {processor.py:826} INFO - Processing file /home/vscode/.local/lib/python3.10/site-packages/airflow/example_dags/example_dag_decorator.py for tasks to queue
[2025-08-12T16:13:25.820+0000] {logging_mixin.py:150} INFO - [2025-08-12T16:13:25.819+0000] {dagbag.py:541} INFO - Filling up the DagBag from /home/vscode/.local/lib/python3.10/site-packages/airflow/example_dags/example_dag_decorator.py
[2025-08-12T16:13:25.828+0000] {processor.py:836} INFO - DAG(s) dict_keys(['example_dag_decorator']) retrieved from /home/vscode/.local/lib/python3.10/site-packages/airflow/example_dags/example_dag_decorator.py
[2025-08-12T16:13:25.905+0000] {logging_mixin.py:150} INFO - [2025-08-12T16:13:25.904+0000] {dag.py:2742} INFO - Sync 1 DAGs
[2025-08-12T16:13:25.917+0000] {logging_mixin.py:150} INFO - [2025-08-12T16:13:25.917+0000] {dag.py:3504} INFO - Setting next_dagrun for example_dag_decorator to None, run_after=None
[2025-08-12T16:13:25.934+0000] {processor.py:179} INFO - Processing /home/vscode/.local/lib/python3.10/site-packages/airflow/example_dags/example_dag_decorator.py took 0.118 seconds
[2025-08-12T16:14:25.159+0000] {processor.py:157} INFO - Started process (PID=33815) to work on /home/vscode/.local/lib/python3.10/site-packages/airflow/example_dags/example_dag_decorator.py
[2025-08-12T16:14:25.160+0000] {processor.py:826} INFO - Processing file /home/vscode/.local/lib/python3.10/site-packages/airflow/example_dags/example_dag_decorator.py for tasks to queue
[2025-08-12T16:14:25.160+0000] {logging_mixin.py:150} INFO - [2025-08-12T16:14:25.160+0000] {dagbag.py:541} INFO - Filling up the DagBag from /home/vscode/.local/lib/python3.10/site-packages/airflow/example_dags/example_dag_decorator.py
[2025-08-12T16:14:25.169+0000] {processor.py:836} INFO - DAG(s) dict_keys(['example_dag_decorator']) retrieved from /home/vscode/.local/lib/python3.10/site-packages/airflow/example_dags/example_dag_decorator.py
[2025-08-12T16:14:25.244+0000] {logging_mixin.py:150} INFO - [2025-08-12T16:14:25.244+0000] {dag.py:2742} INFO - Sync 1 DAGs
[2025-08-12T16:14:25.257+0000] {logging_mixin.py:150} INFO - [2025-08-12T16:14:25.257+0000] {dag.py:3504} INFO - Setting next_dagrun for example_dag_decorator to None, run_after=None
[2025-08-12T16:14:25.273+0000] {processor.py:179} INFO - Processing /home/vscode/.local/lib/python3.10/site-packages/airflow/example_dags/example_dag_decorator.py took 0.116 seconds
[2025-08-12T16:15:18.563+0000] {processor.py:157} INFO - Started process (PID=34177) to work on /home/vscode/.local/lib/python3.10/site-packages/airflow/example_dags/example_dag_decorator.py
[2025-08-12T16:15:18.563+0000] {processor.py:826} INFO - Processing file /home/vscode/.local/lib/python3.10/site-packages/airflow/example_dags/example_dag_decorator.py for tasks to queue
[2025-08-12T16:15:18.564+0000] {logging_mixin.py:150} INFO - [2025-08-12T16:15:18.564+0000] {dagbag.py:541} INFO - Filling up the DagBag from /home/vscode/.local/lib/python3.10/site-packages/airflow/example_dags/example_dag_decorator.py
[2025-08-12T16:15:18.573+0000] {processor.py:836} INFO - DAG(s) dict_keys(['example_dag_decorator']) retrieved from /home/vscode/.local/lib/python3.10/site-packages/airflow/example_dags/example_dag_decorator.py
[2025-08-12T16:15:18.669+0000] {logging_mixin.py:150} INFO - [2025-08-12T16:15:18.668+0000] {dag.py:2742} INFO - Sync 1 DAGs
[2025-08-12T16:15:18.682+0000] {logging_mixin.py:150} INFO - [2025-08-12T16:15:18.682+0000] {dag.py:3504} INFO - Setting next_dagrun for example_dag_decorator to None, run_after=None
[2025-08-12T16:15:18.699+0000] {processor.py:179} INFO - Processing /home/vscode/.local/lib/python3.10/site-packages/airflow/example_dags/example_dag_decorator.py took 0.139 seconds
[2025-08-12T16:16:01.672+0000] {processor.py:157} INFO - Started process (PID=34464) to work on /home/vscode/.local/lib/python3.10/site-packages/airflow/example_dags/example_dag_decorator.py
[2025-08-12T16:16:01.673+0000] {processor.py:826} INFO - Processing file /home/vscode/.local/lib/python3.10/site-packages/airflow/example_dags/example_dag_decorator.py for tasks to queue
[2025-08-12T16:16:01.673+0000] {logging_mixin.py:150} INFO - [2025-08-12T16:16:01.673+0000] {dagbag.py:541} INFO - Filling up the DagBag from /home/vscode/.local/lib/python3.10/site-packages/airflow/example_dags/example_dag_decorator.py
[2025-08-12T16:16:01.682+0000] {processor.py:836} INFO - DAG(s) dict_keys(['example_dag_decorator']) retrieved from /home/vscode/.local/lib/python3.10/site-packages/airflow/example_dags/example_dag_decorator.py
[2025-08-12T16:16:01.761+0000] {logging_mixin.py:150} INFO - [2025-08-12T16:16:01.761+0000] {dag.py:2742} INFO - Sync 1 DAGs
[2025-08-12T16:16:01.774+0000] {logging_mixin.py:150} INFO - [2025-08-12T16:16:01.773+0000] {dag.py:3504} INFO - Setting next_dagrun for example_dag_decorator to None, run_after=None
[2025-08-12T16:16:01.789+0000] {processor.py:179} INFO - Processing /home/vscode/.local/lib/python3.10/site-packages/airflow/example_dags/example_dag_decorator.py took 0.119 seconds
[2025-08-12T16:16:57.095+0000] {processor.py:157} INFO - Started process (PID=34829) to work on /home/vscode/.local/lib/python3.10/site-packages/airflow/example_dags/example_dag_decorator.py
[2025-08-12T16:16:57.096+0000] {processor.py:826} INFO - Processing file /home/vscode/.local/lib/python3.10/site-packages/airflow/example_dags/example_dag_decorator.py for tasks to queue
[2025-08-12T16:16:57.097+0000] {logging_mixin.py:150} INFO - [2025-08-12T16:16:57.096+0000] {dagbag.py:541} INFO - Filling up the DagBag from /home/vscode/.local/lib/python3.10/site-packages/airflow/example_dags/example_dag_decorator.py
[2025-08-12T16:16:57.105+0000] {processor.py:836} INFO - DAG(s) dict_keys(['example_dag_decorator']) retrieved from /home/vscode/.local/lib/python3.10/site-packages/airflow/example_dags/example_dag_decorator.py
[2025-08-12T16:16:57.180+0000] {logging_mixin.py:150} INFO - [2025-08-12T16:16:57.179+0000] {dag.py:2742} INFO - Sync 1 DAGs
[2025-08-12T16:16:57.193+0000] {logging_mixin.py:150} INFO - [2025-08-12T16:16:57.193+0000] {dag.py:3504} INFO - Setting next_dagrun for example_dag_decorator to None, run_after=None
[2025-08-12T16:16:57.209+0000] {processor.py:179} INFO - Processing /home/vscode/.local/lib/python3.10/site-packages/airflow/example_dags/example_dag_decorator.py took 0.116 seconds
[2025-08-12T16:17:49.760+0000] {processor.py:157} INFO - Started process (PID=35191) to work on /home/vscode/.local/lib/python3.10/site-packages/airflow/example_dags/example_dag_decorator.py
[2025-08-12T16:17:49.760+0000] {processor.py:826} INFO - Processing file /home/vscode/.local/lib/python3.10/site-packages/airflow/example_dags/example_dag_decorator.py for tasks to queue
[2025-08-12T16:17:49.761+0000] {logging_mixin.py:150} INFO - [2025-08-12T16:17:49.761+0000] {dagbag.py:541} INFO - Filling up the DagBag from /home/vscode/.local/lib/python3.10/site-packages/airflow/example_dags/example_dag_decorator.py
[2025-08-12T16:17:49.770+0000] {processor.py:836} INFO - DAG(s) dict_keys(['example_dag_decorator']) retrieved from /home/vscode/.local/lib/python3.10/site-packages/airflow/example_dags/example_dag_decorator.py
[2025-08-12T16:17:49.845+0000] {logging_mixin.py:150} INFO - [2025-08-12T16:17:49.845+0000] {dag.py:2742} INFO - Sync 1 DAGs
[2025-08-12T16:17:49.857+0000] {logging_mixin.py:150} INFO - [2025-08-12T16:17:49.857+0000] {dag.py:3504} INFO - Setting next_dagrun for example_dag_decorator to None, run_after=None
[2025-08-12T16:17:49.872+0000] {processor.py:179} INFO - Processing /home/vscode/.local/lib/python3.10/site-packages/airflow/example_dags/example_dag_decorator.py took 0.115 seconds
[2025-08-12T16:18:45.168+0000] {processor.py:157} INFO - Started process (PID=35554) to work on /home/vscode/.local/lib/python3.10/site-packages/airflow/example_dags/example_dag_decorator.py
[2025-08-12T16:18:45.169+0000] {processor.py:826} INFO - Processing file /home/vscode/.local/lib/python3.10/site-packages/airflow/example_dags/example_dag_decorator.py for tasks to queue
[2025-08-12T16:18:45.170+0000] {logging_mixin.py:150} INFO - [2025-08-12T16:18:45.169+0000] {dagbag.py:541} INFO - Filling up the DagBag from /home/vscode/.local/lib/python3.10/site-packages/airflow/example_dags/example_dag_decorator.py
[2025-08-12T16:18:45.178+0000] {processor.py:836} INFO - DAG(s) dict_keys(['example_dag_decorator']) retrieved from /home/vscode/.local/lib/python3.10/site-packages/airflow/example_dags/example_dag_decorator.py
[2025-08-12T16:18:45.255+0000] {logging_mixin.py:150} INFO - [2025-08-12T16:18:45.255+0000] {dag.py:2742} INFO - Sync 1 DAGs
[2025-08-12T16:18:45.267+0000] {logging_mixin.py:150} INFO - [2025-08-12T16:18:45.267+0000] {dag.py:3504} INFO - Setting next_dagrun for example_dag_decorator to None, run_after=None
[2025-08-12T16:18:45.282+0000] {processor.py:179} INFO - Processing /home/vscode/.local/lib/python3.10/site-packages/airflow/example_dags/example_dag_decorator.py took 0.118 seconds
[2025-08-12T16:19:42.988+0000] {processor.py:157} INFO - Started process (PID=35941) to work on /home/vscode/.local/lib/python3.10/site-packages/airflow/example_dags/example_dag_decorator.py
[2025-08-12T16:19:42.989+0000] {processor.py:826} INFO - Processing file /home/vscode/.local/lib/python3.10/site-packages/airflow/example_dags/example_dag_decorator.py for tasks to queue
[2025-08-12T16:19:42.990+0000] {logging_mixin.py:150} INFO - [2025-08-12T16:19:42.989+0000] {dagbag.py:541} INFO - Filling up the DagBag from /home/vscode/.local/lib/python3.10/site-packages/airflow/example_dags/example_dag_decorator.py
[2025-08-12T16:19:42.998+0000] {processor.py:836} INFO - DAG(s) dict_keys(['example_dag_decorator']) retrieved from /home/vscode/.local/lib/python3.10/site-packages/airflow/example_dags/example_dag_decorator.py
[2025-08-12T16:19:43.075+0000] {logging_mixin.py:150} INFO - [2025-08-12T16:19:43.075+0000] {dag.py:2742} INFO - Sync 1 DAGs
[2025-08-12T16:19:43.089+0000] {logging_mixin.py:150} INFO - [2025-08-12T16:19:43.089+0000] {dag.py:3504} INFO - Setting next_dagrun for example_dag_decorator to None, run_after=None
[2025-08-12T16:19:43.105+0000] {processor.py:179} INFO - Processing /home/vscode/.local/lib/python3.10/site-packages/airflow/example_dags/example_dag_decorator.py took 0.118 seconds
[2025-08-12T16:20:31.606+0000] {processor.py:157} INFO - Started process (PID=36267) to work on /home/vscode/.local/lib/python3.10/site-packages/airflow/example_dags/example_dag_decorator.py
[2025-08-12T16:20:31.607+0000] {processor.py:826} INFO - Processing file /home/vscode/.local/lib/python3.10/site-packages/airflow/example_dags/example_dag_decorator.py for tasks to queue
[2025-08-12T16:20:31.608+0000] {logging_mixin.py:150} INFO - [2025-08-12T16:20:31.607+0000] {dagbag.py:541} INFO - Filling up the DagBag from /home/vscode/.local/lib/python3.10/site-packages/airflow/example_dags/example_dag_decorator.py
[2025-08-12T16:20:31.623+0000] {processor.py:836} INFO - DAG(s) dict_keys(['example_dag_decorator']) retrieved from /home/vscode/.local/lib/python3.10/site-packages/airflow/example_dags/example_dag_decorator.py
[2025-08-12T16:20:31.710+0000] {logging_mixin.py:150} INFO - [2025-08-12T16:20:31.710+0000] {dag.py:2742} INFO - Sync 1 DAGs
[2025-08-12T16:20:31.724+0000] {logging_mixin.py:150} INFO - [2025-08-12T16:20:31.724+0000] {dag.py:3504} INFO - Setting next_dagrun for example_dag_decorator to None, run_after=None
[2025-08-12T16:20:31.756+0000] {processor.py:179} INFO - Processing /home/vscode/.local/lib/python3.10/site-packages/airflow/example_dags/example_dag_decorator.py took 0.152 seconds
[2025-08-12T16:21:27.961+0000] {processor.py:157} INFO - Started process (PID=36633) to work on /home/vscode/.local/lib/python3.10/site-packages/airflow/example_dags/example_dag_decorator.py
[2025-08-12T16:21:27.962+0000] {processor.py:826} INFO - Processing file /home/vscode/.local/lib/python3.10/site-packages/airflow/example_dags/example_dag_decorator.py for tasks to queue
[2025-08-12T16:21:27.963+0000] {logging_mixin.py:150} INFO - [2025-08-12T16:21:27.963+0000] {dagbag.py:541} INFO - Filling up the DagBag from /home/vscode/.local/lib/python3.10/site-packages/airflow/example_dags/example_dag_decorator.py
[2025-08-12T16:21:27.975+0000] {processor.py:836} INFO - DAG(s) dict_keys(['example_dag_decorator']) retrieved from /home/vscode/.local/lib/python3.10/site-packages/airflow/example_dags/example_dag_decorator.py
[2025-08-12T16:21:28.053+0000] {logging_mixin.py:150} INFO - [2025-08-12T16:21:28.053+0000] {dag.py:2742} INFO - Sync 1 DAGs
[2025-08-12T16:21:28.066+0000] {logging_mixin.py:150} INFO - [2025-08-12T16:21:28.066+0000] {dag.py:3504} INFO - Setting next_dagrun for example_dag_decorator to None, run_after=None
[2025-08-12T16:21:28.082+0000] {processor.py:179} INFO - Processing /home/vscode/.local/lib/python3.10/site-packages/airflow/example_dags/example_dag_decorator.py took 0.123 seconds
[2025-08-12T16:22:10.120+0000] {processor.py:157} INFO - Started process (PID=36917) to work on /home/vscode/.local/lib/python3.10/site-packages/airflow/example_dags/example_dag_decorator.py
[2025-08-12T16:22:10.121+0000] {processor.py:826} INFO - Processing file /home/vscode/.local/lib/python3.10/site-packages/airflow/example_dags/example_dag_decorator.py for tasks to queue
[2025-08-12T16:22:10.121+0000] {logging_mixin.py:150} INFO - [2025-08-12T16:22:10.121+0000] {dagbag.py:541} INFO - Filling up the DagBag from /home/vscode/.local/lib/python3.10/site-packages/airflow/example_dags/example_dag_decorator.py
[2025-08-12T16:22:10.130+0000] {processor.py:836} INFO - DAG(s) dict_keys(['example_dag_decorator']) retrieved from /home/vscode/.local/lib/python3.10/site-packages/airflow/example_dags/example_dag_decorator.py
[2025-08-12T16:22:10.204+0000] {logging_mixin.py:150} INFO - [2025-08-12T16:22:10.204+0000] {dag.py:2742} INFO - Sync 1 DAGs
[2025-08-12T16:22:10.218+0000] {logging_mixin.py:150} INFO - [2025-08-12T16:22:10.218+0000] {dag.py:3504} INFO - Setting next_dagrun for example_dag_decorator to None, run_after=None
[2025-08-12T16:22:10.234+0000] {processor.py:179} INFO - Processing /home/vscode/.local/lib/python3.10/site-packages/airflow/example_dags/example_dag_decorator.py took 0.116 seconds
[2025-08-12T16:23:07.147+0000] {processor.py:157} INFO - Started process (PID=37296) to work on /home/vscode/.local/lib/python3.10/site-packages/airflow/example_dags/example_dag_decorator.py
[2025-08-12T16:23:07.148+0000] {processor.py:826} INFO - Processing file /home/vscode/.local/lib/python3.10/site-packages/airflow/example_dags/example_dag_decorator.py for tasks to queue
[2025-08-12T16:23:07.148+0000] {logging_mixin.py:150} INFO - [2025-08-12T16:23:07.148+0000] {dagbag.py:541} INFO - Filling up the DagBag from /home/vscode/.local/lib/python3.10/site-packages/airflow/example_dags/example_dag_decorator.py
[2025-08-12T16:23:07.157+0000] {processor.py:836} INFO - DAG(s) dict_keys(['example_dag_decorator']) retrieved from /home/vscode/.local/lib/python3.10/site-packages/airflow/example_dags/example_dag_decorator.py
[2025-08-12T16:23:07.230+0000] {logging_mixin.py:150} INFO - [2025-08-12T16:23:07.230+0000] {dag.py:2742} INFO - Sync 1 DAGs
[2025-08-12T16:23:07.243+0000] {logging_mixin.py:150} INFO - [2025-08-12T16:23:07.243+0000] {dag.py:3504} INFO - Setting next_dagrun for example_dag_decorator to None, run_after=None
[2025-08-12T16:23:07.259+0000] {processor.py:179} INFO - Processing /home/vscode/.local/lib/python3.10/site-packages/airflow/example_dags/example_dag_decorator.py took 0.114 seconds
[2025-08-12T16:23:53.375+0000] {processor.py:157} INFO - Started process (PID=37605) to work on /home/vscode/.local/lib/python3.10/site-packages/airflow/example_dags/example_dag_decorator.py
[2025-08-12T16:23:53.375+0000] {processor.py:826} INFO - Processing file /home/vscode/.local/lib/python3.10/site-packages/airflow/example_dags/example_dag_decorator.py for tasks to queue
[2025-08-12T16:23:53.376+0000] {logging_mixin.py:150} INFO - [2025-08-12T16:23:53.376+0000] {dagbag.py:541} INFO - Filling up the DagBag from /home/vscode/.local/lib/python3.10/site-packages/airflow/example_dags/example_dag_decorator.py
[2025-08-12T16:23:53.385+0000] {processor.py:836} INFO - DAG(s) dict_keys(['example_dag_decorator']) retrieved from /home/vscode/.local/lib/python3.10/site-packages/airflow/example_dags/example_dag_decorator.py
[2025-08-12T16:23:53.461+0000] {logging_mixin.py:150} INFO - [2025-08-12T16:23:53.461+0000] {dag.py:2742} INFO - Sync 1 DAGs
[2025-08-12T16:23:53.474+0000] {logging_mixin.py:150} INFO - [2025-08-12T16:23:53.473+0000] {dag.py:3504} INFO - Setting next_dagrun for example_dag_decorator to None, run_after=None
[2025-08-12T16:23:53.490+0000] {processor.py:179} INFO - Processing /home/vscode/.local/lib/python3.10/site-packages/airflow/example_dags/example_dag_decorator.py took 0.117 seconds
[2025-08-12T16:24:52.295+0000] {processor.py:157} INFO - Started process (PID=37999) to work on /home/vscode/.local/lib/python3.10/site-packages/airflow/example_dags/example_dag_decorator.py
[2025-08-12T16:24:52.296+0000] {processor.py:826} INFO - Processing file /home/vscode/.local/lib/python3.10/site-packages/airflow/example_dags/example_dag_decorator.py for tasks to queue
[2025-08-12T16:24:52.297+0000] {logging_mixin.py:150} INFO - [2025-08-12T16:24:52.296+0000] {dagbag.py:541} INFO - Filling up the DagBag from /home/vscode/.local/lib/python3.10/site-packages/airflow/example_dags/example_dag_decorator.py
[2025-08-12T16:24:52.305+0000] {processor.py:836} INFO - DAG(s) dict_keys(['example_dag_decorator']) retrieved from /home/vscode/.local/lib/python3.10/site-packages/airflow/example_dags/example_dag_decorator.py
[2025-08-12T16:24:52.387+0000] {logging_mixin.py:150} INFO - [2025-08-12T16:24:52.387+0000] {dag.py:2742} INFO - Sync 1 DAGs
[2025-08-12T16:24:52.399+0000] {logging_mixin.py:150} INFO - [2025-08-12T16:24:52.399+0000] {dag.py:3504} INFO - Setting next_dagrun for example_dag_decorator to None, run_after=None
[2025-08-12T16:24:52.414+0000] {processor.py:179} INFO - Processing /home/vscode/.local/lib/python3.10/site-packages/airflow/example_dags/example_dag_decorator.py took 0.121 seconds
[2025-08-12T16:25:36.281+0000] {processor.py:157} INFO - Started process (PID=38292) to work on /home/vscode/.local/lib/python3.10/site-packages/airflow/example_dags/example_dag_decorator.py
[2025-08-12T16:25:36.281+0000] {processor.py:826} INFO - Processing file /home/vscode/.local/lib/python3.10/site-packages/airflow/example_dags/example_dag_decorator.py for tasks to queue
[2025-08-12T16:25:36.282+0000] {logging_mixin.py:150} INFO - [2025-08-12T16:25:36.281+0000] {dagbag.py:541} INFO - Filling up the DagBag from /home/vscode/.local/lib/python3.10/site-packages/airflow/example_dags/example_dag_decorator.py
[2025-08-12T16:25:36.290+0000] {processor.py:836} INFO - DAG(s) dict_keys(['example_dag_decorator']) retrieved from /home/vscode/.local/lib/python3.10/site-packages/airflow/example_dags/example_dag_decorator.py
[2025-08-12T16:25:36.366+0000] {logging_mixin.py:150} INFO - [2025-08-12T16:25:36.366+0000] {dag.py:2742} INFO - Sync 1 DAGs
[2025-08-12T16:25:36.380+0000] {logging_mixin.py:150} INFO - [2025-08-12T16:25:36.380+0000] {dag.py:3504} INFO - Setting next_dagrun for example_dag_decorator to None, run_after=None
[2025-08-12T16:25:36.397+0000] {processor.py:179} INFO - Processing /home/vscode/.local/lib/python3.10/site-packages/airflow/example_dags/example_dag_decorator.py took 0.118 seconds
[2025-08-12T16:26:22.243+0000] {processor.py:157} INFO - Started process (PID=38589) to work on /home/vscode/.local/lib/python3.10/site-packages/airflow/example_dags/example_dag_decorator.py
[2025-08-12T16:26:22.244+0000] {processor.py:826} INFO - Processing file /home/vscode/.local/lib/python3.10/site-packages/airflow/example_dags/example_dag_decorator.py for tasks to queue
[2025-08-12T16:26:22.244+0000] {logging_mixin.py:150} INFO - [2025-08-12T16:26:22.244+0000] {dagbag.py:541} INFO - Filling up the DagBag from /home/vscode/.local/lib/python3.10/site-packages/airflow/example_dags/example_dag_decorator.py
[2025-08-12T16:26:22.253+0000] {processor.py:836} INFO - DAG(s) dict_keys(['example_dag_decorator']) retrieved from /home/vscode/.local/lib/python3.10/site-packages/airflow/example_dags/example_dag_decorator.py
[2025-08-12T16:26:22.329+0000] {logging_mixin.py:150} INFO - [2025-08-12T16:26:22.329+0000] {dag.py:2742} INFO - Sync 1 DAGs
[2025-08-12T16:26:22.342+0000] {logging_mixin.py:150} INFO - [2025-08-12T16:26:22.342+0000] {dag.py:3504} INFO - Setting next_dagrun for example_dag_decorator to None, run_after=None
[2025-08-12T16:26:22.358+0000] {processor.py:179} INFO - Processing /home/vscode/.local/lib/python3.10/site-packages/airflow/example_dags/example_dag_decorator.py took 0.117 seconds
[2025-08-12T16:27:16.753+0000] {processor.py:157} INFO - Started process (PID=38956) to work on /home/vscode/.local/lib/python3.10/site-packages/airflow/example_dags/example_dag_decorator.py
[2025-08-12T16:27:16.754+0000] {processor.py:826} INFO - Processing file /home/vscode/.local/lib/python3.10/site-packages/airflow/example_dags/example_dag_decorator.py for tasks to queue
[2025-08-12T16:27:16.755+0000] {logging_mixin.py:150} INFO - [2025-08-12T16:27:16.754+0000] {dagbag.py:541} INFO - Filling up the DagBag from /home/vscode/.local/lib/python3.10/site-packages/airflow/example_dags/example_dag_decorator.py
[2025-08-12T16:27:16.763+0000] {processor.py:836} INFO - DAG(s) dict_keys(['example_dag_decorator']) retrieved from /home/vscode/.local/lib/python3.10/site-packages/airflow/example_dags/example_dag_decorator.py
[2025-08-12T16:27:16.839+0000] {logging_mixin.py:150} INFO - [2025-08-12T16:27:16.839+0000] {dag.py:2742} INFO - Sync 1 DAGs
[2025-08-12T16:27:16.851+0000] {logging_mixin.py:150} INFO - [2025-08-12T16:27:16.851+0000] {dag.py:3504} INFO - Setting next_dagrun for example_dag_decorator to None, run_after=None
[2025-08-12T16:27:16.866+0000] {processor.py:179} INFO - Processing /home/vscode/.local/lib/python3.10/site-packages/airflow/example_dags/example_dag_decorator.py took 0.115 seconds
[2025-08-12T16:28:00.204+0000] {processor.py:157} INFO - Started process (PID=39245) to work on /home/vscode/.local/lib/python3.10/site-packages/airflow/example_dags/example_dag_decorator.py
[2025-08-12T16:28:00.204+0000] {processor.py:826} INFO - Processing file /home/vscode/.local/lib/python3.10/site-packages/airflow/example_dags/example_dag_decorator.py for tasks to queue
[2025-08-12T16:28:00.205+0000] {logging_mixin.py:150} INFO - [2025-08-12T16:28:00.205+0000] {dagbag.py:541} INFO - Filling up the DagBag from /home/vscode/.local/lib/python3.10/site-packages/airflow/example_dags/example_dag_decorator.py
[2025-08-12T16:28:00.213+0000] {processor.py:836} INFO - DAG(s) dict_keys(['example_dag_decorator']) retrieved from /home/vscode/.local/lib/python3.10/site-packages/airflow/example_dags/example_dag_decorator.py
[2025-08-12T16:28:00.288+0000] {logging_mixin.py:150} INFO - [2025-08-12T16:28:00.288+0000] {dag.py:2742} INFO - Sync 1 DAGs
[2025-08-12T16:28:00.301+0000] {logging_mixin.py:150} INFO - [2025-08-12T16:28:00.301+0000] {dag.py:3504} INFO - Setting next_dagrun for example_dag_decorator to None, run_after=None
[2025-08-12T16:28:00.317+0000] {processor.py:179} INFO - Processing /home/vscode/.local/lib/python3.10/site-packages/airflow/example_dags/example_dag_decorator.py took 0.115 seconds
[2025-08-12T16:28:46.434+0000] {processor.py:157} INFO - Started process (PID=39561) to work on /home/vscode/.local/lib/python3.10/site-packages/airflow/example_dags/example_dag_decorator.py
[2025-08-12T16:28:46.435+0000] {processor.py:826} INFO - Processing file /home/vscode/.local/lib/python3.10/site-packages/airflow/example_dags/example_dag_decorator.py for tasks to queue
[2025-08-12T16:28:46.435+0000] {logging_mixin.py:150} INFO - [2025-08-12T16:28:46.435+0000] {dagbag.py:541} INFO - Filling up the DagBag from /home/vscode/.local/lib/python3.10/site-packages/airflow/example_dags/example_dag_decorator.py
[2025-08-12T16:28:46.444+0000] {processor.py:836} INFO - DAG(s) dict_keys(['example_dag_decorator']) retrieved from /home/vscode/.local/lib/python3.10/site-packages/airflow/example_dags/example_dag_decorator.py
[2025-08-12T16:28:46.520+0000] {logging_mixin.py:150} INFO - [2025-08-12T16:28:46.520+0000] {dag.py:2742} INFO - Sync 1 DAGs
[2025-08-12T16:28:46.534+0000] {logging_mixin.py:150} INFO - [2025-08-12T16:28:46.534+0000] {dag.py:3504} INFO - Setting next_dagrun for example_dag_decorator to None, run_after=None
[2025-08-12T16:28:46.550+0000] {processor.py:179} INFO - Processing /home/vscode/.local/lib/python3.10/site-packages/airflow/example_dags/example_dag_decorator.py took 0.119 seconds
[2025-08-12T16:29:33.534+0000] {processor.py:157} INFO - Started process (PID=39864) to work on /home/vscode/.local/lib/python3.10/site-packages/airflow/example_dags/example_dag_decorator.py
[2025-08-12T16:29:33.534+0000] {processor.py:826} INFO - Processing file /home/vscode/.local/lib/python3.10/site-packages/airflow/example_dags/example_dag_decorator.py for tasks to queue
[2025-08-12T16:29:33.535+0000] {logging_mixin.py:150} INFO - [2025-08-12T16:29:33.535+0000] {dagbag.py:541} INFO - Filling up the DagBag from /home/vscode/.local/lib/python3.10/site-packages/airflow/example_dags/example_dag_decorator.py
[2025-08-12T16:29:33.543+0000] {processor.py:836} INFO - DAG(s) dict_keys(['example_dag_decorator']) retrieved from /home/vscode/.local/lib/python3.10/site-packages/airflow/example_dags/example_dag_decorator.py
[2025-08-12T16:29:33.619+0000] {logging_mixin.py:150} INFO - [2025-08-12T16:29:33.618+0000] {dag.py:2742} INFO - Sync 1 DAGs
[2025-08-12T16:29:33.632+0000] {logging_mixin.py:150} INFO - [2025-08-12T16:29:33.632+0000] {dag.py:3504} INFO - Setting next_dagrun for example_dag_decorator to None, run_after=None
[2025-08-12T16:29:33.648+0000] {processor.py:179} INFO - Processing /home/vscode/.local/lib/python3.10/site-packages/airflow/example_dags/example_dag_decorator.py took 0.117 seconds
[2025-08-12T16:30:16.950+0000] {processor.py:157} INFO - Started process (PID=40156) to work on /home/vscode/.local/lib/python3.10/site-packages/airflow/example_dags/example_dag_decorator.py
[2025-08-12T16:30:16.951+0000] {processor.py:826} INFO - Processing file /home/vscode/.local/lib/python3.10/site-packages/airflow/example_dags/example_dag_decorator.py for tasks to queue
[2025-08-12T16:30:16.951+0000] {logging_mixin.py:150} INFO - [2025-08-12T16:30:16.951+0000] {dagbag.py:541} INFO - Filling up the DagBag from /home/vscode/.local/lib/python3.10/site-packages/airflow/example_dags/example_dag_decorator.py
[2025-08-12T16:30:16.960+0000] {processor.py:836} INFO - DAG(s) dict_keys(['example_dag_decorator']) retrieved from /home/vscode/.local/lib/python3.10/site-packages/airflow/example_dags/example_dag_decorator.py
[2025-08-12T16:30:17.034+0000] {logging_mixin.py:150} INFO - [2025-08-12T16:30:17.034+0000] {dag.py:2742} INFO - Sync 1 DAGs
[2025-08-12T16:30:17.047+0000] {logging_mixin.py:150} INFO - [2025-08-12T16:30:17.047+0000] {dag.py:3504} INFO - Setting next_dagrun for example_dag_decorator to None, run_after=None
[2025-08-12T16:30:17.062+0000] {processor.py:179} INFO - Processing /home/vscode/.local/lib/python3.10/site-packages/airflow/example_dags/example_dag_decorator.py took 0.114 seconds
