[2025-08-12T15:37:11.149+0000] {processor.py:157} INFO - Started process (PID=18024) to work on /home/vscode/.local/lib/python3.10/site-packages/airflow/example_dags/example_latest_only.py
[2025-08-12T15:37:11.150+0000] {processor.py:826} INFO - Processing file /home/vscode/.local/lib/python3.10/site-packages/airflow/example_dags/example_latest_only.py for tasks to queue
[2025-08-12T15:37:11.150+0000] {logging_mixin.py:150} INFO - [2025-08-12T15:37:11.150+0000] {dagbag.py:541} INFO - Filling up the DagBag from /home/vscode/.local/lib/python3.10/site-packages/airflow/example_dags/example_latest_only.py
[2025-08-12T15:37:11.155+0000] {processor.py:836} INFO - DAG(s) dict_keys(['latest_only']) retrieved from /home/vscode/.local/lib/python3.10/site-packages/airflow/example_dags/example_latest_only.py
[2025-08-12T15:37:11.233+0000] {logging_mixin.py:150} INFO - [2025-08-12T15:37:11.233+0000] {manager.py:504} INFO - Created Permission View: can edit on DAG:latest_only
[2025-08-12T15:37:11.242+0000] {logging_mixin.py:150} INFO - [2025-08-12T15:37:11.242+0000] {manager.py:504} INFO - Created Permission View: can read on DAG:latest_only
[2025-08-12T15:37:11.249+0000] {logging_mixin.py:150} INFO - [2025-08-12T15:37:11.249+0000] {manager.py:504} INFO - Created Permission View: can delete on DAG:latest_only
[2025-08-12T15:37:11.257+0000] {logging_mixin.py:150} INFO - [2025-08-12T15:37:11.257+0000] {dag.py:2742} INFO - Sync 1 DAGs
[2025-08-12T15:37:11.263+0000] {logging_mixin.py:150} INFO - [2025-08-12T15:37:11.263+0000] {dag.py:2763} INFO - Creating ORM DAG for latest_only
[2025-08-12T15:37:11.270+0000] {logging_mixin.py:150} INFO - [2025-08-12T15:37:11.269+0000] {dag.py:3504} INFO - Setting next_dagrun for latest_only to 2025-08-12T11:37:11.269757+00:00, run_after=2025-08-12T15:37:11.269757+00:00
[2025-08-12T15:37:11.285+0000] {processor.py:179} INFO - Processing /home/vscode/.local/lib/python3.10/site-packages/airflow/example_dags/example_latest_only.py took 0.138 seconds
[2025-08-12T15:37:57.332+0000] {processor.py:157} INFO - Started process (PID=18395) to work on /home/vscode/.local/lib/python3.10/site-packages/airflow/example_dags/example_latest_only.py
[2025-08-12T15:37:57.332+0000] {processor.py:826} INFO - Processing file /home/vscode/.local/lib/python3.10/site-packages/airflow/example_dags/example_latest_only.py for tasks to queue
[2025-08-12T15:37:57.333+0000] {logging_mixin.py:150} INFO - [2025-08-12T15:37:57.333+0000] {dagbag.py:541} INFO - Filling up the DagBag from /home/vscode/.local/lib/python3.10/site-packages/airflow/example_dags/example_latest_only.py
[2025-08-12T15:37:57.337+0000] {processor.py:836} INFO - DAG(s) dict_keys(['latest_only']) retrieved from /home/vscode/.local/lib/python3.10/site-packages/airflow/example_dags/example_latest_only.py
[2025-08-12T15:37:57.348+0000] {logging_mixin.py:150} INFO - [2025-08-12T15:37:57.348+0000] {dag.py:2742} INFO - Sync 1 DAGs
[2025-08-12T15:37:57.367+0000] {logging_mixin.py:150} INFO - [2025-08-12T15:37:57.366+0000] {dag.py:3504} INFO - Setting next_dagrun for latest_only to 2025-08-12T11:37:57.366510+00:00, run_after=2025-08-12T15:37:57.366510+00:00
[2025-08-12T15:37:57.382+0000] {processor.py:179} INFO - Processing /home/vscode/.local/lib/python3.10/site-packages/airflow/example_dags/example_latest_only.py took 0.052 seconds
[2025-08-12T15:38:45.930+0000] {processor.py:157} INFO - Started process (PID=18751) to work on /home/vscode/.local/lib/python3.10/site-packages/airflow/example_dags/example_latest_only.py
[2025-08-12T15:38:45.931+0000] {processor.py:826} INFO - Processing file /home/vscode/.local/lib/python3.10/site-packages/airflow/example_dags/example_latest_only.py for tasks to queue
[2025-08-12T15:38:45.931+0000] {logging_mixin.py:150} INFO - [2025-08-12T15:38:45.931+0000] {dagbag.py:541} INFO - Filling up the DagBag from /home/vscode/.local/lib/python3.10/site-packages/airflow/example_dags/example_latest_only.py
[2025-08-12T15:38:45.936+0000] {processor.py:836} INFO - DAG(s) dict_keys(['latest_only']) retrieved from /home/vscode/.local/lib/python3.10/site-packages/airflow/example_dags/example_latest_only.py
[2025-08-12T15:38:45.946+0000] {logging_mixin.py:150} INFO - [2025-08-12T15:38:45.946+0000] {dag.py:2742} INFO - Sync 1 DAGs
[2025-08-12T15:38:45.961+0000] {logging_mixin.py:150} INFO - [2025-08-12T15:38:45.960+0000] {dag.py:3504} INFO - Setting next_dagrun for latest_only to 2025-08-12T11:38:45.960659+00:00, run_after=2025-08-12T15:38:45.960659+00:00
[2025-08-12T15:38:45.980+0000] {processor.py:179} INFO - Processing /home/vscode/.local/lib/python3.10/site-packages/airflow/example_dags/example_latest_only.py took 0.052 seconds
[2025-08-12T15:39:32.088+0000] {processor.py:157} INFO - Started process (PID=19123) to work on /home/vscode/.local/lib/python3.10/site-packages/airflow/example_dags/example_latest_only.py
[2025-08-12T15:39:32.089+0000] {processor.py:826} INFO - Processing file /home/vscode/.local/lib/python3.10/site-packages/airflow/example_dags/example_latest_only.py for tasks to queue
[2025-08-12T15:39:32.090+0000] {logging_mixin.py:150} INFO - [2025-08-12T15:39:32.089+0000] {dagbag.py:541} INFO - Filling up the DagBag from /home/vscode/.local/lib/python3.10/site-packages/airflow/example_dags/example_latest_only.py
[2025-08-12T15:39:32.094+0000] {processor.py:836} INFO - DAG(s) dict_keys(['latest_only']) retrieved from /home/vscode/.local/lib/python3.10/site-packages/airflow/example_dags/example_latest_only.py
[2025-08-12T15:39:32.105+0000] {logging_mixin.py:150} INFO - [2025-08-12T15:39:32.105+0000] {dag.py:2742} INFO - Sync 1 DAGs
[2025-08-12T15:39:32.120+0000] {logging_mixin.py:150} INFO - [2025-08-12T15:39:32.119+0000] {dag.py:3504} INFO - Setting next_dagrun for latest_only to 2025-08-12T11:39:32.119819+00:00, run_after=2025-08-12T15:39:32.119819+00:00
[2025-08-12T15:39:32.135+0000] {processor.py:179} INFO - Processing /home/vscode/.local/lib/python3.10/site-packages/airflow/example_dags/example_latest_only.py took 0.049 seconds
[2025-08-12T15:40:21.204+0000] {processor.py:157} INFO - Started process (PID=19454) to work on /home/vscode/.local/lib/python3.10/site-packages/airflow/example_dags/example_latest_only.py
[2025-08-12T15:40:21.204+0000] {processor.py:826} INFO - Processing file /home/vscode/.local/lib/python3.10/site-packages/airflow/example_dags/example_latest_only.py for tasks to queue
[2025-08-12T15:40:21.205+0000] {logging_mixin.py:150} INFO - [2025-08-12T15:40:21.205+0000] {dagbag.py:541} INFO - Filling up the DagBag from /home/vscode/.local/lib/python3.10/site-packages/airflow/example_dags/example_latest_only.py
[2025-08-12T15:40:21.209+0000] {processor.py:836} INFO - DAG(s) dict_keys(['latest_only']) retrieved from /home/vscode/.local/lib/python3.10/site-packages/airflow/example_dags/example_latest_only.py
[2025-08-12T15:40:21.220+0000] {logging_mixin.py:150} INFO - [2025-08-12T15:40:21.220+0000] {dag.py:2742} INFO - Sync 1 DAGs
[2025-08-12T15:40:21.234+0000] {logging_mixin.py:150} INFO - [2025-08-12T15:40:21.234+0000] {dag.py:3504} INFO - Setting next_dagrun for latest_only to 2025-08-12T11:40:21.234136+00:00, run_after=2025-08-12T15:40:21.234136+00:00
[2025-08-12T15:40:21.250+0000] {processor.py:179} INFO - Processing /home/vscode/.local/lib/python3.10/site-packages/airflow/example_dags/example_latest_only.py took 0.049 seconds
[2025-08-12T15:41:04.659+0000] {processor.py:157} INFO - Started process (PID=19751) to work on /home/vscode/.local/lib/python3.10/site-packages/airflow/example_dags/example_latest_only.py
[2025-08-12T15:41:04.660+0000] {processor.py:826} INFO - Processing file /home/vscode/.local/lib/python3.10/site-packages/airflow/example_dags/example_latest_only.py for tasks to queue
[2025-08-12T15:41:04.660+0000] {logging_mixin.py:150} INFO - [2025-08-12T15:41:04.660+0000] {dagbag.py:541} INFO - Filling up the DagBag from /home/vscode/.local/lib/python3.10/site-packages/airflow/example_dags/example_latest_only.py
[2025-08-12T15:41:04.665+0000] {processor.py:836} INFO - DAG(s) dict_keys(['latest_only']) retrieved from /home/vscode/.local/lib/python3.10/site-packages/airflow/example_dags/example_latest_only.py
[2025-08-12T15:41:04.677+0000] {logging_mixin.py:150} INFO - [2025-08-12T15:41:04.676+0000] {dag.py:2742} INFO - Sync 1 DAGs
[2025-08-12T15:41:04.691+0000] {logging_mixin.py:150} INFO - [2025-08-12T15:41:04.691+0000] {dag.py:3504} INFO - Setting next_dagrun for latest_only to 2025-08-12T11:41:04.691394+00:00, run_after=2025-08-12T15:41:04.691394+00:00
[2025-08-12T15:41:04.707+0000] {processor.py:179} INFO - Processing /home/vscode/.local/lib/python3.10/site-packages/airflow/example_dags/example_latest_only.py took 0.050 seconds
[2025-08-12T15:41:49.290+0000] {processor.py:157} INFO - Started process (PID=20046) to work on /home/vscode/.local/lib/python3.10/site-packages/airflow/example_dags/example_latest_only.py
[2025-08-12T15:41:49.290+0000] {processor.py:826} INFO - Processing file /home/vscode/.local/lib/python3.10/site-packages/airflow/example_dags/example_latest_only.py for tasks to queue
[2025-08-12T15:41:49.291+0000] {logging_mixin.py:150} INFO - [2025-08-12T15:41:49.291+0000] {dagbag.py:541} INFO - Filling up the DagBag from /home/vscode/.local/lib/python3.10/site-packages/airflow/example_dags/example_latest_only.py
[2025-08-12T15:41:49.295+0000] {processor.py:836} INFO - DAG(s) dict_keys(['latest_only']) retrieved from /home/vscode/.local/lib/python3.10/site-packages/airflow/example_dags/example_latest_only.py
[2025-08-12T15:41:49.307+0000] {logging_mixin.py:150} INFO - [2025-08-12T15:41:49.307+0000] {dag.py:2742} INFO - Sync 1 DAGs
[2025-08-12T15:41:49.321+0000] {logging_mixin.py:150} INFO - [2025-08-12T15:41:49.321+0000] {dag.py:3504} INFO - Setting next_dagrun for latest_only to 2025-08-12T11:41:49.321528+00:00, run_after=2025-08-12T15:41:49.321528+00:00
[2025-08-12T15:41:49.368+0000] {processor.py:179} INFO - Processing /home/vscode/.local/lib/python3.10/site-packages/airflow/example_dags/example_latest_only.py took 0.081 seconds
[2025-08-12T15:42:36.481+0000] {processor.py:157} INFO - Started process (PID=20358) to work on /home/vscode/.local/lib/python3.10/site-packages/airflow/example_dags/example_latest_only.py
[2025-08-12T15:42:36.482+0000] {processor.py:826} INFO - Processing file /home/vscode/.local/lib/python3.10/site-packages/airflow/example_dags/example_latest_only.py for tasks to queue
[2025-08-12T15:42:36.482+0000] {logging_mixin.py:150} INFO - [2025-08-12T15:42:36.482+0000] {dagbag.py:541} INFO - Filling up the DagBag from /home/vscode/.local/lib/python3.10/site-packages/airflow/example_dags/example_latest_only.py
[2025-08-12T15:42:36.486+0000] {processor.py:836} INFO - DAG(s) dict_keys(['latest_only']) retrieved from /home/vscode/.local/lib/python3.10/site-packages/airflow/example_dags/example_latest_only.py
[2025-08-12T15:42:36.498+0000] {logging_mixin.py:150} INFO - [2025-08-12T15:42:36.498+0000] {dag.py:2742} INFO - Sync 1 DAGs
[2025-08-12T15:42:36.512+0000] {logging_mixin.py:150} INFO - [2025-08-12T15:42:36.512+0000] {dag.py:3504} INFO - Setting next_dagrun for latest_only to 2025-08-12T11:42:36.512063+00:00, run_after=2025-08-12T15:42:36.512063+00:00
[2025-08-12T15:42:36.528+0000] {processor.py:179} INFO - Processing /home/vscode/.local/lib/python3.10/site-packages/airflow/example_dags/example_latest_only.py took 0.049 seconds
[2025-08-12T15:43:18.092+0000] {processor.py:157} INFO - Started process (PID=20642) to work on /home/vscode/.local/lib/python3.10/site-packages/airflow/example_dags/example_latest_only.py
[2025-08-12T15:43:18.093+0000] {processor.py:826} INFO - Processing file /home/vscode/.local/lib/python3.10/site-packages/airflow/example_dags/example_latest_only.py for tasks to queue
[2025-08-12T15:43:18.093+0000] {logging_mixin.py:150} INFO - [2025-08-12T15:43:18.093+0000] {dagbag.py:541} INFO - Filling up the DagBag from /home/vscode/.local/lib/python3.10/site-packages/airflow/example_dags/example_latest_only.py
[2025-08-12T15:43:18.098+0000] {processor.py:836} INFO - DAG(s) dict_keys(['latest_only']) retrieved from /home/vscode/.local/lib/python3.10/site-packages/airflow/example_dags/example_latest_only.py
[2025-08-12T15:43:18.110+0000] {logging_mixin.py:150} INFO - [2025-08-12T15:43:18.110+0000] {dag.py:2742} INFO - Sync 1 DAGs
[2025-08-12T15:43:18.127+0000] {logging_mixin.py:150} INFO - [2025-08-12T15:43:18.127+0000] {dag.py:3504} INFO - Setting next_dagrun for latest_only to 2025-08-12T11:43:18.127416+00:00, run_after=2025-08-12T15:43:18.127416+00:00
[2025-08-12T15:43:18.144+0000] {processor.py:179} INFO - Processing /home/vscode/.local/lib/python3.10/site-packages/airflow/example_dags/example_latest_only.py took 0.054 seconds
[2025-08-12T15:44:05.295+0000] {processor.py:157} INFO - Started process (PID=20957) to work on /home/vscode/.local/lib/python3.10/site-packages/airflow/example_dags/example_latest_only.py
[2025-08-12T15:44:05.295+0000] {processor.py:826} INFO - Processing file /home/vscode/.local/lib/python3.10/site-packages/airflow/example_dags/example_latest_only.py for tasks to queue
[2025-08-12T15:44:05.296+0000] {logging_mixin.py:150} INFO - [2025-08-12T15:44:05.296+0000] {dagbag.py:541} INFO - Filling up the DagBag from /home/vscode/.local/lib/python3.10/site-packages/airflow/example_dags/example_latest_only.py
[2025-08-12T15:44:05.300+0000] {processor.py:836} INFO - DAG(s) dict_keys(['latest_only']) retrieved from /home/vscode/.local/lib/python3.10/site-packages/airflow/example_dags/example_latest_only.py
[2025-08-12T15:44:05.311+0000] {logging_mixin.py:150} INFO - [2025-08-12T15:44:05.311+0000] {dag.py:2742} INFO - Sync 1 DAGs
[2025-08-12T15:44:05.325+0000] {logging_mixin.py:150} INFO - [2025-08-12T15:44:05.325+0000] {dag.py:3504} INFO - Setting next_dagrun for latest_only to 2025-08-12T11:44:05.325605+00:00, run_after=2025-08-12T15:44:05.325605+00:00
[2025-08-12T15:44:05.341+0000] {processor.py:179} INFO - Processing /home/vscode/.local/lib/python3.10/site-packages/airflow/example_dags/example_latest_only.py took 0.048 seconds
[2025-08-12T15:44:47.547+0000] {processor.py:157} INFO - Started process (PID=21230) to work on /home/vscode/.local/lib/python3.10/site-packages/airflow/example_dags/example_latest_only.py
[2025-08-12T15:44:47.548+0000] {processor.py:826} INFO - Processing file /home/vscode/.local/lib/python3.10/site-packages/airflow/example_dags/example_latest_only.py for tasks to queue
[2025-08-12T15:44:47.549+0000] {logging_mixin.py:150} INFO - [2025-08-12T15:44:47.548+0000] {dagbag.py:541} INFO - Filling up the DagBag from /home/vscode/.local/lib/python3.10/site-packages/airflow/example_dags/example_latest_only.py
[2025-08-12T15:44:47.553+0000] {processor.py:836} INFO - DAG(s) dict_keys(['latest_only']) retrieved from /home/vscode/.local/lib/python3.10/site-packages/airflow/example_dags/example_latest_only.py
[2025-08-12T15:44:47.564+0000] {logging_mixin.py:150} INFO - [2025-08-12T15:44:47.564+0000] {dag.py:2742} INFO - Sync 1 DAGs
[2025-08-12T15:44:47.578+0000] {logging_mixin.py:150} INFO - [2025-08-12T15:44:47.578+0000] {dag.py:3504} INFO - Setting next_dagrun for latest_only to 2025-08-12T11:44:47.578283+00:00, run_after=2025-08-12T15:44:47.578283+00:00
[2025-08-12T15:44:47.594+0000] {processor.py:179} INFO - Processing /home/vscode/.local/lib/python3.10/site-packages/airflow/example_dags/example_latest_only.py took 0.048 seconds
[2025-08-12T15:45:32.682+0000] {processor.py:157} INFO - Started process (PID=21530) to work on /home/vscode/.local/lib/python3.10/site-packages/airflow/example_dags/example_latest_only.py
[2025-08-12T15:45:32.683+0000] {processor.py:826} INFO - Processing file /home/vscode/.local/lib/python3.10/site-packages/airflow/example_dags/example_latest_only.py for tasks to queue
[2025-08-12T15:45:32.683+0000] {logging_mixin.py:150} INFO - [2025-08-12T15:45:32.683+0000] {dagbag.py:541} INFO - Filling up the DagBag from /home/vscode/.local/lib/python3.10/site-packages/airflow/example_dags/example_latest_only.py
[2025-08-12T15:45:32.688+0000] {processor.py:836} INFO - DAG(s) dict_keys(['latest_only']) retrieved from /home/vscode/.local/lib/python3.10/site-packages/airflow/example_dags/example_latest_only.py
[2025-08-12T15:45:32.702+0000] {logging_mixin.py:150} INFO - [2025-08-12T15:45:32.702+0000] {dag.py:2742} INFO - Sync 1 DAGs
[2025-08-12T15:45:32.729+0000] {logging_mixin.py:150} INFO - [2025-08-12T15:45:32.729+0000] {dag.py:3504} INFO - Setting next_dagrun for latest_only to 2025-08-12T11:45:32.728896+00:00, run_after=2025-08-12T15:45:32.728896+00:00
[2025-08-12T15:45:32.750+0000] {processor.py:179} INFO - Processing /home/vscode/.local/lib/python3.10/site-packages/airflow/example_dags/example_latest_only.py took 0.070 seconds
[2025-08-12T15:46:15.903+0000] {processor.py:157} INFO - Started process (PID=21822) to work on /home/vscode/.local/lib/python3.10/site-packages/airflow/example_dags/example_latest_only.py
[2025-08-12T15:46:15.904+0000] {processor.py:826} INFO - Processing file /home/vscode/.local/lib/python3.10/site-packages/airflow/example_dags/example_latest_only.py for tasks to queue
[2025-08-12T15:46:15.905+0000] {logging_mixin.py:150} INFO - [2025-08-12T15:46:15.904+0000] {dagbag.py:541} INFO - Filling up the DagBag from /home/vscode/.local/lib/python3.10/site-packages/airflow/example_dags/example_latest_only.py
[2025-08-12T15:46:15.909+0000] {processor.py:836} INFO - DAG(s) dict_keys(['latest_only']) retrieved from /home/vscode/.local/lib/python3.10/site-packages/airflow/example_dags/example_latest_only.py
[2025-08-12T15:46:15.920+0000] {logging_mixin.py:150} INFO - [2025-08-12T15:46:15.920+0000] {dag.py:2742} INFO - Sync 1 DAGs
[2025-08-12T15:46:15.934+0000] {logging_mixin.py:150} INFO - [2025-08-12T15:46:15.934+0000] {dag.py:3504} INFO - Setting next_dagrun for latest_only to 2025-08-12T11:46:15.934499+00:00, run_after=2025-08-12T15:46:15.934499+00:00
[2025-08-12T15:46:15.950+0000] {processor.py:179} INFO - Processing /home/vscode/.local/lib/python3.10/site-packages/airflow/example_dags/example_latest_only.py took 0.049 seconds
[2025-08-12T15:46:58.868+0000] {processor.py:157} INFO - Started process (PID=22109) to work on /home/vscode/.local/lib/python3.10/site-packages/airflow/example_dags/example_latest_only.py
[2025-08-12T15:46:58.869+0000] {processor.py:826} INFO - Processing file /home/vscode/.local/lib/python3.10/site-packages/airflow/example_dags/example_latest_only.py for tasks to queue
[2025-08-12T15:46:58.869+0000] {logging_mixin.py:150} INFO - [2025-08-12T15:46:58.869+0000] {dagbag.py:541} INFO - Filling up the DagBag from /home/vscode/.local/lib/python3.10/site-packages/airflow/example_dags/example_latest_only.py
[2025-08-12T15:46:58.874+0000] {processor.py:836} INFO - DAG(s) dict_keys(['latest_only']) retrieved from /home/vscode/.local/lib/python3.10/site-packages/airflow/example_dags/example_latest_only.py
[2025-08-12T15:46:58.885+0000] {logging_mixin.py:150} INFO - [2025-08-12T15:46:58.885+0000] {dag.py:2742} INFO - Sync 1 DAGs
[2025-08-12T15:46:58.899+0000] {logging_mixin.py:150} INFO - [2025-08-12T15:46:58.899+0000] {dag.py:3504} INFO - Setting next_dagrun for latest_only to 2025-08-12T11:46:58.898955+00:00, run_after=2025-08-12T15:46:58.898955+00:00
[2025-08-12T15:46:58.915+0000] {processor.py:179} INFO - Processing /home/vscode/.local/lib/python3.10/site-packages/airflow/example_dags/example_latest_only.py took 0.049 seconds
[2025-08-12T15:47:41.044+0000] {processor.py:157} INFO - Started process (PID=22386) to work on /home/vscode/.local/lib/python3.10/site-packages/airflow/example_dags/example_latest_only.py
[2025-08-12T15:47:41.044+0000] {processor.py:826} INFO - Processing file /home/vscode/.local/lib/python3.10/site-packages/airflow/example_dags/example_latest_only.py for tasks to queue
[2025-08-12T15:47:41.045+0000] {logging_mixin.py:150} INFO - [2025-08-12T15:47:41.045+0000] {dagbag.py:541} INFO - Filling up the DagBag from /home/vscode/.local/lib/python3.10/site-packages/airflow/example_dags/example_latest_only.py
[2025-08-12T15:47:41.049+0000] {processor.py:836} INFO - DAG(s) dict_keys(['latest_only']) retrieved from /home/vscode/.local/lib/python3.10/site-packages/airflow/example_dags/example_latest_only.py
[2025-08-12T15:47:41.061+0000] {logging_mixin.py:150} INFO - [2025-08-12T15:47:41.061+0000] {dag.py:2742} INFO - Sync 1 DAGs
[2025-08-12T15:47:41.076+0000] {logging_mixin.py:150} INFO - [2025-08-12T15:47:41.076+0000] {dag.py:3504} INFO - Setting next_dagrun for latest_only to 2025-08-12T11:47:41.075875+00:00, run_after=2025-08-12T15:47:41.075875+00:00
[2025-08-12T15:47:41.091+0000] {processor.py:179} INFO - Processing /home/vscode/.local/lib/python3.10/site-packages/airflow/example_dags/example_latest_only.py took 0.050 seconds
[2025-08-12T15:48:32.449+0000] {processor.py:157} INFO - Started process (PID=22733) to work on /home/vscode/.local/lib/python3.10/site-packages/airflow/example_dags/example_latest_only.py
[2025-08-12T15:48:32.449+0000] {processor.py:826} INFO - Processing file /home/vscode/.local/lib/python3.10/site-packages/airflow/example_dags/example_latest_only.py for tasks to queue
[2025-08-12T15:48:32.450+0000] {logging_mixin.py:150} INFO - [2025-08-12T15:48:32.450+0000] {dagbag.py:541} INFO - Filling up the DagBag from /home/vscode/.local/lib/python3.10/site-packages/airflow/example_dags/example_latest_only.py
[2025-08-12T15:48:32.454+0000] {processor.py:836} INFO - DAG(s) dict_keys(['latest_only']) retrieved from /home/vscode/.local/lib/python3.10/site-packages/airflow/example_dags/example_latest_only.py
[2025-08-12T15:48:32.465+0000] {logging_mixin.py:150} INFO - [2025-08-12T15:48:32.465+0000] {dag.py:2742} INFO - Sync 1 DAGs
[2025-08-12T15:48:32.479+0000] {logging_mixin.py:150} INFO - [2025-08-12T15:48:32.479+0000] {dag.py:3504} INFO - Setting next_dagrun for latest_only to 2025-08-12T11:48:32.479637+00:00, run_after=2025-08-12T15:48:32.479637+00:00
[2025-08-12T15:48:32.496+0000] {processor.py:179} INFO - Processing /home/vscode/.local/lib/python3.10/site-packages/airflow/example_dags/example_latest_only.py took 0.049 seconds
[2025-08-12T15:49:14.261+0000] {processor.py:157} INFO - Started process (PID=23044) to work on /home/vscode/.local/lib/python3.10/site-packages/airflow/example_dags/example_latest_only.py
[2025-08-12T15:49:14.261+0000] {processor.py:826} INFO - Processing file /home/vscode/.local/lib/python3.10/site-packages/airflow/example_dags/example_latest_only.py for tasks to queue
[2025-08-12T15:49:14.262+0000] {logging_mixin.py:150} INFO - [2025-08-12T15:49:14.262+0000] {dagbag.py:541} INFO - Filling up the DagBag from /home/vscode/.local/lib/python3.10/site-packages/airflow/example_dags/example_latest_only.py
[2025-08-12T15:49:14.267+0000] {processor.py:836} INFO - DAG(s) dict_keys(['latest_only']) retrieved from /home/vscode/.local/lib/python3.10/site-packages/airflow/example_dags/example_latest_only.py
[2025-08-12T15:49:14.278+0000] {logging_mixin.py:150} INFO - [2025-08-12T15:49:14.278+0000] {dag.py:2742} INFO - Sync 1 DAGs
[2025-08-12T15:49:14.293+0000] {logging_mixin.py:150} INFO - [2025-08-12T15:49:14.293+0000] {dag.py:3504} INFO - Setting next_dagrun for latest_only to 2025-08-12T11:49:14.293061+00:00, run_after=2025-08-12T15:49:14.293061+00:00
[2025-08-12T15:49:14.308+0000] {processor.py:179} INFO - Processing /home/vscode/.local/lib/python3.10/site-packages/airflow/example_dags/example_latest_only.py took 0.050 seconds
[2025-08-12T15:49:56.573+0000] {processor.py:157} INFO - Started process (PID=23353) to work on /home/vscode/.local/lib/python3.10/site-packages/airflow/example_dags/example_latest_only.py
[2025-08-12T15:49:56.573+0000] {processor.py:826} INFO - Processing file /home/vscode/.local/lib/python3.10/site-packages/airflow/example_dags/example_latest_only.py for tasks to queue
[2025-08-12T15:49:56.574+0000] {logging_mixin.py:150} INFO - [2025-08-12T15:49:56.574+0000] {dagbag.py:541} INFO - Filling up the DagBag from /home/vscode/.local/lib/python3.10/site-packages/airflow/example_dags/example_latest_only.py
[2025-08-12T15:49:56.578+0000] {processor.py:836} INFO - DAG(s) dict_keys(['latest_only']) retrieved from /home/vscode/.local/lib/python3.10/site-packages/airflow/example_dags/example_latest_only.py
[2025-08-12T15:49:56.589+0000] {logging_mixin.py:150} INFO - [2025-08-12T15:49:56.589+0000] {dag.py:2742} INFO - Sync 1 DAGs
[2025-08-12T15:49:56.604+0000] {logging_mixin.py:150} INFO - [2025-08-12T15:49:56.604+0000] {dag.py:3504} INFO - Setting next_dagrun for latest_only to 2025-08-12T11:49:56.604430+00:00, run_after=2025-08-12T15:49:56.604430+00:00
[2025-08-12T15:49:56.620+0000] {processor.py:179} INFO - Processing /home/vscode/.local/lib/python3.10/site-packages/airflow/example_dags/example_latest_only.py took 0.049 seconds
[2025-08-12T15:50:41.923+0000] {processor.py:157} INFO - Started process (PID=23852) to work on /home/vscode/.local/lib/python3.10/site-packages/airflow/example_dags/example_latest_only.py
[2025-08-12T15:50:41.923+0000] {processor.py:826} INFO - Processing file /home/vscode/.local/lib/python3.10/site-packages/airflow/example_dags/example_latest_only.py for tasks to queue
[2025-08-12T15:50:41.924+0000] {logging_mixin.py:150} INFO - [2025-08-12T15:50:41.924+0000] {dagbag.py:541} INFO - Filling up the DagBag from /home/vscode/.local/lib/python3.10/site-packages/airflow/example_dags/example_latest_only.py
[2025-08-12T15:50:41.929+0000] {processor.py:836} INFO - DAG(s) dict_keys(['latest_only']) retrieved from /home/vscode/.local/lib/python3.10/site-packages/airflow/example_dags/example_latest_only.py
[2025-08-12T15:50:41.940+0000] {logging_mixin.py:150} INFO - [2025-08-12T15:50:41.940+0000] {dag.py:2742} INFO - Sync 1 DAGs
[2025-08-12T15:50:41.954+0000] {logging_mixin.py:150} INFO - [2025-08-12T15:50:41.954+0000] {dag.py:3504} INFO - Setting next_dagrun for latest_only to 2025-08-12T11:50:41.954308+00:00, run_after=2025-08-12T15:50:41.954308+00:00
[2025-08-12T15:50:41.970+0000] {processor.py:179} INFO - Processing /home/vscode/.local/lib/python3.10/site-packages/airflow/example_dags/example_latest_only.py took 0.049 seconds
[2025-08-12T15:51:25.911+0000] {processor.py:157} INFO - Started process (PID=24145) to work on /home/vscode/.local/lib/python3.10/site-packages/airflow/example_dags/example_latest_only.py
[2025-08-12T15:51:25.911+0000] {processor.py:826} INFO - Processing file /home/vscode/.local/lib/python3.10/site-packages/airflow/example_dags/example_latest_only.py for tasks to queue
[2025-08-12T15:51:25.912+0000] {logging_mixin.py:150} INFO - [2025-08-12T15:51:25.912+0000] {dagbag.py:541} INFO - Filling up the DagBag from /home/vscode/.local/lib/python3.10/site-packages/airflow/example_dags/example_latest_only.py
[2025-08-12T15:51:25.917+0000] {processor.py:836} INFO - DAG(s) dict_keys(['latest_only']) retrieved from /home/vscode/.local/lib/python3.10/site-packages/airflow/example_dags/example_latest_only.py
[2025-08-12T15:51:25.928+0000] {logging_mixin.py:150} INFO - [2025-08-12T15:51:25.928+0000] {dag.py:2742} INFO - Sync 1 DAGs
[2025-08-12T15:51:25.943+0000] {logging_mixin.py:150} INFO - [2025-08-12T15:51:25.942+0000] {dag.py:3504} INFO - Setting next_dagrun for latest_only to 2025-08-12T11:51:25.942811+00:00, run_after=2025-08-12T15:51:25.942811+00:00
[2025-08-12T15:51:25.959+0000] {processor.py:179} INFO - Processing /home/vscode/.local/lib/python3.10/site-packages/airflow/example_dags/example_latest_only.py took 0.050 seconds
[2025-08-12T15:52:09.308+0000] {processor.py:157} INFO - Started process (PID=24439) to work on /home/vscode/.local/lib/python3.10/site-packages/airflow/example_dags/example_latest_only.py
[2025-08-12T15:52:09.309+0000] {processor.py:826} INFO - Processing file /home/vscode/.local/lib/python3.10/site-packages/airflow/example_dags/example_latest_only.py for tasks to queue
[2025-08-12T15:52:09.310+0000] {logging_mixin.py:150} INFO - [2025-08-12T15:52:09.309+0000] {dagbag.py:541} INFO - Filling up the DagBag from /home/vscode/.local/lib/python3.10/site-packages/airflow/example_dags/example_latest_only.py
[2025-08-12T15:52:09.314+0000] {processor.py:836} INFO - DAG(s) dict_keys(['latest_only']) retrieved from /home/vscode/.local/lib/python3.10/site-packages/airflow/example_dags/example_latest_only.py
[2025-08-12T15:52:09.325+0000] {logging_mixin.py:150} INFO - [2025-08-12T15:52:09.325+0000] {dag.py:2742} INFO - Sync 1 DAGs
[2025-08-12T15:52:09.340+0000] {logging_mixin.py:150} INFO - [2025-08-12T15:52:09.340+0000] {dag.py:3504} INFO - Setting next_dagrun for latest_only to 2025-08-12T11:52:09.339946+00:00, run_after=2025-08-12T15:52:09.339946+00:00
[2025-08-12T15:52:09.355+0000] {processor.py:179} INFO - Processing /home/vscode/.local/lib/python3.10/site-packages/airflow/example_dags/example_latest_only.py took 0.049 seconds
[2025-08-12T15:52:52.132+0000] {processor.py:157} INFO - Started process (PID=24748) to work on /home/vscode/.local/lib/python3.10/site-packages/airflow/example_dags/example_latest_only.py
[2025-08-12T15:52:52.132+0000] {processor.py:826} INFO - Processing file /home/vscode/.local/lib/python3.10/site-packages/airflow/example_dags/example_latest_only.py for tasks to queue
[2025-08-12T15:52:52.133+0000] {logging_mixin.py:150} INFO - [2025-08-12T15:52:52.133+0000] {dagbag.py:541} INFO - Filling up the DagBag from /home/vscode/.local/lib/python3.10/site-packages/airflow/example_dags/example_latest_only.py
[2025-08-12T15:52:52.137+0000] {processor.py:836} INFO - DAG(s) dict_keys(['latest_only']) retrieved from /home/vscode/.local/lib/python3.10/site-packages/airflow/example_dags/example_latest_only.py
[2025-08-12T15:52:52.149+0000] {logging_mixin.py:150} INFO - [2025-08-12T15:52:52.148+0000] {dag.py:2742} INFO - Sync 1 DAGs
[2025-08-12T15:52:52.163+0000] {logging_mixin.py:150} INFO - [2025-08-12T15:52:52.163+0000] {dag.py:3504} INFO - Setting next_dagrun for latest_only to 2025-08-12T11:52:52.162947+00:00, run_after=2025-08-12T15:52:52.162947+00:00
[2025-08-12T15:52:52.179+0000] {processor.py:179} INFO - Processing /home/vscode/.local/lib/python3.10/site-packages/airflow/example_dags/example_latest_only.py took 0.050 seconds
[2025-08-12T15:53:35.556+0000] {processor.py:157} INFO - Started process (PID=25084) to work on /home/vscode/.local/lib/python3.10/site-packages/airflow/example_dags/example_latest_only.py
[2025-08-12T15:53:35.557+0000] {processor.py:826} INFO - Processing file /home/vscode/.local/lib/python3.10/site-packages/airflow/example_dags/example_latest_only.py for tasks to queue
[2025-08-12T15:53:35.558+0000] {logging_mixin.py:150} INFO - [2025-08-12T15:53:35.557+0000] {dagbag.py:541} INFO - Filling up the DagBag from /home/vscode/.local/lib/python3.10/site-packages/airflow/example_dags/example_latest_only.py
[2025-08-12T15:53:35.562+0000] {processor.py:836} INFO - DAG(s) dict_keys(['latest_only']) retrieved from /home/vscode/.local/lib/python3.10/site-packages/airflow/example_dags/example_latest_only.py
[2025-08-12T15:53:35.576+0000] {logging_mixin.py:150} INFO - [2025-08-12T15:53:35.576+0000] {dag.py:2742} INFO - Sync 1 DAGs
[2025-08-12T15:53:35.598+0000] {logging_mixin.py:150} INFO - [2025-08-12T15:53:35.598+0000] {dag.py:3504} INFO - Setting next_dagrun for latest_only to 2025-08-12T11:53:35.597742+00:00, run_after=2025-08-12T15:53:35.597742+00:00
[2025-08-12T15:53:35.618+0000] {processor.py:179} INFO - Processing /home/vscode/.local/lib/python3.10/site-packages/airflow/example_dags/example_latest_only.py took 0.064 seconds
[2025-08-12T15:54:18.108+0000] {processor.py:157} INFO - Started process (PID=25407) to work on /home/vscode/.local/lib/python3.10/site-packages/airflow/example_dags/example_latest_only.py
[2025-08-12T15:54:18.109+0000] {processor.py:826} INFO - Processing file /home/vscode/.local/lib/python3.10/site-packages/airflow/example_dags/example_latest_only.py for tasks to queue
[2025-08-12T15:54:18.110+0000] {logging_mixin.py:150} INFO - [2025-08-12T15:54:18.109+0000] {dagbag.py:541} INFO - Filling up the DagBag from /home/vscode/.local/lib/python3.10/site-packages/airflow/example_dags/example_latest_only.py
[2025-08-12T15:54:18.114+0000] {processor.py:836} INFO - DAG(s) dict_keys(['latest_only']) retrieved from /home/vscode/.local/lib/python3.10/site-packages/airflow/example_dags/example_latest_only.py
[2025-08-12T15:54:18.128+0000] {logging_mixin.py:150} INFO - [2025-08-12T15:54:18.127+0000] {dag.py:2742} INFO - Sync 1 DAGs
[2025-08-12T15:54:18.142+0000] {logging_mixin.py:150} INFO - [2025-08-12T15:54:18.142+0000] {dag.py:3504} INFO - Setting next_dagrun for latest_only to 2025-08-12T11:54:18.142323+00:00, run_after=2025-08-12T15:54:18.142323+00:00
[2025-08-12T15:54:18.161+0000] {processor.py:179} INFO - Processing /home/vscode/.local/lib/python3.10/site-packages/airflow/example_dags/example_latest_only.py took 0.055 seconds
[2025-08-12T15:55:01.781+0000] {processor.py:157} INFO - Started process (PID=25748) to work on /home/vscode/.local/lib/python3.10/site-packages/airflow/example_dags/example_latest_only.py
[2025-08-12T15:55:01.782+0000] {processor.py:826} INFO - Processing file /home/vscode/.local/lib/python3.10/site-packages/airflow/example_dags/example_latest_only.py for tasks to queue
[2025-08-12T15:55:01.782+0000] {logging_mixin.py:150} INFO - [2025-08-12T15:55:01.782+0000] {dagbag.py:541} INFO - Filling up the DagBag from /home/vscode/.local/lib/python3.10/site-packages/airflow/example_dags/example_latest_only.py
[2025-08-12T15:55:01.788+0000] {processor.py:836} INFO - DAG(s) dict_keys(['latest_only']) retrieved from /home/vscode/.local/lib/python3.10/site-packages/airflow/example_dags/example_latest_only.py
[2025-08-12T15:55:01.799+0000] {logging_mixin.py:150} INFO - [2025-08-12T15:55:01.799+0000] {dag.py:2742} INFO - Sync 1 DAGs
[2025-08-12T15:55:01.813+0000] {logging_mixin.py:150} INFO - [2025-08-12T15:55:01.813+0000] {dag.py:3504} INFO - Setting next_dagrun for latest_only to 2025-08-12T11:55:01.812936+00:00, run_after=2025-08-12T15:55:01.812936+00:00
[2025-08-12T15:55:01.828+0000] {processor.py:179} INFO - Processing /home/vscode/.local/lib/python3.10/site-packages/airflow/example_dags/example_latest_only.py took 0.050 seconds
[2025-08-12T15:55:45.178+0000] {processor.py:157} INFO - Started process (PID=26074) to work on /home/vscode/.local/lib/python3.10/site-packages/airflow/example_dags/example_latest_only.py
[2025-08-12T15:55:45.178+0000] {processor.py:826} INFO - Processing file /home/vscode/.local/lib/python3.10/site-packages/airflow/example_dags/example_latest_only.py for tasks to queue
[2025-08-12T15:55:45.179+0000] {logging_mixin.py:150} INFO - [2025-08-12T15:55:45.179+0000] {dagbag.py:541} INFO - Filling up the DagBag from /home/vscode/.local/lib/python3.10/site-packages/airflow/example_dags/example_latest_only.py
[2025-08-12T15:55:45.183+0000] {processor.py:836} INFO - DAG(s) dict_keys(['latest_only']) retrieved from /home/vscode/.local/lib/python3.10/site-packages/airflow/example_dags/example_latest_only.py
[2025-08-12T15:55:45.195+0000] {logging_mixin.py:150} INFO - [2025-08-12T15:55:45.195+0000] {dag.py:2742} INFO - Sync 1 DAGs
[2025-08-12T15:55:45.210+0000] {logging_mixin.py:150} INFO - [2025-08-12T15:55:45.210+0000] {dag.py:3504} INFO - Setting next_dagrun for latest_only to 2025-08-12T11:55:45.210383+00:00, run_after=2025-08-12T15:55:45.210383+00:00
[2025-08-12T15:55:45.228+0000] {processor.py:179} INFO - Processing /home/vscode/.local/lib/python3.10/site-packages/airflow/example_dags/example_latest_only.py took 0.052 seconds
[2025-08-12T15:56:31.721+0000] {processor.py:157} INFO - Started process (PID=26433) to work on /home/vscode/.local/lib/python3.10/site-packages/airflow/example_dags/example_latest_only.py
[2025-08-12T15:56:31.721+0000] {processor.py:826} INFO - Processing file /home/vscode/.local/lib/python3.10/site-packages/airflow/example_dags/example_latest_only.py for tasks to queue
[2025-08-12T15:56:31.722+0000] {logging_mixin.py:150} INFO - [2025-08-12T15:56:31.722+0000] {dagbag.py:541} INFO - Filling up the DagBag from /home/vscode/.local/lib/python3.10/site-packages/airflow/example_dags/example_latest_only.py
[2025-08-12T15:56:31.726+0000] {processor.py:836} INFO - DAG(s) dict_keys(['latest_only']) retrieved from /home/vscode/.local/lib/python3.10/site-packages/airflow/example_dags/example_latest_only.py
[2025-08-12T15:56:31.737+0000] {logging_mixin.py:150} INFO - [2025-08-12T15:56:31.737+0000] {dag.py:2742} INFO - Sync 1 DAGs
[2025-08-12T15:56:31.751+0000] {logging_mixin.py:150} INFO - [2025-08-12T15:56:31.751+0000] {dag.py:3504} INFO - Setting next_dagrun for latest_only to 2025-08-12T11:56:31.751505+00:00, run_after=2025-08-12T15:56:31.751505+00:00
[2025-08-12T15:56:31.769+0000] {processor.py:179} INFO - Processing /home/vscode/.local/lib/python3.10/site-packages/airflow/example_dags/example_latest_only.py took 0.050 seconds
[2025-08-12T15:57:11.365+0000] {processor.py:157} INFO - Started process (PID=26732) to work on /home/vscode/.local/lib/python3.10/site-packages/airflow/example_dags/example_latest_only.py
[2025-08-12T15:57:11.365+0000] {processor.py:826} INFO - Processing file /home/vscode/.local/lib/python3.10/site-packages/airflow/example_dags/example_latest_only.py for tasks to queue
[2025-08-12T15:57:11.366+0000] {logging_mixin.py:150} INFO - [2025-08-12T15:57:11.366+0000] {dagbag.py:541} INFO - Filling up the DagBag from /home/vscode/.local/lib/python3.10/site-packages/airflow/example_dags/example_latest_only.py
[2025-08-12T15:57:11.370+0000] {processor.py:836} INFO - DAG(s) dict_keys(['latest_only']) retrieved from /home/vscode/.local/lib/python3.10/site-packages/airflow/example_dags/example_latest_only.py
[2025-08-12T15:57:11.381+0000] {logging_mixin.py:150} INFO - [2025-08-12T15:57:11.381+0000] {dag.py:2742} INFO - Sync 1 DAGs
[2025-08-12T15:57:11.395+0000] {logging_mixin.py:150} INFO - [2025-08-12T15:57:11.395+0000] {dag.py:3504} INFO - Setting next_dagrun for latest_only to 2025-08-12T11:57:11.395325+00:00, run_after=2025-08-12T15:57:11.395325+00:00
[2025-08-12T15:57:11.410+0000] {processor.py:179} INFO - Processing /home/vscode/.local/lib/python3.10/site-packages/airflow/example_dags/example_latest_only.py took 0.048 seconds
[2025-08-12T15:57:56.663+0000] {processor.py:157} INFO - Started process (PID=27075) to work on /home/vscode/.local/lib/python3.10/site-packages/airflow/example_dags/example_latest_only.py
[2025-08-12T15:57:56.663+0000] {processor.py:826} INFO - Processing file /home/vscode/.local/lib/python3.10/site-packages/airflow/example_dags/example_latest_only.py for tasks to queue
[2025-08-12T15:57:56.664+0000] {logging_mixin.py:150} INFO - [2025-08-12T15:57:56.664+0000] {dagbag.py:541} INFO - Filling up the DagBag from /home/vscode/.local/lib/python3.10/site-packages/airflow/example_dags/example_latest_only.py
[2025-08-12T15:57:56.668+0000] {processor.py:836} INFO - DAG(s) dict_keys(['latest_only']) retrieved from /home/vscode/.local/lib/python3.10/site-packages/airflow/example_dags/example_latest_only.py
[2025-08-12T15:57:56.679+0000] {logging_mixin.py:150} INFO - [2025-08-12T15:57:56.679+0000] {dag.py:2742} INFO - Sync 1 DAGs
[2025-08-12T15:57:56.694+0000] {logging_mixin.py:150} INFO - [2025-08-12T15:57:56.694+0000] {dag.py:3504} INFO - Setting next_dagrun for latest_only to 2025-08-12T11:57:56.693925+00:00, run_after=2025-08-12T15:57:56.693925+00:00
[2025-08-12T15:57:56.710+0000] {processor.py:179} INFO - Processing /home/vscode/.local/lib/python3.10/site-packages/airflow/example_dags/example_latest_only.py took 0.049 seconds
[2025-08-12T15:58:43.214+0000] {processor.py:157} INFO - Started process (PID=27378) to work on /home/vscode/.local/lib/python3.10/site-packages/airflow/example_dags/example_latest_only.py
[2025-08-12T15:58:43.214+0000] {processor.py:826} INFO - Processing file /home/vscode/.local/lib/python3.10/site-packages/airflow/example_dags/example_latest_only.py for tasks to queue
[2025-08-12T15:58:43.215+0000] {logging_mixin.py:150} INFO - [2025-08-12T15:58:43.214+0000] {dagbag.py:541} INFO - Filling up the DagBag from /home/vscode/.local/lib/python3.10/site-packages/airflow/example_dags/example_latest_only.py
[2025-08-12T15:58:43.219+0000] {processor.py:836} INFO - DAG(s) dict_keys(['latest_only']) retrieved from /home/vscode/.local/lib/python3.10/site-packages/airflow/example_dags/example_latest_only.py
[2025-08-12T15:58:43.230+0000] {logging_mixin.py:150} INFO - [2025-08-12T15:58:43.230+0000] {dag.py:2742} INFO - Sync 1 DAGs
[2025-08-12T15:58:43.244+0000] {logging_mixin.py:150} INFO - [2025-08-12T15:58:43.244+0000] {dag.py:3504} INFO - Setting next_dagrun for latest_only to 2025-08-12T11:58:43.244204+00:00, run_after=2025-08-12T15:58:43.244204+00:00
[2025-08-12T15:58:43.259+0000] {processor.py:179} INFO - Processing /home/vscode/.local/lib/python3.10/site-packages/airflow/example_dags/example_latest_only.py took 0.048 seconds
[2025-08-12T15:59:26.327+0000] {processor.py:157} INFO - Started process (PID=27665) to work on /home/vscode/.local/lib/python3.10/site-packages/airflow/example_dags/example_latest_only.py
[2025-08-12T15:59:26.328+0000] {processor.py:826} INFO - Processing file /home/vscode/.local/lib/python3.10/site-packages/airflow/example_dags/example_latest_only.py for tasks to queue
[2025-08-12T15:59:26.329+0000] {logging_mixin.py:150} INFO - [2025-08-12T15:59:26.328+0000] {dagbag.py:541} INFO - Filling up the DagBag from /home/vscode/.local/lib/python3.10/site-packages/airflow/example_dags/example_latest_only.py
[2025-08-12T15:59:26.333+0000] {processor.py:836} INFO - DAG(s) dict_keys(['latest_only']) retrieved from /home/vscode/.local/lib/python3.10/site-packages/airflow/example_dags/example_latest_only.py
[2025-08-12T15:59:26.344+0000] {logging_mixin.py:150} INFO - [2025-08-12T15:59:26.344+0000] {dag.py:2742} INFO - Sync 1 DAGs
[2025-08-12T15:59:26.358+0000] {logging_mixin.py:150} INFO - [2025-08-12T15:59:26.358+0000] {dag.py:3504} INFO - Setting next_dagrun for latest_only to 2025-08-12T11:59:26.358188+00:00, run_after=2025-08-12T15:59:26.358188+00:00
[2025-08-12T15:59:26.374+0000] {processor.py:179} INFO - Processing /home/vscode/.local/lib/python3.10/site-packages/airflow/example_dags/example_latest_only.py took 0.049 seconds
[2025-08-12T16:00:19.980+0000] {processor.py:157} INFO - Started process (PID=28026) to work on /home/vscode/.local/lib/python3.10/site-packages/airflow/example_dags/example_latest_only.py
[2025-08-12T16:00:19.981+0000] {processor.py:826} INFO - Processing file /home/vscode/.local/lib/python3.10/site-packages/airflow/example_dags/example_latest_only.py for tasks to queue
[2025-08-12T16:00:19.982+0000] {logging_mixin.py:150} INFO - [2025-08-12T16:00:19.981+0000] {dagbag.py:541} INFO - Filling up the DagBag from /home/vscode/.local/lib/python3.10/site-packages/airflow/example_dags/example_latest_only.py
[2025-08-12T16:00:19.986+0000] {processor.py:836} INFO - DAG(s) dict_keys(['latest_only']) retrieved from /home/vscode/.local/lib/python3.10/site-packages/airflow/example_dags/example_latest_only.py
[2025-08-12T16:00:19.998+0000] {logging_mixin.py:150} INFO - [2025-08-12T16:00:19.997+0000] {dag.py:2742} INFO - Sync 1 DAGs
[2025-08-12T16:00:20.012+0000] {logging_mixin.py:150} INFO - [2025-08-12T16:00:20.012+0000] {dag.py:3504} INFO - Setting next_dagrun for latest_only to 2025-08-12T12:00:20.012482+00:00, run_after=2025-08-12T16:00:20.012482+00:00
[2025-08-12T16:00:20.029+0000] {processor.py:179} INFO - Processing /home/vscode/.local/lib/python3.10/site-packages/airflow/example_dags/example_latest_only.py took 0.051 seconds
[2025-08-12T16:01:03.946+0000] {processor.py:157} INFO - Started process (PID=28448) to work on /home/vscode/.local/lib/python3.10/site-packages/airflow/example_dags/example_latest_only.py
[2025-08-12T16:01:03.946+0000] {processor.py:826} INFO - Processing file /home/vscode/.local/lib/python3.10/site-packages/airflow/example_dags/example_latest_only.py for tasks to queue
[2025-08-12T16:01:03.947+0000] {logging_mixin.py:150} INFO - [2025-08-12T16:01:03.947+0000] {dagbag.py:541} INFO - Filling up the DagBag from /home/vscode/.local/lib/python3.10/site-packages/airflow/example_dags/example_latest_only.py
[2025-08-12T16:01:03.951+0000] {processor.py:836} INFO - DAG(s) dict_keys(['latest_only']) retrieved from /home/vscode/.local/lib/python3.10/site-packages/airflow/example_dags/example_latest_only.py
[2025-08-12T16:01:03.963+0000] {logging_mixin.py:150} INFO - [2025-08-12T16:01:03.962+0000] {dag.py:2742} INFO - Sync 1 DAGs
[2025-08-12T16:01:03.977+0000] {logging_mixin.py:150} INFO - [2025-08-12T16:01:03.976+0000] {dag.py:3504} INFO - Setting next_dagrun for latest_only to 2025-08-12T12:01:03.976821+00:00, run_after=2025-08-12T16:01:03.976821+00:00
[2025-08-12T16:01:03.993+0000] {processor.py:179} INFO - Processing /home/vscode/.local/lib/python3.10/site-packages/airflow/example_dags/example_latest_only.py took 0.050 seconds
[2025-08-12T16:01:50.790+0000] {processor.py:157} INFO - Started process (PID=28798) to work on /home/vscode/.local/lib/python3.10/site-packages/airflow/example_dags/example_latest_only.py
[2025-08-12T16:01:50.791+0000] {processor.py:826} INFO - Processing file /home/vscode/.local/lib/python3.10/site-packages/airflow/example_dags/example_latest_only.py for tasks to queue
[2025-08-12T16:01:50.791+0000] {logging_mixin.py:150} INFO - [2025-08-12T16:01:50.791+0000] {dagbag.py:541} INFO - Filling up the DagBag from /home/vscode/.local/lib/python3.10/site-packages/airflow/example_dags/example_latest_only.py
[2025-08-12T16:01:50.795+0000] {processor.py:836} INFO - DAG(s) dict_keys(['latest_only']) retrieved from /home/vscode/.local/lib/python3.10/site-packages/airflow/example_dags/example_latest_only.py
[2025-08-12T16:01:50.806+0000] {logging_mixin.py:150} INFO - [2025-08-12T16:01:50.806+0000] {dag.py:2742} INFO - Sync 1 DAGs
[2025-08-12T16:01:50.822+0000] {logging_mixin.py:150} INFO - [2025-08-12T16:01:50.821+0000] {dag.py:3504} INFO - Setting next_dagrun for latest_only to 2025-08-12T12:01:50.821780+00:00, run_after=2025-08-12T16:01:50.821780+00:00
[2025-08-12T16:01:50.837+0000] {processor.py:179} INFO - Processing /home/vscode/.local/lib/python3.10/site-packages/airflow/example_dags/example_latest_only.py took 0.050 seconds
[2025-08-12T16:02:34.053+0000] {processor.py:157} INFO - Started process (PID=29091) to work on /home/vscode/.local/lib/python3.10/site-packages/airflow/example_dags/example_latest_only.py
[2025-08-12T16:02:34.053+0000] {processor.py:826} INFO - Processing file /home/vscode/.local/lib/python3.10/site-packages/airflow/example_dags/example_latest_only.py for tasks to queue
[2025-08-12T16:02:34.054+0000] {logging_mixin.py:150} INFO - [2025-08-12T16:02:34.054+0000] {dagbag.py:541} INFO - Filling up the DagBag from /home/vscode/.local/lib/python3.10/site-packages/airflow/example_dags/example_latest_only.py
[2025-08-12T16:02:34.058+0000] {processor.py:836} INFO - DAG(s) dict_keys(['latest_only']) retrieved from /home/vscode/.local/lib/python3.10/site-packages/airflow/example_dags/example_latest_only.py
[2025-08-12T16:02:34.070+0000] {logging_mixin.py:150} INFO - [2025-08-12T16:02:34.069+0000] {dag.py:2742} INFO - Sync 1 DAGs
[2025-08-12T16:02:34.083+0000] {logging_mixin.py:150} INFO - [2025-08-12T16:02:34.083+0000] {dag.py:3504} INFO - Setting next_dagrun for latest_only to 2025-08-12T12:02:34.083687+00:00, run_after=2025-08-12T16:02:34.083687+00:00
[2025-08-12T16:02:34.099+0000] {processor.py:179} INFO - Processing /home/vscode/.local/lib/python3.10/site-packages/airflow/example_dags/example_latest_only.py took 0.049 seconds
[2025-08-12T16:03:29.276+0000] {processor.py:157} INFO - Started process (PID=29453) to work on /home/vscode/.local/lib/python3.10/site-packages/airflow/example_dags/example_latest_only.py
[2025-08-12T16:03:29.277+0000] {processor.py:826} INFO - Processing file /home/vscode/.local/lib/python3.10/site-packages/airflow/example_dags/example_latest_only.py for tasks to queue
[2025-08-12T16:03:29.277+0000] {logging_mixin.py:150} INFO - [2025-08-12T16:03:29.277+0000] {dagbag.py:541} INFO - Filling up the DagBag from /home/vscode/.local/lib/python3.10/site-packages/airflow/example_dags/example_latest_only.py
[2025-08-12T16:03:29.282+0000] {processor.py:836} INFO - DAG(s) dict_keys(['latest_only']) retrieved from /home/vscode/.local/lib/python3.10/site-packages/airflow/example_dags/example_latest_only.py
[2025-08-12T16:03:29.296+0000] {logging_mixin.py:150} INFO - [2025-08-12T16:03:29.296+0000] {dag.py:2742} INFO - Sync 1 DAGs
[2025-08-12T16:03:29.311+0000] {logging_mixin.py:150} INFO - [2025-08-12T16:03:29.311+0000] {dag.py:3504} INFO - Setting next_dagrun for latest_only to 2025-08-12T12:03:29.311010+00:00, run_after=2025-08-12T16:03:29.311010+00:00
[2025-08-12T16:03:29.328+0000] {processor.py:179} INFO - Processing /home/vscode/.local/lib/python3.10/site-packages/airflow/example_dags/example_latest_only.py took 0.054 seconds
[2025-08-12T16:04:15.184+0000] {processor.py:157} INFO - Started process (PID=29761) to work on /home/vscode/.local/lib/python3.10/site-packages/airflow/example_dags/example_latest_only.py
[2025-08-12T16:04:15.185+0000] {processor.py:826} INFO - Processing file /home/vscode/.local/lib/python3.10/site-packages/airflow/example_dags/example_latest_only.py for tasks to queue
[2025-08-12T16:04:15.186+0000] {logging_mixin.py:150} INFO - [2025-08-12T16:04:15.185+0000] {dagbag.py:541} INFO - Filling up the DagBag from /home/vscode/.local/lib/python3.10/site-packages/airflow/example_dags/example_latest_only.py
[2025-08-12T16:04:15.194+0000] {processor.py:836} INFO - DAG(s) dict_keys(['latest_only']) retrieved from /home/vscode/.local/lib/python3.10/site-packages/airflow/example_dags/example_latest_only.py
[2025-08-12T16:04:15.210+0000] {logging_mixin.py:150} INFO - [2025-08-12T16:04:15.210+0000] {dag.py:2742} INFO - Sync 1 DAGs
[2025-08-12T16:04:15.226+0000] {logging_mixin.py:150} INFO - [2025-08-12T16:04:15.226+0000] {dag.py:3504} INFO - Setting next_dagrun for latest_only to 2025-08-12T12:04:15.226446+00:00, run_after=2025-08-12T16:04:15.226446+00:00
[2025-08-12T16:04:15.242+0000] {processor.py:179} INFO - Processing /home/vscode/.local/lib/python3.10/site-packages/airflow/example_dags/example_latest_only.py took 0.060 seconds
[2025-08-12T16:05:02.623+0000] {processor.py:157} INFO - Started process (PID=30067) to work on /home/vscode/.local/lib/python3.10/site-packages/airflow/example_dags/example_latest_only.py
[2025-08-12T16:05:02.623+0000] {processor.py:826} INFO - Processing file /home/vscode/.local/lib/python3.10/site-packages/airflow/example_dags/example_latest_only.py for tasks to queue
[2025-08-12T16:05:02.624+0000] {logging_mixin.py:150} INFO - [2025-08-12T16:05:02.624+0000] {dagbag.py:541} INFO - Filling up the DagBag from /home/vscode/.local/lib/python3.10/site-packages/airflow/example_dags/example_latest_only.py
[2025-08-12T16:05:02.628+0000] {processor.py:836} INFO - DAG(s) dict_keys(['latest_only']) retrieved from /home/vscode/.local/lib/python3.10/site-packages/airflow/example_dags/example_latest_only.py
[2025-08-12T16:05:02.640+0000] {logging_mixin.py:150} INFO - [2025-08-12T16:05:02.640+0000] {dag.py:2742} INFO - Sync 1 DAGs
[2025-08-12T16:05:02.654+0000] {logging_mixin.py:150} INFO - [2025-08-12T16:05:02.654+0000] {dag.py:3504} INFO - Setting next_dagrun for latest_only to 2025-08-12T12:05:02.653841+00:00, run_after=2025-08-12T16:05:02.653841+00:00
[2025-08-12T16:05:02.670+0000] {processor.py:179} INFO - Processing /home/vscode/.local/lib/python3.10/site-packages/airflow/example_dags/example_latest_only.py took 0.050 seconds
[2025-08-12T16:05:44.244+0000] {processor.py:157} INFO - Started process (PID=30359) to work on /home/vscode/.local/lib/python3.10/site-packages/airflow/example_dags/example_latest_only.py
[2025-08-12T16:05:44.245+0000] {processor.py:826} INFO - Processing file /home/vscode/.local/lib/python3.10/site-packages/airflow/example_dags/example_latest_only.py for tasks to queue
[2025-08-12T16:05:44.245+0000] {logging_mixin.py:150} INFO - [2025-08-12T16:05:44.245+0000] {dagbag.py:541} INFO - Filling up the DagBag from /home/vscode/.local/lib/python3.10/site-packages/airflow/example_dags/example_latest_only.py
[2025-08-12T16:05:44.250+0000] {processor.py:836} INFO - DAG(s) dict_keys(['latest_only']) retrieved from /home/vscode/.local/lib/python3.10/site-packages/airflow/example_dags/example_latest_only.py
[2025-08-12T16:05:44.261+0000] {logging_mixin.py:150} INFO - [2025-08-12T16:05:44.261+0000] {dag.py:2742} INFO - Sync 1 DAGs
[2025-08-12T16:05:44.275+0000] {logging_mixin.py:150} INFO - [2025-08-12T16:05:44.275+0000] {dag.py:3504} INFO - Setting next_dagrun for latest_only to 2025-08-12T12:05:44.274959+00:00, run_after=2025-08-12T16:05:44.274959+00:00
[2025-08-12T16:05:44.291+0000] {processor.py:179} INFO - Processing /home/vscode/.local/lib/python3.10/site-packages/airflow/example_dags/example_latest_only.py took 0.049 seconds
[2025-08-12T16:06:31.581+0000] {processor.py:157} INFO - Started process (PID=30668) to work on /home/vscode/.local/lib/python3.10/site-packages/airflow/example_dags/example_latest_only.py
[2025-08-12T16:06:31.582+0000] {processor.py:826} INFO - Processing file /home/vscode/.local/lib/python3.10/site-packages/airflow/example_dags/example_latest_only.py for tasks to queue
[2025-08-12T16:06:31.582+0000] {logging_mixin.py:150} INFO - [2025-08-12T16:06:31.582+0000] {dagbag.py:541} INFO - Filling up the DagBag from /home/vscode/.local/lib/python3.10/site-packages/airflow/example_dags/example_latest_only.py
[2025-08-12T16:06:31.586+0000] {processor.py:836} INFO - DAG(s) dict_keys(['latest_only']) retrieved from /home/vscode/.local/lib/python3.10/site-packages/airflow/example_dags/example_latest_only.py
[2025-08-12T16:06:31.598+0000] {logging_mixin.py:150} INFO - [2025-08-12T16:06:31.598+0000] {dag.py:2742} INFO - Sync 1 DAGs
[2025-08-12T16:06:31.612+0000] {logging_mixin.py:150} INFO - [2025-08-12T16:06:31.612+0000] {dag.py:3504} INFO - Setting next_dagrun for latest_only to 2025-08-12T12:06:31.612477+00:00, run_after=2025-08-12T16:06:31.612477+00:00
[2025-08-12T16:06:31.629+0000] {processor.py:179} INFO - Processing /home/vscode/.local/lib/python3.10/site-packages/airflow/example_dags/example_latest_only.py took 0.050 seconds
[2025-08-12T16:07:13.839+0000] {processor.py:157} INFO - Started process (PID=30948) to work on /home/vscode/.local/lib/python3.10/site-packages/airflow/example_dags/example_latest_only.py
[2025-08-12T16:07:13.840+0000] {processor.py:826} INFO - Processing file /home/vscode/.local/lib/python3.10/site-packages/airflow/example_dags/example_latest_only.py for tasks to queue
[2025-08-12T16:07:13.841+0000] {logging_mixin.py:150} INFO - [2025-08-12T16:07:13.840+0000] {dagbag.py:541} INFO - Filling up the DagBag from /home/vscode/.local/lib/python3.10/site-packages/airflow/example_dags/example_latest_only.py
[2025-08-12T16:07:13.845+0000] {processor.py:836} INFO - DAG(s) dict_keys(['latest_only']) retrieved from /home/vscode/.local/lib/python3.10/site-packages/airflow/example_dags/example_latest_only.py
[2025-08-12T16:07:13.856+0000] {logging_mixin.py:150} INFO - [2025-08-12T16:07:13.856+0000] {dag.py:2742} INFO - Sync 1 DAGs
[2025-08-12T16:07:13.871+0000] {logging_mixin.py:150} INFO - [2025-08-12T16:07:13.870+0000] {dag.py:3504} INFO - Setting next_dagrun for latest_only to 2025-08-12T12:07:13.870732+00:00, run_after=2025-08-12T16:07:13.870732+00:00
[2025-08-12T16:07:13.886+0000] {processor.py:179} INFO - Processing /home/vscode/.local/lib/python3.10/site-packages/airflow/example_dags/example_latest_only.py took 0.049 seconds
[2025-08-12T16:07:56.086+0000] {processor.py:157} INFO - Started process (PID=31231) to work on /home/vscode/.local/lib/python3.10/site-packages/airflow/example_dags/example_latest_only.py
[2025-08-12T16:07:56.086+0000] {processor.py:826} INFO - Processing file /home/vscode/.local/lib/python3.10/site-packages/airflow/example_dags/example_latest_only.py for tasks to queue
[2025-08-12T16:07:56.087+0000] {logging_mixin.py:150} INFO - [2025-08-12T16:07:56.087+0000] {dagbag.py:541} INFO - Filling up the DagBag from /home/vscode/.local/lib/python3.10/site-packages/airflow/example_dags/example_latest_only.py
[2025-08-12T16:07:56.091+0000] {processor.py:836} INFO - DAG(s) dict_keys(['latest_only']) retrieved from /home/vscode/.local/lib/python3.10/site-packages/airflow/example_dags/example_latest_only.py
[2025-08-12T16:07:56.102+0000] {logging_mixin.py:150} INFO - [2025-08-12T16:07:56.102+0000] {dag.py:2742} INFO - Sync 1 DAGs
[2025-08-12T16:07:56.116+0000] {logging_mixin.py:150} INFO - [2025-08-12T16:07:56.116+0000] {dag.py:3504} INFO - Setting next_dagrun for latest_only to 2025-08-12T12:07:56.116459+00:00, run_after=2025-08-12T16:07:56.116459+00:00
[2025-08-12T16:07:56.133+0000] {processor.py:179} INFO - Processing /home/vscode/.local/lib/python3.10/site-packages/airflow/example_dags/example_latest_only.py took 0.049 seconds
[2025-08-12T16:08:37.220+0000] {processor.py:157} INFO - Started process (PID=31507) to work on /home/vscode/.local/lib/python3.10/site-packages/airflow/example_dags/example_latest_only.py
[2025-08-12T16:08:37.220+0000] {processor.py:826} INFO - Processing file /home/vscode/.local/lib/python3.10/site-packages/airflow/example_dags/example_latest_only.py for tasks to queue
[2025-08-12T16:08:37.221+0000] {logging_mixin.py:150} INFO - [2025-08-12T16:08:37.221+0000] {dagbag.py:541} INFO - Filling up the DagBag from /home/vscode/.local/lib/python3.10/site-packages/airflow/example_dags/example_latest_only.py
[2025-08-12T16:08:37.225+0000] {processor.py:836} INFO - DAG(s) dict_keys(['latest_only']) retrieved from /home/vscode/.local/lib/python3.10/site-packages/airflow/example_dags/example_latest_only.py
[2025-08-12T16:08:37.237+0000] {logging_mixin.py:150} INFO - [2025-08-12T16:08:37.237+0000] {dag.py:2742} INFO - Sync 1 DAGs
[2025-08-12T16:08:37.252+0000] {logging_mixin.py:150} INFO - [2025-08-12T16:08:37.251+0000] {dag.py:3504} INFO - Setting next_dagrun for latest_only to 2025-08-12T12:08:37.251733+00:00, run_after=2025-08-12T16:08:37.251733+00:00
[2025-08-12T16:08:37.268+0000] {processor.py:179} INFO - Processing /home/vscode/.local/lib/python3.10/site-packages/airflow/example_dags/example_latest_only.py took 0.050 seconds
[2025-08-12T16:09:20.025+0000] {processor.py:157} INFO - Started process (PID=31791) to work on /home/vscode/.local/lib/python3.10/site-packages/airflow/example_dags/example_latest_only.py
[2025-08-12T16:09:20.026+0000] {processor.py:826} INFO - Processing file /home/vscode/.local/lib/python3.10/site-packages/airflow/example_dags/example_latest_only.py for tasks to queue
[2025-08-12T16:09:20.026+0000] {logging_mixin.py:150} INFO - [2025-08-12T16:09:20.026+0000] {dagbag.py:541} INFO - Filling up the DagBag from /home/vscode/.local/lib/python3.10/site-packages/airflow/example_dags/example_latest_only.py
[2025-08-12T16:09:20.031+0000] {processor.py:836} INFO - DAG(s) dict_keys(['latest_only']) retrieved from /home/vscode/.local/lib/python3.10/site-packages/airflow/example_dags/example_latest_only.py
[2025-08-12T16:09:20.042+0000] {logging_mixin.py:150} INFO - [2025-08-12T16:09:20.042+0000] {dag.py:2742} INFO - Sync 1 DAGs
[2025-08-12T16:09:20.056+0000] {logging_mixin.py:150} INFO - [2025-08-12T16:09:20.056+0000] {dag.py:3504} INFO - Setting next_dagrun for latest_only to 2025-08-12T12:09:20.056043+00:00, run_after=2025-08-12T16:09:20.056043+00:00
[2025-08-12T16:09:20.073+0000] {processor.py:179} INFO - Processing /home/vscode/.local/lib/python3.10/site-packages/airflow/example_dags/example_latest_only.py took 0.050 seconds
[2025-08-12T16:10:05.560+0000] {processor.py:157} INFO - Started process (PID=32088) to work on /home/vscode/.local/lib/python3.10/site-packages/airflow/example_dags/example_latest_only.py
[2025-08-12T16:10:05.561+0000] {processor.py:826} INFO - Processing file /home/vscode/.local/lib/python3.10/site-packages/airflow/example_dags/example_latest_only.py for tasks to queue
[2025-08-12T16:10:05.561+0000] {logging_mixin.py:150} INFO - [2025-08-12T16:10:05.561+0000] {dagbag.py:541} INFO - Filling up the DagBag from /home/vscode/.local/lib/python3.10/site-packages/airflow/example_dags/example_latest_only.py
[2025-08-12T16:10:05.565+0000] {processor.py:836} INFO - DAG(s) dict_keys(['latest_only']) retrieved from /home/vscode/.local/lib/python3.10/site-packages/airflow/example_dags/example_latest_only.py
[2025-08-12T16:10:05.576+0000] {logging_mixin.py:150} INFO - [2025-08-12T16:10:05.576+0000] {dag.py:2742} INFO - Sync 1 DAGs
[2025-08-12T16:10:05.594+0000] {logging_mixin.py:150} INFO - [2025-08-12T16:10:05.594+0000] {dag.py:3504} INFO - Setting next_dagrun for latest_only to 2025-08-12T12:10:05.594622+00:00, run_after=2025-08-12T16:10:05.594622+00:00
[2025-08-12T16:10:05.610+0000] {processor.py:179} INFO - Processing /home/vscode/.local/lib/python3.10/site-packages/airflow/example_dags/example_latest_only.py took 0.052 seconds
[2025-08-12T16:10:52.372+0000] {processor.py:157} INFO - Started process (PID=32403) to work on /home/vscode/.local/lib/python3.10/site-packages/airflow/example_dags/example_latest_only.py
[2025-08-12T16:10:52.373+0000] {processor.py:826} INFO - Processing file /home/vscode/.local/lib/python3.10/site-packages/airflow/example_dags/example_latest_only.py for tasks to queue
[2025-08-12T16:10:52.373+0000] {logging_mixin.py:150} INFO - [2025-08-12T16:10:52.373+0000] {dagbag.py:541} INFO - Filling up the DagBag from /home/vscode/.local/lib/python3.10/site-packages/airflow/example_dags/example_latest_only.py
[2025-08-12T16:10:52.378+0000] {processor.py:836} INFO - DAG(s) dict_keys(['latest_only']) retrieved from /home/vscode/.local/lib/python3.10/site-packages/airflow/example_dags/example_latest_only.py
[2025-08-12T16:10:52.389+0000] {logging_mixin.py:150} INFO - [2025-08-12T16:10:52.388+0000] {dag.py:2742} INFO - Sync 1 DAGs
[2025-08-12T16:10:52.403+0000] {logging_mixin.py:150} INFO - [2025-08-12T16:10:52.402+0000] {dag.py:3504} INFO - Setting next_dagrun for latest_only to 2025-08-12T12:10:52.402749+00:00, run_after=2025-08-12T16:10:52.402749+00:00
[2025-08-12T16:10:52.419+0000] {processor.py:179} INFO - Processing /home/vscode/.local/lib/python3.10/site-packages/airflow/example_dags/example_latest_only.py took 0.049 seconds
[2025-08-12T16:11:35.637+0000] {processor.py:157} INFO - Started process (PID=32690) to work on /home/vscode/.local/lib/python3.10/site-packages/airflow/example_dags/example_latest_only.py
[2025-08-12T16:11:35.638+0000] {processor.py:826} INFO - Processing file /home/vscode/.local/lib/python3.10/site-packages/airflow/example_dags/example_latest_only.py for tasks to queue
[2025-08-12T16:11:35.638+0000] {logging_mixin.py:150} INFO - [2025-08-12T16:11:35.638+0000] {dagbag.py:541} INFO - Filling up the DagBag from /home/vscode/.local/lib/python3.10/site-packages/airflow/example_dags/example_latest_only.py
[2025-08-12T16:11:35.643+0000] {processor.py:836} INFO - DAG(s) dict_keys(['latest_only']) retrieved from /home/vscode/.local/lib/python3.10/site-packages/airflow/example_dags/example_latest_only.py
[2025-08-12T16:11:35.654+0000] {logging_mixin.py:150} INFO - [2025-08-12T16:11:35.654+0000] {dag.py:2742} INFO - Sync 1 DAGs
[2025-08-12T16:11:35.669+0000] {logging_mixin.py:150} INFO - [2025-08-12T16:11:35.669+0000] {dag.py:3504} INFO - Setting next_dagrun for latest_only to 2025-08-12T12:11:35.669487+00:00, run_after=2025-08-12T16:11:35.669487+00:00
[2025-08-12T16:11:35.685+0000] {processor.py:179} INFO - Processing /home/vscode/.local/lib/python3.10/site-packages/airflow/example_dags/example_latest_only.py took 0.050 seconds
[2025-08-12T16:12:19.580+0000] {processor.py:157} INFO - Started process (PID=32989) to work on /home/vscode/.local/lib/python3.10/site-packages/airflow/example_dags/example_latest_only.py
[2025-08-12T16:12:19.581+0000] {processor.py:826} INFO - Processing file /home/vscode/.local/lib/python3.10/site-packages/airflow/example_dags/example_latest_only.py for tasks to queue
[2025-08-12T16:12:19.582+0000] {logging_mixin.py:150} INFO - [2025-08-12T16:12:19.581+0000] {dagbag.py:541} INFO - Filling up the DagBag from /home/vscode/.local/lib/python3.10/site-packages/airflow/example_dags/example_latest_only.py
[2025-08-12T16:12:19.586+0000] {processor.py:836} INFO - DAG(s) dict_keys(['latest_only']) retrieved from /home/vscode/.local/lib/python3.10/site-packages/airflow/example_dags/example_latest_only.py
[2025-08-12T16:12:19.597+0000] {logging_mixin.py:150} INFO - [2025-08-12T16:12:19.597+0000] {dag.py:2742} INFO - Sync 1 DAGs
[2025-08-12T16:12:19.611+0000] {logging_mixin.py:150} INFO - [2025-08-12T16:12:19.611+0000] {dag.py:3504} INFO - Setting next_dagrun for latest_only to 2025-08-12T12:12:19.611072+00:00, run_after=2025-08-12T16:12:19.611072+00:00
[2025-08-12T16:12:19.626+0000] {processor.py:179} INFO - Processing /home/vscode/.local/lib/python3.10/site-packages/airflow/example_dags/example_latest_only.py took 0.048 seconds
[2025-08-12T16:13:07.993+0000] {processor.py:157} INFO - Started process (PID=33308) to work on /home/vscode/.local/lib/python3.10/site-packages/airflow/example_dags/example_latest_only.py
[2025-08-12T16:13:07.994+0000] {processor.py:826} INFO - Processing file /home/vscode/.local/lib/python3.10/site-packages/airflow/example_dags/example_latest_only.py for tasks to queue
[2025-08-12T16:13:07.994+0000] {logging_mixin.py:150} INFO - [2025-08-12T16:13:07.994+0000] {dagbag.py:541} INFO - Filling up the DagBag from /home/vscode/.local/lib/python3.10/site-packages/airflow/example_dags/example_latest_only.py
[2025-08-12T16:13:07.999+0000] {processor.py:836} INFO - DAG(s) dict_keys(['latest_only']) retrieved from /home/vscode/.local/lib/python3.10/site-packages/airflow/example_dags/example_latest_only.py
[2025-08-12T16:13:08.010+0000] {logging_mixin.py:150} INFO - [2025-08-12T16:13:08.010+0000] {dag.py:2742} INFO - Sync 1 DAGs
[2025-08-12T16:13:08.024+0000] {logging_mixin.py:150} INFO - [2025-08-12T16:13:08.024+0000] {dag.py:3504} INFO - Setting next_dagrun for latest_only to 2025-08-12T12:13:08.023961+00:00, run_after=2025-08-12T16:13:08.023961+00:00
[2025-08-12T16:13:08.040+0000] {processor.py:179} INFO - Processing /home/vscode/.local/lib/python3.10/site-packages/airflow/example_dags/example_latest_only.py took 0.049 seconds
[2025-08-12T16:13:51.371+0000] {processor.py:157} INFO - Started process (PID=33600) to work on /home/vscode/.local/lib/python3.10/site-packages/airflow/example_dags/example_latest_only.py
[2025-08-12T16:13:51.371+0000] {processor.py:826} INFO - Processing file /home/vscode/.local/lib/python3.10/site-packages/airflow/example_dags/example_latest_only.py for tasks to queue
[2025-08-12T16:13:51.372+0000] {logging_mixin.py:150} INFO - [2025-08-12T16:13:51.372+0000] {dagbag.py:541} INFO - Filling up the DagBag from /home/vscode/.local/lib/python3.10/site-packages/airflow/example_dags/example_latest_only.py
[2025-08-12T16:13:51.376+0000] {processor.py:836} INFO - DAG(s) dict_keys(['latest_only']) retrieved from /home/vscode/.local/lib/python3.10/site-packages/airflow/example_dags/example_latest_only.py
[2025-08-12T16:13:51.388+0000] {logging_mixin.py:150} INFO - [2025-08-12T16:13:51.388+0000] {dag.py:2742} INFO - Sync 1 DAGs
[2025-08-12T16:13:51.402+0000] {logging_mixin.py:150} INFO - [2025-08-12T16:13:51.402+0000] {dag.py:3504} INFO - Setting next_dagrun for latest_only to 2025-08-12T12:13:51.402481+00:00, run_after=2025-08-12T16:13:51.402481+00:00
[2025-08-12T16:13:51.418+0000] {processor.py:179} INFO - Processing /home/vscode/.local/lib/python3.10/site-packages/airflow/example_dags/example_latest_only.py took 0.050 seconds
[2025-08-12T16:14:38.327+0000] {processor.py:157} INFO - Started process (PID=33902) to work on /home/vscode/.local/lib/python3.10/site-packages/airflow/example_dags/example_latest_only.py
[2025-08-12T16:14:38.329+0000] {processor.py:826} INFO - Processing file /home/vscode/.local/lib/python3.10/site-packages/airflow/example_dags/example_latest_only.py for tasks to queue
[2025-08-12T16:14:38.330+0000] {logging_mixin.py:150} INFO - [2025-08-12T16:14:38.329+0000] {dagbag.py:541} INFO - Filling up the DagBag from /home/vscode/.local/lib/python3.10/site-packages/airflow/example_dags/example_latest_only.py
[2025-08-12T16:14:38.336+0000] {processor.py:836} INFO - DAG(s) dict_keys(['latest_only']) retrieved from /home/vscode/.local/lib/python3.10/site-packages/airflow/example_dags/example_latest_only.py
[2025-08-12T16:14:38.354+0000] {logging_mixin.py:150} INFO - [2025-08-12T16:14:38.353+0000] {dag.py:2742} INFO - Sync 1 DAGs
[2025-08-12T16:14:38.383+0000] {logging_mixin.py:150} INFO - [2025-08-12T16:14:38.383+0000] {dag.py:3504} INFO - Setting next_dagrun for latest_only to 2025-08-12T12:14:38.383230+00:00, run_after=2025-08-12T16:14:38.383230+00:00
[2025-08-12T16:14:38.416+0000] {processor.py:179} INFO - Processing /home/vscode/.local/lib/python3.10/site-packages/airflow/example_dags/example_latest_only.py took 0.092 seconds
[2025-08-12T16:15:30.877+0000] {processor.py:157} INFO - Started process (PID=34256) to work on /home/vscode/.local/lib/python3.10/site-packages/airflow/example_dags/example_latest_only.py
[2025-08-12T16:15:30.877+0000] {processor.py:826} INFO - Processing file /home/vscode/.local/lib/python3.10/site-packages/airflow/example_dags/example_latest_only.py for tasks to queue
[2025-08-12T16:15:30.878+0000] {logging_mixin.py:150} INFO - [2025-08-12T16:15:30.878+0000] {dagbag.py:541} INFO - Filling up the DagBag from /home/vscode/.local/lib/python3.10/site-packages/airflow/example_dags/example_latest_only.py
[2025-08-12T16:15:30.882+0000] {processor.py:836} INFO - DAG(s) dict_keys(['latest_only']) retrieved from /home/vscode/.local/lib/python3.10/site-packages/airflow/example_dags/example_latest_only.py
[2025-08-12T16:15:30.894+0000] {logging_mixin.py:150} INFO - [2025-08-12T16:15:30.894+0000] {dag.py:2742} INFO - Sync 1 DAGs
[2025-08-12T16:15:30.908+0000] {logging_mixin.py:150} INFO - [2025-08-12T16:15:30.908+0000] {dag.py:3504} INFO - Setting next_dagrun for latest_only to 2025-08-12T12:15:30.907878+00:00, run_after=2025-08-12T16:15:30.907878+00:00
[2025-08-12T16:15:30.923+0000] {processor.py:179} INFO - Processing /home/vscode/.local/lib/python3.10/site-packages/airflow/example_dags/example_latest_only.py took 0.049 seconds
[2025-08-12T16:16:13.563+0000] {processor.py:157} INFO - Started process (PID=34543) to work on /home/vscode/.local/lib/python3.10/site-packages/airflow/example_dags/example_latest_only.py
[2025-08-12T16:16:13.564+0000] {processor.py:826} INFO - Processing file /home/vscode/.local/lib/python3.10/site-packages/airflow/example_dags/example_latest_only.py for tasks to queue
[2025-08-12T16:16:13.564+0000] {logging_mixin.py:150} INFO - [2025-08-12T16:16:13.564+0000] {dagbag.py:541} INFO - Filling up the DagBag from /home/vscode/.local/lib/python3.10/site-packages/airflow/example_dags/example_latest_only.py
[2025-08-12T16:16:13.569+0000] {processor.py:836} INFO - DAG(s) dict_keys(['latest_only']) retrieved from /home/vscode/.local/lib/python3.10/site-packages/airflow/example_dags/example_latest_only.py
[2025-08-12T16:16:13.580+0000] {logging_mixin.py:150} INFO - [2025-08-12T16:16:13.580+0000] {dag.py:2742} INFO - Sync 1 DAGs
[2025-08-12T16:16:13.595+0000] {logging_mixin.py:150} INFO - [2025-08-12T16:16:13.594+0000] {dag.py:3504} INFO - Setting next_dagrun for latest_only to 2025-08-12T12:16:13.594719+00:00, run_after=2025-08-12T16:16:13.594719+00:00
[2025-08-12T16:16:13.610+0000] {processor.py:179} INFO - Processing /home/vscode/.local/lib/python3.10/site-packages/airflow/example_dags/example_latest_only.py took 0.049 seconds
[2025-08-12T16:17:05.742+0000] {processor.py:157} INFO - Started process (PID=34889) to work on /home/vscode/.local/lib/python3.10/site-packages/airflow/example_dags/example_latest_only.py
[2025-08-12T16:17:05.743+0000] {processor.py:826} INFO - Processing file /home/vscode/.local/lib/python3.10/site-packages/airflow/example_dags/example_latest_only.py for tasks to queue
[2025-08-12T16:17:05.743+0000] {logging_mixin.py:150} INFO - [2025-08-12T16:17:05.743+0000] {dagbag.py:541} INFO - Filling up the DagBag from /home/vscode/.local/lib/python3.10/site-packages/airflow/example_dags/example_latest_only.py
[2025-08-12T16:17:05.747+0000] {processor.py:836} INFO - DAG(s) dict_keys(['latest_only']) retrieved from /home/vscode/.local/lib/python3.10/site-packages/airflow/example_dags/example_latest_only.py
[2025-08-12T16:17:05.758+0000] {logging_mixin.py:150} INFO - [2025-08-12T16:17:05.758+0000] {dag.py:2742} INFO - Sync 1 DAGs
[2025-08-12T16:17:05.772+0000] {logging_mixin.py:150} INFO - [2025-08-12T16:17:05.772+0000] {dag.py:3504} INFO - Setting next_dagrun for latest_only to 2025-08-12T12:17:05.772486+00:00, run_after=2025-08-12T16:17:05.772486+00:00
[2025-08-12T16:17:05.788+0000] {processor.py:179} INFO - Processing /home/vscode/.local/lib/python3.10/site-packages/airflow/example_dags/example_latest_only.py took 0.049 seconds
[2025-08-12T16:17:45.747+0000] {processor.py:157} INFO - Started process (PID=35158) to work on /home/vscode/.local/lib/python3.10/site-packages/airflow/example_dags/example_latest_only.py
[2025-08-12T16:17:45.748+0000] {processor.py:826} INFO - Processing file /home/vscode/.local/lib/python3.10/site-packages/airflow/example_dags/example_latest_only.py for tasks to queue
[2025-08-12T16:17:45.748+0000] {logging_mixin.py:150} INFO - [2025-08-12T16:17:45.748+0000] {dagbag.py:541} INFO - Filling up the DagBag from /home/vscode/.local/lib/python3.10/site-packages/airflow/example_dags/example_latest_only.py
[2025-08-12T16:17:45.753+0000] {processor.py:836} INFO - DAG(s) dict_keys(['latest_only']) retrieved from /home/vscode/.local/lib/python3.10/site-packages/airflow/example_dags/example_latest_only.py
[2025-08-12T16:17:45.764+0000] {logging_mixin.py:150} INFO - [2025-08-12T16:17:45.764+0000] {dag.py:2742} INFO - Sync 1 DAGs
[2025-08-12T16:17:45.778+0000] {logging_mixin.py:150} INFO - [2025-08-12T16:17:45.778+0000] {dag.py:3504} INFO - Setting next_dagrun for latest_only to 2025-08-12T12:17:45.778190+00:00, run_after=2025-08-12T16:17:45.778190+00:00
[2025-08-12T16:17:45.793+0000] {processor.py:179} INFO - Processing /home/vscode/.local/lib/python3.10/site-packages/airflow/example_dags/example_latest_only.py took 0.048 seconds
[2025-08-12T16:18:28.851+0000] {processor.py:157} INFO - Started process (PID=35443) to work on /home/vscode/.local/lib/python3.10/site-packages/airflow/example_dags/example_latest_only.py
[2025-08-12T16:18:28.851+0000] {processor.py:826} INFO - Processing file /home/vscode/.local/lib/python3.10/site-packages/airflow/example_dags/example_latest_only.py for tasks to queue
[2025-08-12T16:18:28.852+0000] {logging_mixin.py:150} INFO - [2025-08-12T16:18:28.852+0000] {dagbag.py:541} INFO - Filling up the DagBag from /home/vscode/.local/lib/python3.10/site-packages/airflow/example_dags/example_latest_only.py
[2025-08-12T16:18:28.856+0000] {processor.py:836} INFO - DAG(s) dict_keys(['latest_only']) retrieved from /home/vscode/.local/lib/python3.10/site-packages/airflow/example_dags/example_latest_only.py
[2025-08-12T16:18:28.868+0000] {logging_mixin.py:150} INFO - [2025-08-12T16:18:28.868+0000] {dag.py:2742} INFO - Sync 1 DAGs
[2025-08-12T16:18:28.883+0000] {logging_mixin.py:150} INFO - [2025-08-12T16:18:28.883+0000] {dag.py:3504} INFO - Setting next_dagrun for latest_only to 2025-08-12T12:18:28.883239+00:00, run_after=2025-08-12T16:18:28.883239+00:00
[2025-08-12T16:18:28.900+0000] {processor.py:179} INFO - Processing /home/vscode/.local/lib/python3.10/site-packages/airflow/example_dags/example_latest_only.py took 0.051 seconds
[2025-08-12T16:19:11.002+0000] {processor.py:157} INFO - Started process (PID=35730) to work on /home/vscode/.local/lib/python3.10/site-packages/airflow/example_dags/example_latest_only.py
[2025-08-12T16:19:11.002+0000] {processor.py:826} INFO - Processing file /home/vscode/.local/lib/python3.10/site-packages/airflow/example_dags/example_latest_only.py for tasks to queue
[2025-08-12T16:19:11.003+0000] {logging_mixin.py:150} INFO - [2025-08-12T16:19:11.003+0000] {dagbag.py:541} INFO - Filling up the DagBag from /home/vscode/.local/lib/python3.10/site-packages/airflow/example_dags/example_latest_only.py
[2025-08-12T16:19:11.009+0000] {processor.py:836} INFO - DAG(s) dict_keys(['latest_only']) retrieved from /home/vscode/.local/lib/python3.10/site-packages/airflow/example_dags/example_latest_only.py
[2025-08-12T16:19:11.020+0000] {logging_mixin.py:150} INFO - [2025-08-12T16:19:11.020+0000] {dag.py:2742} INFO - Sync 1 DAGs
[2025-08-12T16:19:11.034+0000] {logging_mixin.py:150} INFO - [2025-08-12T16:19:11.034+0000] {dag.py:3504} INFO - Setting next_dagrun for latest_only to 2025-08-12T12:19:11.034379+00:00, run_after=2025-08-12T16:19:11.034379+00:00
[2025-08-12T16:19:11.050+0000] {processor.py:179} INFO - Processing /home/vscode/.local/lib/python3.10/site-packages/airflow/example_dags/example_latest_only.py took 0.052 seconds
[2025-08-12T16:19:58.406+0000] {processor.py:157} INFO - Started process (PID=36037) to work on /home/vscode/.local/lib/python3.10/site-packages/airflow/example_dags/example_latest_only.py
[2025-08-12T16:19:58.407+0000] {processor.py:826} INFO - Processing file /home/vscode/.local/lib/python3.10/site-packages/airflow/example_dags/example_latest_only.py for tasks to queue
[2025-08-12T16:19:58.408+0000] {logging_mixin.py:150} INFO - [2025-08-12T16:19:58.407+0000] {dagbag.py:541} INFO - Filling up the DagBag from /home/vscode/.local/lib/python3.10/site-packages/airflow/example_dags/example_latest_only.py
[2025-08-12T16:19:58.412+0000] {processor.py:836} INFO - DAG(s) dict_keys(['latest_only']) retrieved from /home/vscode/.local/lib/python3.10/site-packages/airflow/example_dags/example_latest_only.py
[2025-08-12T16:19:58.423+0000] {logging_mixin.py:150} INFO - [2025-08-12T16:19:58.423+0000] {dag.py:2742} INFO - Sync 1 DAGs
[2025-08-12T16:19:58.437+0000] {logging_mixin.py:150} INFO - [2025-08-12T16:19:58.437+0000] {dag.py:3504} INFO - Setting next_dagrun for latest_only to 2025-08-12T12:19:58.437603+00:00, run_after=2025-08-12T16:19:58.437603+00:00
[2025-08-12T16:19:58.454+0000] {processor.py:179} INFO - Processing /home/vscode/.local/lib/python3.10/site-packages/airflow/example_dags/example_latest_only.py took 0.050 seconds
[2025-08-12T16:20:43.129+0000] {processor.py:157} INFO - Started process (PID=36342) to work on /home/vscode/.local/lib/python3.10/site-packages/airflow/example_dags/example_latest_only.py
[2025-08-12T16:20:43.130+0000] {processor.py:826} INFO - Processing file /home/vscode/.local/lib/python3.10/site-packages/airflow/example_dags/example_latest_only.py for tasks to queue
[2025-08-12T16:20:43.130+0000] {logging_mixin.py:150} INFO - [2025-08-12T16:20:43.130+0000] {dagbag.py:541} INFO - Filling up the DagBag from /home/vscode/.local/lib/python3.10/site-packages/airflow/example_dags/example_latest_only.py
[2025-08-12T16:20:43.138+0000] {processor.py:836} INFO - DAG(s) dict_keys(['latest_only']) retrieved from /home/vscode/.local/lib/python3.10/site-packages/airflow/example_dags/example_latest_only.py
[2025-08-12T16:20:43.157+0000] {logging_mixin.py:150} INFO - [2025-08-12T16:20:43.157+0000] {dag.py:2742} INFO - Sync 1 DAGs
[2025-08-12T16:20:43.173+0000] {logging_mixin.py:150} INFO - [2025-08-12T16:20:43.173+0000] {dag.py:3504} INFO - Setting next_dagrun for latest_only to 2025-08-12T12:20:43.172872+00:00, run_after=2025-08-12T16:20:43.172872+00:00
[2025-08-12T16:20:43.189+0000] {processor.py:179} INFO - Processing /home/vscode/.local/lib/python3.10/site-packages/airflow/example_dags/example_latest_only.py took 0.063 seconds
[2025-08-12T16:21:39.847+0000] {processor.py:157} INFO - Started process (PID=36712) to work on /home/vscode/.local/lib/python3.10/site-packages/airflow/example_dags/example_latest_only.py
[2025-08-12T16:21:39.848+0000] {processor.py:826} INFO - Processing file /home/vscode/.local/lib/python3.10/site-packages/airflow/example_dags/example_latest_only.py for tasks to queue
[2025-08-12T16:21:39.848+0000] {logging_mixin.py:150} INFO - [2025-08-12T16:21:39.848+0000] {dagbag.py:541} INFO - Filling up the DagBag from /home/vscode/.local/lib/python3.10/site-packages/airflow/example_dags/example_latest_only.py
[2025-08-12T16:21:39.852+0000] {processor.py:836} INFO - DAG(s) dict_keys(['latest_only']) retrieved from /home/vscode/.local/lib/python3.10/site-packages/airflow/example_dags/example_latest_only.py
[2025-08-12T16:21:39.863+0000] {logging_mixin.py:150} INFO - [2025-08-12T16:21:39.863+0000] {dag.py:2742} INFO - Sync 1 DAGs
[2025-08-12T16:21:39.877+0000] {logging_mixin.py:150} INFO - [2025-08-12T16:21:39.877+0000] {dag.py:3504} INFO - Setting next_dagrun for latest_only to 2025-08-12T12:21:39.877373+00:00, run_after=2025-08-12T16:21:39.877373+00:00
[2025-08-12T16:21:39.892+0000] {processor.py:179} INFO - Processing /home/vscode/.local/lib/python3.10/site-packages/airflow/example_dags/example_latest_only.py took 0.047 seconds
[2025-08-12T16:22:21.955+0000] {processor.py:157} INFO - Started process (PID=37002) to work on /home/vscode/.local/lib/python3.10/site-packages/airflow/example_dags/example_latest_only.py
[2025-08-12T16:22:21.956+0000] {processor.py:826} INFO - Processing file /home/vscode/.local/lib/python3.10/site-packages/airflow/example_dags/example_latest_only.py for tasks to queue
[2025-08-12T16:22:21.957+0000] {logging_mixin.py:150} INFO - [2025-08-12T16:22:21.956+0000] {dagbag.py:541} INFO - Filling up the DagBag from /home/vscode/.local/lib/python3.10/site-packages/airflow/example_dags/example_latest_only.py
[2025-08-12T16:22:21.961+0000] {processor.py:836} INFO - DAG(s) dict_keys(['latest_only']) retrieved from /home/vscode/.local/lib/python3.10/site-packages/airflow/example_dags/example_latest_only.py
[2025-08-12T16:22:21.973+0000] {logging_mixin.py:150} INFO - [2025-08-12T16:22:21.973+0000] {dag.py:2742} INFO - Sync 1 DAGs
[2025-08-12T16:22:21.987+0000] {logging_mixin.py:150} INFO - [2025-08-12T16:22:21.987+0000] {dag.py:3504} INFO - Setting next_dagrun for latest_only to 2025-08-12T12:22:21.987643+00:00, run_after=2025-08-12T16:22:21.987643+00:00
[2025-08-12T16:22:22.003+0000] {processor.py:179} INFO - Processing /home/vscode/.local/lib/python3.10/site-packages/airflow/example_dags/example_latest_only.py took 0.050 seconds
[2025-08-12T16:23:04.881+0000] {processor.py:157} INFO - Started process (PID=37286) to work on /home/vscode/.local/lib/python3.10/site-packages/airflow/example_dags/example_latest_only.py
[2025-08-12T16:23:04.882+0000] {processor.py:826} INFO - Processing file /home/vscode/.local/lib/python3.10/site-packages/airflow/example_dags/example_latest_only.py for tasks to queue
[2025-08-12T16:23:04.883+0000] {logging_mixin.py:150} INFO - [2025-08-12T16:23:04.882+0000] {dagbag.py:541} INFO - Filling up the DagBag from /home/vscode/.local/lib/python3.10/site-packages/airflow/example_dags/example_latest_only.py
[2025-08-12T16:23:04.887+0000] {processor.py:836} INFO - DAG(s) dict_keys(['latest_only']) retrieved from /home/vscode/.local/lib/python3.10/site-packages/airflow/example_dags/example_latest_only.py
[2025-08-12T16:23:04.898+0000] {logging_mixin.py:150} INFO - [2025-08-12T16:23:04.898+0000] {dag.py:2742} INFO - Sync 1 DAGs
[2025-08-12T16:23:04.911+0000] {logging_mixin.py:150} INFO - [2025-08-12T16:23:04.911+0000] {dag.py:3504} INFO - Setting next_dagrun for latest_only to 2025-08-12T12:23:04.911738+00:00, run_after=2025-08-12T16:23:04.911738+00:00
[2025-08-12T16:23:04.927+0000] {processor.py:179} INFO - Processing /home/vscode/.local/lib/python3.10/site-packages/airflow/example_dags/example_latest_only.py took 0.048 seconds
[2025-08-12T16:23:52.782+0000] {processor.py:157} INFO - Started process (PID=37603) to work on /home/vscode/.local/lib/python3.10/site-packages/airflow/example_dags/example_latest_only.py
[2025-08-12T16:23:52.783+0000] {processor.py:826} INFO - Processing file /home/vscode/.local/lib/python3.10/site-packages/airflow/example_dags/example_latest_only.py for tasks to queue
[2025-08-12T16:23:52.783+0000] {logging_mixin.py:150} INFO - [2025-08-12T16:23:52.783+0000] {dagbag.py:541} INFO - Filling up the DagBag from /home/vscode/.local/lib/python3.10/site-packages/airflow/example_dags/example_latest_only.py
[2025-08-12T16:23:52.788+0000] {processor.py:836} INFO - DAG(s) dict_keys(['latest_only']) retrieved from /home/vscode/.local/lib/python3.10/site-packages/airflow/example_dags/example_latest_only.py
[2025-08-12T16:23:52.799+0000] {logging_mixin.py:150} INFO - [2025-08-12T16:23:52.799+0000] {dag.py:2742} INFO - Sync 1 DAGs
[2025-08-12T16:23:52.814+0000] {logging_mixin.py:150} INFO - [2025-08-12T16:23:52.813+0000] {dag.py:3504} INFO - Setting next_dagrun for latest_only to 2025-08-12T12:23:52.813650+00:00, run_after=2025-08-12T16:23:52.813650+00:00
[2025-08-12T16:23:52.831+0000] {processor.py:179} INFO - Processing /home/vscode/.local/lib/python3.10/site-packages/airflow/example_dags/example_latest_only.py took 0.051 seconds
[2025-08-12T16:24:46.887+0000] {processor.py:157} INFO - Started process (PID=37959) to work on /home/vscode/.local/lib/python3.10/site-packages/airflow/example_dags/example_latest_only.py
[2025-08-12T16:24:46.888+0000] {processor.py:826} INFO - Processing file /home/vscode/.local/lib/python3.10/site-packages/airflow/example_dags/example_latest_only.py for tasks to queue
[2025-08-12T16:24:46.888+0000] {logging_mixin.py:150} INFO - [2025-08-12T16:24:46.888+0000] {dagbag.py:541} INFO - Filling up the DagBag from /home/vscode/.local/lib/python3.10/site-packages/airflow/example_dags/example_latest_only.py
[2025-08-12T16:24:46.893+0000] {processor.py:836} INFO - DAG(s) dict_keys(['latest_only']) retrieved from /home/vscode/.local/lib/python3.10/site-packages/airflow/example_dags/example_latest_only.py
[2025-08-12T16:24:46.907+0000] {logging_mixin.py:150} INFO - [2025-08-12T16:24:46.907+0000] {dag.py:2742} INFO - Sync 1 DAGs
[2025-08-12T16:24:46.930+0000] {logging_mixin.py:150} INFO - [2025-08-12T16:24:46.929+0000] {dag.py:3504} INFO - Setting next_dagrun for latest_only to 2025-08-12T12:24:46.929625+00:00, run_after=2025-08-12T16:24:46.929625+00:00
[2025-08-12T16:24:46.950+0000] {processor.py:179} INFO - Processing /home/vscode/.local/lib/python3.10/site-packages/airflow/example_dags/example_latest_only.py took 0.065 seconds
[2025-08-12T16:25:31.141+0000] {processor.py:157} INFO - Started process (PID=38252) to work on /home/vscode/.local/lib/python3.10/site-packages/airflow/example_dags/example_latest_only.py
[2025-08-12T16:25:31.141+0000] {processor.py:826} INFO - Processing file /home/vscode/.local/lib/python3.10/site-packages/airflow/example_dags/example_latest_only.py for tasks to queue
[2025-08-12T16:25:31.142+0000] {logging_mixin.py:150} INFO - [2025-08-12T16:25:31.142+0000] {dagbag.py:541} INFO - Filling up the DagBag from /home/vscode/.local/lib/python3.10/site-packages/airflow/example_dags/example_latest_only.py
[2025-08-12T16:25:31.146+0000] {processor.py:836} INFO - DAG(s) dict_keys(['latest_only']) retrieved from /home/vscode/.local/lib/python3.10/site-packages/airflow/example_dags/example_latest_only.py
[2025-08-12T16:25:31.157+0000] {logging_mixin.py:150} INFO - [2025-08-12T16:25:31.157+0000] {dag.py:2742} INFO - Sync 1 DAGs
[2025-08-12T16:25:31.171+0000] {logging_mixin.py:150} INFO - [2025-08-12T16:25:31.171+0000] {dag.py:3504} INFO - Setting next_dagrun for latest_only to 2025-08-12T12:25:31.171403+00:00, run_after=2025-08-12T16:25:31.171403+00:00
[2025-08-12T16:25:31.188+0000] {processor.py:179} INFO - Processing /home/vscode/.local/lib/python3.10/site-packages/airflow/example_dags/example_latest_only.py took 0.049 seconds
[2025-08-12T16:26:17.516+0000] {processor.py:157} INFO - Started process (PID=38561) to work on /home/vscode/.local/lib/python3.10/site-packages/airflow/example_dags/example_latest_only.py
[2025-08-12T16:26:17.516+0000] {processor.py:826} INFO - Processing file /home/vscode/.local/lib/python3.10/site-packages/airflow/example_dags/example_latest_only.py for tasks to queue
[2025-08-12T16:26:17.517+0000] {logging_mixin.py:150} INFO - [2025-08-12T16:26:17.517+0000] {dagbag.py:541} INFO - Filling up the DagBag from /home/vscode/.local/lib/python3.10/site-packages/airflow/example_dags/example_latest_only.py
[2025-08-12T16:26:17.521+0000] {processor.py:836} INFO - DAG(s) dict_keys(['latest_only']) retrieved from /home/vscode/.local/lib/python3.10/site-packages/airflow/example_dags/example_latest_only.py
[2025-08-12T16:26:17.533+0000] {logging_mixin.py:150} INFO - [2025-08-12T16:26:17.533+0000] {dag.py:2742} INFO - Sync 1 DAGs
[2025-08-12T16:26:17.547+0000] {logging_mixin.py:150} INFO - [2025-08-12T16:26:17.547+0000] {dag.py:3504} INFO - Setting next_dagrun for latest_only to 2025-08-12T12:26:17.547441+00:00, run_after=2025-08-12T16:26:17.547441+00:00
[2025-08-12T16:26:17.563+0000] {processor.py:179} INFO - Processing /home/vscode/.local/lib/python3.10/site-packages/airflow/example_dags/example_latest_only.py took 0.049 seconds
[2025-08-12T16:26:58.542+0000] {processor.py:157} INFO - Started process (PID=38836) to work on /home/vscode/.local/lib/python3.10/site-packages/airflow/example_dags/example_latest_only.py
[2025-08-12T16:26:58.543+0000] {processor.py:826} INFO - Processing file /home/vscode/.local/lib/python3.10/site-packages/airflow/example_dags/example_latest_only.py for tasks to queue
[2025-08-12T16:26:58.543+0000] {logging_mixin.py:150} INFO - [2025-08-12T16:26:58.543+0000] {dagbag.py:541} INFO - Filling up the DagBag from /home/vscode/.local/lib/python3.10/site-packages/airflow/example_dags/example_latest_only.py
[2025-08-12T16:26:58.547+0000] {processor.py:836} INFO - DAG(s) dict_keys(['latest_only']) retrieved from /home/vscode/.local/lib/python3.10/site-packages/airflow/example_dags/example_latest_only.py
[2025-08-12T16:26:58.558+0000] {logging_mixin.py:150} INFO - [2025-08-12T16:26:58.558+0000] {dag.py:2742} INFO - Sync 1 DAGs
[2025-08-12T16:26:58.573+0000] {logging_mixin.py:150} INFO - [2025-08-12T16:26:58.573+0000] {dag.py:3504} INFO - Setting next_dagrun for latest_only to 2025-08-12T12:26:58.573042+00:00, run_after=2025-08-12T16:26:58.573042+00:00
[2025-08-12T16:26:58.588+0000] {processor.py:179} INFO - Processing /home/vscode/.local/lib/python3.10/site-packages/airflow/example_dags/example_latest_only.py took 0.049 seconds
[2025-08-12T16:27:41.927+0000] {processor.py:157} INFO - Started process (PID=39123) to work on /home/vscode/.local/lib/python3.10/site-packages/airflow/example_dags/example_latest_only.py
[2025-08-12T16:27:41.928+0000] {processor.py:826} INFO - Processing file /home/vscode/.local/lib/python3.10/site-packages/airflow/example_dags/example_latest_only.py for tasks to queue
[2025-08-12T16:27:41.929+0000] {logging_mixin.py:150} INFO - [2025-08-12T16:27:41.928+0000] {dagbag.py:541} INFO - Filling up the DagBag from /home/vscode/.local/lib/python3.10/site-packages/airflow/example_dags/example_latest_only.py
[2025-08-12T16:27:41.933+0000] {processor.py:836} INFO - DAG(s) dict_keys(['latest_only']) retrieved from /home/vscode/.local/lib/python3.10/site-packages/airflow/example_dags/example_latest_only.py
[2025-08-12T16:27:41.945+0000] {logging_mixin.py:150} INFO - [2025-08-12T16:27:41.945+0000] {dag.py:2742} INFO - Sync 1 DAGs
[2025-08-12T16:27:41.959+0000] {logging_mixin.py:150} INFO - [2025-08-12T16:27:41.959+0000] {dag.py:3504} INFO - Setting next_dagrun for latest_only to 2025-08-12T12:27:41.959220+00:00, run_after=2025-08-12T16:27:41.959220+00:00
[2025-08-12T16:27:41.975+0000] {processor.py:179} INFO - Processing /home/vscode/.local/lib/python3.10/site-packages/airflow/example_dags/example_latest_only.py took 0.050 seconds
[2025-08-12T16:28:26.003+0000] {processor.py:157} INFO - Started process (PID=39422) to work on /home/vscode/.local/lib/python3.10/site-packages/airflow/example_dags/example_latest_only.py
[2025-08-12T16:28:26.004+0000] {processor.py:826} INFO - Processing file /home/vscode/.local/lib/python3.10/site-packages/airflow/example_dags/example_latest_only.py for tasks to queue
[2025-08-12T16:28:26.005+0000] {logging_mixin.py:150} INFO - [2025-08-12T16:28:26.004+0000] {dagbag.py:541} INFO - Filling up the DagBag from /home/vscode/.local/lib/python3.10/site-packages/airflow/example_dags/example_latest_only.py
[2025-08-12T16:28:26.009+0000] {processor.py:836} INFO - DAG(s) dict_keys(['latest_only']) retrieved from /home/vscode/.local/lib/python3.10/site-packages/airflow/example_dags/example_latest_only.py
[2025-08-12T16:28:26.020+0000] {logging_mixin.py:150} INFO - [2025-08-12T16:28:26.020+0000] {dag.py:2742} INFO - Sync 1 DAGs
[2025-08-12T16:28:26.035+0000] {logging_mixin.py:150} INFO - [2025-08-12T16:28:26.035+0000] {dag.py:3504} INFO - Setting next_dagrun for latest_only to 2025-08-12T12:28:26.035279+00:00, run_after=2025-08-12T16:28:26.035279+00:00
[2025-08-12T16:28:26.051+0000] {processor.py:179} INFO - Processing /home/vscode/.local/lib/python3.10/site-packages/airflow/example_dags/example_latest_only.py took 0.050 seconds
[2025-08-12T16:29:11.500+0000] {processor.py:157} INFO - Started process (PID=39719) to work on /home/vscode/.local/lib/python3.10/site-packages/airflow/example_dags/example_latest_only.py
[2025-08-12T16:29:11.501+0000] {processor.py:826} INFO - Processing file /home/vscode/.local/lib/python3.10/site-packages/airflow/example_dags/example_latest_only.py for tasks to queue
[2025-08-12T16:29:11.501+0000] {logging_mixin.py:150} INFO - [2025-08-12T16:29:11.501+0000] {dagbag.py:541} INFO - Filling up the DagBag from /home/vscode/.local/lib/python3.10/site-packages/airflow/example_dags/example_latest_only.py
[2025-08-12T16:29:11.506+0000] {processor.py:836} INFO - DAG(s) dict_keys(['latest_only']) retrieved from /home/vscode/.local/lib/python3.10/site-packages/airflow/example_dags/example_latest_only.py
[2025-08-12T16:29:11.521+0000] {logging_mixin.py:150} INFO - [2025-08-12T16:29:11.521+0000] {dag.py:2742} INFO - Sync 1 DAGs
[2025-08-12T16:29:11.536+0000] {logging_mixin.py:150} INFO - [2025-08-12T16:29:11.536+0000] {dag.py:3504} INFO - Setting next_dagrun for latest_only to 2025-08-12T12:29:11.536286+00:00, run_after=2025-08-12T16:29:11.536286+00:00
[2025-08-12T16:29:11.551+0000] {processor.py:179} INFO - Processing /home/vscode/.local/lib/python3.10/site-packages/airflow/example_dags/example_latest_only.py took 0.054 seconds
[2025-08-12T16:29:58.097+0000] {processor.py:157} INFO - Started process (PID=40034) to work on /home/vscode/.local/lib/python3.10/site-packages/airflow/example_dags/example_latest_only.py
[2025-08-12T16:29:58.097+0000] {processor.py:826} INFO - Processing file /home/vscode/.local/lib/python3.10/site-packages/airflow/example_dags/example_latest_only.py for tasks to queue
[2025-08-12T16:29:58.098+0000] {logging_mixin.py:150} INFO - [2025-08-12T16:29:58.098+0000] {dagbag.py:541} INFO - Filling up the DagBag from /home/vscode/.local/lib/python3.10/site-packages/airflow/example_dags/example_latest_only.py
[2025-08-12T16:29:58.103+0000] {processor.py:836} INFO - DAG(s) dict_keys(['latest_only']) retrieved from /home/vscode/.local/lib/python3.10/site-packages/airflow/example_dags/example_latest_only.py
[2025-08-12T16:29:58.114+0000] {logging_mixin.py:150} INFO - [2025-08-12T16:29:58.114+0000] {dag.py:2742} INFO - Sync 1 DAGs
[2025-08-12T16:29:58.128+0000] {logging_mixin.py:150} INFO - [2025-08-12T16:29:58.128+0000] {dag.py:3504} INFO - Setting next_dagrun for latest_only to 2025-08-12T12:29:58.128436+00:00, run_after=2025-08-12T16:29:58.128436+00:00
[2025-08-12T16:29:58.144+0000] {processor.py:179} INFO - Processing /home/vscode/.local/lib/python3.10/site-packages/airflow/example_dags/example_latest_only.py took 0.050 seconds
