[2025-08-12T15:37:18.224+0000] {processor.py:157} INFO - Started process (PID=18077) to work on /home/vscode/.local/lib/python3.10/site-packages/airflow/example_dags/example_complex.py
[2025-08-12T15:37:18.225+0000] {processor.py:826} INFO - Processing file /home/vscode/.local/lib/python3.10/site-packages/airflow/example_dags/example_complex.py for tasks to queue
[2025-08-12T15:37:18.226+0000] {logging_mixin.py:150} INFO - [2025-08-12T15:37:18.225+0000] {dagbag.py:541} INFO - Filling up the DagBag from /home/vscode/.local/lib/python3.10/site-packages/airflow/example_dags/example_complex.py
[2025-08-12T15:37:18.234+0000] {processor.py:836} INFO - DAG(s) dict_keys(['example_complex']) retrieved from /home/vscode/.local/lib/python3.10/site-packages/airflow/example_dags/example_complex.py
[2025-08-12T15:37:18.319+0000] {logging_mixin.py:150} INFO - [2025-08-12T15:37:18.319+0000] {manager.py:504} INFO - Created Permission View: can edit on DAG:example_complex
[2025-08-12T15:37:18.328+0000] {logging_mixin.py:150} INFO - [2025-08-12T15:37:18.328+0000] {manager.py:504} INFO - Created Permission View: can read on DAG:example_complex
[2025-08-12T15:37:18.337+0000] {logging_mixin.py:150} INFO - [2025-08-12T15:37:18.337+0000] {manager.py:504} INFO - Created Permission View: can delete on DAG:example_complex
[2025-08-12T15:37:18.345+0000] {logging_mixin.py:150} INFO - [2025-08-12T15:37:18.345+0000] {dag.py:2742} INFO - Sync 1 DAGs
[2025-08-12T15:37:18.352+0000] {logging_mixin.py:150} INFO - [2025-08-12T15:37:18.352+0000] {dag.py:2763} INFO - Creating ORM DAG for example_complex
[2025-08-12T15:37:18.358+0000] {logging_mixin.py:150} INFO - [2025-08-12T15:37:18.358+0000] {dag.py:3504} INFO - Setting next_dagrun for example_complex to None, run_after=None
[2025-08-12T15:37:18.375+0000] {processor.py:179} INFO - Processing /home/vscode/.local/lib/python3.10/site-packages/airflow/example_dags/example_complex.py took 0.153 seconds
[2025-08-12T15:38:09.611+0000] {processor.py:157} INFO - Started process (PID=18494) to work on /home/vscode/.local/lib/python3.10/site-packages/airflow/example_dags/example_complex.py
[2025-08-12T15:38:09.611+0000] {processor.py:826} INFO - Processing file /home/vscode/.local/lib/python3.10/site-packages/airflow/example_dags/example_complex.py for tasks to queue
[2025-08-12T15:38:09.612+0000] {logging_mixin.py:150} INFO - [2025-08-12T15:38:09.612+0000] {dagbag.py:541} INFO - Filling up the DagBag from /home/vscode/.local/lib/python3.10/site-packages/airflow/example_dags/example_complex.py
[2025-08-12T15:38:09.620+0000] {processor.py:836} INFO - DAG(s) dict_keys(['example_complex']) retrieved from /home/vscode/.local/lib/python3.10/site-packages/airflow/example_dags/example_complex.py
[2025-08-12T15:38:09.640+0000] {logging_mixin.py:150} INFO - [2025-08-12T15:38:09.639+0000] {dag.py:2742} INFO - Sync 1 DAGs
[2025-08-12T15:38:09.654+0000] {logging_mixin.py:150} INFO - [2025-08-12T15:38:09.654+0000] {dag.py:3504} INFO - Setting next_dagrun for example_complex to None, run_after=None
[2025-08-12T15:38:09.670+0000] {processor.py:179} INFO - Processing /home/vscode/.local/lib/python3.10/site-packages/airflow/example_dags/example_complex.py took 0.061 seconds
[2025-08-12T15:38:58.980+0000] {processor.py:157} INFO - Started process (PID=18893) to work on /home/vscode/.local/lib/python3.10/site-packages/airflow/example_dags/example_complex.py
[2025-08-12T15:38:58.981+0000] {processor.py:826} INFO - Processing file /home/vscode/.local/lib/python3.10/site-packages/airflow/example_dags/example_complex.py for tasks to queue
[2025-08-12T15:38:58.982+0000] {logging_mixin.py:150} INFO - [2025-08-12T15:38:58.981+0000] {dagbag.py:541} INFO - Filling up the DagBag from /home/vscode/.local/lib/python3.10/site-packages/airflow/example_dags/example_complex.py
[2025-08-12T15:38:58.990+0000] {processor.py:836} INFO - DAG(s) dict_keys(['example_complex']) retrieved from /home/vscode/.local/lib/python3.10/site-packages/airflow/example_dags/example_complex.py
[2025-08-12T15:38:59.009+0000] {logging_mixin.py:150} INFO - [2025-08-12T15:38:59.009+0000] {dag.py:2742} INFO - Sync 1 DAGs
[2025-08-12T15:38:59.023+0000] {logging_mixin.py:150} INFO - [2025-08-12T15:38:59.023+0000] {dag.py:3504} INFO - Setting next_dagrun for example_complex to None, run_after=None
[2025-08-12T15:38:59.039+0000] {processor.py:179} INFO - Processing /home/vscode/.local/lib/python3.10/site-packages/airflow/example_dags/example_complex.py took 0.061 seconds
[2025-08-12T15:39:41.801+0000] {processor.py:157} INFO - Started process (PID=19195) to work on /home/vscode/.local/lib/python3.10/site-packages/airflow/example_dags/example_complex.py
[2025-08-12T15:39:41.801+0000] {processor.py:826} INFO - Processing file /home/vscode/.local/lib/python3.10/site-packages/airflow/example_dags/example_complex.py for tasks to queue
[2025-08-12T15:39:41.802+0000] {logging_mixin.py:150} INFO - [2025-08-12T15:39:41.802+0000] {dagbag.py:541} INFO - Filling up the DagBag from /home/vscode/.local/lib/python3.10/site-packages/airflow/example_dags/example_complex.py
[2025-08-12T15:39:41.810+0000] {processor.py:836} INFO - DAG(s) dict_keys(['example_complex']) retrieved from /home/vscode/.local/lib/python3.10/site-packages/airflow/example_dags/example_complex.py
[2025-08-12T15:39:41.830+0000] {logging_mixin.py:150} INFO - [2025-08-12T15:39:41.830+0000] {dag.py:2742} INFO - Sync 1 DAGs
[2025-08-12T15:39:41.845+0000] {logging_mixin.py:150} INFO - [2025-08-12T15:39:41.845+0000] {dag.py:3504} INFO - Setting next_dagrun for example_complex to None, run_after=None
[2025-08-12T15:39:41.862+0000] {processor.py:179} INFO - Processing /home/vscode/.local/lib/python3.10/site-packages/airflow/example_dags/example_complex.py took 0.064 seconds
[2025-08-12T15:40:28.598+0000] {processor.py:157} INFO - Started process (PID=19510) to work on /home/vscode/.local/lib/python3.10/site-packages/airflow/example_dags/example_complex.py
[2025-08-12T15:40:28.598+0000] {processor.py:826} INFO - Processing file /home/vscode/.local/lib/python3.10/site-packages/airflow/example_dags/example_complex.py for tasks to queue
[2025-08-12T15:40:28.599+0000] {logging_mixin.py:150} INFO - [2025-08-12T15:40:28.599+0000] {dagbag.py:541} INFO - Filling up the DagBag from /home/vscode/.local/lib/python3.10/site-packages/airflow/example_dags/example_complex.py
[2025-08-12T15:40:28.607+0000] {processor.py:836} INFO - DAG(s) dict_keys(['example_complex']) retrieved from /home/vscode/.local/lib/python3.10/site-packages/airflow/example_dags/example_complex.py
[2025-08-12T15:40:28.627+0000] {logging_mixin.py:150} INFO - [2025-08-12T15:40:28.627+0000] {dag.py:2742} INFO - Sync 1 DAGs
[2025-08-12T15:40:28.644+0000] {logging_mixin.py:150} INFO - [2025-08-12T15:40:28.644+0000] {dag.py:3504} INFO - Setting next_dagrun for example_complex to None, run_after=None
[2025-08-12T15:40:28.661+0000] {processor.py:179} INFO - Processing /home/vscode/.local/lib/python3.10/site-packages/airflow/example_dags/example_complex.py took 0.066 seconds
[2025-08-12T15:41:10.939+0000] {processor.py:157} INFO - Started process (PID=19789) to work on /home/vscode/.local/lib/python3.10/site-packages/airflow/example_dags/example_complex.py
[2025-08-12T15:41:10.939+0000] {processor.py:826} INFO - Processing file /home/vscode/.local/lib/python3.10/site-packages/airflow/example_dags/example_complex.py for tasks to queue
[2025-08-12T15:41:10.940+0000] {logging_mixin.py:150} INFO - [2025-08-12T15:41:10.940+0000] {dagbag.py:541} INFO - Filling up the DagBag from /home/vscode/.local/lib/python3.10/site-packages/airflow/example_dags/example_complex.py
[2025-08-12T15:41:10.948+0000] {processor.py:836} INFO - DAG(s) dict_keys(['example_complex']) retrieved from /home/vscode/.local/lib/python3.10/site-packages/airflow/example_dags/example_complex.py
[2025-08-12T15:41:10.979+0000] {logging_mixin.py:150} INFO - [2025-08-12T15:41:10.978+0000] {dag.py:2742} INFO - Sync 1 DAGs
[2025-08-12T15:41:11.000+0000] {logging_mixin.py:150} INFO - [2025-08-12T15:41:11.000+0000] {dag.py:3504} INFO - Setting next_dagrun for example_complex to None, run_after=None
[2025-08-12T15:41:11.021+0000] {processor.py:179} INFO - Processing /home/vscode/.local/lib/python3.10/site-packages/airflow/example_dags/example_complex.py took 0.084 seconds
[2025-08-12T15:41:56.165+0000] {processor.py:157} INFO - Started process (PID=20096) to work on /home/vscode/.local/lib/python3.10/site-packages/airflow/example_dags/example_complex.py
[2025-08-12T15:41:56.165+0000] {processor.py:826} INFO - Processing file /home/vscode/.local/lib/python3.10/site-packages/airflow/example_dags/example_complex.py for tasks to queue
[2025-08-12T15:41:56.166+0000] {logging_mixin.py:150} INFO - [2025-08-12T15:41:56.165+0000] {dagbag.py:541} INFO - Filling up the DagBag from /home/vscode/.local/lib/python3.10/site-packages/airflow/example_dags/example_complex.py
[2025-08-12T15:41:56.174+0000] {processor.py:836} INFO - DAG(s) dict_keys(['example_complex']) retrieved from /home/vscode/.local/lib/python3.10/site-packages/airflow/example_dags/example_complex.py
[2025-08-12T15:41:56.193+0000] {logging_mixin.py:150} INFO - [2025-08-12T15:41:56.193+0000] {dag.py:2742} INFO - Sync 1 DAGs
[2025-08-12T15:41:56.207+0000] {logging_mixin.py:150} INFO - [2025-08-12T15:41:56.207+0000] {dag.py:3504} INFO - Setting next_dagrun for example_complex to None, run_after=None
[2025-08-12T15:41:56.224+0000] {processor.py:179} INFO - Processing /home/vscode/.local/lib/python3.10/site-packages/airflow/example_dags/example_complex.py took 0.061 seconds
[2025-08-12T15:42:41.899+0000] {processor.py:157} INFO - Started process (PID=20395) to work on /home/vscode/.local/lib/python3.10/site-packages/airflow/example_dags/example_complex.py
[2025-08-12T15:42:41.899+0000] {processor.py:826} INFO - Processing file /home/vscode/.local/lib/python3.10/site-packages/airflow/example_dags/example_complex.py for tasks to queue
[2025-08-12T15:42:41.900+0000] {logging_mixin.py:150} INFO - [2025-08-12T15:42:41.900+0000] {dagbag.py:541} INFO - Filling up the DagBag from /home/vscode/.local/lib/python3.10/site-packages/airflow/example_dags/example_complex.py
[2025-08-12T15:42:41.908+0000] {processor.py:836} INFO - DAG(s) dict_keys(['example_complex']) retrieved from /home/vscode/.local/lib/python3.10/site-packages/airflow/example_dags/example_complex.py
[2025-08-12T15:42:41.927+0000] {logging_mixin.py:150} INFO - [2025-08-12T15:42:41.927+0000] {dag.py:2742} INFO - Sync 1 DAGs
[2025-08-12T15:42:41.941+0000] {logging_mixin.py:150} INFO - [2025-08-12T15:42:41.941+0000] {dag.py:3504} INFO - Setting next_dagrun for example_complex to None, run_after=None
[2025-08-12T15:42:41.958+0000] {processor.py:179} INFO - Processing /home/vscode/.local/lib/python3.10/site-packages/airflow/example_dags/example_complex.py took 0.061 seconds
[2025-08-12T15:43:38.246+0000] {processor.py:157} INFO - Started process (PID=20777) to work on /home/vscode/.local/lib/python3.10/site-packages/airflow/example_dags/example_complex.py
[2025-08-12T15:43:38.246+0000] {processor.py:826} INFO - Processing file /home/vscode/.local/lib/python3.10/site-packages/airflow/example_dags/example_complex.py for tasks to queue
[2025-08-12T15:43:38.247+0000] {logging_mixin.py:150} INFO - [2025-08-12T15:43:38.247+0000] {dagbag.py:541} INFO - Filling up the DagBag from /home/vscode/.local/lib/python3.10/site-packages/airflow/example_dags/example_complex.py
[2025-08-12T15:43:38.255+0000] {processor.py:836} INFO - DAG(s) dict_keys(['example_complex']) retrieved from /home/vscode/.local/lib/python3.10/site-packages/airflow/example_dags/example_complex.py
[2025-08-12T15:43:38.274+0000] {logging_mixin.py:150} INFO - [2025-08-12T15:43:38.274+0000] {dag.py:2742} INFO - Sync 1 DAGs
[2025-08-12T15:43:38.289+0000] {logging_mixin.py:150} INFO - [2025-08-12T15:43:38.289+0000] {dag.py:3504} INFO - Setting next_dagrun for example_complex to None, run_after=None
[2025-08-12T15:43:38.305+0000] {processor.py:179} INFO - Processing /home/vscode/.local/lib/python3.10/site-packages/airflow/example_dags/example_complex.py took 0.061 seconds
[2025-08-12T15:44:21.996+0000] {processor.py:157} INFO - Started process (PID=21063) to work on /home/vscode/.local/lib/python3.10/site-packages/airflow/example_dags/example_complex.py
[2025-08-12T15:44:21.997+0000] {processor.py:826} INFO - Processing file /home/vscode/.local/lib/python3.10/site-packages/airflow/example_dags/example_complex.py for tasks to queue
[2025-08-12T15:44:21.998+0000] {logging_mixin.py:150} INFO - [2025-08-12T15:44:21.997+0000] {dagbag.py:541} INFO - Filling up the DagBag from /home/vscode/.local/lib/python3.10/site-packages/airflow/example_dags/example_complex.py
[2025-08-12T15:44:22.006+0000] {processor.py:836} INFO - DAG(s) dict_keys(['example_complex']) retrieved from /home/vscode/.local/lib/python3.10/site-packages/airflow/example_dags/example_complex.py
[2025-08-12T15:44:22.025+0000] {logging_mixin.py:150} INFO - [2025-08-12T15:44:22.025+0000] {dag.py:2742} INFO - Sync 1 DAGs
[2025-08-12T15:44:22.040+0000] {logging_mixin.py:150} INFO - [2025-08-12T15:44:22.040+0000] {dag.py:3504} INFO - Setting next_dagrun for example_complex to None, run_after=None
[2025-08-12T15:44:22.056+0000] {processor.py:179} INFO - Processing /home/vscode/.local/lib/python3.10/site-packages/airflow/example_dags/example_complex.py took 0.062 seconds
[2025-08-12T15:45:04.843+0000] {processor.py:157} INFO - Started process (PID=21349) to work on /home/vscode/.local/lib/python3.10/site-packages/airflow/example_dags/example_complex.py
[2025-08-12T15:45:04.844+0000] {processor.py:826} INFO - Processing file /home/vscode/.local/lib/python3.10/site-packages/airflow/example_dags/example_complex.py for tasks to queue
[2025-08-12T15:45:04.844+0000] {logging_mixin.py:150} INFO - [2025-08-12T15:45:04.844+0000] {dagbag.py:541} INFO - Filling up the DagBag from /home/vscode/.local/lib/python3.10/site-packages/airflow/example_dags/example_complex.py
[2025-08-12T15:45:04.852+0000] {processor.py:836} INFO - DAG(s) dict_keys(['example_complex']) retrieved from /home/vscode/.local/lib/python3.10/site-packages/airflow/example_dags/example_complex.py
[2025-08-12T15:45:04.871+0000] {logging_mixin.py:150} INFO - [2025-08-12T15:45:04.871+0000] {dag.py:2742} INFO - Sync 1 DAGs
[2025-08-12T15:45:04.885+0000] {logging_mixin.py:150} INFO - [2025-08-12T15:45:04.885+0000] {dag.py:3504} INFO - Setting next_dagrun for example_complex to None, run_after=None
[2025-08-12T15:45:04.901+0000] {processor.py:179} INFO - Processing /home/vscode/.local/lib/python3.10/site-packages/airflow/example_dags/example_complex.py took 0.060 seconds
[2025-08-12T15:45:48.107+0000] {processor.py:157} INFO - Started process (PID=21641) to work on /home/vscode/.local/lib/python3.10/site-packages/airflow/example_dags/example_complex.py
[2025-08-12T15:45:48.108+0000] {processor.py:826} INFO - Processing file /home/vscode/.local/lib/python3.10/site-packages/airflow/example_dags/example_complex.py for tasks to queue
[2025-08-12T15:45:48.108+0000] {logging_mixin.py:150} INFO - [2025-08-12T15:45:48.108+0000] {dagbag.py:541} INFO - Filling up the DagBag from /home/vscode/.local/lib/python3.10/site-packages/airflow/example_dags/example_complex.py
[2025-08-12T15:45:48.116+0000] {processor.py:836} INFO - DAG(s) dict_keys(['example_complex']) retrieved from /home/vscode/.local/lib/python3.10/site-packages/airflow/example_dags/example_complex.py
[2025-08-12T15:45:48.137+0000] {logging_mixin.py:150} INFO - [2025-08-12T15:45:48.137+0000] {dag.py:2742} INFO - Sync 1 DAGs
[2025-08-12T15:45:48.153+0000] {logging_mixin.py:150} INFO - [2025-08-12T15:45:48.153+0000] {dag.py:3504} INFO - Setting next_dagrun for example_complex to None, run_after=None
[2025-08-12T15:45:48.169+0000] {processor.py:179} INFO - Processing /home/vscode/.local/lib/python3.10/site-packages/airflow/example_dags/example_complex.py took 0.064 seconds
[2025-08-12T15:46:33.235+0000] {processor.py:157} INFO - Started process (PID=21936) to work on /home/vscode/.local/lib/python3.10/site-packages/airflow/example_dags/example_complex.py
[2025-08-12T15:46:33.236+0000] {processor.py:826} INFO - Processing file /home/vscode/.local/lib/python3.10/site-packages/airflow/example_dags/example_complex.py for tasks to queue
[2025-08-12T15:46:33.236+0000] {logging_mixin.py:150} INFO - [2025-08-12T15:46:33.236+0000] {dagbag.py:541} INFO - Filling up the DagBag from /home/vscode/.local/lib/python3.10/site-packages/airflow/example_dags/example_complex.py
[2025-08-12T15:46:33.244+0000] {processor.py:836} INFO - DAG(s) dict_keys(['example_complex']) retrieved from /home/vscode/.local/lib/python3.10/site-packages/airflow/example_dags/example_complex.py
[2025-08-12T15:46:33.264+0000] {logging_mixin.py:150} INFO - [2025-08-12T15:46:33.264+0000] {dag.py:2742} INFO - Sync 1 DAGs
[2025-08-12T15:46:33.278+0000] {logging_mixin.py:150} INFO - [2025-08-12T15:46:33.278+0000] {dag.py:3504} INFO - Setting next_dagrun for example_complex to None, run_after=None
[2025-08-12T15:46:33.294+0000] {processor.py:179} INFO - Processing /home/vscode/.local/lib/python3.10/site-packages/airflow/example_dags/example_complex.py took 0.060 seconds
[2025-08-12T15:47:16.617+0000] {processor.py:157} INFO - Started process (PID=22228) to work on /home/vscode/.local/lib/python3.10/site-packages/airflow/example_dags/example_complex.py
[2025-08-12T15:47:16.617+0000] {processor.py:826} INFO - Processing file /home/vscode/.local/lib/python3.10/site-packages/airflow/example_dags/example_complex.py for tasks to queue
[2025-08-12T15:47:16.618+0000] {logging_mixin.py:150} INFO - [2025-08-12T15:47:16.618+0000] {dagbag.py:541} INFO - Filling up the DagBag from /home/vscode/.local/lib/python3.10/site-packages/airflow/example_dags/example_complex.py
[2025-08-12T15:47:16.626+0000] {processor.py:836} INFO - DAG(s) dict_keys(['example_complex']) retrieved from /home/vscode/.local/lib/python3.10/site-packages/airflow/example_dags/example_complex.py
[2025-08-12T15:47:16.646+0000] {logging_mixin.py:150} INFO - [2025-08-12T15:47:16.646+0000] {dag.py:2742} INFO - Sync 1 DAGs
[2025-08-12T15:47:16.662+0000] {logging_mixin.py:150} INFO - [2025-08-12T15:47:16.662+0000] {dag.py:3504} INFO - Setting next_dagrun for example_complex to None, run_after=None
[2025-08-12T15:47:16.678+0000] {processor.py:179} INFO - Processing /home/vscode/.local/lib/python3.10/site-packages/airflow/example_dags/example_complex.py took 0.063 seconds
[2025-08-12T15:48:10.144+0000] {processor.py:157} INFO - Started process (PID=22584) to work on /home/vscode/.local/lib/python3.10/site-packages/airflow/example_dags/example_complex.py
[2025-08-12T15:48:10.145+0000] {processor.py:826} INFO - Processing file /home/vscode/.local/lib/python3.10/site-packages/airflow/example_dags/example_complex.py for tasks to queue
[2025-08-12T15:48:10.146+0000] {logging_mixin.py:150} INFO - [2025-08-12T15:48:10.145+0000] {dagbag.py:541} INFO - Filling up the DagBag from /home/vscode/.local/lib/python3.10/site-packages/airflow/example_dags/example_complex.py
[2025-08-12T15:48:10.154+0000] {processor.py:836} INFO - DAG(s) dict_keys(['example_complex']) retrieved from /home/vscode/.local/lib/python3.10/site-packages/airflow/example_dags/example_complex.py
[2025-08-12T15:48:10.173+0000] {logging_mixin.py:150} INFO - [2025-08-12T15:48:10.173+0000] {dag.py:2742} INFO - Sync 1 DAGs
[2025-08-12T15:48:10.192+0000] {logging_mixin.py:150} INFO - [2025-08-12T15:48:10.192+0000] {dag.py:3504} INFO - Setting next_dagrun for example_complex to None, run_after=None
[2025-08-12T15:48:10.209+0000] {processor.py:179} INFO - Processing /home/vscode/.local/lib/python3.10/site-packages/airflow/example_dags/example_complex.py took 0.067 seconds
[2025-08-12T15:49:04.257+0000] {processor.py:157} INFO - Started process (PID=22967) to work on /home/vscode/.local/lib/python3.10/site-packages/airflow/example_dags/example_complex.py
[2025-08-12T15:49:04.257+0000] {processor.py:826} INFO - Processing file /home/vscode/.local/lib/python3.10/site-packages/airflow/example_dags/example_complex.py for tasks to queue
[2025-08-12T15:49:04.258+0000] {logging_mixin.py:150} INFO - [2025-08-12T15:49:04.258+0000] {dagbag.py:541} INFO - Filling up the DagBag from /home/vscode/.local/lib/python3.10/site-packages/airflow/example_dags/example_complex.py
[2025-08-12T15:49:04.266+0000] {processor.py:836} INFO - DAG(s) dict_keys(['example_complex']) retrieved from /home/vscode/.local/lib/python3.10/site-packages/airflow/example_dags/example_complex.py
[2025-08-12T15:49:04.286+0000] {logging_mixin.py:150} INFO - [2025-08-12T15:49:04.286+0000] {dag.py:2742} INFO - Sync 1 DAGs
[2025-08-12T15:49:04.301+0000] {logging_mixin.py:150} INFO - [2025-08-12T15:49:04.301+0000] {dag.py:3504} INFO - Setting next_dagrun for example_complex to None, run_after=None
[2025-08-12T15:49:04.317+0000] {processor.py:179} INFO - Processing /home/vscode/.local/lib/python3.10/site-packages/airflow/example_dags/example_complex.py took 0.063 seconds
[2025-08-12T15:50:00.779+0000] {processor.py:157} INFO - Started process (PID=23430) to work on /home/vscode/.local/lib/python3.10/site-packages/airflow/example_dags/example_complex.py
[2025-08-12T15:50:00.780+0000] {processor.py:826} INFO - Processing file /home/vscode/.local/lib/python3.10/site-packages/airflow/example_dags/example_complex.py for tasks to queue
[2025-08-12T15:50:00.780+0000] {logging_mixin.py:150} INFO - [2025-08-12T15:50:00.780+0000] {dagbag.py:541} INFO - Filling up the DagBag from /home/vscode/.local/lib/python3.10/site-packages/airflow/example_dags/example_complex.py
[2025-08-12T15:50:00.788+0000] {processor.py:836} INFO - DAG(s) dict_keys(['example_complex']) retrieved from /home/vscode/.local/lib/python3.10/site-packages/airflow/example_dags/example_complex.py
[2025-08-12T15:50:00.807+0000] {logging_mixin.py:150} INFO - [2025-08-12T15:50:00.807+0000] {dag.py:2742} INFO - Sync 1 DAGs
[2025-08-12T15:50:00.821+0000] {logging_mixin.py:150} INFO - [2025-08-12T15:50:00.821+0000] {dag.py:3504} INFO - Setting next_dagrun for example_complex to None, run_after=None
[2025-08-12T15:50:00.836+0000] {processor.py:179} INFO - Processing /home/vscode/.local/lib/python3.10/site-packages/airflow/example_dags/example_complex.py took 0.059 seconds
[2025-08-12T15:50:45.923+0000] {processor.py:157} INFO - Started process (PID=23872) to work on /home/vscode/.local/lib/python3.10/site-packages/airflow/example_dags/example_complex.py
[2025-08-12T15:50:45.923+0000] {processor.py:826} INFO - Processing file /home/vscode/.local/lib/python3.10/site-packages/airflow/example_dags/example_complex.py for tasks to queue
[2025-08-12T15:50:45.924+0000] {logging_mixin.py:150} INFO - [2025-08-12T15:50:45.924+0000] {dagbag.py:541} INFO - Filling up the DagBag from /home/vscode/.local/lib/python3.10/site-packages/airflow/example_dags/example_complex.py
[2025-08-12T15:50:45.932+0000] {processor.py:836} INFO - DAG(s) dict_keys(['example_complex']) retrieved from /home/vscode/.local/lib/python3.10/site-packages/airflow/example_dags/example_complex.py
[2025-08-12T15:50:45.950+0000] {logging_mixin.py:150} INFO - [2025-08-12T15:50:45.950+0000] {dag.py:2742} INFO - Sync 1 DAGs
[2025-08-12T15:50:45.964+0000] {logging_mixin.py:150} INFO - [2025-08-12T15:50:45.964+0000] {dag.py:3504} INFO - Setting next_dagrun for example_complex to None, run_after=None
[2025-08-12T15:50:45.979+0000] {processor.py:179} INFO - Processing /home/vscode/.local/lib/python3.10/site-packages/airflow/example_dags/example_complex.py took 0.059 seconds
[2025-08-12T15:51:29.340+0000] {processor.py:157} INFO - Started process (PID=24164) to work on /home/vscode/.local/lib/python3.10/site-packages/airflow/example_dags/example_complex.py
[2025-08-12T15:51:29.341+0000] {processor.py:826} INFO - Processing file /home/vscode/.local/lib/python3.10/site-packages/airflow/example_dags/example_complex.py for tasks to queue
[2025-08-12T15:51:29.341+0000] {logging_mixin.py:150} INFO - [2025-08-12T15:51:29.341+0000] {dagbag.py:541} INFO - Filling up the DagBag from /home/vscode/.local/lib/python3.10/site-packages/airflow/example_dags/example_complex.py
[2025-08-12T15:51:29.350+0000] {processor.py:836} INFO - DAG(s) dict_keys(['example_complex']) retrieved from /home/vscode/.local/lib/python3.10/site-packages/airflow/example_dags/example_complex.py
[2025-08-12T15:51:29.370+0000] {logging_mixin.py:150} INFO - [2025-08-12T15:51:29.370+0000] {dag.py:2742} INFO - Sync 1 DAGs
[2025-08-12T15:51:29.387+0000] {logging_mixin.py:150} INFO - [2025-08-12T15:51:29.387+0000] {dag.py:3504} INFO - Setting next_dagrun for example_complex to None, run_after=None
[2025-08-12T15:51:29.404+0000] {processor.py:179} INFO - Processing /home/vscode/.local/lib/python3.10/site-packages/airflow/example_dags/example_complex.py took 0.066 seconds
[2025-08-12T15:52:13.318+0000] {processor.py:157} INFO - Started process (PID=24465) to work on /home/vscode/.local/lib/python3.10/site-packages/airflow/example_dags/example_complex.py
[2025-08-12T15:52:13.318+0000] {processor.py:826} INFO - Processing file /home/vscode/.local/lib/python3.10/site-packages/airflow/example_dags/example_complex.py for tasks to queue
[2025-08-12T15:52:13.319+0000] {logging_mixin.py:150} INFO - [2025-08-12T15:52:13.319+0000] {dagbag.py:541} INFO - Filling up the DagBag from /home/vscode/.local/lib/python3.10/site-packages/airflow/example_dags/example_complex.py
[2025-08-12T15:52:13.335+0000] {processor.py:836} INFO - DAG(s) dict_keys(['example_complex']) retrieved from /home/vscode/.local/lib/python3.10/site-packages/airflow/example_dags/example_complex.py
[2025-08-12T15:52:13.360+0000] {logging_mixin.py:150} INFO - [2025-08-12T15:52:13.360+0000] {dag.py:2742} INFO - Sync 1 DAGs
[2025-08-12T15:52:13.374+0000] {logging_mixin.py:150} INFO - [2025-08-12T15:52:13.374+0000] {dag.py:3504} INFO - Setting next_dagrun for example_complex to None, run_after=None
[2025-08-12T15:52:13.389+0000] {processor.py:179} INFO - Processing /home/vscode/.local/lib/python3.10/site-packages/airflow/example_dags/example_complex.py took 0.074 seconds
[2025-08-12T15:52:57.813+0000] {processor.py:157} INFO - Started process (PID=24787) to work on /home/vscode/.local/lib/python3.10/site-packages/airflow/example_dags/example_complex.py
[2025-08-12T15:52:57.814+0000] {processor.py:826} INFO - Processing file /home/vscode/.local/lib/python3.10/site-packages/airflow/example_dags/example_complex.py for tasks to queue
[2025-08-12T15:52:57.815+0000] {logging_mixin.py:150} INFO - [2025-08-12T15:52:57.814+0000] {dagbag.py:541} INFO - Filling up the DagBag from /home/vscode/.local/lib/python3.10/site-packages/airflow/example_dags/example_complex.py
[2025-08-12T15:52:57.823+0000] {processor.py:836} INFO - DAG(s) dict_keys(['example_complex']) retrieved from /home/vscode/.local/lib/python3.10/site-packages/airflow/example_dags/example_complex.py
[2025-08-12T15:52:57.843+0000] {logging_mixin.py:150} INFO - [2025-08-12T15:52:57.843+0000] {dag.py:2742} INFO - Sync 1 DAGs
[2025-08-12T15:52:57.858+0000] {logging_mixin.py:150} INFO - [2025-08-12T15:52:57.857+0000] {dag.py:3504} INFO - Setting next_dagrun for example_complex to None, run_after=None
[2025-08-12T15:52:57.873+0000] {processor.py:179} INFO - Processing /home/vscode/.local/lib/python3.10/site-packages/airflow/example_dags/example_complex.py took 0.062 seconds
[2025-08-12T15:53:39.556+0000] {processor.py:157} INFO - Started process (PID=25116) to work on /home/vscode/.local/lib/python3.10/site-packages/airflow/example_dags/example_complex.py
[2025-08-12T15:53:39.556+0000] {processor.py:826} INFO - Processing file /home/vscode/.local/lib/python3.10/site-packages/airflow/example_dags/example_complex.py for tasks to queue
[2025-08-12T15:53:39.557+0000] {logging_mixin.py:150} INFO - [2025-08-12T15:53:39.557+0000] {dagbag.py:541} INFO - Filling up the DagBag from /home/vscode/.local/lib/python3.10/site-packages/airflow/example_dags/example_complex.py
[2025-08-12T15:53:39.565+0000] {processor.py:836} INFO - DAG(s) dict_keys(['example_complex']) retrieved from /home/vscode/.local/lib/python3.10/site-packages/airflow/example_dags/example_complex.py
[2025-08-12T15:53:39.588+0000] {logging_mixin.py:150} INFO - [2025-08-12T15:53:39.588+0000] {dag.py:2742} INFO - Sync 1 DAGs
[2025-08-12T15:53:39.602+0000] {logging_mixin.py:150} INFO - [2025-08-12T15:53:39.601+0000] {dag.py:3504} INFO - Setting next_dagrun for example_complex to None, run_after=None
[2025-08-12T15:53:39.618+0000] {processor.py:179} INFO - Processing /home/vscode/.local/lib/python3.10/site-packages/airflow/example_dags/example_complex.py took 0.064 seconds
[2025-08-12T15:54:22.997+0000] {processor.py:157} INFO - Started process (PID=25442) to work on /home/vscode/.local/lib/python3.10/site-packages/airflow/example_dags/example_complex.py
[2025-08-12T15:54:22.998+0000] {processor.py:826} INFO - Processing file /home/vscode/.local/lib/python3.10/site-packages/airflow/example_dags/example_complex.py for tasks to queue
[2025-08-12T15:54:22.998+0000] {logging_mixin.py:150} INFO - [2025-08-12T15:54:22.998+0000] {dagbag.py:541} INFO - Filling up the DagBag from /home/vscode/.local/lib/python3.10/site-packages/airflow/example_dags/example_complex.py
[2025-08-12T15:54:23.006+0000] {processor.py:836} INFO - DAG(s) dict_keys(['example_complex']) retrieved from /home/vscode/.local/lib/python3.10/site-packages/airflow/example_dags/example_complex.py
[2025-08-12T15:54:23.025+0000] {logging_mixin.py:150} INFO - [2025-08-12T15:54:23.025+0000] {dag.py:2742} INFO - Sync 1 DAGs
[2025-08-12T15:54:23.039+0000] {logging_mixin.py:150} INFO - [2025-08-12T15:54:23.039+0000] {dag.py:3504} INFO - Setting next_dagrun for example_complex to None, run_after=None
[2025-08-12T15:54:23.054+0000] {processor.py:179} INFO - Processing /home/vscode/.local/lib/python3.10/site-packages/airflow/example_dags/example_complex.py took 0.060 seconds
[2025-08-12T15:55:06.916+0000] {processor.py:157} INFO - Started process (PID=25787) to work on /home/vscode/.local/lib/python3.10/site-packages/airflow/example_dags/example_complex.py
[2025-08-12T15:55:06.917+0000] {processor.py:826} INFO - Processing file /home/vscode/.local/lib/python3.10/site-packages/airflow/example_dags/example_complex.py for tasks to queue
[2025-08-12T15:55:06.918+0000] {logging_mixin.py:150} INFO - [2025-08-12T15:55:06.917+0000] {dagbag.py:541} INFO - Filling up the DagBag from /home/vscode/.local/lib/python3.10/site-packages/airflow/example_dags/example_complex.py
[2025-08-12T15:55:06.926+0000] {processor.py:836} INFO - DAG(s) dict_keys(['example_complex']) retrieved from /home/vscode/.local/lib/python3.10/site-packages/airflow/example_dags/example_complex.py
[2025-08-12T15:55:06.945+0000] {logging_mixin.py:150} INFO - [2025-08-12T15:55:06.944+0000] {dag.py:2742} INFO - Sync 1 DAGs
[2025-08-12T15:55:06.959+0000] {logging_mixin.py:150} INFO - [2025-08-12T15:55:06.959+0000] {dag.py:3504} INFO - Setting next_dagrun for example_complex to None, run_after=None
[2025-08-12T15:55:06.976+0000] {processor.py:179} INFO - Processing /home/vscode/.local/lib/python3.10/site-packages/airflow/example_dags/example_complex.py took 0.061 seconds
[2025-08-12T15:55:49.182+0000] {processor.py:157} INFO - Started process (PID=26100) to work on /home/vscode/.local/lib/python3.10/site-packages/airflow/example_dags/example_complex.py
[2025-08-12T15:55:49.183+0000] {processor.py:826} INFO - Processing file /home/vscode/.local/lib/python3.10/site-packages/airflow/example_dags/example_complex.py for tasks to queue
[2025-08-12T15:55:49.184+0000] {logging_mixin.py:150} INFO - [2025-08-12T15:55:49.183+0000] {dagbag.py:541} INFO - Filling up the DagBag from /home/vscode/.local/lib/python3.10/site-packages/airflow/example_dags/example_complex.py
[2025-08-12T15:55:49.195+0000] {processor.py:836} INFO - DAG(s) dict_keys(['example_complex']) retrieved from /home/vscode/.local/lib/python3.10/site-packages/airflow/example_dags/example_complex.py
[2025-08-12T15:55:49.216+0000] {logging_mixin.py:150} INFO - [2025-08-12T15:55:49.216+0000] {dag.py:2742} INFO - Sync 1 DAGs
[2025-08-12T15:55:49.231+0000] {logging_mixin.py:150} INFO - [2025-08-12T15:55:49.231+0000] {dag.py:3504} INFO - Setting next_dagrun for example_complex to None, run_after=None
[2025-08-12T15:55:49.247+0000] {processor.py:179} INFO - Processing /home/vscode/.local/lib/python3.10/site-packages/airflow/example_dags/example_complex.py took 0.066 seconds
[2025-08-12T15:56:36.519+0000] {processor.py:157} INFO - Started process (PID=26466) to work on /home/vscode/.local/lib/python3.10/site-packages/airflow/example_dags/example_complex.py
[2025-08-12T15:56:36.520+0000] {processor.py:826} INFO - Processing file /home/vscode/.local/lib/python3.10/site-packages/airflow/example_dags/example_complex.py for tasks to queue
[2025-08-12T15:56:36.520+0000] {logging_mixin.py:150} INFO - [2025-08-12T15:56:36.520+0000] {dagbag.py:541} INFO - Filling up the DagBag from /home/vscode/.local/lib/python3.10/site-packages/airflow/example_dags/example_complex.py
[2025-08-12T15:56:36.528+0000] {processor.py:836} INFO - DAG(s) dict_keys(['example_complex']) retrieved from /home/vscode/.local/lib/python3.10/site-packages/airflow/example_dags/example_complex.py
[2025-08-12T15:56:36.547+0000] {logging_mixin.py:150} INFO - [2025-08-12T15:56:36.547+0000] {dag.py:2742} INFO - Sync 1 DAGs
[2025-08-12T15:56:36.562+0000] {logging_mixin.py:150} INFO - [2025-08-12T15:56:36.562+0000] {dag.py:3504} INFO - Setting next_dagrun for example_complex to None, run_after=None
[2025-08-12T15:56:36.578+0000] {processor.py:179} INFO - Processing /home/vscode/.local/lib/python3.10/site-packages/airflow/example_dags/example_complex.py took 0.061 seconds
[2025-08-12T15:57:27.946+0000] {processor.py:157} INFO - Started process (PID=26865) to work on /home/vscode/.local/lib/python3.10/site-packages/airflow/example_dags/example_complex.py
[2025-08-12T15:57:27.947+0000] {processor.py:826} INFO - Processing file /home/vscode/.local/lib/python3.10/site-packages/airflow/example_dags/example_complex.py for tasks to queue
[2025-08-12T15:57:27.949+0000] {logging_mixin.py:150} INFO - [2025-08-12T15:57:27.948+0000] {dagbag.py:541} INFO - Filling up the DagBag from /home/vscode/.local/lib/python3.10/site-packages/airflow/example_dags/example_complex.py
[2025-08-12T15:57:27.963+0000] {processor.py:836} INFO - DAG(s) dict_keys(['example_complex']) retrieved from /home/vscode/.local/lib/python3.10/site-packages/airflow/example_dags/example_complex.py
[2025-08-12T15:57:27.997+0000] {logging_mixin.py:150} INFO - [2025-08-12T15:57:27.997+0000] {dag.py:2742} INFO - Sync 1 DAGs
[2025-08-12T15:57:28.011+0000] {logging_mixin.py:150} INFO - [2025-08-12T15:57:28.011+0000] {dag.py:3504} INFO - Setting next_dagrun for example_complex to None, run_after=None
[2025-08-12T15:57:28.027+0000] {processor.py:179} INFO - Processing /home/vscode/.local/lib/python3.10/site-packages/airflow/example_dags/example_complex.py took 0.084 seconds
[2025-08-12T15:58:12.932+0000] {processor.py:157} INFO - Started process (PID=27179) to work on /home/vscode/.local/lib/python3.10/site-packages/airflow/example_dags/example_complex.py
[2025-08-12T15:58:12.933+0000] {processor.py:826} INFO - Processing file /home/vscode/.local/lib/python3.10/site-packages/airflow/example_dags/example_complex.py for tasks to queue
[2025-08-12T15:58:12.933+0000] {logging_mixin.py:150} INFO - [2025-08-12T15:58:12.933+0000] {dagbag.py:541} INFO - Filling up the DagBag from /home/vscode/.local/lib/python3.10/site-packages/airflow/example_dags/example_complex.py
[2025-08-12T15:58:12.942+0000] {processor.py:836} INFO - DAG(s) dict_keys(['example_complex']) retrieved from /home/vscode/.local/lib/python3.10/site-packages/airflow/example_dags/example_complex.py
[2025-08-12T15:58:12.961+0000] {logging_mixin.py:150} INFO - [2025-08-12T15:58:12.961+0000] {dag.py:2742} INFO - Sync 1 DAGs
[2025-08-12T15:58:12.976+0000] {logging_mixin.py:150} INFO - [2025-08-12T15:58:12.976+0000] {dag.py:3504} INFO - Setting next_dagrun for example_complex to None, run_after=None
[2025-08-12T15:58:12.993+0000] {processor.py:179} INFO - Processing /home/vscode/.local/lib/python3.10/site-packages/airflow/example_dags/example_complex.py took 0.063 seconds
[2025-08-12T15:58:59.499+0000] {processor.py:157} INFO - Started process (PID=27483) to work on /home/vscode/.local/lib/python3.10/site-packages/airflow/example_dags/example_complex.py
[2025-08-12T15:58:59.499+0000] {processor.py:826} INFO - Processing file /home/vscode/.local/lib/python3.10/site-packages/airflow/example_dags/example_complex.py for tasks to queue
[2025-08-12T15:58:59.500+0000] {logging_mixin.py:150} INFO - [2025-08-12T15:58:59.500+0000] {dagbag.py:541} INFO - Filling up the DagBag from /home/vscode/.local/lib/python3.10/site-packages/airflow/example_dags/example_complex.py
[2025-08-12T15:58:59.508+0000] {processor.py:836} INFO - DAG(s) dict_keys(['example_complex']) retrieved from /home/vscode/.local/lib/python3.10/site-packages/airflow/example_dags/example_complex.py
[2025-08-12T15:58:59.526+0000] {logging_mixin.py:150} INFO - [2025-08-12T15:58:59.526+0000] {dag.py:2742} INFO - Sync 1 DAGs
[2025-08-12T15:58:59.540+0000] {logging_mixin.py:150} INFO - [2025-08-12T15:58:59.540+0000] {dag.py:3504} INFO - Setting next_dagrun for example_complex to None, run_after=None
[2025-08-12T15:58:59.556+0000] {processor.py:179} INFO - Processing /home/vscode/.local/lib/python3.10/site-packages/airflow/example_dags/example_complex.py took 0.059 seconds
[2025-08-12T15:59:50.865+0000] {processor.py:157} INFO - Started process (PID=27830) to work on /home/vscode/.local/lib/python3.10/site-packages/airflow/example_dags/example_complex.py
[2025-08-12T15:59:50.866+0000] {processor.py:826} INFO - Processing file /home/vscode/.local/lib/python3.10/site-packages/airflow/example_dags/example_complex.py for tasks to queue
[2025-08-12T15:59:50.866+0000] {logging_mixin.py:150} INFO - [2025-08-12T15:59:50.866+0000] {dagbag.py:541} INFO - Filling up the DagBag from /home/vscode/.local/lib/python3.10/site-packages/airflow/example_dags/example_complex.py
[2025-08-12T15:59:50.874+0000] {processor.py:836} INFO - DAG(s) dict_keys(['example_complex']) retrieved from /home/vscode/.local/lib/python3.10/site-packages/airflow/example_dags/example_complex.py
[2025-08-12T15:59:50.894+0000] {logging_mixin.py:150} INFO - [2025-08-12T15:59:50.894+0000] {dag.py:2742} INFO - Sync 1 DAGs
[2025-08-12T15:59:50.908+0000] {logging_mixin.py:150} INFO - [2025-08-12T15:59:50.908+0000] {dag.py:3504} INFO - Setting next_dagrun for example_complex to None, run_after=None
[2025-08-12T15:59:50.924+0000] {processor.py:179} INFO - Processing /home/vscode/.local/lib/python3.10/site-packages/airflow/example_dags/example_complex.py took 0.061 seconds
[2025-08-12T16:00:33.980+0000] {processor.py:157} INFO - Started process (PID=28156) to work on /home/vscode/.local/lib/python3.10/site-packages/airflow/example_dags/example_complex.py
[2025-08-12T16:00:33.981+0000] {processor.py:826} INFO - Processing file /home/vscode/.local/lib/python3.10/site-packages/airflow/example_dags/example_complex.py for tasks to queue
[2025-08-12T16:00:33.981+0000] {logging_mixin.py:150} INFO - [2025-08-12T16:00:33.981+0000] {dagbag.py:541} INFO - Filling up the DagBag from /home/vscode/.local/lib/python3.10/site-packages/airflow/example_dags/example_complex.py
[2025-08-12T16:00:33.989+0000] {processor.py:836} INFO - DAG(s) dict_keys(['example_complex']) retrieved from /home/vscode/.local/lib/python3.10/site-packages/airflow/example_dags/example_complex.py
[2025-08-12T16:00:34.008+0000] {logging_mixin.py:150} INFO - [2025-08-12T16:00:34.008+0000] {dag.py:2742} INFO - Sync 1 DAGs
[2025-08-12T16:00:34.022+0000] {logging_mixin.py:150} INFO - [2025-08-12T16:00:34.022+0000] {dag.py:3504} INFO - Setting next_dagrun for example_complex to None, run_after=None
[2025-08-12T16:00:34.038+0000] {processor.py:179} INFO - Processing /home/vscode/.local/lib/python3.10/site-packages/airflow/example_dags/example_complex.py took 0.060 seconds
[2025-08-12T16:01:18.247+0000] {processor.py:157} INFO - Started process (PID=28552) to work on /home/vscode/.local/lib/python3.10/site-packages/airflow/example_dags/example_complex.py
[2025-08-12T16:01:18.247+0000] {processor.py:826} INFO - Processing file /home/vscode/.local/lib/python3.10/site-packages/airflow/example_dags/example_complex.py for tasks to queue
[2025-08-12T16:01:18.248+0000] {logging_mixin.py:150} INFO - [2025-08-12T16:01:18.248+0000] {dagbag.py:541} INFO - Filling up the DagBag from /home/vscode/.local/lib/python3.10/site-packages/airflow/example_dags/example_complex.py
[2025-08-12T16:01:18.257+0000] {processor.py:836} INFO - DAG(s) dict_keys(['example_complex']) retrieved from /home/vscode/.local/lib/python3.10/site-packages/airflow/example_dags/example_complex.py
[2025-08-12T16:01:18.288+0000] {logging_mixin.py:150} INFO - [2025-08-12T16:01:18.288+0000] {dag.py:2742} INFO - Sync 1 DAGs
[2025-08-12T16:01:18.310+0000] {logging_mixin.py:150} INFO - [2025-08-12T16:01:18.310+0000] {dag.py:3504} INFO - Setting next_dagrun for example_complex to None, run_after=None
[2025-08-12T16:01:18.331+0000] {processor.py:179} INFO - Processing /home/vscode/.local/lib/python3.10/site-packages/airflow/example_dags/example_complex.py took 0.086 seconds
[2025-08-12T16:02:07.062+0000] {processor.py:157} INFO - Started process (PID=28908) to work on /home/vscode/.local/lib/python3.10/site-packages/airflow/example_dags/example_complex.py
[2025-08-12T16:02:07.063+0000] {processor.py:826} INFO - Processing file /home/vscode/.local/lib/python3.10/site-packages/airflow/example_dags/example_complex.py for tasks to queue
[2025-08-12T16:02:07.064+0000] {logging_mixin.py:150} INFO - [2025-08-12T16:02:07.064+0000] {dagbag.py:541} INFO - Filling up the DagBag from /home/vscode/.local/lib/python3.10/site-packages/airflow/example_dags/example_complex.py
[2025-08-12T16:02:07.075+0000] {processor.py:836} INFO - DAG(s) dict_keys(['example_complex']) retrieved from /home/vscode/.local/lib/python3.10/site-packages/airflow/example_dags/example_complex.py
[2025-08-12T16:02:07.102+0000] {logging_mixin.py:150} INFO - [2025-08-12T16:02:07.102+0000] {dag.py:2742} INFO - Sync 1 DAGs
[2025-08-12T16:02:07.122+0000] {logging_mixin.py:150} INFO - [2025-08-12T16:02:07.121+0000] {dag.py:3504} INFO - Setting next_dagrun for example_complex to None, run_after=None
[2025-08-12T16:02:07.140+0000] {processor.py:179} INFO - Processing /home/vscode/.local/lib/python3.10/site-packages/airflow/example_dags/example_complex.py took 0.081 seconds
[2025-08-12T16:02:58.971+0000] {processor.py:157} INFO - Started process (PID=29248) to work on /home/vscode/.local/lib/python3.10/site-packages/airflow/example_dags/example_complex.py
[2025-08-12T16:02:58.971+0000] {processor.py:826} INFO - Processing file /home/vscode/.local/lib/python3.10/site-packages/airflow/example_dags/example_complex.py for tasks to queue
[2025-08-12T16:02:58.972+0000] {logging_mixin.py:150} INFO - [2025-08-12T16:02:58.972+0000] {dagbag.py:541} INFO - Filling up the DagBag from /home/vscode/.local/lib/python3.10/site-packages/airflow/example_dags/example_complex.py
[2025-08-12T16:02:58.984+0000] {processor.py:836} INFO - DAG(s) dict_keys(['example_complex']) retrieved from /home/vscode/.local/lib/python3.10/site-packages/airflow/example_dags/example_complex.py
[2025-08-12T16:02:59.013+0000] {logging_mixin.py:150} INFO - [2025-08-12T16:02:59.013+0000] {dag.py:2742} INFO - Sync 1 DAGs
[2025-08-12T16:02:59.044+0000] {logging_mixin.py:150} INFO - [2025-08-12T16:02:59.043+0000] {dag.py:3504} INFO - Setting next_dagrun for example_complex to None, run_after=None
[2025-08-12T16:02:59.066+0000] {processor.py:179} INFO - Processing /home/vscode/.local/lib/python3.10/site-packages/airflow/example_dags/example_complex.py took 0.098 seconds
[2025-08-12T16:03:43.215+0000] {processor.py:157} INFO - Started process (PID=29554) to work on /home/vscode/.local/lib/python3.10/site-packages/airflow/example_dags/example_complex.py
[2025-08-12T16:03:43.216+0000] {processor.py:826} INFO - Processing file /home/vscode/.local/lib/python3.10/site-packages/airflow/example_dags/example_complex.py for tasks to queue
[2025-08-12T16:03:43.217+0000] {logging_mixin.py:150} INFO - [2025-08-12T16:03:43.217+0000] {dagbag.py:541} INFO - Filling up the DagBag from /home/vscode/.local/lib/python3.10/site-packages/airflow/example_dags/example_complex.py
[2025-08-12T16:03:43.232+0000] {processor.py:836} INFO - DAG(s) dict_keys(['example_complex']) retrieved from /home/vscode/.local/lib/python3.10/site-packages/airflow/example_dags/example_complex.py
[2025-08-12T16:03:43.253+0000] {logging_mixin.py:150} INFO - [2025-08-12T16:03:43.253+0000] {dag.py:2742} INFO - Sync 1 DAGs
[2025-08-12T16:03:43.268+0000] {logging_mixin.py:150} INFO - [2025-08-12T16:03:43.268+0000] {dag.py:3504} INFO - Setting next_dagrun for example_complex to None, run_after=None
[2025-08-12T16:03:43.283+0000] {processor.py:179} INFO - Processing /home/vscode/.local/lib/python3.10/site-packages/airflow/example_dags/example_complex.py took 0.070 seconds
[2025-08-12T16:04:32.277+0000] {processor.py:157} INFO - Started process (PID=29873) to work on /home/vscode/.local/lib/python3.10/site-packages/airflow/example_dags/example_complex.py
[2025-08-12T16:04:32.277+0000] {processor.py:826} INFO - Processing file /home/vscode/.local/lib/python3.10/site-packages/airflow/example_dags/example_complex.py for tasks to queue
[2025-08-12T16:04:32.278+0000] {logging_mixin.py:150} INFO - [2025-08-12T16:04:32.278+0000] {dagbag.py:541} INFO - Filling up the DagBag from /home/vscode/.local/lib/python3.10/site-packages/airflow/example_dags/example_complex.py
[2025-08-12T16:04:32.286+0000] {processor.py:836} INFO - DAG(s) dict_keys(['example_complex']) retrieved from /home/vscode/.local/lib/python3.10/site-packages/airflow/example_dags/example_complex.py
[2025-08-12T16:04:32.305+0000] {logging_mixin.py:150} INFO - [2025-08-12T16:04:32.305+0000] {dag.py:2742} INFO - Sync 1 DAGs
[2025-08-12T16:04:32.318+0000] {logging_mixin.py:150} INFO - [2025-08-12T16:04:32.318+0000] {dag.py:3504} INFO - Setting next_dagrun for example_complex to None, run_after=None
[2025-08-12T16:04:32.334+0000] {processor.py:179} INFO - Processing /home/vscode/.local/lib/python3.10/site-packages/airflow/example_dags/example_complex.py took 0.059 seconds
[2025-08-12T16:05:15.776+0000] {processor.py:157} INFO - Started process (PID=30166) to work on /home/vscode/.local/lib/python3.10/site-packages/airflow/example_dags/example_complex.py
[2025-08-12T16:05:15.776+0000] {processor.py:826} INFO - Processing file /home/vscode/.local/lib/python3.10/site-packages/airflow/example_dags/example_complex.py for tasks to queue
[2025-08-12T16:05:15.777+0000] {logging_mixin.py:150} INFO - [2025-08-12T16:05:15.777+0000] {dagbag.py:541} INFO - Filling up the DagBag from /home/vscode/.local/lib/python3.10/site-packages/airflow/example_dags/example_complex.py
[2025-08-12T16:05:15.785+0000] {processor.py:836} INFO - DAG(s) dict_keys(['example_complex']) retrieved from /home/vscode/.local/lib/python3.10/site-packages/airflow/example_dags/example_complex.py
[2025-08-12T16:05:15.806+0000] {logging_mixin.py:150} INFO - [2025-08-12T16:05:15.805+0000] {dag.py:2742} INFO - Sync 1 DAGs
[2025-08-12T16:05:15.820+0000] {logging_mixin.py:150} INFO - [2025-08-12T16:05:15.820+0000] {dag.py:3504} INFO - Setting next_dagrun for example_complex to None, run_after=None
[2025-08-12T16:05:15.837+0000] {processor.py:179} INFO - Processing /home/vscode/.local/lib/python3.10/site-packages/airflow/example_dags/example_complex.py took 0.063 seconds
[2025-08-12T16:05:59.672+0000] {processor.py:157} INFO - Started process (PID=30455) to work on /home/vscode/.local/lib/python3.10/site-packages/airflow/example_dags/example_complex.py
[2025-08-12T16:05:59.672+0000] {processor.py:826} INFO - Processing file /home/vscode/.local/lib/python3.10/site-packages/airflow/example_dags/example_complex.py for tasks to queue
[2025-08-12T16:05:59.673+0000] {logging_mixin.py:150} INFO - [2025-08-12T16:05:59.673+0000] {dagbag.py:541} INFO - Filling up the DagBag from /home/vscode/.local/lib/python3.10/site-packages/airflow/example_dags/example_complex.py
[2025-08-12T16:05:59.681+0000] {processor.py:836} INFO - DAG(s) dict_keys(['example_complex']) retrieved from /home/vscode/.local/lib/python3.10/site-packages/airflow/example_dags/example_complex.py
[2025-08-12T16:05:59.700+0000] {logging_mixin.py:150} INFO - [2025-08-12T16:05:59.699+0000] {dag.py:2742} INFO - Sync 1 DAGs
[2025-08-12T16:05:59.714+0000] {logging_mixin.py:150} INFO - [2025-08-12T16:05:59.713+0000] {dag.py:3504} INFO - Setting next_dagrun for example_complex to None, run_after=None
[2025-08-12T16:05:59.731+0000] {processor.py:179} INFO - Processing /home/vscode/.local/lib/python3.10/site-packages/airflow/example_dags/example_complex.py took 0.062 seconds
[2025-08-12T16:06:49.273+0000] {processor.py:157} INFO - Started process (PID=30789) to work on /home/vscode/.local/lib/python3.10/site-packages/airflow/example_dags/example_complex.py
[2025-08-12T16:06:49.273+0000] {processor.py:826} INFO - Processing file /home/vscode/.local/lib/python3.10/site-packages/airflow/example_dags/example_complex.py for tasks to queue
[2025-08-12T16:06:49.274+0000] {logging_mixin.py:150} INFO - [2025-08-12T16:06:49.274+0000] {dagbag.py:541} INFO - Filling up the DagBag from /home/vscode/.local/lib/python3.10/site-packages/airflow/example_dags/example_complex.py
[2025-08-12T16:06:49.282+0000] {processor.py:836} INFO - DAG(s) dict_keys(['example_complex']) retrieved from /home/vscode/.local/lib/python3.10/site-packages/airflow/example_dags/example_complex.py
[2025-08-12T16:06:49.301+0000] {logging_mixin.py:150} INFO - [2025-08-12T16:06:49.301+0000] {dag.py:2742} INFO - Sync 1 DAGs
[2025-08-12T16:06:49.315+0000] {logging_mixin.py:150} INFO - [2025-08-12T16:06:49.315+0000] {dag.py:3504} INFO - Setting next_dagrun for example_complex to None, run_after=None
[2025-08-12T16:06:49.331+0000] {processor.py:179} INFO - Processing /home/vscode/.local/lib/python3.10/site-packages/airflow/example_dags/example_complex.py took 0.060 seconds
[2025-08-12T16:07:43.571+0000] {processor.py:157} INFO - Started process (PID=31147) to work on /home/vscode/.local/lib/python3.10/site-packages/airflow/example_dags/example_complex.py
[2025-08-12T16:07:43.572+0000] {processor.py:826} INFO - Processing file /home/vscode/.local/lib/python3.10/site-packages/airflow/example_dags/example_complex.py for tasks to queue
[2025-08-12T16:07:43.572+0000] {logging_mixin.py:150} INFO - [2025-08-12T16:07:43.572+0000] {dagbag.py:541} INFO - Filling up the DagBag from /home/vscode/.local/lib/python3.10/site-packages/airflow/example_dags/example_complex.py
[2025-08-12T16:07:43.581+0000] {processor.py:836} INFO - DAG(s) dict_keys(['example_complex']) retrieved from /home/vscode/.local/lib/python3.10/site-packages/airflow/example_dags/example_complex.py
[2025-08-12T16:07:43.600+0000] {logging_mixin.py:150} INFO - [2025-08-12T16:07:43.600+0000] {dag.py:2742} INFO - Sync 1 DAGs
[2025-08-12T16:07:43.615+0000] {logging_mixin.py:150} INFO - [2025-08-12T16:07:43.615+0000] {dag.py:3504} INFO - Setting next_dagrun for example_complex to None, run_after=None
[2025-08-12T16:07:43.631+0000] {processor.py:179} INFO - Processing /home/vscode/.local/lib/python3.10/site-packages/airflow/example_dags/example_complex.py took 0.062 seconds
[2025-08-12T16:08:38.082+0000] {processor.py:157} INFO - Started process (PID=31515) to work on /home/vscode/.local/lib/python3.10/site-packages/airflow/example_dags/example_complex.py
[2025-08-12T16:08:38.082+0000] {processor.py:826} INFO - Processing file /home/vscode/.local/lib/python3.10/site-packages/airflow/example_dags/example_complex.py for tasks to queue
[2025-08-12T16:08:38.083+0000] {logging_mixin.py:150} INFO - [2025-08-12T16:08:38.083+0000] {dagbag.py:541} INFO - Filling up the DagBag from /home/vscode/.local/lib/python3.10/site-packages/airflow/example_dags/example_complex.py
[2025-08-12T16:08:38.091+0000] {processor.py:836} INFO - DAG(s) dict_keys(['example_complex']) retrieved from /home/vscode/.local/lib/python3.10/site-packages/airflow/example_dags/example_complex.py
[2025-08-12T16:08:38.111+0000] {logging_mixin.py:150} INFO - [2025-08-12T16:08:38.110+0000] {dag.py:2742} INFO - Sync 1 DAGs
[2025-08-12T16:08:38.125+0000] {logging_mixin.py:150} INFO - [2025-08-12T16:08:38.125+0000] {dag.py:3504} INFO - Setting next_dagrun for example_complex to None, run_after=None
[2025-08-12T16:08:38.141+0000] {processor.py:179} INFO - Processing /home/vscode/.local/lib/python3.10/site-packages/airflow/example_dags/example_complex.py took 0.062 seconds
[2025-08-12T16:09:22.754+0000] {processor.py:157} INFO - Started process (PID=31803) to work on /home/vscode/.local/lib/python3.10/site-packages/airflow/example_dags/example_complex.py
[2025-08-12T16:09:22.754+0000] {processor.py:826} INFO - Processing file /home/vscode/.local/lib/python3.10/site-packages/airflow/example_dags/example_complex.py for tasks to queue
[2025-08-12T16:09:22.755+0000] {logging_mixin.py:150} INFO - [2025-08-12T16:09:22.755+0000] {dagbag.py:541} INFO - Filling up the DagBag from /home/vscode/.local/lib/python3.10/site-packages/airflow/example_dags/example_complex.py
[2025-08-12T16:09:22.767+0000] {processor.py:836} INFO - DAG(s) dict_keys(['example_complex']) retrieved from /home/vscode/.local/lib/python3.10/site-packages/airflow/example_dags/example_complex.py
[2025-08-12T16:09:22.798+0000] {logging_mixin.py:150} INFO - [2025-08-12T16:09:22.798+0000] {dag.py:2742} INFO - Sync 1 DAGs
[2025-08-12T16:09:22.818+0000] {logging_mixin.py:150} INFO - [2025-08-12T16:09:22.818+0000] {dag.py:3504} INFO - Setting next_dagrun for example_complex to None, run_after=None
[2025-08-12T16:09:22.833+0000] {processor.py:179} INFO - Processing /home/vscode/.local/lib/python3.10/site-packages/airflow/example_dags/example_complex.py took 0.082 seconds
[2025-08-12T16:10:08.579+0000] {processor.py:157} INFO - Started process (PID=32118) to work on /home/vscode/.local/lib/python3.10/site-packages/airflow/example_dags/example_complex.py
[2025-08-12T16:10:08.579+0000] {processor.py:826} INFO - Processing file /home/vscode/.local/lib/python3.10/site-packages/airflow/example_dags/example_complex.py for tasks to queue
[2025-08-12T16:10:08.580+0000] {logging_mixin.py:150} INFO - [2025-08-12T16:10:08.580+0000] {dagbag.py:541} INFO - Filling up the DagBag from /home/vscode/.local/lib/python3.10/site-packages/airflow/example_dags/example_complex.py
[2025-08-12T16:10:08.588+0000] {processor.py:836} INFO - DAG(s) dict_keys(['example_complex']) retrieved from /home/vscode/.local/lib/python3.10/site-packages/airflow/example_dags/example_complex.py
[2025-08-12T16:10:08.607+0000] {logging_mixin.py:150} INFO - [2025-08-12T16:10:08.606+0000] {dag.py:2742} INFO - Sync 1 DAGs
[2025-08-12T16:10:08.625+0000] {logging_mixin.py:150} INFO - [2025-08-12T16:10:08.625+0000] {dag.py:3504} INFO - Setting next_dagrun for example_complex to None, run_after=None
[2025-08-12T16:10:08.640+0000] {processor.py:179} INFO - Processing /home/vscode/.local/lib/python3.10/site-packages/airflow/example_dags/example_complex.py took 0.064 seconds
[2025-08-12T16:10:54.487+0000] {processor.py:157} INFO - Started process (PID=32414) to work on /home/vscode/.local/lib/python3.10/site-packages/airflow/example_dags/example_complex.py
[2025-08-12T16:10:54.488+0000] {processor.py:826} INFO - Processing file /home/vscode/.local/lib/python3.10/site-packages/airflow/example_dags/example_complex.py for tasks to queue
[2025-08-12T16:10:54.489+0000] {logging_mixin.py:150} INFO - [2025-08-12T16:10:54.488+0000] {dagbag.py:541} INFO - Filling up the DagBag from /home/vscode/.local/lib/python3.10/site-packages/airflow/example_dags/example_complex.py
[2025-08-12T16:10:54.496+0000] {processor.py:836} INFO - DAG(s) dict_keys(['example_complex']) retrieved from /home/vscode/.local/lib/python3.10/site-packages/airflow/example_dags/example_complex.py
[2025-08-12T16:10:54.516+0000] {logging_mixin.py:150} INFO - [2025-08-12T16:10:54.516+0000] {dag.py:2742} INFO - Sync 1 DAGs
[2025-08-12T16:10:54.530+0000] {logging_mixin.py:150} INFO - [2025-08-12T16:10:54.530+0000] {dag.py:3504} INFO - Setting next_dagrun for example_complex to None, run_after=None
[2025-08-12T16:10:54.546+0000] {processor.py:179} INFO - Processing /home/vscode/.local/lib/python3.10/site-packages/airflow/example_dags/example_complex.py took 0.060 seconds
[2025-08-12T16:11:38.435+0000] {processor.py:157} INFO - Started process (PID=32713) to work on /home/vscode/.local/lib/python3.10/site-packages/airflow/example_dags/example_complex.py
[2025-08-12T16:11:38.436+0000] {processor.py:826} INFO - Processing file /home/vscode/.local/lib/python3.10/site-packages/airflow/example_dags/example_complex.py for tasks to queue
[2025-08-12T16:11:38.437+0000] {logging_mixin.py:150} INFO - [2025-08-12T16:11:38.436+0000] {dagbag.py:541} INFO - Filling up the DagBag from /home/vscode/.local/lib/python3.10/site-packages/airflow/example_dags/example_complex.py
[2025-08-12T16:11:38.445+0000] {processor.py:836} INFO - DAG(s) dict_keys(['example_complex']) retrieved from /home/vscode/.local/lib/python3.10/site-packages/airflow/example_dags/example_complex.py
[2025-08-12T16:11:38.465+0000] {logging_mixin.py:150} INFO - [2025-08-12T16:11:38.465+0000] {dag.py:2742} INFO - Sync 1 DAGs
[2025-08-12T16:11:38.487+0000] {logging_mixin.py:150} INFO - [2025-08-12T16:11:38.487+0000] {dag.py:3504} INFO - Setting next_dagrun for example_complex to None, run_after=None
[2025-08-12T16:11:38.515+0000] {processor.py:179} INFO - Processing /home/vscode/.local/lib/python3.10/site-packages/airflow/example_dags/example_complex.py took 0.082 seconds
[2025-08-12T16:12:22.987+0000] {processor.py:157} INFO - Started process (PID=33002) to work on /home/vscode/.local/lib/python3.10/site-packages/airflow/example_dags/example_complex.py
[2025-08-12T16:12:22.988+0000] {processor.py:826} INFO - Processing file /home/vscode/.local/lib/python3.10/site-packages/airflow/example_dags/example_complex.py for tasks to queue
[2025-08-12T16:12:22.988+0000] {logging_mixin.py:150} INFO - [2025-08-12T16:12:22.988+0000] {dagbag.py:541} INFO - Filling up the DagBag from /home/vscode/.local/lib/python3.10/site-packages/airflow/example_dags/example_complex.py
[2025-08-12T16:12:22.996+0000] {processor.py:836} INFO - DAG(s) dict_keys(['example_complex']) retrieved from /home/vscode/.local/lib/python3.10/site-packages/airflow/example_dags/example_complex.py
[2025-08-12T16:12:23.015+0000] {logging_mixin.py:150} INFO - [2025-08-12T16:12:23.015+0000] {dag.py:2742} INFO - Sync 1 DAGs
[2025-08-12T16:12:23.029+0000] {logging_mixin.py:150} INFO - [2025-08-12T16:12:23.029+0000] {dag.py:3504} INFO - Setting next_dagrun for example_complex to None, run_after=None
[2025-08-12T16:12:23.045+0000] {processor.py:179} INFO - Processing /home/vscode/.local/lib/python3.10/site-packages/airflow/example_dags/example_complex.py took 0.060 seconds
[2025-08-12T16:13:10.684+0000] {processor.py:157} INFO - Started process (PID=33325) to work on /home/vscode/.local/lib/python3.10/site-packages/airflow/example_dags/example_complex.py
[2025-08-12T16:13:10.684+0000] {processor.py:826} INFO - Processing file /home/vscode/.local/lib/python3.10/site-packages/airflow/example_dags/example_complex.py for tasks to queue
[2025-08-12T16:13:10.685+0000] {logging_mixin.py:150} INFO - [2025-08-12T16:13:10.685+0000] {dagbag.py:541} INFO - Filling up the DagBag from /home/vscode/.local/lib/python3.10/site-packages/airflow/example_dags/example_complex.py
[2025-08-12T16:13:10.693+0000] {processor.py:836} INFO - DAG(s) dict_keys(['example_complex']) retrieved from /home/vscode/.local/lib/python3.10/site-packages/airflow/example_dags/example_complex.py
[2025-08-12T16:13:10.711+0000] {logging_mixin.py:150} INFO - [2025-08-12T16:13:10.711+0000] {dag.py:2742} INFO - Sync 1 DAGs
[2025-08-12T16:13:10.725+0000] {logging_mixin.py:150} INFO - [2025-08-12T16:13:10.725+0000] {dag.py:3504} INFO - Setting next_dagrun for example_complex to None, run_after=None
[2025-08-12T16:13:10.740+0000] {processor.py:179} INFO - Processing /home/vscode/.local/lib/python3.10/site-packages/airflow/example_dags/example_complex.py took 0.059 seconds
[2025-08-12T16:14:06.518+0000] {processor.py:157} INFO - Started process (PID=33696) to work on /home/vscode/.local/lib/python3.10/site-packages/airflow/example_dags/example_complex.py
[2025-08-12T16:14:06.518+0000] {processor.py:826} INFO - Processing file /home/vscode/.local/lib/python3.10/site-packages/airflow/example_dags/example_complex.py for tasks to queue
[2025-08-12T16:14:06.519+0000] {logging_mixin.py:150} INFO - [2025-08-12T16:14:06.519+0000] {dagbag.py:541} INFO - Filling up the DagBag from /home/vscode/.local/lib/python3.10/site-packages/airflow/example_dags/example_complex.py
[2025-08-12T16:14:06.527+0000] {processor.py:836} INFO - DAG(s) dict_keys(['example_complex']) retrieved from /home/vscode/.local/lib/python3.10/site-packages/airflow/example_dags/example_complex.py
[2025-08-12T16:14:06.556+0000] {logging_mixin.py:150} INFO - [2025-08-12T16:14:06.555+0000] {dag.py:2742} INFO - Sync 1 DAGs
[2025-08-12T16:14:06.576+0000] {logging_mixin.py:150} INFO - [2025-08-12T16:14:06.576+0000] {dag.py:3504} INFO - Setting next_dagrun for example_complex to None, run_after=None
[2025-08-12T16:14:06.601+0000] {processor.py:179} INFO - Processing /home/vscode/.local/lib/python3.10/site-packages/airflow/example_dags/example_complex.py took 0.086 seconds
[2025-08-12T16:14:50.884+0000] {processor.py:157} INFO - Started process (PID=33995) to work on /home/vscode/.local/lib/python3.10/site-packages/airflow/example_dags/example_complex.py
[2025-08-12T16:14:50.885+0000] {processor.py:826} INFO - Processing file /home/vscode/.local/lib/python3.10/site-packages/airflow/example_dags/example_complex.py for tasks to queue
[2025-08-12T16:14:50.885+0000] {logging_mixin.py:150} INFO - [2025-08-12T16:14:50.885+0000] {dagbag.py:541} INFO - Filling up the DagBag from /home/vscode/.local/lib/python3.10/site-packages/airflow/example_dags/example_complex.py
[2025-08-12T16:14:50.894+0000] {processor.py:836} INFO - DAG(s) dict_keys(['example_complex']) retrieved from /home/vscode/.local/lib/python3.10/site-packages/airflow/example_dags/example_complex.py
[2025-08-12T16:14:50.914+0000] {logging_mixin.py:150} INFO - [2025-08-12T16:14:50.914+0000] {dag.py:2742} INFO - Sync 1 DAGs
[2025-08-12T16:14:50.929+0000] {logging_mixin.py:150} INFO - [2025-08-12T16:14:50.929+0000] {dag.py:3504} INFO - Setting next_dagrun for example_complex to None, run_after=None
[2025-08-12T16:14:50.946+0000] {processor.py:179} INFO - Processing /home/vscode/.local/lib/python3.10/site-packages/airflow/example_dags/example_complex.py took 0.064 seconds
[2025-08-12T16:15:46.252+0000] {processor.py:157} INFO - Started process (PID=34360) to work on /home/vscode/.local/lib/python3.10/site-packages/airflow/example_dags/example_complex.py
[2025-08-12T16:15:46.253+0000] {processor.py:826} INFO - Processing file /home/vscode/.local/lib/python3.10/site-packages/airflow/example_dags/example_complex.py for tasks to queue
[2025-08-12T16:15:46.253+0000] {logging_mixin.py:150} INFO - [2025-08-12T16:15:46.253+0000] {dagbag.py:541} INFO - Filling up the DagBag from /home/vscode/.local/lib/python3.10/site-packages/airflow/example_dags/example_complex.py
[2025-08-12T16:15:46.261+0000] {processor.py:836} INFO - DAG(s) dict_keys(['example_complex']) retrieved from /home/vscode/.local/lib/python3.10/site-packages/airflow/example_dags/example_complex.py
[2025-08-12T16:15:46.281+0000] {logging_mixin.py:150} INFO - [2025-08-12T16:15:46.280+0000] {dag.py:2742} INFO - Sync 1 DAGs
[2025-08-12T16:15:46.295+0000] {logging_mixin.py:150} INFO - [2025-08-12T16:15:46.295+0000] {dag.py:3504} INFO - Setting next_dagrun for example_complex to None, run_after=None
[2025-08-12T16:15:46.311+0000] {processor.py:179} INFO - Processing /home/vscode/.local/lib/python3.10/site-packages/airflow/example_dags/example_complex.py took 0.061 seconds
[2025-08-12T16:16:40.820+0000] {processor.py:157} INFO - Started process (PID=34724) to work on /home/vscode/.local/lib/python3.10/site-packages/airflow/example_dags/example_complex.py
[2025-08-12T16:16:40.821+0000] {processor.py:826} INFO - Processing file /home/vscode/.local/lib/python3.10/site-packages/airflow/example_dags/example_complex.py for tasks to queue
[2025-08-12T16:16:40.821+0000] {logging_mixin.py:150} INFO - [2025-08-12T16:16:40.821+0000] {dagbag.py:541} INFO - Filling up the DagBag from /home/vscode/.local/lib/python3.10/site-packages/airflow/example_dags/example_complex.py
[2025-08-12T16:16:40.829+0000] {processor.py:836} INFO - DAG(s) dict_keys(['example_complex']) retrieved from /home/vscode/.local/lib/python3.10/site-packages/airflow/example_dags/example_complex.py
[2025-08-12T16:16:40.847+0000] {logging_mixin.py:150} INFO - [2025-08-12T16:16:40.847+0000] {dag.py:2742} INFO - Sync 1 DAGs
[2025-08-12T16:16:40.861+0000] {logging_mixin.py:150} INFO - [2025-08-12T16:16:40.861+0000] {dag.py:3504} INFO - Setting next_dagrun for example_complex to None, run_after=None
[2025-08-12T16:16:40.877+0000] {processor.py:179} INFO - Processing /home/vscode/.local/lib/python3.10/site-packages/airflow/example_dags/example_complex.py took 0.059 seconds
[2025-08-12T16:17:22.895+0000] {processor.py:157} INFO - Started process (PID=35009) to work on /home/vscode/.local/lib/python3.10/site-packages/airflow/example_dags/example_complex.py
[2025-08-12T16:17:22.895+0000] {processor.py:826} INFO - Processing file /home/vscode/.local/lib/python3.10/site-packages/airflow/example_dags/example_complex.py for tasks to queue
[2025-08-12T16:17:22.896+0000] {logging_mixin.py:150} INFO - [2025-08-12T16:17:22.896+0000] {dagbag.py:541} INFO - Filling up the DagBag from /home/vscode/.local/lib/python3.10/site-packages/airflow/example_dags/example_complex.py
[2025-08-12T16:17:22.904+0000] {processor.py:836} INFO - DAG(s) dict_keys(['example_complex']) retrieved from /home/vscode/.local/lib/python3.10/site-packages/airflow/example_dags/example_complex.py
[2025-08-12T16:17:22.922+0000] {logging_mixin.py:150} INFO - [2025-08-12T16:17:22.922+0000] {dag.py:2742} INFO - Sync 1 DAGs
[2025-08-12T16:17:22.936+0000] {logging_mixin.py:150} INFO - [2025-08-12T16:17:22.936+0000] {dag.py:3504} INFO - Setting next_dagrun for example_complex to None, run_after=None
[2025-08-12T16:17:22.952+0000] {processor.py:179} INFO - Processing /home/vscode/.local/lib/python3.10/site-packages/airflow/example_dags/example_complex.py took 0.059 seconds
[2025-08-12T16:18:14.322+0000] {processor.py:157} INFO - Started process (PID=35348) to work on /home/vscode/.local/lib/python3.10/site-packages/airflow/example_dags/example_complex.py
[2025-08-12T16:18:14.323+0000] {processor.py:826} INFO - Processing file /home/vscode/.local/lib/python3.10/site-packages/airflow/example_dags/example_complex.py for tasks to queue
[2025-08-12T16:18:14.323+0000] {logging_mixin.py:150} INFO - [2025-08-12T16:18:14.323+0000] {dagbag.py:541} INFO - Filling up the DagBag from /home/vscode/.local/lib/python3.10/site-packages/airflow/example_dags/example_complex.py
[2025-08-12T16:18:14.331+0000] {processor.py:836} INFO - DAG(s) dict_keys(['example_complex']) retrieved from /home/vscode/.local/lib/python3.10/site-packages/airflow/example_dags/example_complex.py
[2025-08-12T16:18:14.351+0000] {logging_mixin.py:150} INFO - [2025-08-12T16:18:14.350+0000] {dag.py:2742} INFO - Sync 1 DAGs
[2025-08-12T16:18:14.365+0000] {logging_mixin.py:150} INFO - [2025-08-12T16:18:14.365+0000] {dag.py:3504} INFO - Setting next_dagrun for example_complex to None, run_after=None
[2025-08-12T16:18:14.380+0000] {processor.py:179} INFO - Processing /home/vscode/.local/lib/python3.10/site-packages/airflow/example_dags/example_complex.py took 0.060 seconds
[2025-08-12T16:18:56.689+0000] {processor.py:157} INFO - Started process (PID=35632) to work on /home/vscode/.local/lib/python3.10/site-packages/airflow/example_dags/example_complex.py
[2025-08-12T16:18:56.690+0000] {processor.py:826} INFO - Processing file /home/vscode/.local/lib/python3.10/site-packages/airflow/example_dags/example_complex.py for tasks to queue
[2025-08-12T16:18:56.690+0000] {logging_mixin.py:150} INFO - [2025-08-12T16:18:56.690+0000] {dagbag.py:541} INFO - Filling up the DagBag from /home/vscode/.local/lib/python3.10/site-packages/airflow/example_dags/example_complex.py
[2025-08-12T16:18:56.699+0000] {processor.py:836} INFO - DAG(s) dict_keys(['example_complex']) retrieved from /home/vscode/.local/lib/python3.10/site-packages/airflow/example_dags/example_complex.py
[2025-08-12T16:18:56.718+0000] {logging_mixin.py:150} INFO - [2025-08-12T16:18:56.718+0000] {dag.py:2742} INFO - Sync 1 DAGs
[2025-08-12T16:18:56.732+0000] {logging_mixin.py:150} INFO - [2025-08-12T16:18:56.732+0000] {dag.py:3504} INFO - Setting next_dagrun for example_complex to None, run_after=None
[2025-08-12T16:18:56.748+0000] {processor.py:179} INFO - Processing /home/vscode/.local/lib/python3.10/site-packages/airflow/example_dags/example_complex.py took 0.061 seconds
[2025-08-12T16:19:39.678+0000] {processor.py:157} INFO - Started process (PID=35917) to work on /home/vscode/.local/lib/python3.10/site-packages/airflow/example_dags/example_complex.py
[2025-08-12T16:19:39.679+0000] {processor.py:826} INFO - Processing file /home/vscode/.local/lib/python3.10/site-packages/airflow/example_dags/example_complex.py for tasks to queue
[2025-08-12T16:19:39.679+0000] {logging_mixin.py:150} INFO - [2025-08-12T16:19:39.679+0000] {dagbag.py:541} INFO - Filling up the DagBag from /home/vscode/.local/lib/python3.10/site-packages/airflow/example_dags/example_complex.py
[2025-08-12T16:19:39.687+0000] {processor.py:836} INFO - DAG(s) dict_keys(['example_complex']) retrieved from /home/vscode/.local/lib/python3.10/site-packages/airflow/example_dags/example_complex.py
[2025-08-12T16:19:39.706+0000] {logging_mixin.py:150} INFO - [2025-08-12T16:19:39.706+0000] {dag.py:2742} INFO - Sync 1 DAGs
[2025-08-12T16:19:39.723+0000] {logging_mixin.py:150} INFO - [2025-08-12T16:19:39.723+0000] {dag.py:3504} INFO - Setting next_dagrun for example_complex to None, run_after=None
[2025-08-12T16:19:39.747+0000] {processor.py:179} INFO - Processing /home/vscode/.local/lib/python3.10/site-packages/airflow/example_dags/example_complex.py took 0.071 seconds
[2025-08-12T16:20:29.173+0000] {processor.py:157} INFO - Started process (PID=36243) to work on /home/vscode/.local/lib/python3.10/site-packages/airflow/example_dags/example_complex.py
[2025-08-12T16:20:29.174+0000] {processor.py:826} INFO - Processing file /home/vscode/.local/lib/python3.10/site-packages/airflow/example_dags/example_complex.py for tasks to queue
[2025-08-12T16:20:29.174+0000] {logging_mixin.py:150} INFO - [2025-08-12T16:20:29.174+0000] {dagbag.py:541} INFO - Filling up the DagBag from /home/vscode/.local/lib/python3.10/site-packages/airflow/example_dags/example_complex.py
[2025-08-12T16:20:29.182+0000] {processor.py:836} INFO - DAG(s) dict_keys(['example_complex']) retrieved from /home/vscode/.local/lib/python3.10/site-packages/airflow/example_dags/example_complex.py
[2025-08-12T16:20:29.203+0000] {logging_mixin.py:150} INFO - [2025-08-12T16:20:29.203+0000] {dag.py:2742} INFO - Sync 1 DAGs
[2025-08-12T16:20:29.217+0000] {logging_mixin.py:150} INFO - [2025-08-12T16:20:29.217+0000] {dag.py:3504} INFO - Setting next_dagrun for example_complex to None, run_after=None
[2025-08-12T16:20:29.232+0000] {processor.py:179} INFO - Processing /home/vscode/.local/lib/python3.10/site-packages/airflow/example_dags/example_complex.py took 0.061 seconds
[2025-08-12T16:21:24.551+0000] {processor.py:157} INFO - Started process (PID=36615) to work on /home/vscode/.local/lib/python3.10/site-packages/airflow/example_dags/example_complex.py
[2025-08-12T16:21:24.551+0000] {processor.py:826} INFO - Processing file /home/vscode/.local/lib/python3.10/site-packages/airflow/example_dags/example_complex.py for tasks to queue
[2025-08-12T16:21:24.552+0000] {logging_mixin.py:150} INFO - [2025-08-12T16:21:24.552+0000] {dagbag.py:541} INFO - Filling up the DagBag from /home/vscode/.local/lib/python3.10/site-packages/airflow/example_dags/example_complex.py
[2025-08-12T16:21:24.560+0000] {processor.py:836} INFO - DAG(s) dict_keys(['example_complex']) retrieved from /home/vscode/.local/lib/python3.10/site-packages/airflow/example_dags/example_complex.py
[2025-08-12T16:21:24.579+0000] {logging_mixin.py:150} INFO - [2025-08-12T16:21:24.579+0000] {dag.py:2742} INFO - Sync 1 DAGs
[2025-08-12T16:21:24.593+0000] {logging_mixin.py:150} INFO - [2025-08-12T16:21:24.593+0000] {dag.py:3504} INFO - Setting next_dagrun for example_complex to None, run_after=None
[2025-08-12T16:21:24.609+0000] {processor.py:179} INFO - Processing /home/vscode/.local/lib/python3.10/site-packages/airflow/example_dags/example_complex.py took 0.060 seconds
[2025-08-12T16:22:06.687+0000] {processor.py:157} INFO - Started process (PID=36894) to work on /home/vscode/.local/lib/python3.10/site-packages/airflow/example_dags/example_complex.py
[2025-08-12T16:22:06.687+0000] {processor.py:826} INFO - Processing file /home/vscode/.local/lib/python3.10/site-packages/airflow/example_dags/example_complex.py for tasks to queue
[2025-08-12T16:22:06.688+0000] {logging_mixin.py:150} INFO - [2025-08-12T16:22:06.688+0000] {dagbag.py:541} INFO - Filling up the DagBag from /home/vscode/.local/lib/python3.10/site-packages/airflow/example_dags/example_complex.py
[2025-08-12T16:22:06.696+0000] {processor.py:836} INFO - DAG(s) dict_keys(['example_complex']) retrieved from /home/vscode/.local/lib/python3.10/site-packages/airflow/example_dags/example_complex.py
[2025-08-12T16:22:06.714+0000] {logging_mixin.py:150} INFO - [2025-08-12T16:22:06.714+0000] {dag.py:2742} INFO - Sync 1 DAGs
[2025-08-12T16:22:06.729+0000] {logging_mixin.py:150} INFO - [2025-08-12T16:22:06.728+0000] {dag.py:3504} INFO - Setting next_dagrun for example_complex to None, run_after=None
[2025-08-12T16:22:06.743+0000] {processor.py:179} INFO - Processing /home/vscode/.local/lib/python3.10/site-packages/airflow/example_dags/example_complex.py took 0.059 seconds
[2025-08-12T16:22:50.103+0000] {processor.py:157} INFO - Started process (PID=37185) to work on /home/vscode/.local/lib/python3.10/site-packages/airflow/example_dags/example_complex.py
[2025-08-12T16:22:50.103+0000] {processor.py:826} INFO - Processing file /home/vscode/.local/lib/python3.10/site-packages/airflow/example_dags/example_complex.py for tasks to queue
[2025-08-12T16:22:50.104+0000] {logging_mixin.py:150} INFO - [2025-08-12T16:22:50.104+0000] {dagbag.py:541} INFO - Filling up the DagBag from /home/vscode/.local/lib/python3.10/site-packages/airflow/example_dags/example_complex.py
[2025-08-12T16:22:50.112+0000] {processor.py:836} INFO - DAG(s) dict_keys(['example_complex']) retrieved from /home/vscode/.local/lib/python3.10/site-packages/airflow/example_dags/example_complex.py
[2025-08-12T16:22:50.131+0000] {logging_mixin.py:150} INFO - [2025-08-12T16:22:50.131+0000] {dag.py:2742} INFO - Sync 1 DAGs
[2025-08-12T16:22:50.146+0000] {logging_mixin.py:150} INFO - [2025-08-12T16:22:50.145+0000] {dag.py:3504} INFO - Setting next_dagrun for example_complex to None, run_after=None
[2025-08-12T16:22:50.161+0000] {processor.py:179} INFO - Processing /home/vscode/.local/lib/python3.10/site-packages/airflow/example_dags/example_complex.py took 0.060 seconds
[2025-08-12T16:23:37.363+0000] {processor.py:157} INFO - Started process (PID=37500) to work on /home/vscode/.local/lib/python3.10/site-packages/airflow/example_dags/example_complex.py
[2025-08-12T16:23:37.364+0000] {processor.py:826} INFO - Processing file /home/vscode/.local/lib/python3.10/site-packages/airflow/example_dags/example_complex.py for tasks to queue
[2025-08-12T16:23:37.364+0000] {logging_mixin.py:150} INFO - [2025-08-12T16:23:37.364+0000] {dagbag.py:541} INFO - Filling up the DagBag from /home/vscode/.local/lib/python3.10/site-packages/airflow/example_dags/example_complex.py
[2025-08-12T16:23:37.372+0000] {processor.py:836} INFO - DAG(s) dict_keys(['example_complex']) retrieved from /home/vscode/.local/lib/python3.10/site-packages/airflow/example_dags/example_complex.py
[2025-08-12T16:23:37.392+0000] {logging_mixin.py:150} INFO - [2025-08-12T16:23:37.392+0000] {dag.py:2742} INFO - Sync 1 DAGs
[2025-08-12T16:23:37.406+0000] {logging_mixin.py:150} INFO - [2025-08-12T16:23:37.405+0000] {dag.py:3504} INFO - Setting next_dagrun for example_complex to None, run_after=None
[2025-08-12T16:23:37.421+0000] {processor.py:179} INFO - Processing /home/vscode/.local/lib/python3.10/site-packages/airflow/example_dags/example_complex.py took 0.059 seconds
[2025-08-12T16:24:20.335+0000] {processor.py:157} INFO - Started process (PID=37786) to work on /home/vscode/.local/lib/python3.10/site-packages/airflow/example_dags/example_complex.py
[2025-08-12T16:24:20.335+0000] {processor.py:826} INFO - Processing file /home/vscode/.local/lib/python3.10/site-packages/airflow/example_dags/example_complex.py for tasks to queue
[2025-08-12T16:24:20.336+0000] {logging_mixin.py:150} INFO - [2025-08-12T16:24:20.336+0000] {dagbag.py:541} INFO - Filling up the DagBag from /home/vscode/.local/lib/python3.10/site-packages/airflow/example_dags/example_complex.py
[2025-08-12T16:24:20.344+0000] {processor.py:836} INFO - DAG(s) dict_keys(['example_complex']) retrieved from /home/vscode/.local/lib/python3.10/site-packages/airflow/example_dags/example_complex.py
[2025-08-12T16:24:20.362+0000] {logging_mixin.py:150} INFO - [2025-08-12T16:24:20.362+0000] {dag.py:2742} INFO - Sync 1 DAGs
[2025-08-12T16:24:20.376+0000] {logging_mixin.py:150} INFO - [2025-08-12T16:24:20.376+0000] {dag.py:3504} INFO - Setting next_dagrun for example_complex to None, run_after=None
[2025-08-12T16:24:20.392+0000] {processor.py:179} INFO - Processing /home/vscode/.local/lib/python3.10/site-packages/airflow/example_dags/example_complex.py took 0.059 seconds
[2025-08-12T16:25:05.053+0000] {processor.py:157} INFO - Started process (PID=38079) to work on /home/vscode/.local/lib/python3.10/site-packages/airflow/example_dags/example_complex.py
[2025-08-12T16:25:05.054+0000] {processor.py:826} INFO - Processing file /home/vscode/.local/lib/python3.10/site-packages/airflow/example_dags/example_complex.py for tasks to queue
[2025-08-12T16:25:05.055+0000] {logging_mixin.py:150} INFO - [2025-08-12T16:25:05.055+0000] {dagbag.py:541} INFO - Filling up the DagBag from /home/vscode/.local/lib/python3.10/site-packages/airflow/example_dags/example_complex.py
[2025-08-12T16:25:05.069+0000] {processor.py:836} INFO - DAG(s) dict_keys(['example_complex']) retrieved from /home/vscode/.local/lib/python3.10/site-packages/airflow/example_dags/example_complex.py
[2025-08-12T16:25:05.099+0000] {logging_mixin.py:150} INFO - [2025-08-12T16:25:05.099+0000] {dag.py:2742} INFO - Sync 1 DAGs
[2025-08-12T16:25:05.116+0000] {logging_mixin.py:150} INFO - [2025-08-12T16:25:05.116+0000] {dag.py:3504} INFO - Setting next_dagrun for example_complex to None, run_after=None
[2025-08-12T16:25:05.132+0000] {processor.py:179} INFO - Processing /home/vscode/.local/lib/python3.10/site-packages/airflow/example_dags/example_complex.py took 0.082 seconds
[2025-08-12T16:25:50.827+0000] {processor.py:157} INFO - Started process (PID=38380) to work on /home/vscode/.local/lib/python3.10/site-packages/airflow/example_dags/example_complex.py
[2025-08-12T16:25:50.828+0000] {processor.py:826} INFO - Processing file /home/vscode/.local/lib/python3.10/site-packages/airflow/example_dags/example_complex.py for tasks to queue
[2025-08-12T16:25:50.829+0000] {logging_mixin.py:150} INFO - [2025-08-12T16:25:50.829+0000] {dagbag.py:541} INFO - Filling up the DagBag from /home/vscode/.local/lib/python3.10/site-packages/airflow/example_dags/example_complex.py
[2025-08-12T16:25:50.837+0000] {processor.py:836} INFO - DAG(s) dict_keys(['example_complex']) retrieved from /home/vscode/.local/lib/python3.10/site-packages/airflow/example_dags/example_complex.py
[2025-08-12T16:25:50.856+0000] {logging_mixin.py:150} INFO - [2025-08-12T16:25:50.856+0000] {dag.py:2742} INFO - Sync 1 DAGs
[2025-08-12T16:25:50.871+0000] {logging_mixin.py:150} INFO - [2025-08-12T16:25:50.870+0000] {dag.py:3504} INFO - Setting next_dagrun for example_complex to None, run_after=None
[2025-08-12T16:25:50.886+0000] {processor.py:179} INFO - Processing /home/vscode/.local/lib/python3.10/site-packages/airflow/example_dags/example_complex.py took 0.061 seconds
[2025-08-12T16:26:33.985+0000] {processor.py:157} INFO - Started process (PID=38672) to work on /home/vscode/.local/lib/python3.10/site-packages/airflow/example_dags/example_complex.py
[2025-08-12T16:26:33.986+0000] {processor.py:826} INFO - Processing file /home/vscode/.local/lib/python3.10/site-packages/airflow/example_dags/example_complex.py for tasks to queue
[2025-08-12T16:26:33.987+0000] {logging_mixin.py:150} INFO - [2025-08-12T16:26:33.986+0000] {dagbag.py:541} INFO - Filling up the DagBag from /home/vscode/.local/lib/python3.10/site-packages/airflow/example_dags/example_complex.py
[2025-08-12T16:26:33.995+0000] {processor.py:836} INFO - DAG(s) dict_keys(['example_complex']) retrieved from /home/vscode/.local/lib/python3.10/site-packages/airflow/example_dags/example_complex.py
[2025-08-12T16:26:34.013+0000] {logging_mixin.py:150} INFO - [2025-08-12T16:26:34.013+0000] {dag.py:2742} INFO - Sync 1 DAGs
[2025-08-12T16:26:34.027+0000] {logging_mixin.py:150} INFO - [2025-08-12T16:26:34.027+0000] {dag.py:3504} INFO - Setting next_dagrun for example_complex to None, run_after=None
[2025-08-12T16:26:34.043+0000] {processor.py:179} INFO - Processing /home/vscode/.local/lib/python3.10/site-packages/airflow/example_dags/example_complex.py took 0.060 seconds
[2025-08-12T16:27:30.526+0000] {processor.py:157} INFO - Started process (PID=39046) to work on /home/vscode/.local/lib/python3.10/site-packages/airflow/example_dags/example_complex.py
[2025-08-12T16:27:30.527+0000] {processor.py:826} INFO - Processing file /home/vscode/.local/lib/python3.10/site-packages/airflow/example_dags/example_complex.py for tasks to queue
[2025-08-12T16:27:30.528+0000] {logging_mixin.py:150} INFO - [2025-08-12T16:27:30.527+0000] {dagbag.py:541} INFO - Filling up the DagBag from /home/vscode/.local/lib/python3.10/site-packages/airflow/example_dags/example_complex.py
[2025-08-12T16:27:30.536+0000] {processor.py:836} INFO - DAG(s) dict_keys(['example_complex']) retrieved from /home/vscode/.local/lib/python3.10/site-packages/airflow/example_dags/example_complex.py
[2025-08-12T16:27:30.555+0000] {logging_mixin.py:150} INFO - [2025-08-12T16:27:30.554+0000] {dag.py:2742} INFO - Sync 1 DAGs
[2025-08-12T16:27:30.568+0000] {logging_mixin.py:150} INFO - [2025-08-12T16:27:30.568+0000] {dag.py:3504} INFO - Setting next_dagrun for example_complex to None, run_after=None
[2025-08-12T16:27:30.584+0000] {processor.py:179} INFO - Processing /home/vscode/.local/lib/python3.10/site-packages/airflow/example_dags/example_complex.py took 0.060 seconds
[2025-08-12T16:28:15.727+0000] {processor.py:157} INFO - Started process (PID=39350) to work on /home/vscode/.local/lib/python3.10/site-packages/airflow/example_dags/example_complex.py
[2025-08-12T16:28:15.728+0000] {processor.py:826} INFO - Processing file /home/vscode/.local/lib/python3.10/site-packages/airflow/example_dags/example_complex.py for tasks to queue
[2025-08-12T16:28:15.729+0000] {logging_mixin.py:150} INFO - [2025-08-12T16:28:15.728+0000] {dagbag.py:541} INFO - Filling up the DagBag from /home/vscode/.local/lib/python3.10/site-packages/airflow/example_dags/example_complex.py
[2025-08-12T16:28:15.740+0000] {processor.py:836} INFO - DAG(s) dict_keys(['example_complex']) retrieved from /home/vscode/.local/lib/python3.10/site-packages/airflow/example_dags/example_complex.py
[2025-08-12T16:28:15.761+0000] {logging_mixin.py:150} INFO - [2025-08-12T16:28:15.761+0000] {dag.py:2742} INFO - Sync 1 DAGs
[2025-08-12T16:28:15.775+0000] {logging_mixin.py:150} INFO - [2025-08-12T16:28:15.775+0000] {dag.py:3504} INFO - Setting next_dagrun for example_complex to None, run_after=None
[2025-08-12T16:28:15.791+0000] {processor.py:179} INFO - Processing /home/vscode/.local/lib/python3.10/site-packages/airflow/example_dags/example_complex.py took 0.067 seconds
[2025-08-12T16:29:01.354+0000] {processor.py:157} INFO - Started process (PID=39657) to work on /home/vscode/.local/lib/python3.10/site-packages/airflow/example_dags/example_complex.py
[2025-08-12T16:29:01.355+0000] {processor.py:826} INFO - Processing file /home/vscode/.local/lib/python3.10/site-packages/airflow/example_dags/example_complex.py for tasks to queue
[2025-08-12T16:29:01.355+0000] {logging_mixin.py:150} INFO - [2025-08-12T16:29:01.355+0000] {dagbag.py:541} INFO - Filling up the DagBag from /home/vscode/.local/lib/python3.10/site-packages/airflow/example_dags/example_complex.py
[2025-08-12T16:29:01.363+0000] {processor.py:836} INFO - DAG(s) dict_keys(['example_complex']) retrieved from /home/vscode/.local/lib/python3.10/site-packages/airflow/example_dags/example_complex.py
[2025-08-12T16:29:01.383+0000] {logging_mixin.py:150} INFO - [2025-08-12T16:29:01.383+0000] {dag.py:2742} INFO - Sync 1 DAGs
[2025-08-12T16:29:01.397+0000] {logging_mixin.py:150} INFO - [2025-08-12T16:29:01.397+0000] {dag.py:3504} INFO - Setting next_dagrun for example_complex to None, run_after=None
[2025-08-12T16:29:01.412+0000] {processor.py:179} INFO - Processing /home/vscode/.local/lib/python3.10/site-packages/airflow/example_dags/example_complex.py took 0.060 seconds
[2025-08-12T16:29:48.958+0000] {processor.py:157} INFO - Started process (PID=39967) to work on /home/vscode/.local/lib/python3.10/site-packages/airflow/example_dags/example_complex.py
[2025-08-12T16:29:48.958+0000] {processor.py:826} INFO - Processing file /home/vscode/.local/lib/python3.10/site-packages/airflow/example_dags/example_complex.py for tasks to queue
[2025-08-12T16:29:48.959+0000] {logging_mixin.py:150} INFO - [2025-08-12T16:29:48.959+0000] {dagbag.py:541} INFO - Filling up the DagBag from /home/vscode/.local/lib/python3.10/site-packages/airflow/example_dags/example_complex.py
[2025-08-12T16:29:48.967+0000] {processor.py:836} INFO - DAG(s) dict_keys(['example_complex']) retrieved from /home/vscode/.local/lib/python3.10/site-packages/airflow/example_dags/example_complex.py
[2025-08-12T16:29:48.987+0000] {logging_mixin.py:150} INFO - [2025-08-12T16:29:48.987+0000] {dag.py:2742} INFO - Sync 1 DAGs
[2025-08-12T16:29:49.003+0000] {logging_mixin.py:150} INFO - [2025-08-12T16:29:49.002+0000] {dag.py:3504} INFO - Setting next_dagrun for example_complex to None, run_after=None
[2025-08-12T16:29:49.020+0000] {processor.py:179} INFO - Processing /home/vscode/.local/lib/python3.10/site-packages/airflow/example_dags/example_complex.py took 0.065 seconds
