[2025-08-12T15:37:01.898+0000] {processor.py:157} INFO - Started process (PID=17956) to work on /home/vscode/.local/lib/python3.10/site-packages/airflow/example_dags/example_python_operator.py
[2025-08-12T15:37:01.898+0000] {processor.py:826} INFO - Processing file /home/vscode/.local/lib/python3.10/site-packages/airflow/example_dags/example_python_operator.py for tasks to queue
[2025-08-12T15:37:01.899+0000] {logging_mixin.py:150} INFO - [2025-08-12T15:37:01.899+0000] {dagbag.py:541} INFO - Filling up the DagBag from /home/vscode/.local/lib/python3.10/site-packages/airflow/example_dags/example_python_operator.py
[2025-08-12T15:37:01.907+0000] {processor.py:836} INFO - DAG(s) dict_keys(['example_python_operator']) retrieved from /home/vscode/.local/lib/python3.10/site-packages/airflow/example_dags/example_python_operator.py
[2025-08-12T15:37:01.987+0000] {logging_mixin.py:150} INFO - [2025-08-12T15:37:01.987+0000] {manager.py:504} INFO - Created Permission View: can edit on DAG:example_python_operator
[2025-08-12T15:37:01.997+0000] {logging_mixin.py:150} INFO - [2025-08-12T15:37:01.997+0000] {manager.py:504} INFO - Created Permission View: can read on DAG:example_python_operator
[2025-08-12T15:37:02.004+0000] {logging_mixin.py:150} INFO - [2025-08-12T15:37:02.004+0000] {manager.py:504} INFO - Created Permission View: can delete on DAG:example_python_operator
[2025-08-12T15:37:02.012+0000] {logging_mixin.py:150} INFO - [2025-08-12T15:37:02.012+0000] {dag.py:2742} INFO - Sync 1 DAGs
[2025-08-12T15:37:02.019+0000] {logging_mixin.py:150} INFO - [2025-08-12T15:37:02.019+0000] {dag.py:2763} INFO - Creating ORM DAG for example_python_operator
[2025-08-12T15:37:02.025+0000] {logging_mixin.py:150} INFO - [2025-08-12T15:37:02.025+0000] {dag.py:3504} INFO - Setting next_dagrun for example_python_operator to None, run_after=None
[2025-08-12T15:37:02.042+0000] {processor.py:179} INFO - Processing /home/vscode/.local/lib/python3.10/site-packages/airflow/example_dags/example_python_operator.py took 0.146 seconds
[2025-08-12T15:37:48.333+0000] {processor.py:157} INFO - Started process (PID=18327) to work on /home/vscode/.local/lib/python3.10/site-packages/airflow/example_dags/example_python_operator.py
[2025-08-12T15:37:48.333+0000] {processor.py:826} INFO - Processing file /home/vscode/.local/lib/python3.10/site-packages/airflow/example_dags/example_python_operator.py for tasks to queue
[2025-08-12T15:37:48.334+0000] {logging_mixin.py:150} INFO - [2025-08-12T15:37:48.334+0000] {dagbag.py:541} INFO - Filling up the DagBag from /home/vscode/.local/lib/python3.10/site-packages/airflow/example_dags/example_python_operator.py
[2025-08-12T15:37:48.342+0000] {processor.py:836} INFO - DAG(s) dict_keys(['example_python_operator']) retrieved from /home/vscode/.local/lib/python3.10/site-packages/airflow/example_dags/example_python_operator.py
[2025-08-12T15:37:48.355+0000] {logging_mixin.py:150} INFO - [2025-08-12T15:37:48.355+0000] {dag.py:2742} INFO - Sync 1 DAGs
[2025-08-12T15:37:48.369+0000] {logging_mixin.py:150} INFO - [2025-08-12T15:37:48.369+0000] {dag.py:3504} INFO - Setting next_dagrun for example_python_operator to None, run_after=None
[2025-08-12T15:37:48.385+0000] {processor.py:179} INFO - Processing /home/vscode/.local/lib/python3.10/site-packages/airflow/example_dags/example_python_operator.py took 0.054 seconds
[2025-08-12T15:38:36.428+0000] {processor.py:157} INFO - Started process (PID=18685) to work on /home/vscode/.local/lib/python3.10/site-packages/airflow/example_dags/example_python_operator.py
[2025-08-12T15:38:36.428+0000] {processor.py:826} INFO - Processing file /home/vscode/.local/lib/python3.10/site-packages/airflow/example_dags/example_python_operator.py for tasks to queue
[2025-08-12T15:38:36.429+0000] {logging_mixin.py:150} INFO - [2025-08-12T15:38:36.429+0000] {dagbag.py:541} INFO - Filling up the DagBag from /home/vscode/.local/lib/python3.10/site-packages/airflow/example_dags/example_python_operator.py
[2025-08-12T15:38:36.437+0000] {processor.py:836} INFO - DAG(s) dict_keys(['example_python_operator']) retrieved from /home/vscode/.local/lib/python3.10/site-packages/airflow/example_dags/example_python_operator.py
[2025-08-12T15:38:36.451+0000] {logging_mixin.py:150} INFO - [2025-08-12T15:38:36.451+0000] {dag.py:2742} INFO - Sync 1 DAGs
[2025-08-12T15:38:36.465+0000] {logging_mixin.py:150} INFO - [2025-08-12T15:38:36.465+0000] {dag.py:3504} INFO - Setting next_dagrun for example_python_operator to None, run_after=None
[2025-08-12T15:38:36.481+0000] {processor.py:179} INFO - Processing /home/vscode/.local/lib/python3.10/site-packages/airflow/example_dags/example_python_operator.py took 0.055 seconds
[2025-08-12T15:39:24.084+0000] {processor.py:157} INFO - Started process (PID=19076) to work on /home/vscode/.local/lib/python3.10/site-packages/airflow/example_dags/example_python_operator.py
[2025-08-12T15:39:24.084+0000] {processor.py:826} INFO - Processing file /home/vscode/.local/lib/python3.10/site-packages/airflow/example_dags/example_python_operator.py for tasks to queue
[2025-08-12T15:39:24.085+0000] {logging_mixin.py:150} INFO - [2025-08-12T15:39:24.085+0000] {dagbag.py:541} INFO - Filling up the DagBag from /home/vscode/.local/lib/python3.10/site-packages/airflow/example_dags/example_python_operator.py
[2025-08-12T15:39:24.092+0000] {processor.py:836} INFO - DAG(s) dict_keys(['example_python_operator']) retrieved from /home/vscode/.local/lib/python3.10/site-packages/airflow/example_dags/example_python_operator.py
[2025-08-12T15:39:24.106+0000] {logging_mixin.py:150} INFO - [2025-08-12T15:39:24.106+0000] {dag.py:2742} INFO - Sync 1 DAGs
[2025-08-12T15:39:24.124+0000] {logging_mixin.py:150} INFO - [2025-08-12T15:39:24.124+0000] {dag.py:3504} INFO - Setting next_dagrun for example_python_operator to None, run_after=None
[2025-08-12T15:39:24.144+0000] {processor.py:179} INFO - Processing /home/vscode/.local/lib/python3.10/site-packages/airflow/example_dags/example_python_operator.py took 0.063 seconds
[2025-08-12T15:40:08.356+0000] {processor.py:157} INFO - Started process (PID=19374) to work on /home/vscode/.local/lib/python3.10/site-packages/airflow/example_dags/example_python_operator.py
[2025-08-12T15:40:08.357+0000] {processor.py:826} INFO - Processing file /home/vscode/.local/lib/python3.10/site-packages/airflow/example_dags/example_python_operator.py for tasks to queue
[2025-08-12T15:40:08.357+0000] {logging_mixin.py:150} INFO - [2025-08-12T15:40:08.357+0000] {dagbag.py:541} INFO - Filling up the DagBag from /home/vscode/.local/lib/python3.10/site-packages/airflow/example_dags/example_python_operator.py
[2025-08-12T15:40:08.366+0000] {processor.py:836} INFO - DAG(s) dict_keys(['example_python_operator']) retrieved from /home/vscode/.local/lib/python3.10/site-packages/airflow/example_dags/example_python_operator.py
[2025-08-12T15:40:08.381+0000] {logging_mixin.py:150} INFO - [2025-08-12T15:40:08.380+0000] {dag.py:2742} INFO - Sync 1 DAGs
[2025-08-12T15:40:08.395+0000] {logging_mixin.py:150} INFO - [2025-08-12T15:40:08.395+0000] {dag.py:3504} INFO - Setting next_dagrun for example_python_operator to None, run_after=None
[2025-08-12T15:40:08.412+0000] {processor.py:179} INFO - Processing /home/vscode/.local/lib/python3.10/site-packages/airflow/example_dags/example_python_operator.py took 0.058 seconds
[2025-08-12T15:40:54.380+0000] {processor.py:157} INFO - Started process (PID=19684) to work on /home/vscode/.local/lib/python3.10/site-packages/airflow/example_dags/example_python_operator.py
[2025-08-12T15:40:54.381+0000] {processor.py:826} INFO - Processing file /home/vscode/.local/lib/python3.10/site-packages/airflow/example_dags/example_python_operator.py for tasks to queue
[2025-08-12T15:40:54.382+0000] {logging_mixin.py:150} INFO - [2025-08-12T15:40:54.382+0000] {dagbag.py:541} INFO - Filling up the DagBag from /home/vscode/.local/lib/python3.10/site-packages/airflow/example_dags/example_python_operator.py
[2025-08-12T15:40:54.393+0000] {processor.py:836} INFO - DAG(s) dict_keys(['example_python_operator']) retrieved from /home/vscode/.local/lib/python3.10/site-packages/airflow/example_dags/example_python_operator.py
[2025-08-12T15:40:54.407+0000] {logging_mixin.py:150} INFO - [2025-08-12T15:40:54.407+0000] {dag.py:2742} INFO - Sync 1 DAGs
[2025-08-12T15:40:54.421+0000] {logging_mixin.py:150} INFO - [2025-08-12T15:40:54.421+0000] {dag.py:3504} INFO - Setting next_dagrun for example_python_operator to None, run_after=None
[2025-08-12T15:40:54.436+0000] {processor.py:179} INFO - Processing /home/vscode/.local/lib/python3.10/site-packages/airflow/example_dags/example_python_operator.py took 0.059 seconds
[2025-08-12T15:41:36.834+0000] {processor.py:157} INFO - Started process (PID=19962) to work on /home/vscode/.local/lib/python3.10/site-packages/airflow/example_dags/example_python_operator.py
[2025-08-12T15:41:36.835+0000] {processor.py:826} INFO - Processing file /home/vscode/.local/lib/python3.10/site-packages/airflow/example_dags/example_python_operator.py for tasks to queue
[2025-08-12T15:41:36.836+0000] {logging_mixin.py:150} INFO - [2025-08-12T15:41:36.835+0000] {dagbag.py:541} INFO - Filling up the DagBag from /home/vscode/.local/lib/python3.10/site-packages/airflow/example_dags/example_python_operator.py
[2025-08-12T15:41:36.843+0000] {processor.py:836} INFO - DAG(s) dict_keys(['example_python_operator']) retrieved from /home/vscode/.local/lib/python3.10/site-packages/airflow/example_dags/example_python_operator.py
[2025-08-12T15:41:36.857+0000] {logging_mixin.py:150} INFO - [2025-08-12T15:41:36.857+0000] {dag.py:2742} INFO - Sync 1 DAGs
[2025-08-12T15:41:36.871+0000] {logging_mixin.py:150} INFO - [2025-08-12T15:41:36.871+0000] {dag.py:3504} INFO - Setting next_dagrun for example_python_operator to None, run_after=None
[2025-08-12T15:41:36.886+0000] {processor.py:179} INFO - Processing /home/vscode/.local/lib/python3.10/site-packages/airflow/example_dags/example_python_operator.py took 0.054 seconds
[2025-08-12T15:42:24.532+0000] {processor.py:157} INFO - Started process (PID=20285) to work on /home/vscode/.local/lib/python3.10/site-packages/airflow/example_dags/example_python_operator.py
[2025-08-12T15:42:24.533+0000] {processor.py:826} INFO - Processing file /home/vscode/.local/lib/python3.10/site-packages/airflow/example_dags/example_python_operator.py for tasks to queue
[2025-08-12T15:42:24.534+0000] {logging_mixin.py:150} INFO - [2025-08-12T15:42:24.533+0000] {dagbag.py:541} INFO - Filling up the DagBag from /home/vscode/.local/lib/python3.10/site-packages/airflow/example_dags/example_python_operator.py
[2025-08-12T15:42:24.545+0000] {processor.py:836} INFO - DAG(s) dict_keys(['example_python_operator']) retrieved from /home/vscode/.local/lib/python3.10/site-packages/airflow/example_dags/example_python_operator.py
[2025-08-12T15:42:24.564+0000] {logging_mixin.py:150} INFO - [2025-08-12T15:42:24.564+0000] {dag.py:2742} INFO - Sync 1 DAGs
[2025-08-12T15:42:24.579+0000] {logging_mixin.py:150} INFO - [2025-08-12T15:42:24.578+0000] {dag.py:3504} INFO - Setting next_dagrun for example_python_operator to None, run_after=None
[2025-08-12T15:42:24.594+0000] {processor.py:179} INFO - Processing /home/vscode/.local/lib/python3.10/site-packages/airflow/example_dags/example_python_operator.py took 0.065 seconds
[2025-08-12T15:43:07.217+0000] {processor.py:157} INFO - Started process (PID=20566) to work on /home/vscode/.local/lib/python3.10/site-packages/airflow/example_dags/example_python_operator.py
[2025-08-12T15:43:07.217+0000] {processor.py:826} INFO - Processing file /home/vscode/.local/lib/python3.10/site-packages/airflow/example_dags/example_python_operator.py for tasks to queue
[2025-08-12T15:43:07.218+0000] {logging_mixin.py:150} INFO - [2025-08-12T15:43:07.218+0000] {dagbag.py:541} INFO - Filling up the DagBag from /home/vscode/.local/lib/python3.10/site-packages/airflow/example_dags/example_python_operator.py
[2025-08-12T15:43:07.226+0000] {processor.py:836} INFO - DAG(s) dict_keys(['example_python_operator']) retrieved from /home/vscode/.local/lib/python3.10/site-packages/airflow/example_dags/example_python_operator.py
[2025-08-12T15:43:07.241+0000] {logging_mixin.py:150} INFO - [2025-08-12T15:43:07.240+0000] {dag.py:2742} INFO - Sync 1 DAGs
[2025-08-12T15:43:07.255+0000] {logging_mixin.py:150} INFO - [2025-08-12T15:43:07.255+0000] {dag.py:3504} INFO - Setting next_dagrun for example_python_operator to None, run_after=None
[2025-08-12T15:43:07.271+0000] {processor.py:179} INFO - Processing /home/vscode/.local/lib/python3.10/site-packages/airflow/example_dags/example_python_operator.py took 0.056 seconds
[2025-08-12T15:43:53.870+0000] {processor.py:157} INFO - Started process (PID=20867) to work on /home/vscode/.local/lib/python3.10/site-packages/airflow/example_dags/example_python_operator.py
[2025-08-12T15:43:53.871+0000] {processor.py:826} INFO - Processing file /home/vscode/.local/lib/python3.10/site-packages/airflow/example_dags/example_python_operator.py for tasks to queue
[2025-08-12T15:43:53.871+0000] {logging_mixin.py:150} INFO - [2025-08-12T15:43:53.871+0000] {dagbag.py:541} INFO - Filling up the DagBag from /home/vscode/.local/lib/python3.10/site-packages/airflow/example_dags/example_python_operator.py
[2025-08-12T15:43:53.883+0000] {processor.py:836} INFO - DAG(s) dict_keys(['example_python_operator']) retrieved from /home/vscode/.local/lib/python3.10/site-packages/airflow/example_dags/example_python_operator.py
[2025-08-12T15:43:53.904+0000] {logging_mixin.py:150} INFO - [2025-08-12T15:43:53.904+0000] {dag.py:2742} INFO - Sync 1 DAGs
[2025-08-12T15:43:53.925+0000] {logging_mixin.py:150} INFO - [2025-08-12T15:43:53.925+0000] {dag.py:3504} INFO - Setting next_dagrun for example_python_operator to None, run_after=None
[2025-08-12T15:43:53.942+0000] {processor.py:179} INFO - Processing /home/vscode/.local/lib/python3.10/site-packages/airflow/example_dags/example_python_operator.py took 0.076 seconds
[2025-08-12T15:44:36.834+0000] {processor.py:157} INFO - Started process (PID=21159) to work on /home/vscode/.local/lib/python3.10/site-packages/airflow/example_dags/example_python_operator.py
[2025-08-12T15:44:36.834+0000] {processor.py:826} INFO - Processing file /home/vscode/.local/lib/python3.10/site-packages/airflow/example_dags/example_python_operator.py for tasks to queue
[2025-08-12T15:44:36.835+0000] {logging_mixin.py:150} INFO - [2025-08-12T15:44:36.835+0000] {dagbag.py:541} INFO - Filling up the DagBag from /home/vscode/.local/lib/python3.10/site-packages/airflow/example_dags/example_python_operator.py
[2025-08-12T15:44:36.842+0000] {processor.py:836} INFO - DAG(s) dict_keys(['example_python_operator']) retrieved from /home/vscode/.local/lib/python3.10/site-packages/airflow/example_dags/example_python_operator.py
[2025-08-12T15:44:36.856+0000] {logging_mixin.py:150} INFO - [2025-08-12T15:44:36.856+0000] {dag.py:2742} INFO - Sync 1 DAGs
[2025-08-12T15:44:36.871+0000] {logging_mixin.py:150} INFO - [2025-08-12T15:44:36.871+0000] {dag.py:3504} INFO - Setting next_dagrun for example_python_operator to None, run_after=None
[2025-08-12T15:44:36.887+0000] {processor.py:179} INFO - Processing /home/vscode/.local/lib/python3.10/site-packages/airflow/example_dags/example_python_operator.py took 0.056 seconds
[2025-08-12T15:45:18.381+0000] {processor.py:157} INFO - Started process (PID=21436) to work on /home/vscode/.local/lib/python3.10/site-packages/airflow/example_dags/example_python_operator.py
[2025-08-12T15:45:18.382+0000] {processor.py:826} INFO - Processing file /home/vscode/.local/lib/python3.10/site-packages/airflow/example_dags/example_python_operator.py for tasks to queue
[2025-08-12T15:45:18.383+0000] {logging_mixin.py:150} INFO - [2025-08-12T15:45:18.382+0000] {dagbag.py:541} INFO - Filling up the DagBag from /home/vscode/.local/lib/python3.10/site-packages/airflow/example_dags/example_python_operator.py
[2025-08-12T15:45:18.390+0000] {processor.py:836} INFO - DAG(s) dict_keys(['example_python_operator']) retrieved from /home/vscode/.local/lib/python3.10/site-packages/airflow/example_dags/example_python_operator.py
[2025-08-12T15:45:18.404+0000] {logging_mixin.py:150} INFO - [2025-08-12T15:45:18.404+0000] {dag.py:2742} INFO - Sync 1 DAGs
[2025-08-12T15:45:18.418+0000] {logging_mixin.py:150} INFO - [2025-08-12T15:45:18.417+0000] {dag.py:3504} INFO - Setting next_dagrun for example_python_operator to None, run_after=None
[2025-08-12T15:45:18.434+0000] {processor.py:179} INFO - Processing /home/vscode/.local/lib/python3.10/site-packages/airflow/example_dags/example_python_operator.py took 0.055 seconds
[2025-08-12T15:46:01.789+0000] {processor.py:157} INFO - Started process (PID=21728) to work on /home/vscode/.local/lib/python3.10/site-packages/airflow/example_dags/example_python_operator.py
[2025-08-12T15:46:01.789+0000] {processor.py:826} INFO - Processing file /home/vscode/.local/lib/python3.10/site-packages/airflow/example_dags/example_python_operator.py for tasks to queue
[2025-08-12T15:46:01.790+0000] {logging_mixin.py:150} INFO - [2025-08-12T15:46:01.790+0000] {dagbag.py:541} INFO - Filling up the DagBag from /home/vscode/.local/lib/python3.10/site-packages/airflow/example_dags/example_python_operator.py
[2025-08-12T15:46:01.797+0000] {processor.py:836} INFO - DAG(s) dict_keys(['example_python_operator']) retrieved from /home/vscode/.local/lib/python3.10/site-packages/airflow/example_dags/example_python_operator.py
[2025-08-12T15:46:01.811+0000] {logging_mixin.py:150} INFO - [2025-08-12T15:46:01.811+0000] {dag.py:2742} INFO - Sync 1 DAGs
[2025-08-12T15:46:01.825+0000] {logging_mixin.py:150} INFO - [2025-08-12T15:46:01.825+0000] {dag.py:3504} INFO - Setting next_dagrun for example_python_operator to None, run_after=None
[2025-08-12T15:46:01.841+0000] {processor.py:179} INFO - Processing /home/vscode/.local/lib/python3.10/site-packages/airflow/example_dags/example_python_operator.py took 0.055 seconds
[2025-08-12T15:46:46.315+0000] {processor.py:157} INFO - Started process (PID=22018) to work on /home/vscode/.local/lib/python3.10/site-packages/airflow/example_dags/example_python_operator.py
[2025-08-12T15:46:46.316+0000] {processor.py:826} INFO - Processing file /home/vscode/.local/lib/python3.10/site-packages/airflow/example_dags/example_python_operator.py for tasks to queue
[2025-08-12T15:46:46.317+0000] {logging_mixin.py:150} INFO - [2025-08-12T15:46:46.317+0000] {dagbag.py:541} INFO - Filling up the DagBag from /home/vscode/.local/lib/python3.10/site-packages/airflow/example_dags/example_python_operator.py
[2025-08-12T15:46:46.330+0000] {processor.py:836} INFO - DAG(s) dict_keys(['example_python_operator']) retrieved from /home/vscode/.local/lib/python3.10/site-packages/airflow/example_dags/example_python_operator.py
[2025-08-12T15:46:46.353+0000] {logging_mixin.py:150} INFO - [2025-08-12T15:46:46.353+0000] {dag.py:2742} INFO - Sync 1 DAGs
[2025-08-12T15:46:46.374+0000] {logging_mixin.py:150} INFO - [2025-08-12T15:46:46.374+0000] {dag.py:3504} INFO - Setting next_dagrun for example_python_operator to None, run_after=None
[2025-08-12T15:46:46.400+0000] {processor.py:179} INFO - Processing /home/vscode/.local/lib/python3.10/site-packages/airflow/example_dags/example_python_operator.py took 0.087 seconds
[2025-08-12T15:47:28.334+0000] {processor.py:157} INFO - Started process (PID=22306) to work on /home/vscode/.local/lib/python3.10/site-packages/airflow/example_dags/example_python_operator.py
[2025-08-12T15:47:28.334+0000] {processor.py:826} INFO - Processing file /home/vscode/.local/lib/python3.10/site-packages/airflow/example_dags/example_python_operator.py for tasks to queue
[2025-08-12T15:47:28.335+0000] {logging_mixin.py:150} INFO - [2025-08-12T15:47:28.335+0000] {dagbag.py:541} INFO - Filling up the DagBag from /home/vscode/.local/lib/python3.10/site-packages/airflow/example_dags/example_python_operator.py
[2025-08-12T15:47:28.343+0000] {processor.py:836} INFO - DAG(s) dict_keys(['example_python_operator']) retrieved from /home/vscode/.local/lib/python3.10/site-packages/airflow/example_dags/example_python_operator.py
[2025-08-12T15:47:28.359+0000] {logging_mixin.py:150} INFO - [2025-08-12T15:47:28.359+0000] {dag.py:2742} INFO - Sync 1 DAGs
[2025-08-12T15:47:28.374+0000] {logging_mixin.py:150} INFO - [2025-08-12T15:47:28.374+0000] {dag.py:3504} INFO - Setting next_dagrun for example_python_operator to None, run_after=None
[2025-08-12T15:47:28.390+0000] {processor.py:179} INFO - Processing /home/vscode/.local/lib/python3.10/site-packages/airflow/example_dags/example_python_operator.py took 0.058 seconds
[2025-08-12T15:48:12.605+0000] {processor.py:157} INFO - Started process (PID=22596) to work on /home/vscode/.local/lib/python3.10/site-packages/airflow/example_dags/example_python_operator.py
[2025-08-12T15:48:12.606+0000] {processor.py:826} INFO - Processing file /home/vscode/.local/lib/python3.10/site-packages/airflow/example_dags/example_python_operator.py for tasks to queue
[2025-08-12T15:48:12.607+0000] {logging_mixin.py:150} INFO - [2025-08-12T15:48:12.606+0000] {dagbag.py:541} INFO - Filling up the DagBag from /home/vscode/.local/lib/python3.10/site-packages/airflow/example_dags/example_python_operator.py
[2025-08-12T15:48:12.615+0000] {processor.py:836} INFO - DAG(s) dict_keys(['example_python_operator']) retrieved from /home/vscode/.local/lib/python3.10/site-packages/airflow/example_dags/example_python_operator.py
[2025-08-12T15:48:12.632+0000] {logging_mixin.py:150} INFO - [2025-08-12T15:48:12.632+0000] {dag.py:2742} INFO - Sync 1 DAGs
[2025-08-12T15:48:12.648+0000] {logging_mixin.py:150} INFO - [2025-08-12T15:48:12.647+0000] {dag.py:3504} INFO - Setting next_dagrun for example_python_operator to None, run_after=None
[2025-08-12T15:48:12.665+0000] {processor.py:179} INFO - Processing /home/vscode/.local/lib/python3.10/site-packages/airflow/example_dags/example_python_operator.py took 0.062 seconds
[2025-08-12T15:48:54.096+0000] {processor.py:157} INFO - Started process (PID=22891) to work on /home/vscode/.local/lib/python3.10/site-packages/airflow/example_dags/example_python_operator.py
[2025-08-12T15:48:54.096+0000] {processor.py:826} INFO - Processing file /home/vscode/.local/lib/python3.10/site-packages/airflow/example_dags/example_python_operator.py for tasks to queue
[2025-08-12T15:48:54.097+0000] {logging_mixin.py:150} INFO - [2025-08-12T15:48:54.097+0000] {dagbag.py:541} INFO - Filling up the DagBag from /home/vscode/.local/lib/python3.10/site-packages/airflow/example_dags/example_python_operator.py
[2025-08-12T15:48:54.105+0000] {processor.py:836} INFO - DAG(s) dict_keys(['example_python_operator']) retrieved from /home/vscode/.local/lib/python3.10/site-packages/airflow/example_dags/example_python_operator.py
[2025-08-12T15:48:54.119+0000] {logging_mixin.py:150} INFO - [2025-08-12T15:48:54.119+0000] {dag.py:2742} INFO - Sync 1 DAGs
[2025-08-12T15:48:54.134+0000] {logging_mixin.py:150} INFO - [2025-08-12T15:48:54.134+0000] {dag.py:3504} INFO - Setting next_dagrun for example_python_operator to None, run_after=None
[2025-08-12T15:48:54.149+0000] {processor.py:179} INFO - Processing /home/vscode/.local/lib/python3.10/site-packages/airflow/example_dags/example_python_operator.py took 0.056 seconds
[2025-08-12T15:49:37.338+0000] {processor.py:157} INFO - Started process (PID=23193) to work on /home/vscode/.local/lib/python3.10/site-packages/airflow/example_dags/example_python_operator.py
[2025-08-12T15:49:37.339+0000] {processor.py:826} INFO - Processing file /home/vscode/.local/lib/python3.10/site-packages/airflow/example_dags/example_python_operator.py for tasks to queue
[2025-08-12T15:49:37.340+0000] {logging_mixin.py:150} INFO - [2025-08-12T15:49:37.339+0000] {dagbag.py:541} INFO - Filling up the DagBag from /home/vscode/.local/lib/python3.10/site-packages/airflow/example_dags/example_python_operator.py
[2025-08-12T15:49:37.348+0000] {processor.py:836} INFO - DAG(s) dict_keys(['example_python_operator']) retrieved from /home/vscode/.local/lib/python3.10/site-packages/airflow/example_dags/example_python_operator.py
[2025-08-12T15:49:37.363+0000] {logging_mixin.py:150} INFO - [2025-08-12T15:49:37.363+0000] {dag.py:2742} INFO - Sync 1 DAGs
[2025-08-12T15:49:37.380+0000] {logging_mixin.py:150} INFO - [2025-08-12T15:49:37.379+0000] {dag.py:3504} INFO - Setting next_dagrun for example_python_operator to None, run_after=None
[2025-08-12T15:49:37.395+0000] {processor.py:179} INFO - Processing /home/vscode/.local/lib/python3.10/site-packages/airflow/example_dags/example_python_operator.py took 0.059 seconds
[2025-08-12T15:50:24.217+0000] {processor.py:157} INFO - Started process (PID=23667) to work on /home/vscode/.local/lib/python3.10/site-packages/airflow/example_dags/example_python_operator.py
[2025-08-12T15:50:24.218+0000] {processor.py:826} INFO - Processing file /home/vscode/.local/lib/python3.10/site-packages/airflow/example_dags/example_python_operator.py for tasks to queue
[2025-08-12T15:50:24.218+0000] {logging_mixin.py:150} INFO - [2025-08-12T15:50:24.218+0000] {dagbag.py:541} INFO - Filling up the DagBag from /home/vscode/.local/lib/python3.10/site-packages/airflow/example_dags/example_python_operator.py
[2025-08-12T15:50:24.226+0000] {processor.py:836} INFO - DAG(s) dict_keys(['example_python_operator']) retrieved from /home/vscode/.local/lib/python3.10/site-packages/airflow/example_dags/example_python_operator.py
[2025-08-12T15:50:24.242+0000] {logging_mixin.py:150} INFO - [2025-08-12T15:50:24.241+0000] {dag.py:2742} INFO - Sync 1 DAGs
[2025-08-12T15:50:24.256+0000] {logging_mixin.py:150} INFO - [2025-08-12T15:50:24.256+0000] {dag.py:3504} INFO - Setting next_dagrun for example_python_operator to None, run_after=None
[2025-08-12T15:50:24.272+0000] {processor.py:179} INFO - Processing /home/vscode/.local/lib/python3.10/site-packages/airflow/example_dags/example_python_operator.py took 0.057 seconds
[2025-08-12T15:51:08.607+0000] {processor.py:157} INFO - Started process (PID=24031) to work on /home/vscode/.local/lib/python3.10/site-packages/airflow/example_dags/example_python_operator.py
[2025-08-12T15:51:08.608+0000] {processor.py:826} INFO - Processing file /home/vscode/.local/lib/python3.10/site-packages/airflow/example_dags/example_python_operator.py for tasks to queue
[2025-08-12T15:51:08.609+0000] {logging_mixin.py:150} INFO - [2025-08-12T15:51:08.608+0000] {dagbag.py:541} INFO - Filling up the DagBag from /home/vscode/.local/lib/python3.10/site-packages/airflow/example_dags/example_python_operator.py
[2025-08-12T15:51:08.617+0000] {processor.py:836} INFO - DAG(s) dict_keys(['example_python_operator']) retrieved from /home/vscode/.local/lib/python3.10/site-packages/airflow/example_dags/example_python_operator.py
[2025-08-12T15:51:08.632+0000] {logging_mixin.py:150} INFO - [2025-08-12T15:51:08.631+0000] {dag.py:2742} INFO - Sync 1 DAGs
[2025-08-12T15:51:08.647+0000] {logging_mixin.py:150} INFO - [2025-08-12T15:51:08.647+0000] {dag.py:3504} INFO - Setting next_dagrun for example_python_operator to None, run_after=None
[2025-08-12T15:51:08.664+0000] {processor.py:179} INFO - Processing /home/vscode/.local/lib/python3.10/site-packages/airflow/example_dags/example_python_operator.py took 0.058 seconds
[2025-08-12T15:51:52.865+0000] {processor.py:157} INFO - Started process (PID=24328) to work on /home/vscode/.local/lib/python3.10/site-packages/airflow/example_dags/example_python_operator.py
[2025-08-12T15:51:52.865+0000] {processor.py:826} INFO - Processing file /home/vscode/.local/lib/python3.10/site-packages/airflow/example_dags/example_python_operator.py for tasks to queue
[2025-08-12T15:51:52.866+0000] {logging_mixin.py:150} INFO - [2025-08-12T15:51:52.866+0000] {dagbag.py:541} INFO - Filling up the DagBag from /home/vscode/.local/lib/python3.10/site-packages/airflow/example_dags/example_python_operator.py
[2025-08-12T15:51:52.873+0000] {processor.py:836} INFO - DAG(s) dict_keys(['example_python_operator']) retrieved from /home/vscode/.local/lib/python3.10/site-packages/airflow/example_dags/example_python_operator.py
[2025-08-12T15:51:52.889+0000] {logging_mixin.py:150} INFO - [2025-08-12T15:51:52.889+0000] {dag.py:2742} INFO - Sync 1 DAGs
[2025-08-12T15:51:52.903+0000] {logging_mixin.py:150} INFO - [2025-08-12T15:51:52.903+0000] {dag.py:3504} INFO - Setting next_dagrun for example_python_operator to None, run_after=None
[2025-08-12T15:51:52.918+0000] {processor.py:179} INFO - Processing /home/vscode/.local/lib/python3.10/site-packages/airflow/example_dags/example_python_operator.py took 0.056 seconds
[2025-08-12T15:52:36.150+0000] {processor.py:157} INFO - Started process (PID=24629) to work on /home/vscode/.local/lib/python3.10/site-packages/airflow/example_dags/example_python_operator.py
[2025-08-12T15:52:36.150+0000] {processor.py:826} INFO - Processing file /home/vscode/.local/lib/python3.10/site-packages/airflow/example_dags/example_python_operator.py for tasks to queue
[2025-08-12T15:52:36.151+0000] {logging_mixin.py:150} INFO - [2025-08-12T15:52:36.151+0000] {dagbag.py:541} INFO - Filling up the DagBag from /home/vscode/.local/lib/python3.10/site-packages/airflow/example_dags/example_python_operator.py
[2025-08-12T15:52:36.159+0000] {processor.py:836} INFO - DAG(s) dict_keys(['example_python_operator']) retrieved from /home/vscode/.local/lib/python3.10/site-packages/airflow/example_dags/example_python_operator.py
[2025-08-12T15:52:36.173+0000] {logging_mixin.py:150} INFO - [2025-08-12T15:52:36.173+0000] {dag.py:2742} INFO - Sync 1 DAGs
[2025-08-12T15:52:36.187+0000] {logging_mixin.py:150} INFO - [2025-08-12T15:52:36.187+0000] {dag.py:3504} INFO - Setting next_dagrun for example_python_operator to None, run_after=None
[2025-08-12T15:52:36.203+0000] {processor.py:179} INFO - Processing /home/vscode/.local/lib/python3.10/site-packages/airflow/example_dags/example_python_operator.py took 0.055 seconds
[2025-08-12T15:53:18.972+0000] {processor.py:157} INFO - Started process (PID=24953) to work on /home/vscode/.local/lib/python3.10/site-packages/airflow/example_dags/example_python_operator.py
[2025-08-12T15:53:18.973+0000] {processor.py:826} INFO - Processing file /home/vscode/.local/lib/python3.10/site-packages/airflow/example_dags/example_python_operator.py for tasks to queue
[2025-08-12T15:53:18.973+0000] {logging_mixin.py:150} INFO - [2025-08-12T15:53:18.973+0000] {dagbag.py:541} INFO - Filling up the DagBag from /home/vscode/.local/lib/python3.10/site-packages/airflow/example_dags/example_python_operator.py
[2025-08-12T15:53:18.984+0000] {processor.py:836} INFO - DAG(s) dict_keys(['example_python_operator']) retrieved from /home/vscode/.local/lib/python3.10/site-packages/airflow/example_dags/example_python_operator.py
[2025-08-12T15:53:19.007+0000] {logging_mixin.py:150} INFO - [2025-08-12T15:53:19.007+0000] {dag.py:2742} INFO - Sync 1 DAGs
[2025-08-12T15:53:19.029+0000] {logging_mixin.py:150} INFO - [2025-08-12T15:53:19.029+0000] {dag.py:3504} INFO - Setting next_dagrun for example_python_operator to None, run_after=None
[2025-08-12T15:53:19.049+0000] {processor.py:179} INFO - Processing /home/vscode/.local/lib/python3.10/site-packages/airflow/example_dags/example_python_operator.py took 0.079 seconds
[2025-08-12T15:53:59.685+0000] {processor.py:157} INFO - Started process (PID=25258) to work on /home/vscode/.local/lib/python3.10/site-packages/airflow/example_dags/example_python_operator.py
[2025-08-12T15:53:59.686+0000] {processor.py:826} INFO - Processing file /home/vscode/.local/lib/python3.10/site-packages/airflow/example_dags/example_python_operator.py for tasks to queue
[2025-08-12T15:53:59.686+0000] {logging_mixin.py:150} INFO - [2025-08-12T15:53:59.686+0000] {dagbag.py:541} INFO - Filling up the DagBag from /home/vscode/.local/lib/python3.10/site-packages/airflow/example_dags/example_python_operator.py
[2025-08-12T15:53:59.694+0000] {processor.py:836} INFO - DAG(s) dict_keys(['example_python_operator']) retrieved from /home/vscode/.local/lib/python3.10/site-packages/airflow/example_dags/example_python_operator.py
[2025-08-12T15:53:59.708+0000] {logging_mixin.py:150} INFO - [2025-08-12T15:53:59.708+0000] {dag.py:2742} INFO - Sync 1 DAGs
[2025-08-12T15:53:59.722+0000] {logging_mixin.py:150} INFO - [2025-08-12T15:53:59.722+0000] {dag.py:3504} INFO - Setting next_dagrun for example_python_operator to None, run_after=None
[2025-08-12T15:53:59.738+0000] {processor.py:179} INFO - Processing /home/vscode/.local/lib/python3.10/site-packages/airflow/example_dags/example_python_operator.py took 0.055 seconds
[2025-08-12T15:54:45.798+0000] {processor.py:157} INFO - Started process (PID=25620) to work on /home/vscode/.local/lib/python3.10/site-packages/airflow/example_dags/example_python_operator.py
[2025-08-12T15:54:45.799+0000] {processor.py:826} INFO - Processing file /home/vscode/.local/lib/python3.10/site-packages/airflow/example_dags/example_python_operator.py for tasks to queue
[2025-08-12T15:54:45.799+0000] {logging_mixin.py:150} INFO - [2025-08-12T15:54:45.799+0000] {dagbag.py:541} INFO - Filling up the DagBag from /home/vscode/.local/lib/python3.10/site-packages/airflow/example_dags/example_python_operator.py
[2025-08-12T15:54:45.807+0000] {processor.py:836} INFO - DAG(s) dict_keys(['example_python_operator']) retrieved from /home/vscode/.local/lib/python3.10/site-packages/airflow/example_dags/example_python_operator.py
[2025-08-12T15:54:45.820+0000] {logging_mixin.py:150} INFO - [2025-08-12T15:54:45.820+0000] {dag.py:2742} INFO - Sync 1 DAGs
[2025-08-12T15:54:45.834+0000] {logging_mixin.py:150} INFO - [2025-08-12T15:54:45.834+0000] {dag.py:3504} INFO - Setting next_dagrun for example_python_operator to None, run_after=None
[2025-08-12T15:54:45.849+0000] {processor.py:179} INFO - Processing /home/vscode/.local/lib/python3.10/site-packages/airflow/example_dags/example_python_operator.py took 0.053 seconds
[2025-08-12T15:55:27.481+0000] {processor.py:157} INFO - Started process (PID=25940) to work on /home/vscode/.local/lib/python3.10/site-packages/airflow/example_dags/example_python_operator.py
[2025-08-12T15:55:27.482+0000] {processor.py:826} INFO - Processing file /home/vscode/.local/lib/python3.10/site-packages/airflow/example_dags/example_python_operator.py for tasks to queue
[2025-08-12T15:55:27.482+0000] {logging_mixin.py:150} INFO - [2025-08-12T15:55:27.482+0000] {dagbag.py:541} INFO - Filling up the DagBag from /home/vscode/.local/lib/python3.10/site-packages/airflow/example_dags/example_python_operator.py
[2025-08-12T15:55:27.490+0000] {processor.py:836} INFO - DAG(s) dict_keys(['example_python_operator']) retrieved from /home/vscode/.local/lib/python3.10/site-packages/airflow/example_dags/example_python_operator.py
[2025-08-12T15:55:27.505+0000] {logging_mixin.py:150} INFO - [2025-08-12T15:55:27.505+0000] {dag.py:2742} INFO - Sync 1 DAGs
[2025-08-12T15:55:27.520+0000] {logging_mixin.py:150} INFO - [2025-08-12T15:55:27.520+0000] {dag.py:3504} INFO - Setting next_dagrun for example_python_operator to None, run_after=None
[2025-08-12T15:55:27.536+0000] {processor.py:179} INFO - Processing /home/vscode/.local/lib/python3.10/site-packages/airflow/example_dags/example_python_operator.py took 0.058 seconds
[2025-08-12T15:56:14.861+0000] {processor.py:157} INFO - Started process (PID=26302) to work on /home/vscode/.local/lib/python3.10/site-packages/airflow/example_dags/example_python_operator.py
[2025-08-12T15:56:14.862+0000] {processor.py:826} INFO - Processing file /home/vscode/.local/lib/python3.10/site-packages/airflow/example_dags/example_python_operator.py for tasks to queue
[2025-08-12T15:56:14.862+0000] {logging_mixin.py:150} INFO - [2025-08-12T15:56:14.862+0000] {dagbag.py:541} INFO - Filling up the DagBag from /home/vscode/.local/lib/python3.10/site-packages/airflow/example_dags/example_python_operator.py
[2025-08-12T15:56:14.870+0000] {processor.py:836} INFO - DAG(s) dict_keys(['example_python_operator']) retrieved from /home/vscode/.local/lib/python3.10/site-packages/airflow/example_dags/example_python_operator.py
[2025-08-12T15:56:14.884+0000] {logging_mixin.py:150} INFO - [2025-08-12T15:56:14.883+0000] {dag.py:2742} INFO - Sync 1 DAGs
[2025-08-12T15:56:14.897+0000] {logging_mixin.py:150} INFO - [2025-08-12T15:56:14.897+0000] {dag.py:3504} INFO - Setting next_dagrun for example_python_operator to None, run_after=None
[2025-08-12T15:56:14.912+0000] {processor.py:179} INFO - Processing /home/vscode/.local/lib/python3.10/site-packages/airflow/example_dags/example_python_operator.py took 0.053 seconds
[2025-08-12T15:56:57.086+0000] {processor.py:157} INFO - Started process (PID=26626) to work on /home/vscode/.local/lib/python3.10/site-packages/airflow/example_dags/example_python_operator.py
[2025-08-12T15:56:57.087+0000] {processor.py:826} INFO - Processing file /home/vscode/.local/lib/python3.10/site-packages/airflow/example_dags/example_python_operator.py for tasks to queue
[2025-08-12T15:56:57.087+0000] {logging_mixin.py:150} INFO - [2025-08-12T15:56:57.087+0000] {dagbag.py:541} INFO - Filling up the DagBag from /home/vscode/.local/lib/python3.10/site-packages/airflow/example_dags/example_python_operator.py
[2025-08-12T15:56:57.095+0000] {processor.py:836} INFO - DAG(s) dict_keys(['example_python_operator']) retrieved from /home/vscode/.local/lib/python3.10/site-packages/airflow/example_dags/example_python_operator.py
[2025-08-12T15:56:57.110+0000] {logging_mixin.py:150} INFO - [2025-08-12T15:56:57.110+0000] {dag.py:2742} INFO - Sync 1 DAGs
[2025-08-12T15:56:57.125+0000] {logging_mixin.py:150} INFO - [2025-08-12T15:56:57.124+0000] {dag.py:3504} INFO - Setting next_dagrun for example_python_operator to None, run_after=None
[2025-08-12T15:56:57.141+0000] {processor.py:179} INFO - Processing /home/vscode/.local/lib/python3.10/site-packages/airflow/example_dags/example_python_operator.py took 0.057 seconds
[2025-08-12T15:57:38.210+0000] {processor.py:157} INFO - Started process (PID=26938) to work on /home/vscode/.local/lib/python3.10/site-packages/airflow/example_dags/example_python_operator.py
[2025-08-12T15:57:38.211+0000] {processor.py:826} INFO - Processing file /home/vscode/.local/lib/python3.10/site-packages/airflow/example_dags/example_python_operator.py for tasks to queue
[2025-08-12T15:57:38.212+0000] {logging_mixin.py:150} INFO - [2025-08-12T15:57:38.211+0000] {dagbag.py:541} INFO - Filling up the DagBag from /home/vscode/.local/lib/python3.10/site-packages/airflow/example_dags/example_python_operator.py
[2025-08-12T15:57:38.223+0000] {processor.py:836} INFO - DAG(s) dict_keys(['example_python_operator']) retrieved from /home/vscode/.local/lib/python3.10/site-packages/airflow/example_dags/example_python_operator.py
[2025-08-12T15:57:38.240+0000] {logging_mixin.py:150} INFO - [2025-08-12T15:57:38.240+0000] {dag.py:2742} INFO - Sync 1 DAGs
[2025-08-12T15:57:38.254+0000] {logging_mixin.py:150} INFO - [2025-08-12T15:57:38.254+0000] {dag.py:3504} INFO - Setting next_dagrun for example_python_operator to None, run_after=None
[2025-08-12T15:57:38.270+0000] {processor.py:179} INFO - Processing /home/vscode/.local/lib/python3.10/site-packages/airflow/example_dags/example_python_operator.py took 0.063 seconds
[2025-08-12T15:58:24.208+0000] {processor.py:157} INFO - Started process (PID=27255) to work on /home/vscode/.local/lib/python3.10/site-packages/airflow/example_dags/example_python_operator.py
[2025-08-12T15:58:24.209+0000] {processor.py:826} INFO - Processing file /home/vscode/.local/lib/python3.10/site-packages/airflow/example_dags/example_python_operator.py for tasks to queue
[2025-08-12T15:58:24.209+0000] {logging_mixin.py:150} INFO - [2025-08-12T15:58:24.209+0000] {dagbag.py:541} INFO - Filling up the DagBag from /home/vscode/.local/lib/python3.10/site-packages/airflow/example_dags/example_python_operator.py
[2025-08-12T15:58:24.217+0000] {processor.py:836} INFO - DAG(s) dict_keys(['example_python_operator']) retrieved from /home/vscode/.local/lib/python3.10/site-packages/airflow/example_dags/example_python_operator.py
[2025-08-12T15:58:24.231+0000] {logging_mixin.py:150} INFO - [2025-08-12T15:58:24.231+0000] {dag.py:2742} INFO - Sync 1 DAGs
[2025-08-12T15:58:24.245+0000] {logging_mixin.py:150} INFO - [2025-08-12T15:58:24.245+0000] {dag.py:3504} INFO - Setting next_dagrun for example_python_operator to None, run_after=None
[2025-08-12T15:58:24.261+0000] {processor.py:179} INFO - Processing /home/vscode/.local/lib/python3.10/site-packages/airflow/example_dags/example_python_operator.py took 0.055 seconds
[2025-08-12T15:59:08.042+0000] {processor.py:157} INFO - Started process (PID=27543) to work on /home/vscode/.local/lib/python3.10/site-packages/airflow/example_dags/example_python_operator.py
[2025-08-12T15:59:08.043+0000] {processor.py:826} INFO - Processing file /home/vscode/.local/lib/python3.10/site-packages/airflow/example_dags/example_python_operator.py for tasks to queue
[2025-08-12T15:59:08.043+0000] {logging_mixin.py:150} INFO - [2025-08-12T15:59:08.043+0000] {dagbag.py:541} INFO - Filling up the DagBag from /home/vscode/.local/lib/python3.10/site-packages/airflow/example_dags/example_python_operator.py
[2025-08-12T15:59:08.051+0000] {processor.py:836} INFO - DAG(s) dict_keys(['example_python_operator']) retrieved from /home/vscode/.local/lib/python3.10/site-packages/airflow/example_dags/example_python_operator.py
[2025-08-12T15:59:08.065+0000] {logging_mixin.py:150} INFO - [2025-08-12T15:59:08.065+0000] {dag.py:2742} INFO - Sync 1 DAGs
[2025-08-12T15:59:08.080+0000] {logging_mixin.py:150} INFO - [2025-08-12T15:59:08.079+0000] {dag.py:3504} INFO - Setting next_dagrun for example_python_operator to None, run_after=None
[2025-08-12T15:59:08.095+0000] {processor.py:179} INFO - Processing /home/vscode/.local/lib/python3.10/site-packages/airflow/example_dags/example_python_operator.py took 0.055 seconds
[2025-08-12T15:59:48.119+0000] {processor.py:157} INFO - Started process (PID=27812) to work on /home/vscode/.local/lib/python3.10/site-packages/airflow/example_dags/example_python_operator.py
[2025-08-12T15:59:48.120+0000] {processor.py:826} INFO - Processing file /home/vscode/.local/lib/python3.10/site-packages/airflow/example_dags/example_python_operator.py for tasks to queue
[2025-08-12T15:59:48.120+0000] {logging_mixin.py:150} INFO - [2025-08-12T15:59:48.120+0000] {dagbag.py:541} INFO - Filling up the DagBag from /home/vscode/.local/lib/python3.10/site-packages/airflow/example_dags/example_python_operator.py
[2025-08-12T15:59:48.129+0000] {processor.py:836} INFO - DAG(s) dict_keys(['example_python_operator']) retrieved from /home/vscode/.local/lib/python3.10/site-packages/airflow/example_dags/example_python_operator.py
[2025-08-12T15:59:48.144+0000] {logging_mixin.py:150} INFO - [2025-08-12T15:59:48.144+0000] {dag.py:2742} INFO - Sync 1 DAGs
[2025-08-12T15:59:48.158+0000] {logging_mixin.py:150} INFO - [2025-08-12T15:59:48.158+0000] {dag.py:3504} INFO - Setting next_dagrun for example_python_operator to None, run_after=None
[2025-08-12T15:59:48.175+0000] {processor.py:179} INFO - Processing /home/vscode/.local/lib/python3.10/site-packages/airflow/example_dags/example_python_operator.py took 0.058 seconds
[2025-08-12T16:00:30.262+0000] {processor.py:157} INFO - Started process (PID=28099) to work on /home/vscode/.local/lib/python3.10/site-packages/airflow/example_dags/example_python_operator.py
[2025-08-12T16:00:30.263+0000] {processor.py:826} INFO - Processing file /home/vscode/.local/lib/python3.10/site-packages/airflow/example_dags/example_python_operator.py for tasks to queue
[2025-08-12T16:00:30.264+0000] {logging_mixin.py:150} INFO - [2025-08-12T16:00:30.263+0000] {dagbag.py:541} INFO - Filling up the DagBag from /home/vscode/.local/lib/python3.10/site-packages/airflow/example_dags/example_python_operator.py
[2025-08-12T16:00:30.271+0000] {processor.py:836} INFO - DAG(s) dict_keys(['example_python_operator']) retrieved from /home/vscode/.local/lib/python3.10/site-packages/airflow/example_dags/example_python_operator.py
[2025-08-12T16:00:30.286+0000] {logging_mixin.py:150} INFO - [2025-08-12T16:00:30.286+0000] {dag.py:2742} INFO - Sync 1 DAGs
[2025-08-12T16:00:30.301+0000] {logging_mixin.py:150} INFO - [2025-08-12T16:00:30.301+0000] {dag.py:3504} INFO - Setting next_dagrun for example_python_operator to None, run_after=None
[2025-08-12T16:00:30.317+0000] {processor.py:179} INFO - Processing /home/vscode/.local/lib/python3.10/site-packages/airflow/example_dags/example_python_operator.py took 0.057 seconds
[2025-08-12T16:01:13.106+0000] {processor.py:157} INFO - Started process (PID=28513) to work on /home/vscode/.local/lib/python3.10/site-packages/airflow/example_dags/example_python_operator.py
[2025-08-12T16:01:13.107+0000] {processor.py:826} INFO - Processing file /home/vscode/.local/lib/python3.10/site-packages/airflow/example_dags/example_python_operator.py for tasks to queue
[2025-08-12T16:01:13.108+0000] {logging_mixin.py:150} INFO - [2025-08-12T16:01:13.107+0000] {dagbag.py:541} INFO - Filling up the DagBag from /home/vscode/.local/lib/python3.10/site-packages/airflow/example_dags/example_python_operator.py
[2025-08-12T16:01:13.115+0000] {processor.py:836} INFO - DAG(s) dict_keys(['example_python_operator']) retrieved from /home/vscode/.local/lib/python3.10/site-packages/airflow/example_dags/example_python_operator.py
[2025-08-12T16:01:13.130+0000] {logging_mixin.py:150} INFO - [2025-08-12T16:01:13.130+0000] {dag.py:2742} INFO - Sync 1 DAGs
[2025-08-12T16:01:13.145+0000] {logging_mixin.py:150} INFO - [2025-08-12T16:01:13.145+0000] {dag.py:3504} INFO - Setting next_dagrun for example_python_operator to None, run_after=None
[2025-08-12T16:01:13.162+0000] {processor.py:179} INFO - Processing /home/vscode/.local/lib/python3.10/site-packages/airflow/example_dags/example_python_operator.py took 0.058 seconds
[2025-08-12T16:02:02.645+0000] {processor.py:157} INFO - Started process (PID=28880) to work on /home/vscode/.local/lib/python3.10/site-packages/airflow/example_dags/example_python_operator.py
[2025-08-12T16:02:02.646+0000] {processor.py:826} INFO - Processing file /home/vscode/.local/lib/python3.10/site-packages/airflow/example_dags/example_python_operator.py for tasks to queue
[2025-08-12T16:02:02.646+0000] {logging_mixin.py:150} INFO - [2025-08-12T16:02:02.646+0000] {dagbag.py:541} INFO - Filling up the DagBag from /home/vscode/.local/lib/python3.10/site-packages/airflow/example_dags/example_python_operator.py
[2025-08-12T16:02:02.654+0000] {processor.py:836} INFO - DAG(s) dict_keys(['example_python_operator']) retrieved from /home/vscode/.local/lib/python3.10/site-packages/airflow/example_dags/example_python_operator.py
[2025-08-12T16:02:02.669+0000] {logging_mixin.py:150} INFO - [2025-08-12T16:02:02.669+0000] {dag.py:2742} INFO - Sync 1 DAGs
[2025-08-12T16:02:02.683+0000] {logging_mixin.py:150} INFO - [2025-08-12T16:02:02.683+0000] {dag.py:3504} INFO - Setting next_dagrun for example_python_operator to None, run_after=None
[2025-08-12T16:02:02.699+0000] {processor.py:179} INFO - Processing /home/vscode/.local/lib/python3.10/site-packages/airflow/example_dags/example_python_operator.py took 0.056 seconds
[2025-08-12T16:02:43.148+0000] {processor.py:157} INFO - Started process (PID=29152) to work on /home/vscode/.local/lib/python3.10/site-packages/airflow/example_dags/example_python_operator.py
[2025-08-12T16:02:43.148+0000] {processor.py:826} INFO - Processing file /home/vscode/.local/lib/python3.10/site-packages/airflow/example_dags/example_python_operator.py for tasks to queue
[2025-08-12T16:02:43.149+0000] {logging_mixin.py:150} INFO - [2025-08-12T16:02:43.149+0000] {dagbag.py:541} INFO - Filling up the DagBag from /home/vscode/.local/lib/python3.10/site-packages/airflow/example_dags/example_python_operator.py
[2025-08-12T16:02:43.157+0000] {processor.py:836} INFO - DAG(s) dict_keys(['example_python_operator']) retrieved from /home/vscode/.local/lib/python3.10/site-packages/airflow/example_dags/example_python_operator.py
[2025-08-12T16:02:43.172+0000] {logging_mixin.py:150} INFO - [2025-08-12T16:02:43.171+0000] {dag.py:2742} INFO - Sync 1 DAGs
[2025-08-12T16:02:43.187+0000] {logging_mixin.py:150} INFO - [2025-08-12T16:02:43.187+0000] {dag.py:3504} INFO - Setting next_dagrun for example_python_operator to None, run_after=None
[2025-08-12T16:02:43.203+0000] {processor.py:179} INFO - Processing /home/vscode/.local/lib/python3.10/site-packages/airflow/example_dags/example_python_operator.py took 0.058 seconds
[2025-08-12T16:03:24.915+0000] {processor.py:157} INFO - Started process (PID=29426) to work on /home/vscode/.local/lib/python3.10/site-packages/airflow/example_dags/example_python_operator.py
[2025-08-12T16:03:24.916+0000] {processor.py:826} INFO - Processing file /home/vscode/.local/lib/python3.10/site-packages/airflow/example_dags/example_python_operator.py for tasks to queue
[2025-08-12T16:03:24.917+0000] {logging_mixin.py:150} INFO - [2025-08-12T16:03:24.916+0000] {dagbag.py:541} INFO - Filling up the DagBag from /home/vscode/.local/lib/python3.10/site-packages/airflow/example_dags/example_python_operator.py
[2025-08-12T16:03:24.925+0000] {processor.py:836} INFO - DAG(s) dict_keys(['example_python_operator']) retrieved from /home/vscode/.local/lib/python3.10/site-packages/airflow/example_dags/example_python_operator.py
[2025-08-12T16:03:24.939+0000] {logging_mixin.py:150} INFO - [2025-08-12T16:03:24.939+0000] {dag.py:2742} INFO - Sync 1 DAGs
[2025-08-12T16:03:24.954+0000] {logging_mixin.py:150} INFO - [2025-08-12T16:03:24.954+0000] {dag.py:3504} INFO - Setting next_dagrun for example_python_operator to None, run_after=None
[2025-08-12T16:03:24.970+0000] {processor.py:179} INFO - Processing /home/vscode/.local/lib/python3.10/site-packages/airflow/example_dags/example_python_operator.py took 0.056 seconds
[2025-08-12T16:04:09.716+0000] {processor.py:157} INFO - Started process (PID=29726) to work on /home/vscode/.local/lib/python3.10/site-packages/airflow/example_dags/example_python_operator.py
[2025-08-12T16:04:09.717+0000] {processor.py:826} INFO - Processing file /home/vscode/.local/lib/python3.10/site-packages/airflow/example_dags/example_python_operator.py for tasks to queue
[2025-08-12T16:04:09.718+0000] {logging_mixin.py:150} INFO - [2025-08-12T16:04:09.717+0000] {dagbag.py:541} INFO - Filling up the DagBag from /home/vscode/.local/lib/python3.10/site-packages/airflow/example_dags/example_python_operator.py
[2025-08-12T16:04:09.726+0000] {processor.py:836} INFO - DAG(s) dict_keys(['example_python_operator']) retrieved from /home/vscode/.local/lib/python3.10/site-packages/airflow/example_dags/example_python_operator.py
[2025-08-12T16:04:09.740+0000] {logging_mixin.py:150} INFO - [2025-08-12T16:04:09.740+0000] {dag.py:2742} INFO - Sync 1 DAGs
[2025-08-12T16:04:09.755+0000] {logging_mixin.py:150} INFO - [2025-08-12T16:04:09.755+0000] {dag.py:3504} INFO - Setting next_dagrun for example_python_operator to None, run_after=None
[2025-08-12T16:04:09.781+0000] {processor.py:179} INFO - Processing /home/vscode/.local/lib/python3.10/site-packages/airflow/example_dags/example_python_operator.py took 0.067 seconds
[2025-08-12T16:04:57.487+0000] {processor.py:157} INFO - Started process (PID=30039) to work on /home/vscode/.local/lib/python3.10/site-packages/airflow/example_dags/example_python_operator.py
[2025-08-12T16:04:57.487+0000] {processor.py:826} INFO - Processing file /home/vscode/.local/lib/python3.10/site-packages/airflow/example_dags/example_python_operator.py for tasks to queue
[2025-08-12T16:04:57.488+0000] {logging_mixin.py:150} INFO - [2025-08-12T16:04:57.488+0000] {dagbag.py:541} INFO - Filling up the DagBag from /home/vscode/.local/lib/python3.10/site-packages/airflow/example_dags/example_python_operator.py
[2025-08-12T16:04:57.496+0000] {processor.py:836} INFO - DAG(s) dict_keys(['example_python_operator']) retrieved from /home/vscode/.local/lib/python3.10/site-packages/airflow/example_dags/example_python_operator.py
[2025-08-12T16:04:57.510+0000] {logging_mixin.py:150} INFO - [2025-08-12T16:04:57.510+0000] {dag.py:2742} INFO - Sync 1 DAGs
[2025-08-12T16:04:57.524+0000] {logging_mixin.py:150} INFO - [2025-08-12T16:04:57.523+0000] {dag.py:3504} INFO - Setting next_dagrun for example_python_operator to None, run_after=None
[2025-08-12T16:04:57.539+0000] {processor.py:179} INFO - Processing /home/vscode/.local/lib/python3.10/site-packages/airflow/example_dags/example_python_operator.py took 0.055 seconds
[2025-08-12T16:05:39.105+0000] {processor.py:157} INFO - Started process (PID=30318) to work on /home/vscode/.local/lib/python3.10/site-packages/airflow/example_dags/example_python_operator.py
[2025-08-12T16:05:39.106+0000] {processor.py:826} INFO - Processing file /home/vscode/.local/lib/python3.10/site-packages/airflow/example_dags/example_python_operator.py for tasks to queue
[2025-08-12T16:05:39.106+0000] {logging_mixin.py:150} INFO - [2025-08-12T16:05:39.106+0000] {dagbag.py:541} INFO - Filling up the DagBag from /home/vscode/.local/lib/python3.10/site-packages/airflow/example_dags/example_python_operator.py
[2025-08-12T16:05:39.114+0000] {processor.py:836} INFO - DAG(s) dict_keys(['example_python_operator']) retrieved from /home/vscode/.local/lib/python3.10/site-packages/airflow/example_dags/example_python_operator.py
[2025-08-12T16:05:39.129+0000] {logging_mixin.py:150} INFO - [2025-08-12T16:05:39.129+0000] {dag.py:2742} INFO - Sync 1 DAGs
[2025-08-12T16:05:39.143+0000] {logging_mixin.py:150} INFO - [2025-08-12T16:05:39.143+0000] {dag.py:3504} INFO - Setting next_dagrun for example_python_operator to None, run_after=None
[2025-08-12T16:05:39.160+0000] {processor.py:179} INFO - Processing /home/vscode/.local/lib/python3.10/site-packages/airflow/example_dags/example_python_operator.py took 0.057 seconds
[2025-08-12T16:06:26.493+0000] {processor.py:157} INFO - Started process (PID=30634) to work on /home/vscode/.local/lib/python3.10/site-packages/airflow/example_dags/example_python_operator.py
[2025-08-12T16:06:26.494+0000] {processor.py:826} INFO - Processing file /home/vscode/.local/lib/python3.10/site-packages/airflow/example_dags/example_python_operator.py for tasks to queue
[2025-08-12T16:06:26.495+0000] {logging_mixin.py:150} INFO - [2025-08-12T16:06:26.494+0000] {dagbag.py:541} INFO - Filling up the DagBag from /home/vscode/.local/lib/python3.10/site-packages/airflow/example_dags/example_python_operator.py
[2025-08-12T16:06:26.502+0000] {processor.py:836} INFO - DAG(s) dict_keys(['example_python_operator']) retrieved from /home/vscode/.local/lib/python3.10/site-packages/airflow/example_dags/example_python_operator.py
[2025-08-12T16:06:26.516+0000] {logging_mixin.py:150} INFO - [2025-08-12T16:06:26.516+0000] {dag.py:2742} INFO - Sync 1 DAGs
[2025-08-12T16:06:26.531+0000] {logging_mixin.py:150} INFO - [2025-08-12T16:06:26.531+0000] {dag.py:3504} INFO - Setting next_dagrun for example_python_operator to None, run_after=None
[2025-08-12T16:06:26.547+0000] {processor.py:179} INFO - Processing /home/vscode/.local/lib/python3.10/site-packages/airflow/example_dags/example_python_operator.py took 0.055 seconds
[2025-08-12T16:07:09.553+0000] {processor.py:157} INFO - Started process (PID=30921) to work on /home/vscode/.local/lib/python3.10/site-packages/airflow/example_dags/example_python_operator.py
[2025-08-12T16:07:09.553+0000] {processor.py:826} INFO - Processing file /home/vscode/.local/lib/python3.10/site-packages/airflow/example_dags/example_python_operator.py for tasks to queue
[2025-08-12T16:07:09.554+0000] {logging_mixin.py:150} INFO - [2025-08-12T16:07:09.554+0000] {dagbag.py:541} INFO - Filling up the DagBag from /home/vscode/.local/lib/python3.10/site-packages/airflow/example_dags/example_python_operator.py
[2025-08-12T16:07:09.562+0000] {processor.py:836} INFO - DAG(s) dict_keys(['example_python_operator']) retrieved from /home/vscode/.local/lib/python3.10/site-packages/airflow/example_dags/example_python_operator.py
[2025-08-12T16:07:09.576+0000] {logging_mixin.py:150} INFO - [2025-08-12T16:07:09.576+0000] {dag.py:2742} INFO - Sync 1 DAGs
[2025-08-12T16:07:09.590+0000] {logging_mixin.py:150} INFO - [2025-08-12T16:07:09.590+0000] {dag.py:3504} INFO - Setting next_dagrun for example_python_operator to None, run_after=None
[2025-08-12T16:07:09.605+0000] {processor.py:179} INFO - Processing /home/vscode/.local/lib/python3.10/site-packages/airflow/example_dags/example_python_operator.py took 0.055 seconds
[2025-08-12T16:07:50.395+0000] {processor.py:157} INFO - Started process (PID=31191) to work on /home/vscode/.local/lib/python3.10/site-packages/airflow/example_dags/example_python_operator.py
[2025-08-12T16:07:50.396+0000] {processor.py:826} INFO - Processing file /home/vscode/.local/lib/python3.10/site-packages/airflow/example_dags/example_python_operator.py for tasks to queue
[2025-08-12T16:07:50.396+0000] {logging_mixin.py:150} INFO - [2025-08-12T16:07:50.396+0000] {dagbag.py:541} INFO - Filling up the DagBag from /home/vscode/.local/lib/python3.10/site-packages/airflow/example_dags/example_python_operator.py
[2025-08-12T16:07:50.404+0000] {processor.py:836} INFO - DAG(s) dict_keys(['example_python_operator']) retrieved from /home/vscode/.local/lib/python3.10/site-packages/airflow/example_dags/example_python_operator.py
[2025-08-12T16:07:50.419+0000] {logging_mixin.py:150} INFO - [2025-08-12T16:07:50.418+0000] {dag.py:2742} INFO - Sync 1 DAGs
[2025-08-12T16:07:50.433+0000] {logging_mixin.py:150} INFO - [2025-08-12T16:07:50.433+0000] {dag.py:3504} INFO - Setting next_dagrun for example_python_operator to None, run_after=None
[2025-08-12T16:07:50.451+0000] {processor.py:179} INFO - Processing /home/vscode/.local/lib/python3.10/site-packages/airflow/example_dags/example_python_operator.py took 0.059 seconds
[2025-08-12T16:08:32.081+0000] {processor.py:157} INFO - Started process (PID=31473) to work on /home/vscode/.local/lib/python3.10/site-packages/airflow/example_dags/example_python_operator.py
[2025-08-12T16:08:32.081+0000] {processor.py:826} INFO - Processing file /home/vscode/.local/lib/python3.10/site-packages/airflow/example_dags/example_python_operator.py for tasks to queue
[2025-08-12T16:08:32.082+0000] {logging_mixin.py:150} INFO - [2025-08-12T16:08:32.082+0000] {dagbag.py:541} INFO - Filling up the DagBag from /home/vscode/.local/lib/python3.10/site-packages/airflow/example_dags/example_python_operator.py
[2025-08-12T16:08:32.090+0000] {processor.py:836} INFO - DAG(s) dict_keys(['example_python_operator']) retrieved from /home/vscode/.local/lib/python3.10/site-packages/airflow/example_dags/example_python_operator.py
[2025-08-12T16:08:32.103+0000] {logging_mixin.py:150} INFO - [2025-08-12T16:08:32.103+0000] {dag.py:2742} INFO - Sync 1 DAGs
[2025-08-12T16:08:32.117+0000] {logging_mixin.py:150} INFO - [2025-08-12T16:08:32.117+0000] {dag.py:3504} INFO - Setting next_dagrun for example_python_operator to None, run_after=None
[2025-08-12T16:08:32.133+0000] {processor.py:179} INFO - Processing /home/vscode/.local/lib/python3.10/site-packages/airflow/example_dags/example_python_operator.py took 0.054 seconds
[2025-08-12T16:09:14.885+0000] {processor.py:157} INFO - Started process (PID=31757) to work on /home/vscode/.local/lib/python3.10/site-packages/airflow/example_dags/example_python_operator.py
[2025-08-12T16:09:14.886+0000] {processor.py:826} INFO - Processing file /home/vscode/.local/lib/python3.10/site-packages/airflow/example_dags/example_python_operator.py for tasks to queue
[2025-08-12T16:09:14.887+0000] {logging_mixin.py:150} INFO - [2025-08-12T16:09:14.886+0000] {dagbag.py:541} INFO - Filling up the DagBag from /home/vscode/.local/lib/python3.10/site-packages/airflow/example_dags/example_python_operator.py
[2025-08-12T16:09:14.894+0000] {processor.py:836} INFO - DAG(s) dict_keys(['example_python_operator']) retrieved from /home/vscode/.local/lib/python3.10/site-packages/airflow/example_dags/example_python_operator.py
[2025-08-12T16:09:14.909+0000] {logging_mixin.py:150} INFO - [2025-08-12T16:09:14.909+0000] {dag.py:2742} INFO - Sync 1 DAGs
[2025-08-12T16:09:14.923+0000] {logging_mixin.py:150} INFO - [2025-08-12T16:09:14.923+0000] {dag.py:3504} INFO - Setting next_dagrun for example_python_operator to None, run_after=None
[2025-08-12T16:09:14.940+0000] {processor.py:179} INFO - Processing /home/vscode/.local/lib/python3.10/site-packages/airflow/example_dags/example_python_operator.py took 0.057 seconds
[2025-08-12T16:10:00.563+0000] {processor.py:157} INFO - Started process (PID=32060) to work on /home/vscode/.local/lib/python3.10/site-packages/airflow/example_dags/example_python_operator.py
[2025-08-12T16:10:00.563+0000] {processor.py:826} INFO - Processing file /home/vscode/.local/lib/python3.10/site-packages/airflow/example_dags/example_python_operator.py for tasks to queue
[2025-08-12T16:10:00.564+0000] {logging_mixin.py:150} INFO - [2025-08-12T16:10:00.564+0000] {dagbag.py:541} INFO - Filling up the DagBag from /home/vscode/.local/lib/python3.10/site-packages/airflow/example_dags/example_python_operator.py
[2025-08-12T16:10:00.572+0000] {processor.py:836} INFO - DAG(s) dict_keys(['example_python_operator']) retrieved from /home/vscode/.local/lib/python3.10/site-packages/airflow/example_dags/example_python_operator.py
[2025-08-12T16:10:00.587+0000] {logging_mixin.py:150} INFO - [2025-08-12T16:10:00.587+0000] {dag.py:2742} INFO - Sync 1 DAGs
[2025-08-12T16:10:00.602+0000] {logging_mixin.py:150} INFO - [2025-08-12T16:10:00.601+0000] {dag.py:3504} INFO - Setting next_dagrun for example_python_operator to None, run_after=None
[2025-08-12T16:10:00.618+0000] {processor.py:179} INFO - Processing /home/vscode/.local/lib/python3.10/site-packages/airflow/example_dags/example_python_operator.py took 0.058 seconds
[2025-08-12T16:10:47.232+0000] {processor.py:157} INFO - Started process (PID=32375) to work on /home/vscode/.local/lib/python3.10/site-packages/airflow/example_dags/example_python_operator.py
[2025-08-12T16:10:47.233+0000] {processor.py:826} INFO - Processing file /home/vscode/.local/lib/python3.10/site-packages/airflow/example_dags/example_python_operator.py for tasks to queue
[2025-08-12T16:10:47.233+0000] {logging_mixin.py:150} INFO - [2025-08-12T16:10:47.233+0000] {dagbag.py:541} INFO - Filling up the DagBag from /home/vscode/.local/lib/python3.10/site-packages/airflow/example_dags/example_python_operator.py
[2025-08-12T16:10:47.241+0000] {processor.py:836} INFO - DAG(s) dict_keys(['example_python_operator']) retrieved from /home/vscode/.local/lib/python3.10/site-packages/airflow/example_dags/example_python_operator.py
[2025-08-12T16:10:47.256+0000] {logging_mixin.py:150} INFO - [2025-08-12T16:10:47.255+0000] {dag.py:2742} INFO - Sync 1 DAGs
[2025-08-12T16:10:47.270+0000] {logging_mixin.py:150} INFO - [2025-08-12T16:10:47.270+0000] {dag.py:3504} INFO - Setting next_dagrun for example_python_operator to None, run_after=None
[2025-08-12T16:10:47.286+0000] {processor.py:179} INFO - Processing /home/vscode/.local/lib/python3.10/site-packages/airflow/example_dags/example_python_operator.py took 0.056 seconds
[2025-08-12T16:11:30.543+0000] {processor.py:157} INFO - Started process (PID=32661) to work on /home/vscode/.local/lib/python3.10/site-packages/airflow/example_dags/example_python_operator.py
[2025-08-12T16:11:30.544+0000] {processor.py:826} INFO - Processing file /home/vscode/.local/lib/python3.10/site-packages/airflow/example_dags/example_python_operator.py for tasks to queue
[2025-08-12T16:11:30.544+0000] {logging_mixin.py:150} INFO - [2025-08-12T16:11:30.544+0000] {dagbag.py:541} INFO - Filling up the DagBag from /home/vscode/.local/lib/python3.10/site-packages/airflow/example_dags/example_python_operator.py
[2025-08-12T16:11:30.552+0000] {processor.py:836} INFO - DAG(s) dict_keys(['example_python_operator']) retrieved from /home/vscode/.local/lib/python3.10/site-packages/airflow/example_dags/example_python_operator.py
[2025-08-12T16:11:30.565+0000] {logging_mixin.py:150} INFO - [2025-08-12T16:11:30.565+0000] {dag.py:2742} INFO - Sync 1 DAGs
[2025-08-12T16:11:30.579+0000] {logging_mixin.py:150} INFO - [2025-08-12T16:11:30.579+0000] {dag.py:3504} INFO - Setting next_dagrun for example_python_operator to None, run_after=None
[2025-08-12T16:11:30.594+0000] {processor.py:179} INFO - Processing /home/vscode/.local/lib/python3.10/site-packages/airflow/example_dags/example_python_operator.py took 0.053 seconds
[2025-08-12T16:12:14.441+0000] {processor.py:157} INFO - Started process (PID=32949) to work on /home/vscode/.local/lib/python3.10/site-packages/airflow/example_dags/example_python_operator.py
[2025-08-12T16:12:14.441+0000] {processor.py:826} INFO - Processing file /home/vscode/.local/lib/python3.10/site-packages/airflow/example_dags/example_python_operator.py for tasks to queue
[2025-08-12T16:12:14.442+0000] {logging_mixin.py:150} INFO - [2025-08-12T16:12:14.442+0000] {dagbag.py:541} INFO - Filling up the DagBag from /home/vscode/.local/lib/python3.10/site-packages/airflow/example_dags/example_python_operator.py
[2025-08-12T16:12:14.450+0000] {processor.py:836} INFO - DAG(s) dict_keys(['example_python_operator']) retrieved from /home/vscode/.local/lib/python3.10/site-packages/airflow/example_dags/example_python_operator.py
[2025-08-12T16:12:14.464+0000] {logging_mixin.py:150} INFO - [2025-08-12T16:12:14.463+0000] {dag.py:2742} INFO - Sync 1 DAGs
[2025-08-12T16:12:14.478+0000] {logging_mixin.py:150} INFO - [2025-08-12T16:12:14.478+0000] {dag.py:3504} INFO - Setting next_dagrun for example_python_operator to None, run_after=None
[2025-08-12T16:12:14.494+0000] {processor.py:179} INFO - Processing /home/vscode/.local/lib/python3.10/site-packages/airflow/example_dags/example_python_operator.py took 0.055 seconds
[2025-08-12T16:13:02.956+0000] {processor.py:157} INFO - Started process (PID=33274) to work on /home/vscode/.local/lib/python3.10/site-packages/airflow/example_dags/example_python_operator.py
[2025-08-12T16:13:02.957+0000] {processor.py:826} INFO - Processing file /home/vscode/.local/lib/python3.10/site-packages/airflow/example_dags/example_python_operator.py for tasks to queue
[2025-08-12T16:13:02.957+0000] {logging_mixin.py:150} INFO - [2025-08-12T16:13:02.957+0000] {dagbag.py:541} INFO - Filling up the DagBag from /home/vscode/.local/lib/python3.10/site-packages/airflow/example_dags/example_python_operator.py
[2025-08-12T16:13:02.965+0000] {processor.py:836} INFO - DAG(s) dict_keys(['example_python_operator']) retrieved from /home/vscode/.local/lib/python3.10/site-packages/airflow/example_dags/example_python_operator.py
[2025-08-12T16:13:02.979+0000] {logging_mixin.py:150} INFO - [2025-08-12T16:13:02.979+0000] {dag.py:2742} INFO - Sync 1 DAGs
[2025-08-12T16:13:02.993+0000] {logging_mixin.py:150} INFO - [2025-08-12T16:13:02.993+0000] {dag.py:3504} INFO - Setting next_dagrun for example_python_operator to None, run_after=None
[2025-08-12T16:13:03.007+0000] {processor.py:179} INFO - Processing /home/vscode/.local/lib/python3.10/site-packages/airflow/example_dags/example_python_operator.py took 0.053 seconds
[2025-08-12T16:13:46.232+0000] {processor.py:157} INFO - Started process (PID=33560) to work on /home/vscode/.local/lib/python3.10/site-packages/airflow/example_dags/example_python_operator.py
[2025-08-12T16:13:46.233+0000] {processor.py:826} INFO - Processing file /home/vscode/.local/lib/python3.10/site-packages/airflow/example_dags/example_python_operator.py for tasks to queue
[2025-08-12T16:13:46.233+0000] {logging_mixin.py:150} INFO - [2025-08-12T16:13:46.233+0000] {dagbag.py:541} INFO - Filling up the DagBag from /home/vscode/.local/lib/python3.10/site-packages/airflow/example_dags/example_python_operator.py
[2025-08-12T16:13:46.241+0000] {processor.py:836} INFO - DAG(s) dict_keys(['example_python_operator']) retrieved from /home/vscode/.local/lib/python3.10/site-packages/airflow/example_dags/example_python_operator.py
[2025-08-12T16:13:46.255+0000] {logging_mixin.py:150} INFO - [2025-08-12T16:13:46.255+0000] {dag.py:2742} INFO - Sync 1 DAGs
[2025-08-12T16:13:46.268+0000] {logging_mixin.py:150} INFO - [2025-08-12T16:13:46.268+0000] {dag.py:3504} INFO - Setting next_dagrun for example_python_operator to None, run_after=None
[2025-08-12T16:13:46.283+0000] {processor.py:179} INFO - Processing /home/vscode/.local/lib/python3.10/site-packages/airflow/example_dags/example_python_operator.py took 0.053 seconds
[2025-08-12T16:14:34.324+0000] {processor.py:157} INFO - Started process (PID=33881) to work on /home/vscode/.local/lib/python3.10/site-packages/airflow/example_dags/example_python_operator.py
[2025-08-12T16:14:34.324+0000] {processor.py:826} INFO - Processing file /home/vscode/.local/lib/python3.10/site-packages/airflow/example_dags/example_python_operator.py for tasks to queue
[2025-08-12T16:14:34.325+0000] {logging_mixin.py:150} INFO - [2025-08-12T16:14:34.324+0000] {dagbag.py:541} INFO - Filling up the DagBag from /home/vscode/.local/lib/python3.10/site-packages/airflow/example_dags/example_python_operator.py
[2025-08-12T16:14:34.332+0000] {processor.py:836} INFO - DAG(s) dict_keys(['example_python_operator']) retrieved from /home/vscode/.local/lib/python3.10/site-packages/airflow/example_dags/example_python_operator.py
[2025-08-12T16:14:34.346+0000] {logging_mixin.py:150} INFO - [2025-08-12T16:14:34.346+0000] {dag.py:2742} INFO - Sync 1 DAGs
[2025-08-12T16:14:34.360+0000] {logging_mixin.py:150} INFO - [2025-08-12T16:14:34.360+0000] {dag.py:3504} INFO - Setting next_dagrun for example_python_operator to None, run_after=None
[2025-08-12T16:14:34.375+0000] {processor.py:179} INFO - Processing /home/vscode/.local/lib/python3.10/site-packages/airflow/example_dags/example_python_operator.py took 0.054 seconds
[2025-08-12T16:15:14.314+0000] {processor.py:157} INFO - Started process (PID=34145) to work on /home/vscode/.local/lib/python3.10/site-packages/airflow/example_dags/example_python_operator.py
[2025-08-12T16:15:14.315+0000] {processor.py:826} INFO - Processing file /home/vscode/.local/lib/python3.10/site-packages/airflow/example_dags/example_python_operator.py for tasks to queue
[2025-08-12T16:15:14.315+0000] {logging_mixin.py:150} INFO - [2025-08-12T16:15:14.315+0000] {dagbag.py:541} INFO - Filling up the DagBag from /home/vscode/.local/lib/python3.10/site-packages/airflow/example_dags/example_python_operator.py
[2025-08-12T16:15:14.323+0000] {processor.py:836} INFO - DAG(s) dict_keys(['example_python_operator']) retrieved from /home/vscode/.local/lib/python3.10/site-packages/airflow/example_dags/example_python_operator.py
[2025-08-12T16:15:14.337+0000] {logging_mixin.py:150} INFO - [2025-08-12T16:15:14.337+0000] {dag.py:2742} INFO - Sync 1 DAGs
[2025-08-12T16:15:14.351+0000] {logging_mixin.py:150} INFO - [2025-08-12T16:15:14.351+0000] {dag.py:3504} INFO - Setting next_dagrun for example_python_operator to None, run_after=None
[2025-08-12T16:15:14.367+0000] {processor.py:179} INFO - Processing /home/vscode/.local/lib/python3.10/site-packages/airflow/example_dags/example_python_operator.py took 0.056 seconds
[2025-08-12T16:15:56.836+0000] {processor.py:157} INFO - Started process (PID=34430) to work on /home/vscode/.local/lib/python3.10/site-packages/airflow/example_dags/example_python_operator.py
[2025-08-12T16:15:56.837+0000] {processor.py:826} INFO - Processing file /home/vscode/.local/lib/python3.10/site-packages/airflow/example_dags/example_python_operator.py for tasks to queue
[2025-08-12T16:15:56.838+0000] {logging_mixin.py:150} INFO - [2025-08-12T16:15:56.837+0000] {dagbag.py:541} INFO - Filling up the DagBag from /home/vscode/.local/lib/python3.10/site-packages/airflow/example_dags/example_python_operator.py
[2025-08-12T16:15:56.845+0000] {processor.py:836} INFO - DAG(s) dict_keys(['example_python_operator']) retrieved from /home/vscode/.local/lib/python3.10/site-packages/airflow/example_dags/example_python_operator.py
[2025-08-12T16:15:56.860+0000] {logging_mixin.py:150} INFO - [2025-08-12T16:15:56.860+0000] {dag.py:2742} INFO - Sync 1 DAGs
[2025-08-12T16:15:56.874+0000] {logging_mixin.py:150} INFO - [2025-08-12T16:15:56.874+0000] {dag.py:3504} INFO - Setting next_dagrun for example_python_operator to None, run_after=None
[2025-08-12T16:15:56.889+0000] {processor.py:179} INFO - Processing /home/vscode/.local/lib/python3.10/site-packages/airflow/example_dags/example_python_operator.py took 0.055 seconds
[2025-08-12T16:16:37.409+0000] {processor.py:157} INFO - Started process (PID=34700) to work on /home/vscode/.local/lib/python3.10/site-packages/airflow/example_dags/example_python_operator.py
[2025-08-12T16:16:37.410+0000] {processor.py:826} INFO - Processing file /home/vscode/.local/lib/python3.10/site-packages/airflow/example_dags/example_python_operator.py for tasks to queue
[2025-08-12T16:16:37.411+0000] {logging_mixin.py:150} INFO - [2025-08-12T16:16:37.410+0000] {dagbag.py:541} INFO - Filling up the DagBag from /home/vscode/.local/lib/python3.10/site-packages/airflow/example_dags/example_python_operator.py
[2025-08-12T16:16:37.418+0000] {processor.py:836} INFO - DAG(s) dict_keys(['example_python_operator']) retrieved from /home/vscode/.local/lib/python3.10/site-packages/airflow/example_dags/example_python_operator.py
[2025-08-12T16:16:37.432+0000] {logging_mixin.py:150} INFO - [2025-08-12T16:16:37.432+0000] {dag.py:2742} INFO - Sync 1 DAGs
[2025-08-12T16:16:37.446+0000] {logging_mixin.py:150} INFO - [2025-08-12T16:16:37.446+0000] {dag.py:3504} INFO - Setting next_dagrun for example_python_operator to None, run_after=None
[2025-08-12T16:16:37.461+0000] {processor.py:179} INFO - Processing /home/vscode/.local/lib/python3.10/site-packages/airflow/example_dags/example_python_operator.py took 0.054 seconds
[2025-08-12T16:17:20.236+0000] {processor.py:157} INFO - Started process (PID=34987) to work on /home/vscode/.local/lib/python3.10/site-packages/airflow/example_dags/example_python_operator.py
[2025-08-12T16:17:20.236+0000] {processor.py:826} INFO - Processing file /home/vscode/.local/lib/python3.10/site-packages/airflow/example_dags/example_python_operator.py for tasks to queue
[2025-08-12T16:17:20.237+0000] {logging_mixin.py:150} INFO - [2025-08-12T16:17:20.237+0000] {dagbag.py:541} INFO - Filling up the DagBag from /home/vscode/.local/lib/python3.10/site-packages/airflow/example_dags/example_python_operator.py
[2025-08-12T16:17:20.245+0000] {processor.py:836} INFO - DAG(s) dict_keys(['example_python_operator']) retrieved from /home/vscode/.local/lib/python3.10/site-packages/airflow/example_dags/example_python_operator.py
[2025-08-12T16:17:20.258+0000] {logging_mixin.py:150} INFO - [2025-08-12T16:17:20.258+0000] {dag.py:2742} INFO - Sync 1 DAGs
[2025-08-12T16:17:20.274+0000] {logging_mixin.py:150} INFO - [2025-08-12T16:17:20.274+0000] {dag.py:3504} INFO - Setting next_dagrun for example_python_operator to None, run_after=None
[2025-08-12T16:17:20.294+0000] {processor.py:179} INFO - Processing /home/vscode/.local/lib/python3.10/site-packages/airflow/example_dags/example_python_operator.py took 0.060 seconds
[2025-08-12T16:17:58.899+0000] {processor.py:157} INFO - Started process (PID=35239) to work on /home/vscode/.local/lib/python3.10/site-packages/airflow/example_dags/example_python_operator.py
[2025-08-12T16:17:58.900+0000] {processor.py:826} INFO - Processing file /home/vscode/.local/lib/python3.10/site-packages/airflow/example_dags/example_python_operator.py for tasks to queue
[2025-08-12T16:17:58.900+0000] {logging_mixin.py:150} INFO - [2025-08-12T16:17:58.900+0000] {dagbag.py:541} INFO - Filling up the DagBag from /home/vscode/.local/lib/python3.10/site-packages/airflow/example_dags/example_python_operator.py
[2025-08-12T16:17:58.908+0000] {processor.py:836} INFO - DAG(s) dict_keys(['example_python_operator']) retrieved from /home/vscode/.local/lib/python3.10/site-packages/airflow/example_dags/example_python_operator.py
[2025-08-12T16:17:58.921+0000] {logging_mixin.py:150} INFO - [2025-08-12T16:17:58.921+0000] {dag.py:2742} INFO - Sync 1 DAGs
[2025-08-12T16:17:58.935+0000] {logging_mixin.py:150} INFO - [2025-08-12T16:17:58.935+0000] {dag.py:3504} INFO - Setting next_dagrun for example_python_operator to None, run_after=None
[2025-08-12T16:17:58.950+0000] {processor.py:179} INFO - Processing /home/vscode/.local/lib/python3.10/site-packages/airflow/example_dags/example_python_operator.py took 0.053 seconds
[2025-08-12T16:18:40.024+0000] {processor.py:157} INFO - Started process (PID=35519) to work on /home/vscode/.local/lib/python3.10/site-packages/airflow/example_dags/example_python_operator.py
[2025-08-12T16:18:40.024+0000] {processor.py:826} INFO - Processing file /home/vscode/.local/lib/python3.10/site-packages/airflow/example_dags/example_python_operator.py for tasks to queue
[2025-08-12T16:18:40.025+0000] {logging_mixin.py:150} INFO - [2025-08-12T16:18:40.025+0000] {dagbag.py:541} INFO - Filling up the DagBag from /home/vscode/.local/lib/python3.10/site-packages/airflow/example_dags/example_python_operator.py
[2025-08-12T16:18:40.033+0000] {processor.py:836} INFO - DAG(s) dict_keys(['example_python_operator']) retrieved from /home/vscode/.local/lib/python3.10/site-packages/airflow/example_dags/example_python_operator.py
[2025-08-12T16:18:40.047+0000] {logging_mixin.py:150} INFO - [2025-08-12T16:18:40.047+0000] {dag.py:2742} INFO - Sync 1 DAGs
[2025-08-12T16:18:40.062+0000] {logging_mixin.py:150} INFO - [2025-08-12T16:18:40.061+0000] {dag.py:3504} INFO - Setting next_dagrun for example_python_operator to None, run_after=None
[2025-08-12T16:18:40.077+0000] {processor.py:179} INFO - Processing /home/vscode/.local/lib/python3.10/site-packages/airflow/example_dags/example_python_operator.py took 0.055 seconds
[2025-08-12T16:19:22.423+0000] {processor.py:157} INFO - Started process (PID=35804) to work on /home/vscode/.local/lib/python3.10/site-packages/airflow/example_dags/example_python_operator.py
[2025-08-12T16:19:22.424+0000] {processor.py:826} INFO - Processing file /home/vscode/.local/lib/python3.10/site-packages/airflow/example_dags/example_python_operator.py for tasks to queue
[2025-08-12T16:19:22.424+0000] {logging_mixin.py:150} INFO - [2025-08-12T16:19:22.424+0000] {dagbag.py:541} INFO - Filling up the DagBag from /home/vscode/.local/lib/python3.10/site-packages/airflow/example_dags/example_python_operator.py
[2025-08-12T16:19:22.432+0000] {processor.py:836} INFO - DAG(s) dict_keys(['example_python_operator']) retrieved from /home/vscode/.local/lib/python3.10/site-packages/airflow/example_dags/example_python_operator.py
[2025-08-12T16:19:22.446+0000] {logging_mixin.py:150} INFO - [2025-08-12T16:19:22.446+0000] {dag.py:2742} INFO - Sync 1 DAGs
[2025-08-12T16:19:22.460+0000] {logging_mixin.py:150} INFO - [2025-08-12T16:19:22.460+0000] {dag.py:3504} INFO - Setting next_dagrun for example_python_operator to None, run_after=None
[2025-08-12T16:19:22.479+0000] {processor.py:179} INFO - Processing /home/vscode/.local/lib/python3.10/site-packages/airflow/example_dags/example_python_operator.py took 0.058 seconds
[2025-08-12T16:20:12.467+0000] {processor.py:157} INFO - Started process (PID=36137) to work on /home/vscode/.local/lib/python3.10/site-packages/airflow/example_dags/example_python_operator.py
[2025-08-12T16:20:12.467+0000] {processor.py:826} INFO - Processing file /home/vscode/.local/lib/python3.10/site-packages/airflow/example_dags/example_python_operator.py for tasks to queue
[2025-08-12T16:20:12.468+0000] {logging_mixin.py:150} INFO - [2025-08-12T16:20:12.468+0000] {dagbag.py:541} INFO - Filling up the DagBag from /home/vscode/.local/lib/python3.10/site-packages/airflow/example_dags/example_python_operator.py
[2025-08-12T16:20:12.476+0000] {processor.py:836} INFO - DAG(s) dict_keys(['example_python_operator']) retrieved from /home/vscode/.local/lib/python3.10/site-packages/airflow/example_dags/example_python_operator.py
[2025-08-12T16:20:12.489+0000] {logging_mixin.py:150} INFO - [2025-08-12T16:20:12.489+0000] {dag.py:2742} INFO - Sync 1 DAGs
[2025-08-12T16:20:12.503+0000] {logging_mixin.py:150} INFO - [2025-08-12T16:20:12.503+0000] {dag.py:3504} INFO - Setting next_dagrun for example_python_operator to None, run_after=None
[2025-08-12T16:20:12.518+0000] {processor.py:179} INFO - Processing /home/vscode/.local/lib/python3.10/site-packages/airflow/example_dags/example_python_operator.py took 0.053 seconds
[2025-08-12T16:20:53.732+0000] {processor.py:157} INFO - Started process (PID=36416) to work on /home/vscode/.local/lib/python3.10/site-packages/airflow/example_dags/example_python_operator.py
[2025-08-12T16:20:53.732+0000] {processor.py:826} INFO - Processing file /home/vscode/.local/lib/python3.10/site-packages/airflow/example_dags/example_python_operator.py for tasks to queue
[2025-08-12T16:20:53.733+0000] {logging_mixin.py:150} INFO - [2025-08-12T16:20:53.733+0000] {dagbag.py:541} INFO - Filling up the DagBag from /home/vscode/.local/lib/python3.10/site-packages/airflow/example_dags/example_python_operator.py
[2025-08-12T16:20:53.740+0000] {processor.py:836} INFO - DAG(s) dict_keys(['example_python_operator']) retrieved from /home/vscode/.local/lib/python3.10/site-packages/airflow/example_dags/example_python_operator.py
[2025-08-12T16:20:53.754+0000] {logging_mixin.py:150} INFO - [2025-08-12T16:20:53.754+0000] {dag.py:2742} INFO - Sync 1 DAGs
[2025-08-12T16:20:53.769+0000] {logging_mixin.py:150} INFO - [2025-08-12T16:20:53.769+0000] {dag.py:3504} INFO - Setting next_dagrun for example_python_operator to None, run_after=None
[2025-08-12T16:20:53.785+0000] {processor.py:179} INFO - Processing /home/vscode/.local/lib/python3.10/site-packages/airflow/example_dags/example_python_operator.py took 0.055 seconds
[2025-08-12T16:21:38.714+0000] {processor.py:157} INFO - Started process (PID=36710) to work on /home/vscode/.local/lib/python3.10/site-packages/airflow/example_dags/example_python_operator.py
[2025-08-12T16:21:38.715+0000] {processor.py:826} INFO - Processing file /home/vscode/.local/lib/python3.10/site-packages/airflow/example_dags/example_python_operator.py for tasks to queue
[2025-08-12T16:21:38.716+0000] {logging_mixin.py:150} INFO - [2025-08-12T16:21:38.715+0000] {dagbag.py:541} INFO - Filling up the DagBag from /home/vscode/.local/lib/python3.10/site-packages/airflow/example_dags/example_python_operator.py
[2025-08-12T16:21:38.723+0000] {processor.py:836} INFO - DAG(s) dict_keys(['example_python_operator']) retrieved from /home/vscode/.local/lib/python3.10/site-packages/airflow/example_dags/example_python_operator.py
[2025-08-12T16:21:38.737+0000] {logging_mixin.py:150} INFO - [2025-08-12T16:21:38.737+0000] {dag.py:2742} INFO - Sync 1 DAGs
[2025-08-12T16:21:38.751+0000] {logging_mixin.py:150} INFO - [2025-08-12T16:21:38.751+0000] {dag.py:3504} INFO - Setting next_dagrun for example_python_operator to None, run_after=None
[2025-08-12T16:21:38.765+0000] {processor.py:179} INFO - Processing /home/vscode/.local/lib/python3.10/site-packages/airflow/example_dags/example_python_operator.py took 0.053 seconds
[2025-08-12T16:22:20.973+0000] {processor.py:157} INFO - Started process (PID=36994) to work on /home/vscode/.local/lib/python3.10/site-packages/airflow/example_dags/example_python_operator.py
[2025-08-12T16:22:20.974+0000] {processor.py:826} INFO - Processing file /home/vscode/.local/lib/python3.10/site-packages/airflow/example_dags/example_python_operator.py for tasks to queue
[2025-08-12T16:22:20.974+0000] {logging_mixin.py:150} INFO - [2025-08-12T16:22:20.974+0000] {dagbag.py:541} INFO - Filling up the DagBag from /home/vscode/.local/lib/python3.10/site-packages/airflow/example_dags/example_python_operator.py
[2025-08-12T16:22:20.982+0000] {processor.py:836} INFO - DAG(s) dict_keys(['example_python_operator']) retrieved from /home/vscode/.local/lib/python3.10/site-packages/airflow/example_dags/example_python_operator.py
[2025-08-12T16:22:20.996+0000] {logging_mixin.py:150} INFO - [2025-08-12T16:22:20.996+0000] {dag.py:2742} INFO - Sync 1 DAGs
[2025-08-12T16:22:21.010+0000] {logging_mixin.py:150} INFO - [2025-08-12T16:22:21.010+0000] {dag.py:3504} INFO - Setting next_dagrun for example_python_operator to None, run_after=None
[2025-08-12T16:22:21.025+0000] {processor.py:179} INFO - Processing /home/vscode/.local/lib/python3.10/site-packages/airflow/example_dags/example_python_operator.py took 0.054 seconds
[2025-08-12T16:23:03.656+0000] {processor.py:157} INFO - Started process (PID=37277) to work on /home/vscode/.local/lib/python3.10/site-packages/airflow/example_dags/example_python_operator.py
[2025-08-12T16:23:03.669+0000] {processor.py:826} INFO - Processing file /home/vscode/.local/lib/python3.10/site-packages/airflow/example_dags/example_python_operator.py for tasks to queue
[2025-08-12T16:23:03.670+0000] {logging_mixin.py:150} INFO - [2025-08-12T16:23:03.669+0000] {dagbag.py:541} INFO - Filling up the DagBag from /home/vscode/.local/lib/python3.10/site-packages/airflow/example_dags/example_python_operator.py
[2025-08-12T16:23:03.678+0000] {processor.py:836} INFO - DAG(s) dict_keys(['example_python_operator']) retrieved from /home/vscode/.local/lib/python3.10/site-packages/airflow/example_dags/example_python_operator.py
[2025-08-12T16:23:03.707+0000] {logging_mixin.py:150} INFO - [2025-08-12T16:23:03.707+0000] {dag.py:2742} INFO - Sync 1 DAGs
[2025-08-12T16:23:03.729+0000] {logging_mixin.py:150} INFO - [2025-08-12T16:23:03.729+0000] {dag.py:3504} INFO - Setting next_dagrun for example_python_operator to None, run_after=None
[2025-08-12T16:23:03.745+0000] {processor.py:179} INFO - Processing /home/vscode/.local/lib/python3.10/site-packages/airflow/example_dags/example_python_operator.py took 0.094 seconds
[2025-08-12T16:23:51.649+0000] {processor.py:157} INFO - Started process (PID=37594) to work on /home/vscode/.local/lib/python3.10/site-packages/airflow/example_dags/example_python_operator.py
[2025-08-12T16:23:51.649+0000] {processor.py:826} INFO - Processing file /home/vscode/.local/lib/python3.10/site-packages/airflow/example_dags/example_python_operator.py for tasks to queue
[2025-08-12T16:23:51.650+0000] {logging_mixin.py:150} INFO - [2025-08-12T16:23:51.650+0000] {dagbag.py:541} INFO - Filling up the DagBag from /home/vscode/.local/lib/python3.10/site-packages/airflow/example_dags/example_python_operator.py
[2025-08-12T16:23:51.658+0000] {processor.py:836} INFO - DAG(s) dict_keys(['example_python_operator']) retrieved from /home/vscode/.local/lib/python3.10/site-packages/airflow/example_dags/example_python_operator.py
[2025-08-12T16:23:51.675+0000] {logging_mixin.py:150} INFO - [2025-08-12T16:23:51.674+0000] {dag.py:2742} INFO - Sync 1 DAGs
[2025-08-12T16:23:51.689+0000] {logging_mixin.py:150} INFO - [2025-08-12T16:23:51.689+0000] {dag.py:3504} INFO - Setting next_dagrun for example_python_operator to None, run_after=None
[2025-08-12T16:23:51.704+0000] {processor.py:179} INFO - Processing /home/vscode/.local/lib/python3.10/site-packages/airflow/example_dags/example_python_operator.py took 0.058 seconds
[2025-08-12T16:24:34.620+0000] {processor.py:157} INFO - Started process (PID=37880) to work on /home/vscode/.local/lib/python3.10/site-packages/airflow/example_dags/example_python_operator.py
[2025-08-12T16:24:34.620+0000] {processor.py:826} INFO - Processing file /home/vscode/.local/lib/python3.10/site-packages/airflow/example_dags/example_python_operator.py for tasks to queue
[2025-08-12T16:24:34.621+0000] {logging_mixin.py:150} INFO - [2025-08-12T16:24:34.621+0000] {dagbag.py:541} INFO - Filling up the DagBag from /home/vscode/.local/lib/python3.10/site-packages/airflow/example_dags/example_python_operator.py
[2025-08-12T16:24:34.629+0000] {processor.py:836} INFO - DAG(s) dict_keys(['example_python_operator']) retrieved from /home/vscode/.local/lib/python3.10/site-packages/airflow/example_dags/example_python_operator.py
[2025-08-12T16:24:34.649+0000] {logging_mixin.py:150} INFO - [2025-08-12T16:24:34.648+0000] {dag.py:2742} INFO - Sync 1 DAGs
[2025-08-12T16:24:34.669+0000] {logging_mixin.py:150} INFO - [2025-08-12T16:24:34.669+0000] {dag.py:3504} INFO - Setting next_dagrun for example_python_operator to None, run_after=None
[2025-08-12T16:24:34.714+0000] {processor.py:179} INFO - Processing /home/vscode/.local/lib/python3.10/site-packages/airflow/example_dags/example_python_operator.py took 0.096 seconds
[2025-08-12T16:25:20.861+0000] {processor.py:157} INFO - Started process (PID=38183) to work on /home/vscode/.local/lib/python3.10/site-packages/airflow/example_dags/example_python_operator.py
[2025-08-12T16:25:20.862+0000] {processor.py:826} INFO - Processing file /home/vscode/.local/lib/python3.10/site-packages/airflow/example_dags/example_python_operator.py for tasks to queue
[2025-08-12T16:25:20.863+0000] {logging_mixin.py:150} INFO - [2025-08-12T16:25:20.862+0000] {dagbag.py:541} INFO - Filling up the DagBag from /home/vscode/.local/lib/python3.10/site-packages/airflow/example_dags/example_python_operator.py
[2025-08-12T16:25:20.870+0000] {processor.py:836} INFO - DAG(s) dict_keys(['example_python_operator']) retrieved from /home/vscode/.local/lib/python3.10/site-packages/airflow/example_dags/example_python_operator.py
[2025-08-12T16:25:20.885+0000] {logging_mixin.py:150} INFO - [2025-08-12T16:25:20.884+0000] {dag.py:2742} INFO - Sync 1 DAGs
[2025-08-12T16:25:20.899+0000] {logging_mixin.py:150} INFO - [2025-08-12T16:25:20.898+0000] {dag.py:3504} INFO - Setting next_dagrun for example_python_operator to None, run_after=None
[2025-08-12T16:25:20.914+0000] {processor.py:179} INFO - Processing /home/vscode/.local/lib/python3.10/site-packages/airflow/example_dags/example_python_operator.py took 0.055 seconds
[2025-08-12T16:26:06.937+0000] {processor.py:157} INFO - Started process (PID=38490) to work on /home/vscode/.local/lib/python3.10/site-packages/airflow/example_dags/example_python_operator.py
[2025-08-12T16:26:06.938+0000] {processor.py:826} INFO - Processing file /home/vscode/.local/lib/python3.10/site-packages/airflow/example_dags/example_python_operator.py for tasks to queue
[2025-08-12T16:26:06.939+0000] {logging_mixin.py:150} INFO - [2025-08-12T16:26:06.938+0000] {dagbag.py:541} INFO - Filling up the DagBag from /home/vscode/.local/lib/python3.10/site-packages/airflow/example_dags/example_python_operator.py
[2025-08-12T16:26:06.949+0000] {processor.py:836} INFO - DAG(s) dict_keys(['example_python_operator']) retrieved from /home/vscode/.local/lib/python3.10/site-packages/airflow/example_dags/example_python_operator.py
[2025-08-12T16:26:06.967+0000] {logging_mixin.py:150} INFO - [2025-08-12T16:26:06.967+0000] {dag.py:2742} INFO - Sync 1 DAGs
[2025-08-12T16:26:06.985+0000] {logging_mixin.py:150} INFO - [2025-08-12T16:26:06.985+0000] {dag.py:3504} INFO - Setting next_dagrun for example_python_operator to None, run_after=None
[2025-08-12T16:26:07.003+0000] {processor.py:179} INFO - Processing /home/vscode/.local/lib/python3.10/site-packages/airflow/example_dags/example_python_operator.py took 0.068 seconds
[2025-08-12T16:26:55.352+0000] {processor.py:157} INFO - Started process (PID=38813) to work on /home/vscode/.local/lib/python3.10/site-packages/airflow/example_dags/example_python_operator.py
[2025-08-12T16:26:55.352+0000] {processor.py:826} INFO - Processing file /home/vscode/.local/lib/python3.10/site-packages/airflow/example_dags/example_python_operator.py for tasks to queue
[2025-08-12T16:26:55.353+0000] {logging_mixin.py:150} INFO - [2025-08-12T16:26:55.353+0000] {dagbag.py:541} INFO - Filling up the DagBag from /home/vscode/.local/lib/python3.10/site-packages/airflow/example_dags/example_python_operator.py
[2025-08-12T16:26:55.361+0000] {processor.py:836} INFO - DAG(s) dict_keys(['example_python_operator']) retrieved from /home/vscode/.local/lib/python3.10/site-packages/airflow/example_dags/example_python_operator.py
[2025-08-12T16:26:55.378+0000] {logging_mixin.py:150} INFO - [2025-08-12T16:26:55.378+0000] {dag.py:2742} INFO - Sync 1 DAGs
[2025-08-12T16:26:55.393+0000] {logging_mixin.py:150} INFO - [2025-08-12T16:26:55.393+0000] {dag.py:3504} INFO - Setting next_dagrun for example_python_operator to None, run_after=None
[2025-08-12T16:26:55.408+0000] {processor.py:179} INFO - Processing /home/vscode/.local/lib/python3.10/site-packages/airflow/example_dags/example_python_operator.py took 0.059 seconds
[2025-08-12T16:27:39.290+0000] {processor.py:157} INFO - Started process (PID=39106) to work on /home/vscode/.local/lib/python3.10/site-packages/airflow/example_dags/example_python_operator.py
[2025-08-12T16:27:39.290+0000] {processor.py:826} INFO - Processing file /home/vscode/.local/lib/python3.10/site-packages/airflow/example_dags/example_python_operator.py for tasks to queue
[2025-08-12T16:27:39.291+0000] {logging_mixin.py:150} INFO - [2025-08-12T16:27:39.291+0000] {dagbag.py:541} INFO - Filling up the DagBag from /home/vscode/.local/lib/python3.10/site-packages/airflow/example_dags/example_python_operator.py
[2025-08-12T16:27:39.298+0000] {processor.py:836} INFO - DAG(s) dict_keys(['example_python_operator']) retrieved from /home/vscode/.local/lib/python3.10/site-packages/airflow/example_dags/example_python_operator.py
[2025-08-12T16:27:39.312+0000] {logging_mixin.py:150} INFO - [2025-08-12T16:27:39.312+0000] {dag.py:2742} INFO - Sync 1 DAGs
[2025-08-12T16:27:39.326+0000] {logging_mixin.py:150} INFO - [2025-08-12T16:27:39.326+0000] {dag.py:3504} INFO - Setting next_dagrun for example_python_operator to None, run_after=None
[2025-08-12T16:27:39.341+0000] {processor.py:179} INFO - Processing /home/vscode/.local/lib/python3.10/site-packages/airflow/example_dags/example_python_operator.py took 0.053 seconds
[2025-08-12T16:28:23.138+0000] {processor.py:157} INFO - Started process (PID=39392) to work on /home/vscode/.local/lib/python3.10/site-packages/airflow/example_dags/example_python_operator.py
[2025-08-12T16:28:23.138+0000] {processor.py:826} INFO - Processing file /home/vscode/.local/lib/python3.10/site-packages/airflow/example_dags/example_python_operator.py for tasks to queue
[2025-08-12T16:28:23.139+0000] {logging_mixin.py:150} INFO - [2025-08-12T16:28:23.139+0000] {dagbag.py:541} INFO - Filling up the DagBag from /home/vscode/.local/lib/python3.10/site-packages/airflow/example_dags/example_python_operator.py
[2025-08-12T16:28:23.147+0000] {processor.py:836} INFO - DAG(s) dict_keys(['example_python_operator']) retrieved from /home/vscode/.local/lib/python3.10/site-packages/airflow/example_dags/example_python_operator.py
[2025-08-12T16:28:23.160+0000] {logging_mixin.py:150} INFO - [2025-08-12T16:28:23.160+0000] {dag.py:2742} INFO - Sync 1 DAGs
[2025-08-12T16:28:23.174+0000] {logging_mixin.py:150} INFO - [2025-08-12T16:28:23.174+0000] {dag.py:3504} INFO - Setting next_dagrun for example_python_operator to None, run_after=None
[2025-08-12T16:28:23.189+0000] {processor.py:179} INFO - Processing /home/vscode/.local/lib/python3.10/site-packages/airflow/example_dags/example_python_operator.py took 0.054 seconds
[2025-08-12T16:29:08.102+0000] {processor.py:157} INFO - Started process (PID=39700) to work on /home/vscode/.local/lib/python3.10/site-packages/airflow/example_dags/example_python_operator.py
[2025-08-12T16:29:08.102+0000] {processor.py:826} INFO - Processing file /home/vscode/.local/lib/python3.10/site-packages/airflow/example_dags/example_python_operator.py for tasks to queue
[2025-08-12T16:29:08.103+0000] {logging_mixin.py:150} INFO - [2025-08-12T16:29:08.102+0000] {dagbag.py:541} INFO - Filling up the DagBag from /home/vscode/.local/lib/python3.10/site-packages/airflow/example_dags/example_python_operator.py
[2025-08-12T16:29:08.110+0000] {processor.py:836} INFO - DAG(s) dict_keys(['example_python_operator']) retrieved from /home/vscode/.local/lib/python3.10/site-packages/airflow/example_dags/example_python_operator.py
[2025-08-12T16:29:08.124+0000] {logging_mixin.py:150} INFO - [2025-08-12T16:29:08.124+0000] {dag.py:2742} INFO - Sync 1 DAGs
[2025-08-12T16:29:08.138+0000] {logging_mixin.py:150} INFO - [2025-08-12T16:29:08.138+0000] {dag.py:3504} INFO - Setting next_dagrun for example_python_operator to None, run_after=None
[2025-08-12T16:29:08.154+0000] {processor.py:179} INFO - Processing /home/vscode/.local/lib/python3.10/site-packages/airflow/example_dags/example_python_operator.py took 0.055 seconds
[2025-08-12T16:29:56.363+0000] {processor.py:157} INFO - Started process (PID=40024) to work on /home/vscode/.local/lib/python3.10/site-packages/airflow/example_dags/example_python_operator.py
[2025-08-12T16:29:56.364+0000] {processor.py:826} INFO - Processing file /home/vscode/.local/lib/python3.10/site-packages/airflow/example_dags/example_python_operator.py for tasks to queue
[2025-08-12T16:29:56.364+0000] {logging_mixin.py:150} INFO - [2025-08-12T16:29:56.364+0000] {dagbag.py:541} INFO - Filling up the DagBag from /home/vscode/.local/lib/python3.10/site-packages/airflow/example_dags/example_python_operator.py
[2025-08-12T16:29:56.372+0000] {processor.py:836} INFO - DAG(s) dict_keys(['example_python_operator']) retrieved from /home/vscode/.local/lib/python3.10/site-packages/airflow/example_dags/example_python_operator.py
[2025-08-12T16:29:56.385+0000] {logging_mixin.py:150} INFO - [2025-08-12T16:29:56.385+0000] {dag.py:2742} INFO - Sync 1 DAGs
[2025-08-12T16:29:56.400+0000] {logging_mixin.py:150} INFO - [2025-08-12T16:29:56.400+0000] {dag.py:3504} INFO - Setting next_dagrun for example_python_operator to None, run_after=None
[2025-08-12T16:29:56.415+0000] {processor.py:179} INFO - Processing /home/vscode/.local/lib/python3.10/site-packages/airflow/example_dags/example_python_operator.py took 0.054 seconds
