[2025-08-12T15:36:42.560+0000] {processor.py:157} INFO - Started process (PID=17831) to work on /home/vscode/.local/lib/python3.10/site-packages/airflow/example_dags/tutorial.py
[2025-08-12T15:36:42.560+0000] {processor.py:826} INFO - Processing file /home/vscode/.local/lib/python3.10/site-packages/airflow/example_dags/tutorial.py for tasks to queue
[2025-08-12T15:36:42.561+0000] {logging_mixin.py:150} INFO - [2025-08-12T15:36:42.560+0000] {dagbag.py:541} INFO - Filling up the DagBag from /home/vscode/.local/lib/python3.10/site-packages/airflow/example_dags/tutorial.py
[2025-08-12T15:36:42.569+0000] {processor.py:836} INFO - DAG(s) dict_keys(['tutorial']) retrieved from /home/vscode/.local/lib/python3.10/site-packages/airflow/example_dags/tutorial.py
[2025-08-12T15:36:42.651+0000] {logging_mixin.py:150} INFO - [2025-08-12T15:36:42.651+0000] {manager.py:504} INFO - Created Permission View: can edit on DAG:tutorial
[2025-08-12T15:36:42.662+0000] {logging_mixin.py:150} INFO - [2025-08-12T15:36:42.661+0000] {manager.py:504} INFO - Created Permission View: can read on DAG:tutorial
[2025-08-12T15:36:42.668+0000] {logging_mixin.py:150} INFO - [2025-08-12T15:36:42.668+0000] {manager.py:504} INFO - Created Permission View: can delete on DAG:tutorial
[2025-08-12T15:36:42.676+0000] {logging_mixin.py:150} INFO - [2025-08-12T15:36:42.676+0000] {dag.py:2742} INFO - Sync 1 DAGs
[2025-08-12T15:36:42.684+0000] {logging_mixin.py:150} INFO - [2025-08-12T15:36:42.684+0000] {dag.py:2763} INFO - Creating ORM DAG for tutorial
[2025-08-12T15:36:42.691+0000] {logging_mixin.py:150} INFO - [2025-08-12T15:36:42.690+0000] {dag.py:3504} INFO - Setting next_dagrun for tutorial to 2025-08-11T15:36:42.690830+00:00, run_after=2025-08-12T15:36:42.690830+00:00
[2025-08-12T15:36:42.708+0000] {processor.py:179} INFO - Processing /home/vscode/.local/lib/python3.10/site-packages/airflow/example_dags/tutorial.py took 0.150 seconds
[2025-08-12T15:37:31.003+0000] {processor.py:157} INFO - Started process (PID=18177) to work on /home/vscode/.local/lib/python3.10/site-packages/airflow/example_dags/tutorial.py
[2025-08-12T15:37:31.004+0000] {processor.py:826} INFO - Processing file /home/vscode/.local/lib/python3.10/site-packages/airflow/example_dags/tutorial.py for tasks to queue
[2025-08-12T15:37:31.004+0000] {logging_mixin.py:150} INFO - [2025-08-12T15:37:31.004+0000] {dagbag.py:541} INFO - Filling up the DagBag from /home/vscode/.local/lib/python3.10/site-packages/airflow/example_dags/tutorial.py
[2025-08-12T15:37:31.009+0000] {processor.py:836} INFO - DAG(s) dict_keys(['tutorial']) retrieved from /home/vscode/.local/lib/python3.10/site-packages/airflow/example_dags/tutorial.py
[2025-08-12T15:37:31.021+0000] {logging_mixin.py:150} INFO - [2025-08-12T15:37:31.021+0000] {dag.py:2742} INFO - Sync 1 DAGs
[2025-08-12T15:37:31.035+0000] {logging_mixin.py:150} INFO - [2025-08-12T15:37:31.035+0000] {dag.py:3504} INFO - Setting next_dagrun for tutorial to 2025-08-11T15:37:31.035261+00:00, run_after=2025-08-12T15:37:31.035261+00:00
[2025-08-12T15:37:31.052+0000] {processor.py:179} INFO - Processing /home/vscode/.local/lib/python3.10/site-packages/airflow/example_dags/tutorial.py took 0.050 seconds
[2025-08-12T15:38:16.233+0000] {processor.py:157} INFO - Started process (PID=18541) to work on /home/vscode/.local/lib/python3.10/site-packages/airflow/example_dags/tutorial.py
[2025-08-12T15:38:16.233+0000] {processor.py:826} INFO - Processing file /home/vscode/.local/lib/python3.10/site-packages/airflow/example_dags/tutorial.py for tasks to queue
[2025-08-12T15:38:16.234+0000] {logging_mixin.py:150} INFO - [2025-08-12T15:38:16.234+0000] {dagbag.py:541} INFO - Filling up the DagBag from /home/vscode/.local/lib/python3.10/site-packages/airflow/example_dags/tutorial.py
[2025-08-12T15:38:16.239+0000] {processor.py:836} INFO - DAG(s) dict_keys(['tutorial']) retrieved from /home/vscode/.local/lib/python3.10/site-packages/airflow/example_dags/tutorial.py
[2025-08-12T15:38:16.250+0000] {logging_mixin.py:150} INFO - [2025-08-12T15:38:16.250+0000] {dag.py:2742} INFO - Sync 1 DAGs
[2025-08-12T15:38:16.264+0000] {logging_mixin.py:150} INFO - [2025-08-12T15:38:16.264+0000] {dag.py:3504} INFO - Setting next_dagrun for tutorial to 2025-08-11T15:38:16.264488+00:00, run_after=2025-08-12T15:38:16.264488+00:00
[2025-08-12T15:38:16.280+0000] {processor.py:179} INFO - Processing /home/vscode/.local/lib/python3.10/site-packages/airflow/example_dags/tutorial.py took 0.049 seconds
[2025-08-12T15:38:52.212+0000] {processor.py:157} INFO - Started process (PID=18791) to work on /home/vscode/.local/lib/python3.10/site-packages/airflow/example_dags/tutorial.py
[2025-08-12T15:38:52.213+0000] {processor.py:826} INFO - Processing file /home/vscode/.local/lib/python3.10/site-packages/airflow/example_dags/tutorial.py for tasks to queue
[2025-08-12T15:38:52.214+0000] {logging_mixin.py:150} INFO - [2025-08-12T15:38:52.213+0000] {dagbag.py:541} INFO - Filling up the DagBag from /home/vscode/.local/lib/python3.10/site-packages/airflow/example_dags/tutorial.py
[2025-08-12T15:38:52.219+0000] {processor.py:836} INFO - DAG(s) dict_keys(['tutorial']) retrieved from /home/vscode/.local/lib/python3.10/site-packages/airflow/example_dags/tutorial.py
[2025-08-12T15:38:52.230+0000] {logging_mixin.py:150} INFO - [2025-08-12T15:38:52.230+0000] {dag.py:2742} INFO - Sync 1 DAGs
[2025-08-12T15:38:52.244+0000] {logging_mixin.py:150} INFO - [2025-08-12T15:38:52.244+0000] {dag.py:3504} INFO - Setting next_dagrun for tutorial to 2025-08-11T15:38:52.244039+00:00, run_after=2025-08-12T15:38:52.244039+00:00
[2025-08-12T15:38:52.261+0000] {processor.py:179} INFO - Processing /home/vscode/.local/lib/python3.10/site-packages/airflow/example_dags/tutorial.py took 0.051 seconds
[2025-08-12T15:39:35.509+0000] {processor.py:157} INFO - Started process (PID=19153) to work on /home/vscode/.local/lib/python3.10/site-packages/airflow/example_dags/tutorial.py
[2025-08-12T15:39:35.510+0000] {processor.py:826} INFO - Processing file /home/vscode/.local/lib/python3.10/site-packages/airflow/example_dags/tutorial.py for tasks to queue
[2025-08-12T15:39:35.510+0000] {logging_mixin.py:150} INFO - [2025-08-12T15:39:35.510+0000] {dagbag.py:541} INFO - Filling up the DagBag from /home/vscode/.local/lib/python3.10/site-packages/airflow/example_dags/tutorial.py
[2025-08-12T15:39:35.515+0000] {processor.py:836} INFO - DAG(s) dict_keys(['tutorial']) retrieved from /home/vscode/.local/lib/python3.10/site-packages/airflow/example_dags/tutorial.py
[2025-08-12T15:39:35.526+0000] {logging_mixin.py:150} INFO - [2025-08-12T15:39:35.526+0000] {dag.py:2742} INFO - Sync 1 DAGs
[2025-08-12T15:39:35.541+0000] {logging_mixin.py:150} INFO - [2025-08-12T15:39:35.541+0000] {dag.py:3504} INFO - Setting next_dagrun for tutorial to 2025-08-11T15:39:35.540851+00:00, run_after=2025-08-12T15:39:35.540851+00:00
[2025-08-12T15:39:35.556+0000] {processor.py:179} INFO - Processing /home/vscode/.local/lib/python3.10/site-packages/airflow/example_dags/tutorial.py took 0.049 seconds
[2025-08-12T15:40:18.312+0000] {processor.py:157} INFO - Started process (PID=19442) to work on /home/vscode/.local/lib/python3.10/site-packages/airflow/example_dags/tutorial.py
[2025-08-12T15:40:18.312+0000] {processor.py:826} INFO - Processing file /home/vscode/.local/lib/python3.10/site-packages/airflow/example_dags/tutorial.py for tasks to queue
[2025-08-12T15:40:18.313+0000] {logging_mixin.py:150} INFO - [2025-08-12T15:40:18.313+0000] {dagbag.py:541} INFO - Filling up the DagBag from /home/vscode/.local/lib/python3.10/site-packages/airflow/example_dags/tutorial.py
[2025-08-12T15:40:18.318+0000] {processor.py:836} INFO - DAG(s) dict_keys(['tutorial']) retrieved from /home/vscode/.local/lib/python3.10/site-packages/airflow/example_dags/tutorial.py
[2025-08-12T15:40:18.329+0000] {logging_mixin.py:150} INFO - [2025-08-12T15:40:18.329+0000] {dag.py:2742} INFO - Sync 1 DAGs
[2025-08-12T15:40:18.343+0000] {logging_mixin.py:150} INFO - [2025-08-12T15:40:18.343+0000] {dag.py:3504} INFO - Setting next_dagrun for tutorial to 2025-08-11T15:40:18.343482+00:00, run_after=2025-08-12T15:40:18.343482+00:00
[2025-08-12T15:40:18.361+0000] {processor.py:179} INFO - Processing /home/vscode/.local/lib/python3.10/site-packages/airflow/example_dags/tutorial.py took 0.051 seconds
[2025-08-12T15:40:49.227+0000] {processor.py:157} INFO - Started process (PID=19644) to work on /home/vscode/.local/lib/python3.10/site-packages/airflow/example_dags/tutorial.py
[2025-08-12T15:40:49.228+0000] {processor.py:826} INFO - Processing file /home/vscode/.local/lib/python3.10/site-packages/airflow/example_dags/tutorial.py for tasks to queue
[2025-08-12T15:40:49.228+0000] {logging_mixin.py:150} INFO - [2025-08-12T15:40:49.228+0000] {dagbag.py:541} INFO - Filling up the DagBag from /home/vscode/.local/lib/python3.10/site-packages/airflow/example_dags/tutorial.py
[2025-08-12T15:40:49.233+0000] {processor.py:836} INFO - DAG(s) dict_keys(['tutorial']) retrieved from /home/vscode/.local/lib/python3.10/site-packages/airflow/example_dags/tutorial.py
[2025-08-12T15:40:49.244+0000] {logging_mixin.py:150} INFO - [2025-08-12T15:40:49.244+0000] {dag.py:2742} INFO - Sync 1 DAGs
[2025-08-12T15:40:49.258+0000] {logging_mixin.py:150} INFO - [2025-08-12T15:40:49.258+0000] {dag.py:3504} INFO - Setting next_dagrun for tutorial to 2025-08-11T15:40:49.258045+00:00, run_after=2025-08-12T15:40:49.258045+00:00
[2025-08-12T15:40:49.278+0000] {processor.py:179} INFO - Processing /home/vscode/.local/lib/python3.10/site-packages/airflow/example_dags/tutorial.py took 0.052 seconds
[2025-08-12T15:41:31.602+0000] {processor.py:157} INFO - Started process (PID=19926) to work on /home/vscode/.local/lib/python3.10/site-packages/airflow/example_dags/tutorial.py
[2025-08-12T15:41:31.603+0000] {processor.py:826} INFO - Processing file /home/vscode/.local/lib/python3.10/site-packages/airflow/example_dags/tutorial.py for tasks to queue
[2025-08-12T15:41:31.603+0000] {logging_mixin.py:150} INFO - [2025-08-12T15:41:31.603+0000] {dagbag.py:541} INFO - Filling up the DagBag from /home/vscode/.local/lib/python3.10/site-packages/airflow/example_dags/tutorial.py
[2025-08-12T15:41:31.608+0000] {processor.py:836} INFO - DAG(s) dict_keys(['tutorial']) retrieved from /home/vscode/.local/lib/python3.10/site-packages/airflow/example_dags/tutorial.py
[2025-08-12T15:41:31.619+0000] {logging_mixin.py:150} INFO - [2025-08-12T15:41:31.619+0000] {dag.py:2742} INFO - Sync 1 DAGs
[2025-08-12T15:41:31.634+0000] {logging_mixin.py:150} INFO - [2025-08-12T15:41:31.633+0000] {dag.py:3504} INFO - Setting next_dagrun for tutorial to 2025-08-11T15:41:31.633812+00:00, run_after=2025-08-12T15:41:31.633812+00:00
[2025-08-12T15:41:31.649+0000] {processor.py:179} INFO - Processing /home/vscode/.local/lib/python3.10/site-packages/airflow/example_dags/tutorial.py took 0.049 seconds
[2025-08-12T15:42:17.781+0000] {processor.py:157} INFO - Started process (PID=20234) to work on /home/vscode/.local/lib/python3.10/site-packages/airflow/example_dags/tutorial.py
[2025-08-12T15:42:17.781+0000] {processor.py:826} INFO - Processing file /home/vscode/.local/lib/python3.10/site-packages/airflow/example_dags/tutorial.py for tasks to queue
[2025-08-12T15:42:17.782+0000] {logging_mixin.py:150} INFO - [2025-08-12T15:42:17.782+0000] {dagbag.py:541} INFO - Filling up the DagBag from /home/vscode/.local/lib/python3.10/site-packages/airflow/example_dags/tutorial.py
[2025-08-12T15:42:17.787+0000] {processor.py:836} INFO - DAG(s) dict_keys(['tutorial']) retrieved from /home/vscode/.local/lib/python3.10/site-packages/airflow/example_dags/tutorial.py
[2025-08-12T15:42:17.798+0000] {logging_mixin.py:150} INFO - [2025-08-12T15:42:17.798+0000] {dag.py:2742} INFO - Sync 1 DAGs
[2025-08-12T15:42:17.813+0000] {logging_mixin.py:150} INFO - [2025-08-12T15:42:17.813+0000] {dag.py:3504} INFO - Setting next_dagrun for tutorial to 2025-08-11T15:42:17.812889+00:00, run_after=2025-08-12T15:42:17.812889+00:00
[2025-08-12T15:42:17.829+0000] {processor.py:179} INFO - Processing /home/vscode/.local/lib/python3.10/site-packages/airflow/example_dags/tutorial.py took 0.051 seconds
[2025-08-12T15:42:58.670+0000] {processor.py:157} INFO - Started process (PID=20508) to work on /home/vscode/.local/lib/python3.10/site-packages/airflow/example_dags/tutorial.py
[2025-08-12T15:42:58.670+0000] {processor.py:826} INFO - Processing file /home/vscode/.local/lib/python3.10/site-packages/airflow/example_dags/tutorial.py for tasks to queue
[2025-08-12T15:42:58.671+0000] {logging_mixin.py:150} INFO - [2025-08-12T15:42:58.671+0000] {dagbag.py:541} INFO - Filling up the DagBag from /home/vscode/.local/lib/python3.10/site-packages/airflow/example_dags/tutorial.py
[2025-08-12T15:42:58.676+0000] {processor.py:836} INFO - DAG(s) dict_keys(['tutorial']) retrieved from /home/vscode/.local/lib/python3.10/site-packages/airflow/example_dags/tutorial.py
[2025-08-12T15:42:58.688+0000] {logging_mixin.py:150} INFO - [2025-08-12T15:42:58.688+0000] {dag.py:2742} INFO - Sync 1 DAGs
[2025-08-12T15:42:58.703+0000] {logging_mixin.py:150} INFO - [2025-08-12T15:42:58.702+0000] {dag.py:3504} INFO - Setting next_dagrun for tutorial to 2025-08-11T15:42:58.702829+00:00, run_after=2025-08-12T15:42:58.702829+00:00
[2025-08-12T15:42:58.719+0000] {processor.py:179} INFO - Processing /home/vscode/.local/lib/python3.10/site-packages/airflow/example_dags/tutorial.py took 0.051 seconds
[2025-08-12T15:43:44.867+0000] {processor.py:157} INFO - Started process (PID=20814) to work on /home/vscode/.local/lib/python3.10/site-packages/airflow/example_dags/tutorial.py
[2025-08-12T15:43:44.868+0000] {processor.py:826} INFO - Processing file /home/vscode/.local/lib/python3.10/site-packages/airflow/example_dags/tutorial.py for tasks to queue
[2025-08-12T15:43:44.869+0000] {logging_mixin.py:150} INFO - [2025-08-12T15:43:44.868+0000] {dagbag.py:541} INFO - Filling up the DagBag from /home/vscode/.local/lib/python3.10/site-packages/airflow/example_dags/tutorial.py
[2025-08-12T15:43:44.873+0000] {processor.py:836} INFO - DAG(s) dict_keys(['tutorial']) retrieved from /home/vscode/.local/lib/python3.10/site-packages/airflow/example_dags/tutorial.py
[2025-08-12T15:43:44.886+0000] {logging_mixin.py:150} INFO - [2025-08-12T15:43:44.886+0000] {dag.py:2742} INFO - Sync 1 DAGs
[2025-08-12T15:43:44.906+0000] {logging_mixin.py:150} INFO - [2025-08-12T15:43:44.906+0000] {dag.py:3504} INFO - Setting next_dagrun for tutorial to 2025-08-11T15:43:44.906426+00:00, run_after=2025-08-12T15:43:44.906426+00:00
[2025-08-12T15:43:44.922+0000] {processor.py:179} INFO - Processing /home/vscode/.local/lib/python3.10/site-packages/airflow/example_dags/tutorial.py took 0.057 seconds
[2025-08-12T15:44:27.955+0000] {processor.py:157} INFO - Started process (PID=21105) to work on /home/vscode/.local/lib/python3.10/site-packages/airflow/example_dags/tutorial.py
[2025-08-12T15:44:27.955+0000] {processor.py:826} INFO - Processing file /home/vscode/.local/lib/python3.10/site-packages/airflow/example_dags/tutorial.py for tasks to queue
[2025-08-12T15:44:27.956+0000] {logging_mixin.py:150} INFO - [2025-08-12T15:44:27.956+0000] {dagbag.py:541} INFO - Filling up the DagBag from /home/vscode/.local/lib/python3.10/site-packages/airflow/example_dags/tutorial.py
[2025-08-12T15:44:27.961+0000] {processor.py:836} INFO - DAG(s) dict_keys(['tutorial']) retrieved from /home/vscode/.local/lib/python3.10/site-packages/airflow/example_dags/tutorial.py
[2025-08-12T15:44:27.972+0000] {logging_mixin.py:150} INFO - [2025-08-12T15:44:27.972+0000] {dag.py:2742} INFO - Sync 1 DAGs
[2025-08-12T15:44:27.986+0000] {logging_mixin.py:150} INFO - [2025-08-12T15:44:27.986+0000] {dag.py:3504} INFO - Setting next_dagrun for tutorial to 2025-08-11T15:44:27.986646+00:00, run_after=2025-08-12T15:44:27.986646+00:00
[2025-08-12T15:44:28.003+0000] {processor.py:179} INFO - Processing /home/vscode/.local/lib/python3.10/site-packages/airflow/example_dags/tutorial.py took 0.050 seconds
[2025-08-12T15:45:09.248+0000] {processor.py:157} INFO - Started process (PID=21376) to work on /home/vscode/.local/lib/python3.10/site-packages/airflow/example_dags/tutorial.py
[2025-08-12T15:45:09.248+0000] {processor.py:826} INFO - Processing file /home/vscode/.local/lib/python3.10/site-packages/airflow/example_dags/tutorial.py for tasks to queue
[2025-08-12T15:45:09.249+0000] {logging_mixin.py:150} INFO - [2025-08-12T15:45:09.249+0000] {dagbag.py:541} INFO - Filling up the DagBag from /home/vscode/.local/lib/python3.10/site-packages/airflow/example_dags/tutorial.py
[2025-08-12T15:45:09.254+0000] {processor.py:836} INFO - DAG(s) dict_keys(['tutorial']) retrieved from /home/vscode/.local/lib/python3.10/site-packages/airflow/example_dags/tutorial.py
[2025-08-12T15:45:09.266+0000] {logging_mixin.py:150} INFO - [2025-08-12T15:45:09.266+0000] {dag.py:2742} INFO - Sync 1 DAGs
[2025-08-12T15:45:09.280+0000] {logging_mixin.py:150} INFO - [2025-08-12T15:45:09.280+0000] {dag.py:3504} INFO - Setting next_dagrun for tutorial to 2025-08-11T15:45:09.280206+00:00, run_after=2025-08-12T15:45:09.280206+00:00
[2025-08-12T15:45:09.297+0000] {processor.py:179} INFO - Processing /home/vscode/.local/lib/python3.10/site-packages/airflow/example_dags/tutorial.py took 0.051 seconds
[2025-08-12T15:45:52.106+0000] {processor.py:157} INFO - Started process (PID=21661) to work on /home/vscode/.local/lib/python3.10/site-packages/airflow/example_dags/tutorial.py
[2025-08-12T15:45:52.106+0000] {processor.py:826} INFO - Processing file /home/vscode/.local/lib/python3.10/site-packages/airflow/example_dags/tutorial.py for tasks to queue
[2025-08-12T15:45:52.107+0000] {logging_mixin.py:150} INFO - [2025-08-12T15:45:52.107+0000] {dagbag.py:541} INFO - Filling up the DagBag from /home/vscode/.local/lib/python3.10/site-packages/airflow/example_dags/tutorial.py
[2025-08-12T15:45:52.112+0000] {processor.py:836} INFO - DAG(s) dict_keys(['tutorial']) retrieved from /home/vscode/.local/lib/python3.10/site-packages/airflow/example_dags/tutorial.py
[2025-08-12T15:45:52.123+0000] {logging_mixin.py:150} INFO - [2025-08-12T15:45:52.123+0000] {dag.py:2742} INFO - Sync 1 DAGs
[2025-08-12T15:45:52.138+0000] {logging_mixin.py:150} INFO - [2025-08-12T15:45:52.137+0000] {dag.py:3504} INFO - Setting next_dagrun for tutorial to 2025-08-11T15:45:52.137742+00:00, run_after=2025-08-12T15:45:52.137742+00:00
[2025-08-12T15:45:52.154+0000] {processor.py:179} INFO - Processing /home/vscode/.local/lib/python3.10/site-packages/airflow/example_dags/tutorial.py took 0.051 seconds
[2025-08-12T15:46:37.619+0000] {processor.py:157} INFO - Started process (PID=21970) to work on /home/vscode/.local/lib/python3.10/site-packages/airflow/example_dags/tutorial.py
[2025-08-12T15:46:37.620+0000] {processor.py:826} INFO - Processing file /home/vscode/.local/lib/python3.10/site-packages/airflow/example_dags/tutorial.py for tasks to queue
[2025-08-12T15:46:37.620+0000] {logging_mixin.py:150} INFO - [2025-08-12T15:46:37.620+0000] {dagbag.py:541} INFO - Filling up the DagBag from /home/vscode/.local/lib/python3.10/site-packages/airflow/example_dags/tutorial.py
[2025-08-12T15:46:37.625+0000] {processor.py:836} INFO - DAG(s) dict_keys(['tutorial']) retrieved from /home/vscode/.local/lib/python3.10/site-packages/airflow/example_dags/tutorial.py
[2025-08-12T15:46:37.637+0000] {logging_mixin.py:150} INFO - [2025-08-12T15:46:37.636+0000] {dag.py:2742} INFO - Sync 1 DAGs
[2025-08-12T15:46:37.651+0000] {logging_mixin.py:150} INFO - [2025-08-12T15:46:37.651+0000] {dag.py:3504} INFO - Setting next_dagrun for tutorial to 2025-08-11T15:46:37.651240+00:00, run_after=2025-08-12T15:46:37.651240+00:00
[2025-08-12T15:46:37.668+0000] {processor.py:179} INFO - Processing /home/vscode/.local/lib/python3.10/site-packages/airflow/example_dags/tutorial.py took 0.051 seconds
[2025-08-12T15:47:19.473+0000] {processor.py:157} INFO - Started process (PID=22240) to work on /home/vscode/.local/lib/python3.10/site-packages/airflow/example_dags/tutorial.py
[2025-08-12T15:47:19.473+0000] {processor.py:826} INFO - Processing file /home/vscode/.local/lib/python3.10/site-packages/airflow/example_dags/tutorial.py for tasks to queue
[2025-08-12T15:47:19.474+0000] {logging_mixin.py:150} INFO - [2025-08-12T15:47:19.474+0000] {dagbag.py:541} INFO - Filling up the DagBag from /home/vscode/.local/lib/python3.10/site-packages/airflow/example_dags/tutorial.py
[2025-08-12T15:47:19.479+0000] {processor.py:836} INFO - DAG(s) dict_keys(['tutorial']) retrieved from /home/vscode/.local/lib/python3.10/site-packages/airflow/example_dags/tutorial.py
[2025-08-12T15:47:19.490+0000] {logging_mixin.py:150} INFO - [2025-08-12T15:47:19.490+0000] {dag.py:2742} INFO - Sync 1 DAGs
[2025-08-12T15:47:19.504+0000] {logging_mixin.py:150} INFO - [2025-08-12T15:47:19.504+0000] {dag.py:3504} INFO - Setting next_dagrun for tutorial to 2025-08-11T15:47:19.504483+00:00, run_after=2025-08-12T15:47:19.504483+00:00
[2025-08-12T15:47:19.522+0000] {processor.py:179} INFO - Processing /home/vscode/.local/lib/python3.10/site-packages/airflow/example_dags/tutorial.py took 0.052 seconds
[2025-08-12T15:47:59.737+0000] {processor.py:157} INFO - Started process (PID=22516) to work on /home/vscode/.local/lib/python3.10/site-packages/airflow/example_dags/tutorial.py
[2025-08-12T15:47:59.738+0000] {processor.py:826} INFO - Processing file /home/vscode/.local/lib/python3.10/site-packages/airflow/example_dags/tutorial.py for tasks to queue
[2025-08-12T15:47:59.738+0000] {logging_mixin.py:150} INFO - [2025-08-12T15:47:59.738+0000] {dagbag.py:541} INFO - Filling up the DagBag from /home/vscode/.local/lib/python3.10/site-packages/airflow/example_dags/tutorial.py
[2025-08-12T15:47:59.743+0000] {processor.py:836} INFO - DAG(s) dict_keys(['tutorial']) retrieved from /home/vscode/.local/lib/python3.10/site-packages/airflow/example_dags/tutorial.py
[2025-08-12T15:47:59.755+0000] {logging_mixin.py:150} INFO - [2025-08-12T15:47:59.755+0000] {dag.py:2742} INFO - Sync 1 DAGs
[2025-08-12T15:47:59.776+0000] {logging_mixin.py:150} INFO - [2025-08-12T15:47:59.776+0000] {dag.py:3504} INFO - Setting next_dagrun for tutorial to 2025-08-11T15:47:59.776028+00:00, run_after=2025-08-12T15:47:59.776028+00:00
[2025-08-12T15:47:59.796+0000] {processor.py:179} INFO - Processing /home/vscode/.local/lib/python3.10/site-packages/airflow/example_dags/tutorial.py took 0.061 seconds
[2025-08-12T15:48:40.159+0000] {processor.py:157} INFO - Started process (PID=22788) to work on /home/vscode/.local/lib/python3.10/site-packages/airflow/example_dags/tutorial.py
[2025-08-12T15:48:40.160+0000] {processor.py:826} INFO - Processing file /home/vscode/.local/lib/python3.10/site-packages/airflow/example_dags/tutorial.py for tasks to queue
[2025-08-12T15:48:40.160+0000] {logging_mixin.py:150} INFO - [2025-08-12T15:48:40.160+0000] {dagbag.py:541} INFO - Filling up the DagBag from /home/vscode/.local/lib/python3.10/site-packages/airflow/example_dags/tutorial.py
[2025-08-12T15:48:40.165+0000] {processor.py:836} INFO - DAG(s) dict_keys(['tutorial']) retrieved from /home/vscode/.local/lib/python3.10/site-packages/airflow/example_dags/tutorial.py
[2025-08-12T15:48:40.176+0000] {logging_mixin.py:150} INFO - [2025-08-12T15:48:40.176+0000] {dag.py:2742} INFO - Sync 1 DAGs
[2025-08-12T15:48:40.191+0000] {logging_mixin.py:150} INFO - [2025-08-12T15:48:40.190+0000] {dag.py:3504} INFO - Setting next_dagrun for tutorial to 2025-08-11T15:48:40.190748+00:00, run_after=2025-08-12T15:48:40.190748+00:00
[2025-08-12T15:48:40.206+0000] {processor.py:179} INFO - Processing /home/vscode/.local/lib/python3.10/site-packages/airflow/example_dags/tutorial.py took 0.049 seconds
[2025-08-12T15:49:21.950+0000] {processor.py:157} INFO - Started process (PID=23090) to work on /home/vscode/.local/lib/python3.10/site-packages/airflow/example_dags/tutorial.py
[2025-08-12T15:49:21.951+0000] {processor.py:826} INFO - Processing file /home/vscode/.local/lib/python3.10/site-packages/airflow/example_dags/tutorial.py for tasks to queue
[2025-08-12T15:49:21.952+0000] {logging_mixin.py:150} INFO - [2025-08-12T15:49:21.951+0000] {dagbag.py:541} INFO - Filling up the DagBag from /home/vscode/.local/lib/python3.10/site-packages/airflow/example_dags/tutorial.py
[2025-08-12T15:49:21.956+0000] {processor.py:836} INFO - DAG(s) dict_keys(['tutorial']) retrieved from /home/vscode/.local/lib/python3.10/site-packages/airflow/example_dags/tutorial.py
[2025-08-12T15:49:21.967+0000] {logging_mixin.py:150} INFO - [2025-08-12T15:49:21.967+0000] {dag.py:2742} INFO - Sync 1 DAGs
[2025-08-12T15:49:21.981+0000] {logging_mixin.py:150} INFO - [2025-08-12T15:49:21.981+0000] {dag.py:3504} INFO - Setting next_dagrun for tutorial to 2025-08-11T15:49:21.980964+00:00, run_after=2025-08-12T15:49:21.980964+00:00
[2025-08-12T15:49:21.997+0000] {processor.py:179} INFO - Processing /home/vscode/.local/lib/python3.10/site-packages/airflow/example_dags/tutorial.py took 0.049 seconds
[2025-08-12T15:50:05.918+0000] {processor.py:157} INFO - Started process (PID=23505) to work on /home/vscode/.local/lib/python3.10/site-packages/airflow/example_dags/tutorial.py
[2025-08-12T15:50:05.919+0000] {processor.py:826} INFO - Processing file /home/vscode/.local/lib/python3.10/site-packages/airflow/example_dags/tutorial.py for tasks to queue
[2025-08-12T15:50:05.919+0000] {logging_mixin.py:150} INFO - [2025-08-12T15:50:05.919+0000] {dagbag.py:541} INFO - Filling up the DagBag from /home/vscode/.local/lib/python3.10/site-packages/airflow/example_dags/tutorial.py
[2025-08-12T15:50:05.924+0000] {processor.py:836} INFO - DAG(s) dict_keys(['tutorial']) retrieved from /home/vscode/.local/lib/python3.10/site-packages/airflow/example_dags/tutorial.py
[2025-08-12T15:50:05.936+0000] {logging_mixin.py:150} INFO - [2025-08-12T15:50:05.936+0000] {dag.py:2742} INFO - Sync 1 DAGs
[2025-08-12T15:50:05.951+0000] {logging_mixin.py:150} INFO - [2025-08-12T15:50:05.951+0000] {dag.py:3504} INFO - Setting next_dagrun for tutorial to 2025-08-11T15:50:05.951481+00:00, run_after=2025-08-12T15:50:05.951481+00:00
[2025-08-12T15:50:05.970+0000] {processor.py:179} INFO - Processing /home/vscode/.local/lib/python3.10/site-packages/airflow/example_dags/tutorial.py took 0.054 seconds
[2025-08-12T15:50:49.516+0000] {processor.py:157} INFO - Started process (PID=23903) to work on /home/vscode/.local/lib/python3.10/site-packages/airflow/example_dags/tutorial.py
[2025-08-12T15:50:49.517+0000] {processor.py:826} INFO - Processing file /home/vscode/.local/lib/python3.10/site-packages/airflow/example_dags/tutorial.py for tasks to queue
[2025-08-12T15:50:49.517+0000] {logging_mixin.py:150} INFO - [2025-08-12T15:50:49.517+0000] {dagbag.py:541} INFO - Filling up the DagBag from /home/vscode/.local/lib/python3.10/site-packages/airflow/example_dags/tutorial.py
[2025-08-12T15:50:49.522+0000] {processor.py:836} INFO - DAG(s) dict_keys(['tutorial']) retrieved from /home/vscode/.local/lib/python3.10/site-packages/airflow/example_dags/tutorial.py
[2025-08-12T15:50:49.534+0000] {logging_mixin.py:150} INFO - [2025-08-12T15:50:49.534+0000] {dag.py:2742} INFO - Sync 1 DAGs
[2025-08-12T15:50:49.548+0000] {logging_mixin.py:150} INFO - [2025-08-12T15:50:49.548+0000] {dag.py:3504} INFO - Setting next_dagrun for tutorial to 2025-08-11T15:50:49.548633+00:00, run_after=2025-08-12T15:50:49.548633+00:00
[2025-08-12T15:50:49.566+0000] {processor.py:179} INFO - Processing /home/vscode/.local/lib/python3.10/site-packages/airflow/example_dags/tutorial.py took 0.052 seconds
[2025-08-12T15:51:34.566+0000] {processor.py:157} INFO - Started process (PID=24198) to work on /home/vscode/.local/lib/python3.10/site-packages/airflow/example_dags/tutorial.py
[2025-08-12T15:51:34.567+0000] {processor.py:826} INFO - Processing file /home/vscode/.local/lib/python3.10/site-packages/airflow/example_dags/tutorial.py for tasks to queue
[2025-08-12T15:51:34.567+0000] {logging_mixin.py:150} INFO - [2025-08-12T15:51:34.567+0000] {dagbag.py:541} INFO - Filling up the DagBag from /home/vscode/.local/lib/python3.10/site-packages/airflow/example_dags/tutorial.py
[2025-08-12T15:51:34.572+0000] {processor.py:836} INFO - DAG(s) dict_keys(['tutorial']) retrieved from /home/vscode/.local/lib/python3.10/site-packages/airflow/example_dags/tutorial.py
[2025-08-12T15:51:34.585+0000] {logging_mixin.py:150} INFO - [2025-08-12T15:51:34.585+0000] {dag.py:2742} INFO - Sync 1 DAGs
[2025-08-12T15:51:34.600+0000] {logging_mixin.py:150} INFO - [2025-08-12T15:51:34.600+0000] {dag.py:3504} INFO - Setting next_dagrun for tutorial to 2025-08-11T15:51:34.599986+00:00, run_after=2025-08-12T15:51:34.599986+00:00
[2025-08-12T15:51:34.616+0000] {processor.py:179} INFO - Processing /home/vscode/.local/lib/python3.10/site-packages/airflow/example_dags/tutorial.py took 0.052 seconds
[2025-08-12T15:52:17.127+0000] {processor.py:157} INFO - Started process (PID=24485) to work on /home/vscode/.local/lib/python3.10/site-packages/airflow/example_dags/tutorial.py
[2025-08-12T15:52:17.128+0000] {processor.py:826} INFO - Processing file /home/vscode/.local/lib/python3.10/site-packages/airflow/example_dags/tutorial.py for tasks to queue
[2025-08-12T15:52:17.128+0000] {logging_mixin.py:150} INFO - [2025-08-12T15:52:17.128+0000] {dagbag.py:541} INFO - Filling up the DagBag from /home/vscode/.local/lib/python3.10/site-packages/airflow/example_dags/tutorial.py
[2025-08-12T15:52:17.133+0000] {processor.py:836} INFO - DAG(s) dict_keys(['tutorial']) retrieved from /home/vscode/.local/lib/python3.10/site-packages/airflow/example_dags/tutorial.py
[2025-08-12T15:52:17.144+0000] {logging_mixin.py:150} INFO - [2025-08-12T15:52:17.144+0000] {dag.py:2742} INFO - Sync 1 DAGs
[2025-08-12T15:52:17.158+0000] {logging_mixin.py:150} INFO - [2025-08-12T15:52:17.158+0000] {dag.py:3504} INFO - Setting next_dagrun for tutorial to 2025-08-11T15:52:17.158036+00:00, run_after=2025-08-12T15:52:17.158036+00:00
[2025-08-12T15:52:17.175+0000] {processor.py:179} INFO - Processing /home/vscode/.local/lib/python3.10/site-packages/airflow/example_dags/tutorial.py took 0.050 seconds
[2025-08-12T15:53:01.409+0000] {processor.py:157} INFO - Started process (PID=24817) to work on /home/vscode/.local/lib/python3.10/site-packages/airflow/example_dags/tutorial.py
[2025-08-12T15:53:01.410+0000] {processor.py:826} INFO - Processing file /home/vscode/.local/lib/python3.10/site-packages/airflow/example_dags/tutorial.py for tasks to queue
[2025-08-12T15:53:01.411+0000] {logging_mixin.py:150} INFO - [2025-08-12T15:53:01.410+0000] {dagbag.py:541} INFO - Filling up the DagBag from /home/vscode/.local/lib/python3.10/site-packages/airflow/example_dags/tutorial.py
[2025-08-12T15:53:01.415+0000] {processor.py:836} INFO - DAG(s) dict_keys(['tutorial']) retrieved from /home/vscode/.local/lib/python3.10/site-packages/airflow/example_dags/tutorial.py
[2025-08-12T15:53:01.428+0000] {logging_mixin.py:150} INFO - [2025-08-12T15:53:01.428+0000] {dag.py:2742} INFO - Sync 1 DAGs
[2025-08-12T15:53:01.445+0000] {logging_mixin.py:150} INFO - [2025-08-12T15:53:01.445+0000] {dag.py:3504} INFO - Setting next_dagrun for tutorial to 2025-08-11T15:53:01.445412+00:00, run_after=2025-08-12T15:53:01.445412+00:00
[2025-08-12T15:53:01.465+0000] {processor.py:179} INFO - Processing /home/vscode/.local/lib/python3.10/site-packages/airflow/example_dags/tutorial.py took 0.058 seconds
[2025-08-12T15:53:44.102+0000] {processor.py:157} INFO - Started process (PID=25143) to work on /home/vscode/.local/lib/python3.10/site-packages/airflow/example_dags/tutorial.py
[2025-08-12T15:53:44.103+0000] {processor.py:826} INFO - Processing file /home/vscode/.local/lib/python3.10/site-packages/airflow/example_dags/tutorial.py for tasks to queue
[2025-08-12T15:53:44.103+0000] {logging_mixin.py:150} INFO - [2025-08-12T15:53:44.103+0000] {dagbag.py:541} INFO - Filling up the DagBag from /home/vscode/.local/lib/python3.10/site-packages/airflow/example_dags/tutorial.py
[2025-08-12T15:53:44.109+0000] {processor.py:836} INFO - DAG(s) dict_keys(['tutorial']) retrieved from /home/vscode/.local/lib/python3.10/site-packages/airflow/example_dags/tutorial.py
[2025-08-12T15:53:44.123+0000] {logging_mixin.py:150} INFO - [2025-08-12T15:53:44.123+0000] {dag.py:2742} INFO - Sync 1 DAGs
[2025-08-12T15:53:44.138+0000] {logging_mixin.py:150} INFO - [2025-08-12T15:53:44.138+0000] {dag.py:3504} INFO - Setting next_dagrun for tutorial to 2025-08-11T15:53:44.138090+00:00, run_after=2025-08-12T15:53:44.138090+00:00
[2025-08-12T15:53:44.155+0000] {processor.py:179} INFO - Processing /home/vscode/.local/lib/python3.10/site-packages/airflow/example_dags/tutorial.py took 0.056 seconds
[2025-08-12T15:54:28.138+0000] {processor.py:157} INFO - Started process (PID=25481) to work on /home/vscode/.local/lib/python3.10/site-packages/airflow/example_dags/tutorial.py
[2025-08-12T15:54:28.139+0000] {processor.py:826} INFO - Processing file /home/vscode/.local/lib/python3.10/site-packages/airflow/example_dags/tutorial.py for tasks to queue
[2025-08-12T15:54:28.139+0000] {logging_mixin.py:150} INFO - [2025-08-12T15:54:28.139+0000] {dagbag.py:541} INFO - Filling up the DagBag from /home/vscode/.local/lib/python3.10/site-packages/airflow/example_dags/tutorial.py
[2025-08-12T15:54:28.144+0000] {processor.py:836} INFO - DAG(s) dict_keys(['tutorial']) retrieved from /home/vscode/.local/lib/python3.10/site-packages/airflow/example_dags/tutorial.py
[2025-08-12T15:54:28.156+0000] {logging_mixin.py:150} INFO - [2025-08-12T15:54:28.155+0000] {dag.py:2742} INFO - Sync 1 DAGs
[2025-08-12T15:54:28.170+0000] {logging_mixin.py:150} INFO - [2025-08-12T15:54:28.170+0000] {dag.py:3504} INFO - Setting next_dagrun for tutorial to 2025-08-11T15:54:28.170137+00:00, run_after=2025-08-12T15:54:28.170137+00:00
[2025-08-12T15:54:28.186+0000] {processor.py:179} INFO - Processing /home/vscode/.local/lib/python3.10/site-packages/airflow/example_dags/tutorial.py took 0.050 seconds
[2025-08-12T15:55:11.757+0000] {processor.py:157} INFO - Started process (PID=25820) to work on /home/vscode/.local/lib/python3.10/site-packages/airflow/example_dags/tutorial.py
[2025-08-12T15:55:11.758+0000] {processor.py:826} INFO - Processing file /home/vscode/.local/lib/python3.10/site-packages/airflow/example_dags/tutorial.py for tasks to queue
[2025-08-12T15:55:11.758+0000] {logging_mixin.py:150} INFO - [2025-08-12T15:55:11.758+0000] {dagbag.py:541} INFO - Filling up the DagBag from /home/vscode/.local/lib/python3.10/site-packages/airflow/example_dags/tutorial.py
[2025-08-12T15:55:11.763+0000] {processor.py:836} INFO - DAG(s) dict_keys(['tutorial']) retrieved from /home/vscode/.local/lib/python3.10/site-packages/airflow/example_dags/tutorial.py
[2025-08-12T15:55:11.775+0000] {logging_mixin.py:150} INFO - [2025-08-12T15:55:11.775+0000] {dag.py:2742} INFO - Sync 1 DAGs
[2025-08-12T15:55:11.791+0000] {logging_mixin.py:150} INFO - [2025-08-12T15:55:11.791+0000] {dag.py:3504} INFO - Setting next_dagrun for tutorial to 2025-08-11T15:55:11.791265+00:00, run_after=2025-08-12T15:55:11.791265+00:00
[2025-08-12T15:55:11.809+0000] {processor.py:179} INFO - Processing /home/vscode/.local/lib/python3.10/site-packages/airflow/example_dags/tutorial.py took 0.054 seconds
[2025-08-12T15:55:55.456+0000] {processor.py:157} INFO - Started process (PID=26147) to work on /home/vscode/.local/lib/python3.10/site-packages/airflow/example_dags/tutorial.py
[2025-08-12T15:55:55.457+0000] {processor.py:826} INFO - Processing file /home/vscode/.local/lib/python3.10/site-packages/airflow/example_dags/tutorial.py for tasks to queue
[2025-08-12T15:55:55.457+0000] {logging_mixin.py:150} INFO - [2025-08-12T15:55:55.457+0000] {dagbag.py:541} INFO - Filling up the DagBag from /home/vscode/.local/lib/python3.10/site-packages/airflow/example_dags/tutorial.py
[2025-08-12T15:55:55.463+0000] {processor.py:836} INFO - DAG(s) dict_keys(['tutorial']) retrieved from /home/vscode/.local/lib/python3.10/site-packages/airflow/example_dags/tutorial.py
[2025-08-12T15:55:55.476+0000] {logging_mixin.py:150} INFO - [2025-08-12T15:55:55.475+0000] {dag.py:2742} INFO - Sync 1 DAGs
[2025-08-12T15:55:55.491+0000] {logging_mixin.py:150} INFO - [2025-08-12T15:55:55.491+0000] {dag.py:3504} INFO - Setting next_dagrun for tutorial to 2025-08-11T15:55:55.491190+00:00, run_after=2025-08-12T15:55:55.491190+00:00
[2025-08-12T15:55:55.511+0000] {processor.py:179} INFO - Processing /home/vscode/.local/lib/python3.10/site-packages/airflow/example_dags/tutorial.py took 0.057 seconds
[2025-08-12T15:56:39.380+0000] {processor.py:157} INFO - Started process (PID=26492) to work on /home/vscode/.local/lib/python3.10/site-packages/airflow/example_dags/tutorial.py
[2025-08-12T15:56:39.380+0000] {processor.py:826} INFO - Processing file /home/vscode/.local/lib/python3.10/site-packages/airflow/example_dags/tutorial.py for tasks to queue
[2025-08-12T15:56:39.381+0000] {logging_mixin.py:150} INFO - [2025-08-12T15:56:39.381+0000] {dagbag.py:541} INFO - Filling up the DagBag from /home/vscode/.local/lib/python3.10/site-packages/airflow/example_dags/tutorial.py
[2025-08-12T15:56:39.386+0000] {processor.py:836} INFO - DAG(s) dict_keys(['tutorial']) retrieved from /home/vscode/.local/lib/python3.10/site-packages/airflow/example_dags/tutorial.py
[2025-08-12T15:56:39.398+0000] {logging_mixin.py:150} INFO - [2025-08-12T15:56:39.397+0000] {dag.py:2742} INFO - Sync 1 DAGs
[2025-08-12T15:56:39.413+0000] {logging_mixin.py:150} INFO - [2025-08-12T15:56:39.413+0000] {dag.py:3504} INFO - Setting next_dagrun for tutorial to 2025-08-11T15:56:39.413254+00:00, run_after=2025-08-12T15:56:39.413254+00:00
[2025-08-12T15:56:39.429+0000] {processor.py:179} INFO - Processing /home/vscode/.local/lib/python3.10/site-packages/airflow/example_dags/tutorial.py took 0.052 seconds
[2025-08-12T15:57:17.489+0000] {processor.py:157} INFO - Started process (PID=26783) to work on /home/vscode/.local/lib/python3.10/site-packages/airflow/example_dags/tutorial.py
[2025-08-12T15:57:17.490+0000] {processor.py:826} INFO - Processing file /home/vscode/.local/lib/python3.10/site-packages/airflow/example_dags/tutorial.py for tasks to queue
[2025-08-12T15:57:17.490+0000] {logging_mixin.py:150} INFO - [2025-08-12T15:57:17.490+0000] {dagbag.py:541} INFO - Filling up the DagBag from /home/vscode/.local/lib/python3.10/site-packages/airflow/example_dags/tutorial.py
[2025-08-12T15:57:17.495+0000] {processor.py:836} INFO - DAG(s) dict_keys(['tutorial']) retrieved from /home/vscode/.local/lib/python3.10/site-packages/airflow/example_dags/tutorial.py
[2025-08-12T15:57:17.507+0000] {logging_mixin.py:150} INFO - [2025-08-12T15:57:17.507+0000] {dag.py:2742} INFO - Sync 1 DAGs
[2025-08-12T15:57:17.523+0000] {logging_mixin.py:150} INFO - [2025-08-12T15:57:17.523+0000] {dag.py:3504} INFO - Setting next_dagrun for tutorial to 2025-08-11T15:57:17.522945+00:00, run_after=2025-08-12T15:57:17.522945+00:00
[2025-08-12T15:57:17.540+0000] {processor.py:179} INFO - Processing /home/vscode/.local/lib/python3.10/site-packages/airflow/example_dags/tutorial.py took 0.054 seconds
[2025-08-12T15:58:02.797+0000] {processor.py:157} INFO - Started process (PID=27117) to work on /home/vscode/.local/lib/python3.10/site-packages/airflow/example_dags/tutorial.py
[2025-08-12T15:58:02.798+0000] {processor.py:826} INFO - Processing file /home/vscode/.local/lib/python3.10/site-packages/airflow/example_dags/tutorial.py for tasks to queue
[2025-08-12T15:58:02.798+0000] {logging_mixin.py:150} INFO - [2025-08-12T15:58:02.798+0000] {dagbag.py:541} INFO - Filling up the DagBag from /home/vscode/.local/lib/python3.10/site-packages/airflow/example_dags/tutorial.py
[2025-08-12T15:58:02.803+0000] {processor.py:836} INFO - DAG(s) dict_keys(['tutorial']) retrieved from /home/vscode/.local/lib/python3.10/site-packages/airflow/example_dags/tutorial.py
[2025-08-12T15:58:02.815+0000] {logging_mixin.py:150} INFO - [2025-08-12T15:58:02.814+0000] {dag.py:2742} INFO - Sync 1 DAGs
[2025-08-12T15:58:02.829+0000] {logging_mixin.py:150} INFO - [2025-08-12T15:58:02.829+0000] {dag.py:3504} INFO - Setting next_dagrun for tutorial to 2025-08-11T15:58:02.829252+00:00, run_after=2025-08-12T15:58:02.829252+00:00
[2025-08-12T15:58:02.845+0000] {processor.py:179} INFO - Processing /home/vscode/.local/lib/python3.10/site-packages/airflow/example_dags/tutorial.py took 0.050 seconds
[2025-08-12T15:58:48.078+0000] {processor.py:157} INFO - Started process (PID=27412) to work on /home/vscode/.local/lib/python3.10/site-packages/airflow/example_dags/tutorial.py
[2025-08-12T15:58:48.078+0000] {processor.py:826} INFO - Processing file /home/vscode/.local/lib/python3.10/site-packages/airflow/example_dags/tutorial.py for tasks to queue
[2025-08-12T15:58:48.079+0000] {logging_mixin.py:150} INFO - [2025-08-12T15:58:48.079+0000] {dagbag.py:541} INFO - Filling up the DagBag from /home/vscode/.local/lib/python3.10/site-packages/airflow/example_dags/tutorial.py
[2025-08-12T15:58:48.084+0000] {processor.py:836} INFO - DAG(s) dict_keys(['tutorial']) retrieved from /home/vscode/.local/lib/python3.10/site-packages/airflow/example_dags/tutorial.py
[2025-08-12T15:58:48.095+0000] {logging_mixin.py:150} INFO - [2025-08-12T15:58:48.095+0000] {dag.py:2742} INFO - Sync 1 DAGs
[2025-08-12T15:58:48.109+0000] {logging_mixin.py:150} INFO - [2025-08-12T15:58:48.109+0000] {dag.py:3504} INFO - Setting next_dagrun for tutorial to 2025-08-11T15:58:48.109653+00:00, run_after=2025-08-12T15:58:48.109653+00:00
[2025-08-12T15:58:48.125+0000] {processor.py:179} INFO - Processing /home/vscode/.local/lib/python3.10/site-packages/airflow/example_dags/tutorial.py took 0.050 seconds
[2025-08-12T15:59:29.194+0000] {processor.py:157} INFO - Started process (PID=27689) to work on /home/vscode/.local/lib/python3.10/site-packages/airflow/example_dags/tutorial.py
[2025-08-12T15:59:29.194+0000] {processor.py:826} INFO - Processing file /home/vscode/.local/lib/python3.10/site-packages/airflow/example_dags/tutorial.py for tasks to queue
[2025-08-12T15:59:29.195+0000] {logging_mixin.py:150} INFO - [2025-08-12T15:59:29.195+0000] {dagbag.py:541} INFO - Filling up the DagBag from /home/vscode/.local/lib/python3.10/site-packages/airflow/example_dags/tutorial.py
[2025-08-12T15:59:29.200+0000] {processor.py:836} INFO - DAG(s) dict_keys(['tutorial']) retrieved from /home/vscode/.local/lib/python3.10/site-packages/airflow/example_dags/tutorial.py
[2025-08-12T15:59:29.211+0000] {logging_mixin.py:150} INFO - [2025-08-12T15:59:29.211+0000] {dag.py:2742} INFO - Sync 1 DAGs
[2025-08-12T15:59:29.225+0000] {logging_mixin.py:150} INFO - [2025-08-12T15:59:29.225+0000] {dag.py:3504} INFO - Setting next_dagrun for tutorial to 2025-08-11T15:59:29.225432+00:00, run_after=2025-08-12T15:59:29.225432+00:00
[2025-08-12T15:59:29.241+0000] {processor.py:179} INFO - Processing /home/vscode/.local/lib/python3.10/site-packages/airflow/example_dags/tutorial.py took 0.049 seconds
[2025-08-12T16:00:09.693+0000] {processor.py:157} INFO - Started process (PID=27954) to work on /home/vscode/.local/lib/python3.10/site-packages/airflow/example_dags/tutorial.py
[2025-08-12T16:00:09.694+0000] {processor.py:826} INFO - Processing file /home/vscode/.local/lib/python3.10/site-packages/airflow/example_dags/tutorial.py for tasks to queue
[2025-08-12T16:00:09.695+0000] {logging_mixin.py:150} INFO - [2025-08-12T16:00:09.695+0000] {dagbag.py:541} INFO - Filling up the DagBag from /home/vscode/.local/lib/python3.10/site-packages/airflow/example_dags/tutorial.py
[2025-08-12T16:00:09.702+0000] {processor.py:836} INFO - DAG(s) dict_keys(['tutorial']) retrieved from /home/vscode/.local/lib/python3.10/site-packages/airflow/example_dags/tutorial.py
[2025-08-12T16:00:09.720+0000] {logging_mixin.py:150} INFO - [2025-08-12T16:00:09.720+0000] {dag.py:2742} INFO - Sync 1 DAGs
[2025-08-12T16:00:09.740+0000] {logging_mixin.py:150} INFO - [2025-08-12T16:00:09.740+0000] {dag.py:3504} INFO - Setting next_dagrun for tutorial to 2025-08-11T16:00:09.740518+00:00, run_after=2025-08-12T16:00:09.740518+00:00
[2025-08-12T16:00:09.756+0000] {processor.py:179} INFO - Processing /home/vscode/.local/lib/python3.10/site-packages/airflow/example_dags/tutorial.py took 0.066 seconds
[2025-08-12T16:00:53.666+0000] {processor.py:157} INFO - Started process (PID=28370) to work on /home/vscode/.local/lib/python3.10/site-packages/airflow/example_dags/tutorial.py
[2025-08-12T16:00:53.667+0000] {processor.py:826} INFO - Processing file /home/vscode/.local/lib/python3.10/site-packages/airflow/example_dags/tutorial.py for tasks to queue
[2025-08-12T16:00:53.668+0000] {logging_mixin.py:150} INFO - [2025-08-12T16:00:53.667+0000] {dagbag.py:541} INFO - Filling up the DagBag from /home/vscode/.local/lib/python3.10/site-packages/airflow/example_dags/tutorial.py
[2025-08-12T16:00:53.673+0000] {processor.py:836} INFO - DAG(s) dict_keys(['tutorial']) retrieved from /home/vscode/.local/lib/python3.10/site-packages/airflow/example_dags/tutorial.py
[2025-08-12T16:00:53.684+0000] {logging_mixin.py:150} INFO - [2025-08-12T16:00:53.684+0000] {dag.py:2742} INFO - Sync 1 DAGs
[2025-08-12T16:00:53.699+0000] {logging_mixin.py:150} INFO - [2025-08-12T16:00:53.699+0000] {dag.py:3504} INFO - Setting next_dagrun for tutorial to 2025-08-11T16:00:53.699525+00:00, run_after=2025-08-12T16:00:53.699525+00:00
[2025-08-12T16:00:53.716+0000] {processor.py:179} INFO - Processing /home/vscode/.local/lib/python3.10/site-packages/airflow/example_dags/tutorial.py took 0.052 seconds
[2025-08-12T16:01:39.592+0000] {processor.py:157} INFO - Started process (PID=28716) to work on /home/vscode/.local/lib/python3.10/site-packages/airflow/example_dags/tutorial.py
[2025-08-12T16:01:39.593+0000] {processor.py:826} INFO - Processing file /home/vscode/.local/lib/python3.10/site-packages/airflow/example_dags/tutorial.py for tasks to queue
[2025-08-12T16:01:39.593+0000] {logging_mixin.py:150} INFO - [2025-08-12T16:01:39.593+0000] {dagbag.py:541} INFO - Filling up the DagBag from /home/vscode/.local/lib/python3.10/site-packages/airflow/example_dags/tutorial.py
[2025-08-12T16:01:39.598+0000] {processor.py:836} INFO - DAG(s) dict_keys(['tutorial']) retrieved from /home/vscode/.local/lib/python3.10/site-packages/airflow/example_dags/tutorial.py
[2025-08-12T16:01:39.610+0000] {logging_mixin.py:150} INFO - [2025-08-12T16:01:39.610+0000] {dag.py:2742} INFO - Sync 1 DAGs
[2025-08-12T16:01:39.624+0000] {logging_mixin.py:150} INFO - [2025-08-12T16:01:39.624+0000] {dag.py:3504} INFO - Setting next_dagrun for tutorial to 2025-08-11T16:01:39.624217+00:00, run_after=2025-08-12T16:01:39.624217+00:00
[2025-08-12T16:01:39.641+0000] {processor.py:179} INFO - Processing /home/vscode/.local/lib/python3.10/site-packages/airflow/example_dags/tutorial.py took 0.051 seconds
[2025-08-12T16:02:23.774+0000] {processor.py:157} INFO - Started process (PID=29022) to work on /home/vscode/.local/lib/python3.10/site-packages/airflow/example_dags/tutorial.py
[2025-08-12T16:02:23.775+0000] {processor.py:826} INFO - Processing file /home/vscode/.local/lib/python3.10/site-packages/airflow/example_dags/tutorial.py for tasks to queue
[2025-08-12T16:02:23.775+0000] {logging_mixin.py:150} INFO - [2025-08-12T16:02:23.775+0000] {dagbag.py:541} INFO - Filling up the DagBag from /home/vscode/.local/lib/python3.10/site-packages/airflow/example_dags/tutorial.py
[2025-08-12T16:02:23.780+0000] {processor.py:836} INFO - DAG(s) dict_keys(['tutorial']) retrieved from /home/vscode/.local/lib/python3.10/site-packages/airflow/example_dags/tutorial.py
[2025-08-12T16:02:23.792+0000] {logging_mixin.py:150} INFO - [2025-08-12T16:02:23.791+0000] {dag.py:2742} INFO - Sync 1 DAGs
[2025-08-12T16:02:23.806+0000] {logging_mixin.py:150} INFO - [2025-08-12T16:02:23.806+0000] {dag.py:3504} INFO - Setting next_dagrun for tutorial to 2025-08-11T16:02:23.805853+00:00, run_after=2025-08-12T16:02:23.805853+00:00
[2025-08-12T16:02:23.830+0000] {processor.py:179} INFO - Processing /home/vscode/.local/lib/python3.10/site-packages/airflow/example_dags/tutorial.py took 0.058 seconds
[2025-08-12T16:03:01.981+0000] {processor.py:157} INFO - Started process (PID=29272) to work on /home/vscode/.local/lib/python3.10/site-packages/airflow/example_dags/tutorial.py
[2025-08-12T16:03:01.981+0000] {processor.py:826} INFO - Processing file /home/vscode/.local/lib/python3.10/site-packages/airflow/example_dags/tutorial.py for tasks to queue
[2025-08-12T16:03:01.982+0000] {logging_mixin.py:150} INFO - [2025-08-12T16:03:01.982+0000] {dagbag.py:541} INFO - Filling up the DagBag from /home/vscode/.local/lib/python3.10/site-packages/airflow/example_dags/tutorial.py
[2025-08-12T16:03:01.987+0000] {processor.py:836} INFO - DAG(s) dict_keys(['tutorial']) retrieved from /home/vscode/.local/lib/python3.10/site-packages/airflow/example_dags/tutorial.py
[2025-08-12T16:03:01.999+0000] {logging_mixin.py:150} INFO - [2025-08-12T16:03:01.998+0000] {dag.py:2742} INFO - Sync 1 DAGs
[2025-08-12T16:03:02.013+0000] {logging_mixin.py:150} INFO - [2025-08-12T16:03:02.013+0000] {dag.py:3504} INFO - Setting next_dagrun for tutorial to 2025-08-11T16:03:02.012899+00:00, run_after=2025-08-12T16:03:02.012899+00:00
[2025-08-12T16:03:02.028+0000] {processor.py:179} INFO - Processing /home/vscode/.local/lib/python3.10/site-packages/airflow/example_dags/tutorial.py took 0.050 seconds
[2025-08-12T16:03:46.075+0000] {processor.py:157} INFO - Started process (PID=29566) to work on /home/vscode/.local/lib/python3.10/site-packages/airflow/example_dags/tutorial.py
[2025-08-12T16:03:46.076+0000] {processor.py:826} INFO - Processing file /home/vscode/.local/lib/python3.10/site-packages/airflow/example_dags/tutorial.py for tasks to queue
[2025-08-12T16:03:46.076+0000] {logging_mixin.py:150} INFO - [2025-08-12T16:03:46.076+0000] {dagbag.py:541} INFO - Filling up the DagBag from /home/vscode/.local/lib/python3.10/site-packages/airflow/example_dags/tutorial.py
[2025-08-12T16:03:46.081+0000] {processor.py:836} INFO - DAG(s) dict_keys(['tutorial']) retrieved from /home/vscode/.local/lib/python3.10/site-packages/airflow/example_dags/tutorial.py
[2025-08-12T16:03:46.092+0000] {logging_mixin.py:150} INFO - [2025-08-12T16:03:46.092+0000] {dag.py:2742} INFO - Sync 1 DAGs
[2025-08-12T16:03:46.106+0000] {logging_mixin.py:150} INFO - [2025-08-12T16:03:46.106+0000] {dag.py:3504} INFO - Setting next_dagrun for tutorial to 2025-08-11T16:03:46.106461+00:00, run_after=2025-08-12T16:03:46.106461+00:00
[2025-08-12T16:03:46.122+0000] {processor.py:179} INFO - Processing /home/vscode/.local/lib/python3.10/site-packages/airflow/example_dags/tutorial.py took 0.049 seconds
[2025-08-12T16:04:19.874+0000] {processor.py:157} INFO - Started process (PID=29788) to work on /home/vscode/.local/lib/python3.10/site-packages/airflow/example_dags/tutorial.py
[2025-08-12T16:04:19.875+0000] {processor.py:826} INFO - Processing file /home/vscode/.local/lib/python3.10/site-packages/airflow/example_dags/tutorial.py for tasks to queue
[2025-08-12T16:04:19.876+0000] {logging_mixin.py:150} INFO - [2025-08-12T16:04:19.875+0000] {dagbag.py:541} INFO - Filling up the DagBag from /home/vscode/.local/lib/python3.10/site-packages/airflow/example_dags/tutorial.py
[2025-08-12T16:04:19.880+0000] {processor.py:836} INFO - DAG(s) dict_keys(['tutorial']) retrieved from /home/vscode/.local/lib/python3.10/site-packages/airflow/example_dags/tutorial.py
[2025-08-12T16:04:19.893+0000] {logging_mixin.py:150} INFO - [2025-08-12T16:04:19.893+0000] {dag.py:2742} INFO - Sync 1 DAGs
[2025-08-12T16:04:19.907+0000] {logging_mixin.py:150} INFO - [2025-08-12T16:04:19.907+0000] {dag.py:3504} INFO - Setting next_dagrun for tutorial to 2025-08-11T16:04:19.907007+00:00, run_after=2025-08-12T16:04:19.907007+00:00
[2025-08-12T16:04:19.924+0000] {processor.py:179} INFO - Processing /home/vscode/.local/lib/python3.10/site-packages/airflow/example_dags/tutorial.py took 0.052 seconds
[2025-08-12T16:04:52.274+0000] {processor.py:157} INFO - Started process (PID=29999) to work on /home/vscode/.local/lib/python3.10/site-packages/airflow/example_dags/tutorial.py
[2025-08-12T16:04:52.274+0000] {processor.py:826} INFO - Processing file /home/vscode/.local/lib/python3.10/site-packages/airflow/example_dags/tutorial.py for tasks to queue
[2025-08-12T16:04:52.275+0000] {logging_mixin.py:150} INFO - [2025-08-12T16:04:52.275+0000] {dagbag.py:541} INFO - Filling up the DagBag from /home/vscode/.local/lib/python3.10/site-packages/airflow/example_dags/tutorial.py
[2025-08-12T16:04:52.280+0000] {processor.py:836} INFO - DAG(s) dict_keys(['tutorial']) retrieved from /home/vscode/.local/lib/python3.10/site-packages/airflow/example_dags/tutorial.py
[2025-08-12T16:04:52.292+0000] {logging_mixin.py:150} INFO - [2025-08-12T16:04:52.292+0000] {dag.py:2742} INFO - Sync 1 DAGs
[2025-08-12T16:04:52.307+0000] {logging_mixin.py:150} INFO - [2025-08-12T16:04:52.307+0000] {dag.py:3504} INFO - Setting next_dagrun for tutorial to 2025-08-11T16:04:52.307501+00:00, run_after=2025-08-12T16:04:52.307501+00:00
[2025-08-12T16:04:52.325+0000] {processor.py:179} INFO - Processing /home/vscode/.local/lib/python3.10/site-packages/airflow/example_dags/tutorial.py took 0.053 seconds
[2025-08-12T16:05:35.105+0000] {processor.py:157} INFO - Started process (PID=30291) to work on /home/vscode/.local/lib/python3.10/site-packages/airflow/example_dags/tutorial.py
[2025-08-12T16:05:35.105+0000] {processor.py:826} INFO - Processing file /home/vscode/.local/lib/python3.10/site-packages/airflow/example_dags/tutorial.py for tasks to queue
[2025-08-12T16:05:35.106+0000] {logging_mixin.py:150} INFO - [2025-08-12T16:05:35.106+0000] {dagbag.py:541} INFO - Filling up the DagBag from /home/vscode/.local/lib/python3.10/site-packages/airflow/example_dags/tutorial.py
[2025-08-12T16:05:35.111+0000] {processor.py:836} INFO - DAG(s) dict_keys(['tutorial']) retrieved from /home/vscode/.local/lib/python3.10/site-packages/airflow/example_dags/tutorial.py
[2025-08-12T16:05:35.123+0000] {logging_mixin.py:150} INFO - [2025-08-12T16:05:35.123+0000] {dag.py:2742} INFO - Sync 1 DAGs
[2025-08-12T16:05:35.137+0000] {logging_mixin.py:150} INFO - [2025-08-12T16:05:35.137+0000] {dag.py:3504} INFO - Setting next_dagrun for tutorial to 2025-08-11T16:05:35.137191+00:00, run_after=2025-08-12T16:05:35.137191+00:00
[2025-08-12T16:05:35.153+0000] {processor.py:179} INFO - Processing /home/vscode/.local/lib/python3.10/site-packages/airflow/example_dags/tutorial.py took 0.050 seconds
[2025-08-12T16:06:20.230+0000] {processor.py:157} INFO - Started process (PID=30592) to work on /home/vscode/.local/lib/python3.10/site-packages/airflow/example_dags/tutorial.py
[2025-08-12T16:06:20.231+0000] {processor.py:826} INFO - Processing file /home/vscode/.local/lib/python3.10/site-packages/airflow/example_dags/tutorial.py for tasks to queue
[2025-08-12T16:06:20.231+0000] {logging_mixin.py:150} INFO - [2025-08-12T16:06:20.231+0000] {dagbag.py:541} INFO - Filling up the DagBag from /home/vscode/.local/lib/python3.10/site-packages/airflow/example_dags/tutorial.py
[2025-08-12T16:06:20.236+0000] {processor.py:836} INFO - DAG(s) dict_keys(['tutorial']) retrieved from /home/vscode/.local/lib/python3.10/site-packages/airflow/example_dags/tutorial.py
[2025-08-12T16:06:20.248+0000] {logging_mixin.py:150} INFO - [2025-08-12T16:06:20.248+0000] {dag.py:2742} INFO - Sync 1 DAGs
[2025-08-12T16:06:20.262+0000] {logging_mixin.py:150} INFO - [2025-08-12T16:06:20.261+0000] {dag.py:3504} INFO - Setting next_dagrun for tutorial to 2025-08-11T16:06:20.261835+00:00, run_after=2025-08-12T16:06:20.261835+00:00
[2025-08-12T16:06:20.279+0000] {processor.py:179} INFO - Processing /home/vscode/.local/lib/python3.10/site-packages/airflow/example_dags/tutorial.py took 0.051 seconds
[2025-08-12T16:06:52.145+0000] {processor.py:157} INFO - Started process (PID=30801) to work on /home/vscode/.local/lib/python3.10/site-packages/airflow/example_dags/tutorial.py
[2025-08-12T16:06:52.145+0000] {processor.py:826} INFO - Processing file /home/vscode/.local/lib/python3.10/site-packages/airflow/example_dags/tutorial.py for tasks to queue
[2025-08-12T16:06:52.146+0000] {logging_mixin.py:150} INFO - [2025-08-12T16:06:52.145+0000] {dagbag.py:541} INFO - Filling up the DagBag from /home/vscode/.local/lib/python3.10/site-packages/airflow/example_dags/tutorial.py
[2025-08-12T16:06:52.151+0000] {processor.py:836} INFO - DAG(s) dict_keys(['tutorial']) retrieved from /home/vscode/.local/lib/python3.10/site-packages/airflow/example_dags/tutorial.py
[2025-08-12T16:06:52.162+0000] {logging_mixin.py:150} INFO - [2025-08-12T16:06:52.162+0000] {dag.py:2742} INFO - Sync 1 DAGs
[2025-08-12T16:06:52.176+0000] {logging_mixin.py:150} INFO - [2025-08-12T16:06:52.176+0000] {dag.py:3504} INFO - Setting next_dagrun for tutorial to 2025-08-11T16:06:52.176689+00:00, run_after=2025-08-12T16:06:52.176689+00:00
[2025-08-12T16:06:52.192+0000] {processor.py:179} INFO - Processing /home/vscode/.local/lib/python3.10/site-packages/airflow/example_dags/tutorial.py took 0.050 seconds
[2025-08-12T16:07:33.295+0000] {processor.py:157} INFO - Started process (PID=31077) to work on /home/vscode/.local/lib/python3.10/site-packages/airflow/example_dags/tutorial.py
[2025-08-12T16:07:33.295+0000] {processor.py:826} INFO - Processing file /home/vscode/.local/lib/python3.10/site-packages/airflow/example_dags/tutorial.py for tasks to queue
[2025-08-12T16:07:33.296+0000] {logging_mixin.py:150} INFO - [2025-08-12T16:07:33.296+0000] {dagbag.py:541} INFO - Filling up the DagBag from /home/vscode/.local/lib/python3.10/site-packages/airflow/example_dags/tutorial.py
[2025-08-12T16:07:33.301+0000] {processor.py:836} INFO - DAG(s) dict_keys(['tutorial']) retrieved from /home/vscode/.local/lib/python3.10/site-packages/airflow/example_dags/tutorial.py
[2025-08-12T16:07:33.313+0000] {logging_mixin.py:150} INFO - [2025-08-12T16:07:33.313+0000] {dag.py:2742} INFO - Sync 1 DAGs
[2025-08-12T16:07:33.328+0000] {logging_mixin.py:150} INFO - [2025-08-12T16:07:33.328+0000] {dag.py:3504} INFO - Setting next_dagrun for tutorial to 2025-08-11T16:07:33.327974+00:00, run_after=2025-08-12T16:07:33.327974+00:00
[2025-08-12T16:07:33.344+0000] {processor.py:179} INFO - Processing /home/vscode/.local/lib/python3.10/site-packages/airflow/example_dags/tutorial.py took 0.052 seconds
[2025-08-12T16:08:15.509+0000] {processor.py:157} INFO - Started process (PID=31368) to work on /home/vscode/.local/lib/python3.10/site-packages/airflow/example_dags/tutorial.py
[2025-08-12T16:08:15.510+0000] {processor.py:826} INFO - Processing file /home/vscode/.local/lib/python3.10/site-packages/airflow/example_dags/tutorial.py for tasks to queue
[2025-08-12T16:08:15.510+0000] {logging_mixin.py:150} INFO - [2025-08-12T16:08:15.510+0000] {dagbag.py:541} INFO - Filling up the DagBag from /home/vscode/.local/lib/python3.10/site-packages/airflow/example_dags/tutorial.py
[2025-08-12T16:08:15.515+0000] {processor.py:836} INFO - DAG(s) dict_keys(['tutorial']) retrieved from /home/vscode/.local/lib/python3.10/site-packages/airflow/example_dags/tutorial.py
[2025-08-12T16:08:15.526+0000] {logging_mixin.py:150} INFO - [2025-08-12T16:08:15.526+0000] {dag.py:2742} INFO - Sync 1 DAGs
[2025-08-12T16:08:15.541+0000] {logging_mixin.py:150} INFO - [2025-08-12T16:08:15.541+0000] {dag.py:3504} INFO - Setting next_dagrun for tutorial to 2025-08-11T16:08:15.541037+00:00, run_after=2025-08-12T16:08:15.541037+00:00
[2025-08-12T16:08:15.556+0000] {processor.py:179} INFO - Processing /home/vscode/.local/lib/python3.10/site-packages/airflow/example_dags/tutorial.py took 0.049 seconds
[2025-08-12T16:08:56.646+0000] {processor.py:157} INFO - Started process (PID=31637) to work on /home/vscode/.local/lib/python3.10/site-packages/airflow/example_dags/tutorial.py
[2025-08-12T16:08:56.647+0000] {processor.py:826} INFO - Processing file /home/vscode/.local/lib/python3.10/site-packages/airflow/example_dags/tutorial.py for tasks to queue
[2025-08-12T16:08:56.647+0000] {logging_mixin.py:150} INFO - [2025-08-12T16:08:56.647+0000] {dagbag.py:541} INFO - Filling up the DagBag from /home/vscode/.local/lib/python3.10/site-packages/airflow/example_dags/tutorial.py
[2025-08-12T16:08:56.653+0000] {processor.py:836} INFO - DAG(s) dict_keys(['tutorial']) retrieved from /home/vscode/.local/lib/python3.10/site-packages/airflow/example_dags/tutorial.py
[2025-08-12T16:08:56.664+0000] {logging_mixin.py:150} INFO - [2025-08-12T16:08:56.664+0000] {dag.py:2742} INFO - Sync 1 DAGs
[2025-08-12T16:08:56.678+0000] {logging_mixin.py:150} INFO - [2025-08-12T16:08:56.678+0000] {dag.py:3504} INFO - Setting next_dagrun for tutorial to 2025-08-11T16:08:56.678459+00:00, run_after=2025-08-12T16:08:56.678459+00:00
[2025-08-12T16:08:56.695+0000] {processor.py:179} INFO - Processing /home/vscode/.local/lib/python3.10/site-packages/airflow/example_dags/tutorial.py took 0.051 seconds
[2025-08-12T16:09:40.590+0000] {processor.py:157} INFO - Started process (PID=31930) to work on /home/vscode/.local/lib/python3.10/site-packages/airflow/example_dags/tutorial.py
[2025-08-12T16:09:40.591+0000] {processor.py:826} INFO - Processing file /home/vscode/.local/lib/python3.10/site-packages/airflow/example_dags/tutorial.py for tasks to queue
[2025-08-12T16:09:40.591+0000] {logging_mixin.py:150} INFO - [2025-08-12T16:09:40.591+0000] {dagbag.py:541} INFO - Filling up the DagBag from /home/vscode/.local/lib/python3.10/site-packages/airflow/example_dags/tutorial.py
[2025-08-12T16:09:40.596+0000] {processor.py:836} INFO - DAG(s) dict_keys(['tutorial']) retrieved from /home/vscode/.local/lib/python3.10/site-packages/airflow/example_dags/tutorial.py
[2025-08-12T16:09:40.608+0000] {logging_mixin.py:150} INFO - [2025-08-12T16:09:40.608+0000] {dag.py:2742} INFO - Sync 1 DAGs
[2025-08-12T16:09:40.623+0000] {logging_mixin.py:150} INFO - [2025-08-12T16:09:40.623+0000] {dag.py:3504} INFO - Setting next_dagrun for tutorial to 2025-08-11T16:09:40.623048+00:00, run_after=2025-08-12T16:09:40.623048+00:00
[2025-08-12T16:09:40.650+0000] {processor.py:179} INFO - Processing /home/vscode/.local/lib/python3.10/site-packages/airflow/example_dags/tutorial.py took 0.062 seconds
[2025-08-12T16:10:26.801+0000] {processor.py:157} INFO - Started process (PID=32238) to work on /home/vscode/.local/lib/python3.10/site-packages/airflow/example_dags/tutorial.py
[2025-08-12T16:10:26.802+0000] {processor.py:826} INFO - Processing file /home/vscode/.local/lib/python3.10/site-packages/airflow/example_dags/tutorial.py for tasks to queue
[2025-08-12T16:10:26.802+0000] {logging_mixin.py:150} INFO - [2025-08-12T16:10:26.802+0000] {dagbag.py:541} INFO - Filling up the DagBag from /home/vscode/.local/lib/python3.10/site-packages/airflow/example_dags/tutorial.py
[2025-08-12T16:10:26.807+0000] {processor.py:836} INFO - DAG(s) dict_keys(['tutorial']) retrieved from /home/vscode/.local/lib/python3.10/site-packages/airflow/example_dags/tutorial.py
[2025-08-12T16:10:26.819+0000] {logging_mixin.py:150} INFO - [2025-08-12T16:10:26.819+0000] {dag.py:2742} INFO - Sync 1 DAGs
[2025-08-12T16:10:26.833+0000] {logging_mixin.py:150} INFO - [2025-08-12T16:10:26.833+0000] {dag.py:3504} INFO - Setting next_dagrun for tutorial to 2025-08-11T16:10:26.833193+00:00, run_after=2025-08-12T16:10:26.833193+00:00
[2025-08-12T16:10:26.849+0000] {processor.py:179} INFO - Processing /home/vscode/.local/lib/python3.10/site-packages/airflow/example_dags/tutorial.py took 0.050 seconds
[2025-08-12T16:11:10.860+0000] {processor.py:157} INFO - Started process (PID=32526) to work on /home/vscode/.local/lib/python3.10/site-packages/airflow/example_dags/tutorial.py
[2025-08-12T16:11:10.861+0000] {processor.py:826} INFO - Processing file /home/vscode/.local/lib/python3.10/site-packages/airflow/example_dags/tutorial.py for tasks to queue
[2025-08-12T16:11:10.861+0000] {logging_mixin.py:150} INFO - [2025-08-12T16:11:10.861+0000] {dagbag.py:541} INFO - Filling up the DagBag from /home/vscode/.local/lib/python3.10/site-packages/airflow/example_dags/tutorial.py
[2025-08-12T16:11:10.867+0000] {processor.py:836} INFO - DAG(s) dict_keys(['tutorial']) retrieved from /home/vscode/.local/lib/python3.10/site-packages/airflow/example_dags/tutorial.py
[2025-08-12T16:11:10.879+0000] {logging_mixin.py:150} INFO - [2025-08-12T16:11:10.879+0000] {dag.py:2742} INFO - Sync 1 DAGs
[2025-08-12T16:11:10.894+0000] {logging_mixin.py:150} INFO - [2025-08-12T16:11:10.893+0000] {dag.py:3504} INFO - Setting next_dagrun for tutorial to 2025-08-11T16:11:10.893687+00:00, run_after=2025-08-12T16:11:10.893687+00:00
[2025-08-12T16:11:10.910+0000] {processor.py:179} INFO - Processing /home/vscode/.local/lib/python3.10/site-packages/airflow/example_dags/tutorial.py took 0.053 seconds
[2025-08-12T16:11:56.161+0000] {processor.py:157} INFO - Started process (PID=32828) to work on /home/vscode/.local/lib/python3.10/site-packages/airflow/example_dags/tutorial.py
[2025-08-12T16:11:56.162+0000] {processor.py:826} INFO - Processing file /home/vscode/.local/lib/python3.10/site-packages/airflow/example_dags/tutorial.py for tasks to queue
[2025-08-12T16:11:56.162+0000] {logging_mixin.py:150} INFO - [2025-08-12T16:11:56.162+0000] {dagbag.py:541} INFO - Filling up the DagBag from /home/vscode/.local/lib/python3.10/site-packages/airflow/example_dags/tutorial.py
[2025-08-12T16:11:56.167+0000] {processor.py:836} INFO - DAG(s) dict_keys(['tutorial']) retrieved from /home/vscode/.local/lib/python3.10/site-packages/airflow/example_dags/tutorial.py
[2025-08-12T16:11:56.181+0000] {logging_mixin.py:150} INFO - [2025-08-12T16:11:56.181+0000] {dag.py:2742} INFO - Sync 1 DAGs
[2025-08-12T16:11:56.195+0000] {logging_mixin.py:150} INFO - [2025-08-12T16:11:56.195+0000] {dag.py:3504} INFO - Setting next_dagrun for tutorial to 2025-08-11T16:11:56.194894+00:00, run_after=2025-08-12T16:11:56.194894+00:00
[2025-08-12T16:11:56.220+0000] {processor.py:179} INFO - Processing /home/vscode/.local/lib/python3.10/site-packages/airflow/example_dags/tutorial.py took 0.060 seconds
[2025-08-12T16:12:40.432+0000] {processor.py:157} INFO - Started process (PID=33127) to work on /home/vscode/.local/lib/python3.10/site-packages/airflow/example_dags/tutorial.py
[2025-08-12T16:12:40.433+0000] {processor.py:826} INFO - Processing file /home/vscode/.local/lib/python3.10/site-packages/airflow/example_dags/tutorial.py for tasks to queue
[2025-08-12T16:12:40.433+0000] {logging_mixin.py:150} INFO - [2025-08-12T16:12:40.433+0000] {dagbag.py:541} INFO - Filling up the DagBag from /home/vscode/.local/lib/python3.10/site-packages/airflow/example_dags/tutorial.py
[2025-08-12T16:12:40.438+0000] {processor.py:836} INFO - DAG(s) dict_keys(['tutorial']) retrieved from /home/vscode/.local/lib/python3.10/site-packages/airflow/example_dags/tutorial.py
[2025-08-12T16:12:40.449+0000] {logging_mixin.py:150} INFO - [2025-08-12T16:12:40.449+0000] {dag.py:2742} INFO - Sync 1 DAGs
[2025-08-12T16:12:40.464+0000] {logging_mixin.py:150} INFO - [2025-08-12T16:12:40.464+0000] {dag.py:3504} INFO - Setting next_dagrun for tutorial to 2025-08-11T16:12:40.464522+00:00, run_after=2025-08-12T16:12:40.464522+00:00
[2025-08-12T16:12:40.480+0000] {processor.py:179} INFO - Processing /home/vscode/.local/lib/python3.10/site-packages/airflow/example_dags/tutorial.py took 0.050 seconds
[2025-08-12T16:13:13.129+0000] {processor.py:157} INFO - Started process (PID=33343) to work on /home/vscode/.local/lib/python3.10/site-packages/airflow/example_dags/tutorial.py
[2025-08-12T16:13:13.130+0000] {processor.py:826} INFO - Processing file /home/vscode/.local/lib/python3.10/site-packages/airflow/example_dags/tutorial.py for tasks to queue
[2025-08-12T16:13:13.130+0000] {logging_mixin.py:150} INFO - [2025-08-12T16:13:13.130+0000] {dagbag.py:541} INFO - Filling up the DagBag from /home/vscode/.local/lib/python3.10/site-packages/airflow/example_dags/tutorial.py
[2025-08-12T16:13:13.135+0000] {processor.py:836} INFO - DAG(s) dict_keys(['tutorial']) retrieved from /home/vscode/.local/lib/python3.10/site-packages/airflow/example_dags/tutorial.py
[2025-08-12T16:13:13.146+0000] {logging_mixin.py:150} INFO - [2025-08-12T16:13:13.146+0000] {dag.py:2742} INFO - Sync 1 DAGs
[2025-08-12T16:13:13.160+0000] {logging_mixin.py:150} INFO - [2025-08-12T16:13:13.160+0000] {dag.py:3504} INFO - Setting next_dagrun for tutorial to 2025-08-11T16:13:13.160648+00:00, run_after=2025-08-12T16:13:13.160648+00:00
[2025-08-12T16:13:13.176+0000] {processor.py:179} INFO - Processing /home/vscode/.local/lib/python3.10/site-packages/airflow/example_dags/tutorial.py took 0.049 seconds
[2025-08-12T16:13:54.244+0000] {processor.py:157} INFO - Started process (PID=33612) to work on /home/vscode/.local/lib/python3.10/site-packages/airflow/example_dags/tutorial.py
[2025-08-12T16:13:54.245+0000] {processor.py:826} INFO - Processing file /home/vscode/.local/lib/python3.10/site-packages/airflow/example_dags/tutorial.py for tasks to queue
[2025-08-12T16:13:54.245+0000] {logging_mixin.py:150} INFO - [2025-08-12T16:13:54.245+0000] {dagbag.py:541} INFO - Filling up the DagBag from /home/vscode/.local/lib/python3.10/site-packages/airflow/example_dags/tutorial.py
[2025-08-12T16:13:54.250+0000] {processor.py:836} INFO - DAG(s) dict_keys(['tutorial']) retrieved from /home/vscode/.local/lib/python3.10/site-packages/airflow/example_dags/tutorial.py
[2025-08-12T16:13:54.262+0000] {logging_mixin.py:150} INFO - [2025-08-12T16:13:54.262+0000] {dag.py:2742} INFO - Sync 1 DAGs
[2025-08-12T16:13:54.276+0000] {logging_mixin.py:150} INFO - [2025-08-12T16:13:54.276+0000] {dag.py:3504} INFO - Setting next_dagrun for tutorial to 2025-08-11T16:13:54.275784+00:00, run_after=2025-08-12T16:13:54.275784+00:00
[2025-08-12T16:13:54.292+0000] {processor.py:179} INFO - Processing /home/vscode/.local/lib/python3.10/site-packages/airflow/example_dags/tutorial.py took 0.050 seconds
[2025-08-12T16:14:29.167+0000] {processor.py:157} INFO - Started process (PID=33848) to work on /home/vscode/.local/lib/python3.10/site-packages/airflow/example_dags/tutorial.py
[2025-08-12T16:14:29.168+0000] {processor.py:826} INFO - Processing file /home/vscode/.local/lib/python3.10/site-packages/airflow/example_dags/tutorial.py for tasks to queue
[2025-08-12T16:14:29.168+0000] {logging_mixin.py:150} INFO - [2025-08-12T16:14:29.168+0000] {dagbag.py:541} INFO - Filling up the DagBag from /home/vscode/.local/lib/python3.10/site-packages/airflow/example_dags/tutorial.py
[2025-08-12T16:14:29.174+0000] {processor.py:836} INFO - DAG(s) dict_keys(['tutorial']) retrieved from /home/vscode/.local/lib/python3.10/site-packages/airflow/example_dags/tutorial.py
[2025-08-12T16:14:29.185+0000] {logging_mixin.py:150} INFO - [2025-08-12T16:14:29.185+0000] {dag.py:2742} INFO - Sync 1 DAGs
[2025-08-12T16:14:29.199+0000] {logging_mixin.py:150} INFO - [2025-08-12T16:14:29.199+0000] {dag.py:3504} INFO - Setting next_dagrun for tutorial to 2025-08-11T16:14:29.199635+00:00, run_after=2025-08-12T16:14:29.199635+00:00
[2025-08-12T16:14:29.215+0000] {processor.py:179} INFO - Processing /home/vscode/.local/lib/python3.10/site-packages/airflow/example_dags/tutorial.py took 0.050 seconds
[2025-08-12T16:15:10.311+0000] {processor.py:157} INFO - Started process (PID=34118) to work on /home/vscode/.local/lib/python3.10/site-packages/airflow/example_dags/tutorial.py
[2025-08-12T16:15:10.312+0000] {processor.py:826} INFO - Processing file /home/vscode/.local/lib/python3.10/site-packages/airflow/example_dags/tutorial.py for tasks to queue
[2025-08-12T16:15:10.312+0000] {logging_mixin.py:150} INFO - [2025-08-12T16:15:10.312+0000] {dagbag.py:541} INFO - Filling up the DagBag from /home/vscode/.local/lib/python3.10/site-packages/airflow/example_dags/tutorial.py
[2025-08-12T16:15:10.317+0000] {processor.py:836} INFO - DAG(s) dict_keys(['tutorial']) retrieved from /home/vscode/.local/lib/python3.10/site-packages/airflow/example_dags/tutorial.py
[2025-08-12T16:15:10.329+0000] {logging_mixin.py:150} INFO - [2025-08-12T16:15:10.329+0000] {dag.py:2742} INFO - Sync 1 DAGs
[2025-08-12T16:15:10.343+0000] {logging_mixin.py:150} INFO - [2025-08-12T16:15:10.343+0000] {dag.py:3504} INFO - Setting next_dagrun for tutorial to 2025-08-11T16:15:10.343015+00:00, run_after=2025-08-12T16:15:10.343015+00:00
[2025-08-12T16:15:10.358+0000] {processor.py:179} INFO - Processing /home/vscode/.local/lib/python3.10/site-packages/airflow/example_dags/tutorial.py took 0.050 seconds
[2025-08-12T16:15:52.525+0000] {processor.py:157} INFO - Started process (PID=34403) to work on /home/vscode/.local/lib/python3.10/site-packages/airflow/example_dags/tutorial.py
[2025-08-12T16:15:52.526+0000] {processor.py:826} INFO - Processing file /home/vscode/.local/lib/python3.10/site-packages/airflow/example_dags/tutorial.py for tasks to queue
[2025-08-12T16:15:52.527+0000] {logging_mixin.py:150} INFO - [2025-08-12T16:15:52.526+0000] {dagbag.py:541} INFO - Filling up the DagBag from /home/vscode/.local/lib/python3.10/site-packages/airflow/example_dags/tutorial.py
[2025-08-12T16:15:52.531+0000] {processor.py:836} INFO - DAG(s) dict_keys(['tutorial']) retrieved from /home/vscode/.local/lib/python3.10/site-packages/airflow/example_dags/tutorial.py
[2025-08-12T16:15:52.543+0000] {logging_mixin.py:150} INFO - [2025-08-12T16:15:52.542+0000] {dag.py:2742} INFO - Sync 1 DAGs
[2025-08-12T16:15:52.557+0000] {logging_mixin.py:150} INFO - [2025-08-12T16:15:52.557+0000] {dag.py:3504} INFO - Setting next_dagrun for tutorial to 2025-08-11T16:15:52.557090+00:00, run_after=2025-08-12T16:15:52.557090+00:00
[2025-08-12T16:15:52.573+0000] {processor.py:179} INFO - Processing /home/vscode/.local/lib/python3.10/site-packages/airflow/example_dags/tutorial.py took 0.050 seconds
[2025-08-12T16:16:32.536+0000] {processor.py:157} INFO - Started process (PID=34666) to work on /home/vscode/.local/lib/python3.10/site-packages/airflow/example_dags/tutorial.py
[2025-08-12T16:16:32.537+0000] {processor.py:826} INFO - Processing file /home/vscode/.local/lib/python3.10/site-packages/airflow/example_dags/tutorial.py for tasks to queue
[2025-08-12T16:16:32.537+0000] {logging_mixin.py:150} INFO - [2025-08-12T16:16:32.537+0000] {dagbag.py:541} INFO - Filling up the DagBag from /home/vscode/.local/lib/python3.10/site-packages/airflow/example_dags/tutorial.py
[2025-08-12T16:16:32.542+0000] {processor.py:836} INFO - DAG(s) dict_keys(['tutorial']) retrieved from /home/vscode/.local/lib/python3.10/site-packages/airflow/example_dags/tutorial.py
[2025-08-12T16:16:32.554+0000] {logging_mixin.py:150} INFO - [2025-08-12T16:16:32.554+0000] {dag.py:2742} INFO - Sync 1 DAGs
[2025-08-12T16:16:32.568+0000] {logging_mixin.py:150} INFO - [2025-08-12T16:16:32.568+0000] {dag.py:3504} INFO - Setting next_dagrun for tutorial to 2025-08-11T16:16:32.568544+00:00, run_after=2025-08-12T16:16:32.568544+00:00
[2025-08-12T16:16:32.585+0000] {processor.py:179} INFO - Processing /home/vscode/.local/lib/python3.10/site-packages/airflow/example_dags/tutorial.py took 0.051 seconds
[2025-08-12T16:17:16.374+0000] {processor.py:157} INFO - Started process (PID=34966) to work on /home/vscode/.local/lib/python3.10/site-packages/airflow/example_dags/tutorial.py
[2025-08-12T16:17:16.374+0000] {processor.py:826} INFO - Processing file /home/vscode/.local/lib/python3.10/site-packages/airflow/example_dags/tutorial.py for tasks to queue
[2025-08-12T16:17:16.375+0000] {logging_mixin.py:150} INFO - [2025-08-12T16:17:16.374+0000] {dagbag.py:541} INFO - Filling up the DagBag from /home/vscode/.local/lib/python3.10/site-packages/airflow/example_dags/tutorial.py
[2025-08-12T16:17:16.380+0000] {processor.py:836} INFO - DAG(s) dict_keys(['tutorial']) retrieved from /home/vscode/.local/lib/python3.10/site-packages/airflow/example_dags/tutorial.py
[2025-08-12T16:17:16.391+0000] {logging_mixin.py:150} INFO - [2025-08-12T16:17:16.391+0000] {dag.py:2742} INFO - Sync 1 DAGs
[2025-08-12T16:17:16.409+0000] {logging_mixin.py:150} INFO - [2025-08-12T16:17:16.409+0000] {dag.py:3504} INFO - Setting next_dagrun for tutorial to 2025-08-11T16:17:16.408788+00:00, run_after=2025-08-12T16:17:16.408788+00:00
[2025-08-12T16:17:16.440+0000] {processor.py:179} INFO - Processing /home/vscode/.local/lib/python3.10/site-packages/airflow/example_dags/tutorial.py took 0.069 seconds
[2025-08-12T16:17:54.899+0000] {processor.py:157} INFO - Started process (PID=35218) to work on /home/vscode/.local/lib/python3.10/site-packages/airflow/example_dags/tutorial.py
[2025-08-12T16:17:54.900+0000] {processor.py:826} INFO - Processing file /home/vscode/.local/lib/python3.10/site-packages/airflow/example_dags/tutorial.py for tasks to queue
[2025-08-12T16:17:54.900+0000] {logging_mixin.py:150} INFO - [2025-08-12T16:17:54.900+0000] {dagbag.py:541} INFO - Filling up the DagBag from /home/vscode/.local/lib/python3.10/site-packages/airflow/example_dags/tutorial.py
[2025-08-12T16:17:54.905+0000] {processor.py:836} INFO - DAG(s) dict_keys(['tutorial']) retrieved from /home/vscode/.local/lib/python3.10/site-packages/airflow/example_dags/tutorial.py
[2025-08-12T16:17:54.916+0000] {logging_mixin.py:150} INFO - [2025-08-12T16:17:54.916+0000] {dag.py:2742} INFO - Sync 1 DAGs
[2025-08-12T16:17:54.930+0000] {logging_mixin.py:150} INFO - [2025-08-12T16:17:54.930+0000] {dag.py:3504} INFO - Setting next_dagrun for tutorial to 2025-08-11T16:17:54.930447+00:00, run_after=2025-08-12T16:17:54.930447+00:00
[2025-08-12T16:17:54.946+0000] {processor.py:179} INFO - Processing /home/vscode/.local/lib/python3.10/site-packages/airflow/example_dags/tutorial.py took 0.049 seconds
[2025-08-12T16:18:36.023+0000] {processor.py:157} INFO - Started process (PID=35486) to work on /home/vscode/.local/lib/python3.10/site-packages/airflow/example_dags/tutorial.py
[2025-08-12T16:18:36.024+0000] {processor.py:826} INFO - Processing file /home/vscode/.local/lib/python3.10/site-packages/airflow/example_dags/tutorial.py for tasks to queue
[2025-08-12T16:18:36.024+0000] {logging_mixin.py:150} INFO - [2025-08-12T16:18:36.024+0000] {dagbag.py:541} INFO - Filling up the DagBag from /home/vscode/.local/lib/python3.10/site-packages/airflow/example_dags/tutorial.py
[2025-08-12T16:18:36.029+0000] {processor.py:836} INFO - DAG(s) dict_keys(['tutorial']) retrieved from /home/vscode/.local/lib/python3.10/site-packages/airflow/example_dags/tutorial.py
[2025-08-12T16:18:36.041+0000] {logging_mixin.py:150} INFO - [2025-08-12T16:18:36.040+0000] {dag.py:2742} INFO - Sync 1 DAGs
[2025-08-12T16:18:36.055+0000] {logging_mixin.py:150} INFO - [2025-08-12T16:18:36.055+0000] {dag.py:3504} INFO - Setting next_dagrun for tutorial to 2025-08-11T16:18:36.055115+00:00, run_after=2025-08-12T16:18:36.055115+00:00
[2025-08-12T16:18:36.070+0000] {processor.py:179} INFO - Processing /home/vscode/.local/lib/python3.10/site-packages/airflow/example_dags/tutorial.py took 0.049 seconds
[2025-08-12T16:19:17.280+0000] {processor.py:157} INFO - Started process (PID=35769) to work on /home/vscode/.local/lib/python3.10/site-packages/airflow/example_dags/tutorial.py
[2025-08-12T16:19:17.280+0000] {processor.py:826} INFO - Processing file /home/vscode/.local/lib/python3.10/site-packages/airflow/example_dags/tutorial.py for tasks to queue
[2025-08-12T16:19:17.281+0000] {logging_mixin.py:150} INFO - [2025-08-12T16:19:17.281+0000] {dagbag.py:541} INFO - Filling up the DagBag from /home/vscode/.local/lib/python3.10/site-packages/airflow/example_dags/tutorial.py
[2025-08-12T16:19:17.286+0000] {processor.py:836} INFO - DAG(s) dict_keys(['tutorial']) retrieved from /home/vscode/.local/lib/python3.10/site-packages/airflow/example_dags/tutorial.py
[2025-08-12T16:19:17.303+0000] {logging_mixin.py:150} INFO - [2025-08-12T16:19:17.303+0000] {dag.py:2742} INFO - Sync 1 DAGs
[2025-08-12T16:19:17.319+0000] {logging_mixin.py:150} INFO - [2025-08-12T16:19:17.319+0000] {dag.py:3504} INFO - Setting next_dagrun for tutorial to 2025-08-11T16:19:17.319498+00:00, run_after=2025-08-12T16:19:17.319498+00:00
[2025-08-12T16:19:17.335+0000] {processor.py:179} INFO - Processing /home/vscode/.local/lib/python3.10/site-packages/airflow/example_dags/tutorial.py took 0.057 seconds
[2025-08-12T16:20:04.607+0000] {processor.py:157} INFO - Started process (PID=36086) to work on /home/vscode/.local/lib/python3.10/site-packages/airflow/example_dags/tutorial.py
[2025-08-12T16:20:04.608+0000] {processor.py:826} INFO - Processing file /home/vscode/.local/lib/python3.10/site-packages/airflow/example_dags/tutorial.py for tasks to queue
[2025-08-12T16:20:04.608+0000] {logging_mixin.py:150} INFO - [2025-08-12T16:20:04.608+0000] {dagbag.py:541} INFO - Filling up the DagBag from /home/vscode/.local/lib/python3.10/site-packages/airflow/example_dags/tutorial.py
[2025-08-12T16:20:04.614+0000] {processor.py:836} INFO - DAG(s) dict_keys(['tutorial']) retrieved from /home/vscode/.local/lib/python3.10/site-packages/airflow/example_dags/tutorial.py
[2025-08-12T16:20:04.630+0000] {logging_mixin.py:150} INFO - [2025-08-12T16:20:04.630+0000] {dag.py:2742} INFO - Sync 1 DAGs
[2025-08-12T16:20:04.651+0000] {logging_mixin.py:150} INFO - [2025-08-12T16:20:04.651+0000] {dag.py:3504} INFO - Setting next_dagrun for tutorial to 2025-08-11T16:20:04.651246+00:00, run_after=2025-08-12T16:20:04.651246+00:00
[2025-08-12T16:20:04.673+0000] {processor.py:179} INFO - Processing /home/vscode/.local/lib/python3.10/site-packages/airflow/example_dags/tutorial.py took 0.068 seconds
[2025-08-12T16:20:45.903+0000] {processor.py:157} INFO - Started process (PID=36358) to work on /home/vscode/.local/lib/python3.10/site-packages/airflow/example_dags/tutorial.py
[2025-08-12T16:20:45.904+0000] {processor.py:826} INFO - Processing file /home/vscode/.local/lib/python3.10/site-packages/airflow/example_dags/tutorial.py for tasks to queue
[2025-08-12T16:20:45.904+0000] {logging_mixin.py:150} INFO - [2025-08-12T16:20:45.904+0000] {dagbag.py:541} INFO - Filling up the DagBag from /home/vscode/.local/lib/python3.10/site-packages/airflow/example_dags/tutorial.py
[2025-08-12T16:20:45.909+0000] {processor.py:836} INFO - DAG(s) dict_keys(['tutorial']) retrieved from /home/vscode/.local/lib/python3.10/site-packages/airflow/example_dags/tutorial.py
[2025-08-12T16:20:45.921+0000] {logging_mixin.py:150} INFO - [2025-08-12T16:20:45.921+0000] {dag.py:2742} INFO - Sync 1 DAGs
[2025-08-12T16:20:45.935+0000] {logging_mixin.py:150} INFO - [2025-08-12T16:20:45.935+0000] {dag.py:3504} INFO - Setting next_dagrun for tutorial to 2025-08-11T16:20:45.935478+00:00, run_after=2025-08-12T16:20:45.935478+00:00
[2025-08-12T16:20:45.952+0000] {processor.py:179} INFO - Processing /home/vscode/.local/lib/python3.10/site-packages/airflow/example_dags/tutorial.py took 0.052 seconds
[2025-08-12T16:21:31.283+0000] {processor.py:157} INFO - Started process (PID=36664) to work on /home/vscode/.local/lib/python3.10/site-packages/airflow/example_dags/tutorial.py
[2025-08-12T16:21:31.284+0000] {processor.py:826} INFO - Processing file /home/vscode/.local/lib/python3.10/site-packages/airflow/example_dags/tutorial.py for tasks to queue
[2025-08-12T16:21:31.285+0000] {logging_mixin.py:150} INFO - [2025-08-12T16:21:31.284+0000] {dagbag.py:541} INFO - Filling up the DagBag from /home/vscode/.local/lib/python3.10/site-packages/airflow/example_dags/tutorial.py
[2025-08-12T16:21:31.290+0000] {processor.py:836} INFO - DAG(s) dict_keys(['tutorial']) retrieved from /home/vscode/.local/lib/python3.10/site-packages/airflow/example_dags/tutorial.py
[2025-08-12T16:21:31.301+0000] {logging_mixin.py:150} INFO - [2025-08-12T16:21:31.301+0000] {dag.py:2742} INFO - Sync 1 DAGs
[2025-08-12T16:21:31.316+0000] {logging_mixin.py:150} INFO - [2025-08-12T16:21:31.316+0000] {dag.py:3504} INFO - Setting next_dagrun for tutorial to 2025-08-11T16:21:31.316328+00:00, run_after=2025-08-12T16:21:31.316328+00:00
[2025-08-12T16:21:31.332+0000] {processor.py:179} INFO - Processing /home/vscode/.local/lib/python3.10/site-packages/airflow/example_dags/tutorial.py took 0.051 seconds
[2025-08-12T16:22:14.090+0000] {processor.py:157} INFO - Started process (PID=36943) to work on /home/vscode/.local/lib/python3.10/site-packages/airflow/example_dags/tutorial.py
[2025-08-12T16:22:14.090+0000] {processor.py:826} INFO - Processing file /home/vscode/.local/lib/python3.10/site-packages/airflow/example_dags/tutorial.py for tasks to queue
[2025-08-12T16:22:14.091+0000] {logging_mixin.py:150} INFO - [2025-08-12T16:22:14.091+0000] {dagbag.py:541} INFO - Filling up the DagBag from /home/vscode/.local/lib/python3.10/site-packages/airflow/example_dags/tutorial.py
[2025-08-12T16:22:14.096+0000] {processor.py:836} INFO - DAG(s) dict_keys(['tutorial']) retrieved from /home/vscode/.local/lib/python3.10/site-packages/airflow/example_dags/tutorial.py
[2025-08-12T16:22:14.107+0000] {logging_mixin.py:150} INFO - [2025-08-12T16:22:14.106+0000] {dag.py:2742} INFO - Sync 1 DAGs
[2025-08-12T16:22:14.120+0000] {logging_mixin.py:150} INFO - [2025-08-12T16:22:14.120+0000] {dag.py:3504} INFO - Setting next_dagrun for tutorial to 2025-08-11T16:22:14.120615+00:00, run_after=2025-08-12T16:22:14.120615+00:00
[2025-08-12T16:22:14.137+0000] {processor.py:179} INFO - Processing /home/vscode/.local/lib/python3.10/site-packages/airflow/example_dags/tutorial.py took 0.050 seconds
[2025-08-12T16:22:55.779+0000] {processor.py:157} INFO - Started process (PID=37221) to work on /home/vscode/.local/lib/python3.10/site-packages/airflow/example_dags/tutorial.py
[2025-08-12T16:22:55.780+0000] {processor.py:826} INFO - Processing file /home/vscode/.local/lib/python3.10/site-packages/airflow/example_dags/tutorial.py for tasks to queue
[2025-08-12T16:22:55.780+0000] {logging_mixin.py:150} INFO - [2025-08-12T16:22:55.780+0000] {dagbag.py:541} INFO - Filling up the DagBag from /home/vscode/.local/lib/python3.10/site-packages/airflow/example_dags/tutorial.py
[2025-08-12T16:22:55.785+0000] {processor.py:836} INFO - DAG(s) dict_keys(['tutorial']) retrieved from /home/vscode/.local/lib/python3.10/site-packages/airflow/example_dags/tutorial.py
[2025-08-12T16:22:55.796+0000] {logging_mixin.py:150} INFO - [2025-08-12T16:22:55.796+0000] {dag.py:2742} INFO - Sync 1 DAGs
[2025-08-12T16:22:55.810+0000] {logging_mixin.py:150} INFO - [2025-08-12T16:22:55.810+0000] {dag.py:3504} INFO - Setting next_dagrun for tutorial to 2025-08-11T16:22:55.809955+00:00, run_after=2025-08-12T16:22:55.809955+00:00
[2025-08-12T16:22:55.825+0000] {processor.py:179} INFO - Processing /home/vscode/.local/lib/python3.10/site-packages/airflow/example_dags/tutorial.py took 0.048 seconds
[2025-08-12T16:23:43.096+0000] {processor.py:157} INFO - Started process (PID=37536) to work on /home/vscode/.local/lib/python3.10/site-packages/airflow/example_dags/tutorial.py
[2025-08-12T16:23:43.097+0000] {processor.py:826} INFO - Processing file /home/vscode/.local/lib/python3.10/site-packages/airflow/example_dags/tutorial.py for tasks to queue
[2025-08-12T16:23:43.098+0000] {logging_mixin.py:150} INFO - [2025-08-12T16:23:43.097+0000] {dagbag.py:541} INFO - Filling up the DagBag from /home/vscode/.local/lib/python3.10/site-packages/airflow/example_dags/tutorial.py
[2025-08-12T16:23:43.103+0000] {processor.py:836} INFO - DAG(s) dict_keys(['tutorial']) retrieved from /home/vscode/.local/lib/python3.10/site-packages/airflow/example_dags/tutorial.py
[2025-08-12T16:23:43.114+0000] {logging_mixin.py:150} INFO - [2025-08-12T16:23:43.114+0000] {dag.py:2742} INFO - Sync 1 DAGs
[2025-08-12T16:23:43.129+0000] {logging_mixin.py:150} INFO - [2025-08-12T16:23:43.128+0000] {dag.py:3504} INFO - Setting next_dagrun for tutorial to 2025-08-11T16:23:43.128718+00:00, run_after=2025-08-12T16:23:43.128718+00:00
[2025-08-12T16:23:43.144+0000] {processor.py:179} INFO - Processing /home/vscode/.local/lib/python3.10/site-packages/airflow/example_dags/tutorial.py took 0.050 seconds
[2025-08-12T16:24:26.608+0000] {processor.py:157} INFO - Started process (PID=37828) to work on /home/vscode/.local/lib/python3.10/site-packages/airflow/example_dags/tutorial.py
[2025-08-12T16:24:26.609+0000] {processor.py:826} INFO - Processing file /home/vscode/.local/lib/python3.10/site-packages/airflow/example_dags/tutorial.py for tasks to queue
[2025-08-12T16:24:26.609+0000] {logging_mixin.py:150} INFO - [2025-08-12T16:24:26.609+0000] {dagbag.py:541} INFO - Filling up the DagBag from /home/vscode/.local/lib/python3.10/site-packages/airflow/example_dags/tutorial.py
[2025-08-12T16:24:26.614+0000] {processor.py:836} INFO - DAG(s) dict_keys(['tutorial']) retrieved from /home/vscode/.local/lib/python3.10/site-packages/airflow/example_dags/tutorial.py
[2025-08-12T16:24:26.626+0000] {logging_mixin.py:150} INFO - [2025-08-12T16:24:26.625+0000] {dag.py:2742} INFO - Sync 1 DAGs
[2025-08-12T16:24:26.640+0000] {logging_mixin.py:150} INFO - [2025-08-12T16:24:26.640+0000] {dag.py:3504} INFO - Setting next_dagrun for tutorial to 2025-08-11T16:24:26.640223+00:00, run_after=2025-08-12T16:24:26.640223+00:00
[2025-08-12T16:24:26.657+0000] {processor.py:179} INFO - Processing /home/vscode/.local/lib/python3.10/site-packages/airflow/example_dags/tutorial.py took 0.051 seconds
[2025-08-12T16:25:12.855+0000] {processor.py:157} INFO - Started process (PID=38130) to work on /home/vscode/.local/lib/python3.10/site-packages/airflow/example_dags/tutorial.py
[2025-08-12T16:25:12.856+0000] {processor.py:826} INFO - Processing file /home/vscode/.local/lib/python3.10/site-packages/airflow/example_dags/tutorial.py for tasks to queue
[2025-08-12T16:25:12.856+0000] {logging_mixin.py:150} INFO - [2025-08-12T16:25:12.856+0000] {dagbag.py:541} INFO - Filling up the DagBag from /home/vscode/.local/lib/python3.10/site-packages/airflow/example_dags/tutorial.py
[2025-08-12T16:25:12.861+0000] {processor.py:836} INFO - DAG(s) dict_keys(['tutorial']) retrieved from /home/vscode/.local/lib/python3.10/site-packages/airflow/example_dags/tutorial.py
[2025-08-12T16:25:12.872+0000] {logging_mixin.py:150} INFO - [2025-08-12T16:25:12.872+0000] {dag.py:2742} INFO - Sync 1 DAGs
[2025-08-12T16:25:12.887+0000] {logging_mixin.py:150} INFO - [2025-08-12T16:25:12.886+0000] {dag.py:3504} INFO - Setting next_dagrun for tutorial to 2025-08-11T16:25:12.886833+00:00, run_after=2025-08-12T16:25:12.886833+00:00
[2025-08-12T16:25:12.902+0000] {processor.py:179} INFO - Processing /home/vscode/.local/lib/python3.10/site-packages/airflow/example_dags/tutorial.py took 0.049 seconds
[2025-08-12T16:25:56.949+0000] {processor.py:157} INFO - Started process (PID=38429) to work on /home/vscode/.local/lib/python3.10/site-packages/airflow/example_dags/tutorial.py
[2025-08-12T16:25:56.949+0000] {processor.py:826} INFO - Processing file /home/vscode/.local/lib/python3.10/site-packages/airflow/example_dags/tutorial.py for tasks to queue
[2025-08-12T16:25:56.950+0000] {logging_mixin.py:150} INFO - [2025-08-12T16:25:56.950+0000] {dagbag.py:541} INFO - Filling up the DagBag from /home/vscode/.local/lib/python3.10/site-packages/airflow/example_dags/tutorial.py
[2025-08-12T16:25:56.955+0000] {processor.py:836} INFO - DAG(s) dict_keys(['tutorial']) retrieved from /home/vscode/.local/lib/python3.10/site-packages/airflow/example_dags/tutorial.py
[2025-08-12T16:25:56.966+0000] {logging_mixin.py:150} INFO - [2025-08-12T16:25:56.966+0000] {dag.py:2742} INFO - Sync 1 DAGs
[2025-08-12T16:25:56.981+0000] {logging_mixin.py:150} INFO - [2025-08-12T16:25:56.981+0000] {dag.py:3504} INFO - Setting next_dagrun for tutorial to 2025-08-11T16:25:56.981119+00:00, run_after=2025-08-12T16:25:56.981119+00:00
[2025-08-12T16:25:56.996+0000] {processor.py:179} INFO - Processing /home/vscode/.local/lib/python3.10/site-packages/airflow/example_dags/tutorial.py took 0.050 seconds
[2025-08-12T16:26:39.124+0000] {processor.py:157} INFO - Started process (PID=38702) to work on /home/vscode/.local/lib/python3.10/site-packages/airflow/example_dags/tutorial.py
[2025-08-12T16:26:39.125+0000] {processor.py:826} INFO - Processing file /home/vscode/.local/lib/python3.10/site-packages/airflow/example_dags/tutorial.py for tasks to queue
[2025-08-12T16:26:39.125+0000] {logging_mixin.py:150} INFO - [2025-08-12T16:26:39.125+0000] {dagbag.py:541} INFO - Filling up the DagBag from /home/vscode/.local/lib/python3.10/site-packages/airflow/example_dags/tutorial.py
[2025-08-12T16:26:39.130+0000] {processor.py:836} INFO - DAG(s) dict_keys(['tutorial']) retrieved from /home/vscode/.local/lib/python3.10/site-packages/airflow/example_dags/tutorial.py
[2025-08-12T16:26:39.141+0000] {logging_mixin.py:150} INFO - [2025-08-12T16:26:39.141+0000] {dag.py:2742} INFO - Sync 1 DAGs
[2025-08-12T16:26:39.157+0000] {logging_mixin.py:150} INFO - [2025-08-12T16:26:39.156+0000] {dag.py:3504} INFO - Setting next_dagrun for tutorial to 2025-08-11T16:26:39.156825+00:00, run_after=2025-08-12T16:26:39.156825+00:00
[2025-08-12T16:26:39.174+0000] {processor.py:179} INFO - Processing /home/vscode/.local/lib/python3.10/site-packages/airflow/example_dags/tutorial.py took 0.052 seconds
[2025-08-12T16:27:21.373+0000] {processor.py:157} INFO - Started process (PID=38984) to work on /home/vscode/.local/lib/python3.10/site-packages/airflow/example_dags/tutorial.py
[2025-08-12T16:27:21.374+0000] {processor.py:826} INFO - Processing file /home/vscode/.local/lib/python3.10/site-packages/airflow/example_dags/tutorial.py for tasks to queue
[2025-08-12T16:27:21.375+0000] {logging_mixin.py:150} INFO - [2025-08-12T16:27:21.374+0000] {dagbag.py:541} INFO - Filling up the DagBag from /home/vscode/.local/lib/python3.10/site-packages/airflow/example_dags/tutorial.py
[2025-08-12T16:27:21.380+0000] {processor.py:836} INFO - DAG(s) dict_keys(['tutorial']) retrieved from /home/vscode/.local/lib/python3.10/site-packages/airflow/example_dags/tutorial.py
[2025-08-12T16:27:21.392+0000] {logging_mixin.py:150} INFO - [2025-08-12T16:27:21.392+0000] {dag.py:2742} INFO - Sync 1 DAGs
[2025-08-12T16:27:21.407+0000] {logging_mixin.py:150} INFO - [2025-08-12T16:27:21.406+0000] {dag.py:3504} INFO - Setting next_dagrun for tutorial to 2025-08-11T16:27:21.406697+00:00, run_after=2025-08-12T16:27:21.406697+00:00
[2025-08-12T16:27:21.422+0000] {processor.py:179} INFO - Processing /home/vscode/.local/lib/python3.10/site-packages/airflow/example_dags/tutorial.py took 0.051 seconds
[2025-08-12T16:28:05.443+0000] {processor.py:157} INFO - Started process (PID=39279) to work on /home/vscode/.local/lib/python3.10/site-packages/airflow/example_dags/tutorial.py
[2025-08-12T16:28:05.443+0000] {processor.py:826} INFO - Processing file /home/vscode/.local/lib/python3.10/site-packages/airflow/example_dags/tutorial.py for tasks to queue
[2025-08-12T16:28:05.444+0000] {logging_mixin.py:150} INFO - [2025-08-12T16:28:05.444+0000] {dagbag.py:541} INFO - Filling up the DagBag from /home/vscode/.local/lib/python3.10/site-packages/airflow/example_dags/tutorial.py
[2025-08-12T16:28:05.449+0000] {processor.py:836} INFO - DAG(s) dict_keys(['tutorial']) retrieved from /home/vscode/.local/lib/python3.10/site-packages/airflow/example_dags/tutorial.py
[2025-08-12T16:28:05.463+0000] {logging_mixin.py:150} INFO - [2025-08-12T16:28:05.463+0000] {dag.py:2742} INFO - Sync 1 DAGs
[2025-08-12T16:28:05.486+0000] {logging_mixin.py:150} INFO - [2025-08-12T16:28:05.485+0000] {dag.py:3504} INFO - Setting next_dagrun for tutorial to 2025-08-11T16:28:05.485708+00:00, run_after=2025-08-12T16:28:05.485708+00:00
[2025-08-12T16:28:05.508+0000] {processor.py:179} INFO - Processing /home/vscode/.local/lib/python3.10/site-packages/airflow/example_dags/tutorial.py took 0.067 seconds
[2025-08-12T16:28:51.275+0000] {processor.py:157} INFO - Started process (PID=39589) to work on /home/vscode/.local/lib/python3.10/site-packages/airflow/example_dags/tutorial.py
[2025-08-12T16:28:51.276+0000] {processor.py:826} INFO - Processing file /home/vscode/.local/lib/python3.10/site-packages/airflow/example_dags/tutorial.py for tasks to queue
[2025-08-12T16:28:51.276+0000] {logging_mixin.py:150} INFO - [2025-08-12T16:28:51.276+0000] {dagbag.py:541} INFO - Filling up the DagBag from /home/vscode/.local/lib/python3.10/site-packages/airflow/example_dags/tutorial.py
[2025-08-12T16:28:51.281+0000] {processor.py:836} INFO - DAG(s) dict_keys(['tutorial']) retrieved from /home/vscode/.local/lib/python3.10/site-packages/airflow/example_dags/tutorial.py
[2025-08-12T16:28:51.292+0000] {logging_mixin.py:150} INFO - [2025-08-12T16:28:51.292+0000] {dag.py:2742} INFO - Sync 1 DAGs
[2025-08-12T16:28:51.306+0000] {logging_mixin.py:150} INFO - [2025-08-12T16:28:51.305+0000] {dag.py:3504} INFO - Setting next_dagrun for tutorial to 2025-08-11T16:28:51.305835+00:00, run_after=2025-08-12T16:28:51.305835+00:00
[2025-08-12T16:28:51.322+0000] {processor.py:179} INFO - Processing /home/vscode/.local/lib/python3.10/site-packages/airflow/example_dags/tutorial.py took 0.049 seconds
[2025-08-12T16:29:37.392+0000] {processor.py:157} INFO - Started process (PID=39889) to work on /home/vscode/.local/lib/python3.10/site-packages/airflow/example_dags/tutorial.py
[2025-08-12T16:29:37.392+0000] {processor.py:826} INFO - Processing file /home/vscode/.local/lib/python3.10/site-packages/airflow/example_dags/tutorial.py for tasks to queue
[2025-08-12T16:29:37.393+0000] {logging_mixin.py:150} INFO - [2025-08-12T16:29:37.393+0000] {dagbag.py:541} INFO - Filling up the DagBag from /home/vscode/.local/lib/python3.10/site-packages/airflow/example_dags/tutorial.py
[2025-08-12T16:29:37.398+0000] {processor.py:836} INFO - DAG(s) dict_keys(['tutorial']) retrieved from /home/vscode/.local/lib/python3.10/site-packages/airflow/example_dags/tutorial.py
[2025-08-12T16:29:37.409+0000] {logging_mixin.py:150} INFO - [2025-08-12T16:29:37.409+0000] {dag.py:2742} INFO - Sync 1 DAGs
[2025-08-12T16:29:37.424+0000] {logging_mixin.py:150} INFO - [2025-08-12T16:29:37.424+0000] {dag.py:3504} INFO - Setting next_dagrun for tutorial to 2025-08-11T16:29:37.423841+00:00, run_after=2025-08-12T16:29:37.423841+00:00
[2025-08-12T16:29:37.439+0000] {processor.py:179} INFO - Processing /home/vscode/.local/lib/python3.10/site-packages/airflow/example_dags/tutorial.py took 0.049 seconds
[2025-08-12T16:30:20.958+0000] {processor.py:157} INFO - Started process (PID=40182) to work on /home/vscode/.local/lib/python3.10/site-packages/airflow/example_dags/tutorial.py
[2025-08-12T16:30:20.959+0000] {processor.py:826} INFO - Processing file /home/vscode/.local/lib/python3.10/site-packages/airflow/example_dags/tutorial.py for tasks to queue
[2025-08-12T16:30:20.959+0000] {logging_mixin.py:150} INFO - [2025-08-12T16:30:20.959+0000] {dagbag.py:541} INFO - Filling up the DagBag from /home/vscode/.local/lib/python3.10/site-packages/airflow/example_dags/tutorial.py
[2025-08-12T16:30:20.964+0000] {processor.py:836} INFO - DAG(s) dict_keys(['tutorial']) retrieved from /home/vscode/.local/lib/python3.10/site-packages/airflow/example_dags/tutorial.py
[2025-08-12T16:30:20.976+0000] {logging_mixin.py:150} INFO - [2025-08-12T16:30:20.976+0000] {dag.py:2742} INFO - Sync 1 DAGs
[2025-08-12T16:30:20.993+0000] {logging_mixin.py:150} INFO - [2025-08-12T16:30:20.993+0000] {dag.py:3504} INFO - Setting next_dagrun for tutorial to 2025-08-11T16:30:20.993437+00:00, run_after=2025-08-12T16:30:20.993437+00:00
[2025-08-12T16:30:21.017+0000] {processor.py:179} INFO - Processing /home/vscode/.local/lib/python3.10/site-packages/airflow/example_dags/tutorial.py took 0.061 seconds
