[2025-01-19T02:41:42.666+0000] {processor.py:186} INFO - Started process (PID=23881) to work on /home/vscode/.local/lib/python3.10/site-packages/airflow/example_dags/example_external_task_marker_dag.py
[2025-01-19T02:41:42.667+0000] {processor.py:914} INFO - Processing file /home/vscode/.local/lib/python3.10/site-packages/airflow/example_dags/example_external_task_marker_dag.py for tasks to queue
[2025-01-19T02:41:42.668+0000] {logging_mixin.py:190} INFO - [2025-01-19T02:41:42.668+0000] {dagbag.py:588} INFO - Filling up the DagBag from /home/vscode/.local/lib/python3.10/site-packages/airflow/example_dags/example_external_task_marker_dag.py
[2025-01-19T02:41:42.674+0000] {processor.py:925} INFO - DAG(s) 'example_external_task_marker_child', 'example_external_task_marker_parent' retrieved from /home/vscode/.local/lib/python3.10/site-packages/airflow/example_dags/example_external_task_marker_dag.py
[2025-01-19T02:41:42.750+0000] {logging_mixin.py:190} INFO - [2025-01-19T02:41:42.750+0000] {override.py:1911} INFO - Created Permission View: can read on DAG:example_external_task_marker_child
[2025-01-19T02:41:42.758+0000] {logging_mixin.py:190} INFO - [2025-01-19T02:41:42.758+0000] {override.py:1911} INFO - Created Permission View: can edit on DAG:example_external_task_marker_child
[2025-01-19T02:41:42.764+0000] {logging_mixin.py:190} INFO - [2025-01-19T02:41:42.763+0000] {override.py:1911} INFO - Created Permission View: can delete on DAG:example_external_task_marker_child
[2025-01-19T02:41:42.771+0000] {logging_mixin.py:190} INFO - [2025-01-19T02:41:42.771+0000] {override.py:1911} INFO - Created Permission View: can read on DAG Run:example_external_task_marker_child
[2025-01-19T02:41:42.777+0000] {logging_mixin.py:190} INFO - [2025-01-19T02:41:42.777+0000] {override.py:1911} INFO - Created Permission View: menu access on DAG Run:example_external_task_marker_child
[2025-01-19T02:41:42.782+0000] {logging_mixin.py:190} INFO - [2025-01-19T02:41:42.782+0000] {override.py:1911} INFO - Created Permission View: can delete on DAG Run:example_external_task_marker_child
[2025-01-19T02:41:42.788+0000] {logging_mixin.py:190} INFO - [2025-01-19T02:41:42.788+0000] {override.py:1911} INFO - Created Permission View: can create on DAG Run:example_external_task_marker_child
[2025-01-19T02:41:42.799+0000] {logging_mixin.py:190} INFO - [2025-01-19T02:41:42.799+0000] {override.py:1911} INFO - Created Permission View: can read on DAG:example_external_task_marker_parent
[2025-01-19T02:41:42.805+0000] {logging_mixin.py:190} INFO - [2025-01-19T02:41:42.804+0000] {override.py:1911} INFO - Created Permission View: can edit on DAG:example_external_task_marker_parent
[2025-01-19T02:41:42.810+0000] {logging_mixin.py:190} INFO - [2025-01-19T02:41:42.810+0000] {override.py:1911} INFO - Created Permission View: can delete on DAG:example_external_task_marker_parent
[2025-01-19T02:41:42.818+0000] {logging_mixin.py:190} INFO - [2025-01-19T02:41:42.818+0000] {override.py:1911} INFO - Created Permission View: can read on DAG Run:example_external_task_marker_parent
[2025-01-19T02:41:42.824+0000] {logging_mixin.py:190} INFO - [2025-01-19T02:41:42.823+0000] {override.py:1911} INFO - Created Permission View: menu access on DAG Run:example_external_task_marker_parent
[2025-01-19T02:41:42.829+0000] {logging_mixin.py:190} INFO - [2025-01-19T02:41:42.829+0000] {override.py:1911} INFO - Created Permission View: can delete on DAG Run:example_external_task_marker_parent
[2025-01-19T02:41:42.835+0000] {logging_mixin.py:190} INFO - [2025-01-19T02:41:42.835+0000] {override.py:1911} INFO - Created Permission View: can create on DAG Run:example_external_task_marker_parent
[2025-01-19T02:41:42.835+0000] {logging_mixin.py:190} INFO - [2025-01-19T02:41:42.835+0000] {dag.py:3239} INFO - Sync 2 DAGs
[2025-01-19T02:41:42.844+0000] {logging_mixin.py:190} INFO - [2025-01-19T02:41:42.844+0000] {dag.py:3262} INFO - Creating ORM DAG for example_external_task_marker_parent
[2025-01-19T02:41:42.844+0000] {logging_mixin.py:190} INFO - [2025-01-19T02:41:42.844+0000] {dag.py:3262} INFO - Creating ORM DAG for example_external_task_marker_child
[2025-01-19T02:41:42.845+0000] {logging_mixin.py:190} INFO - [2025-01-19T02:41:42.845+0000] {dag.py:4180} INFO - Setting next_dagrun for example_external_task_marker_child to None, run_after=None
[2025-01-19T02:41:42.845+0000] {logging_mixin.py:190} INFO - [2025-01-19T02:41:42.845+0000] {dag.py:4180} INFO - Setting next_dagrun for example_external_task_marker_parent to None, run_after=None
[2025-01-19T02:41:42.860+0000] {processor.py:208} INFO - Processing /home/vscode/.local/lib/python3.10/site-packages/airflow/example_dags/example_external_task_marker_dag.py took 0.199 seconds
[2025-01-19T02:42:39.467+0000] {processor.py:186} INFO - Started process (PID=24257) to work on /home/vscode/.local/lib/python3.10/site-packages/airflow/example_dags/example_external_task_marker_dag.py
[2025-01-19T02:42:39.468+0000] {processor.py:914} INFO - Processing file /home/vscode/.local/lib/python3.10/site-packages/airflow/example_dags/example_external_task_marker_dag.py for tasks to queue
[2025-01-19T02:42:39.469+0000] {logging_mixin.py:190} INFO - [2025-01-19T02:42:39.469+0000] {dagbag.py:588} INFO - Filling up the DagBag from /home/vscode/.local/lib/python3.10/site-packages/airflow/example_dags/example_external_task_marker_dag.py
[2025-01-19T02:42:39.475+0000] {processor.py:925} INFO - DAG(s) 'example_external_task_marker_child', 'example_external_task_marker_parent' retrieved from /home/vscode/.local/lib/python3.10/site-packages/airflow/example_dags/example_external_task_marker_dag.py
[2025-01-19T02:42:39.488+0000] {logging_mixin.py:190} INFO - [2025-01-19T02:42:39.488+0000] {dag.py:3239} INFO - Sync 2 DAGs
[2025-01-19T02:42:39.497+0000] {logging_mixin.py:190} INFO - [2025-01-19T02:42:39.497+0000] {dag.py:4180} INFO - Setting next_dagrun for example_external_task_marker_child to None, run_after=None
[2025-01-19T02:42:39.499+0000] {logging_mixin.py:190} INFO - [2025-01-19T02:42:39.499+0000] {dag.py:4180} INFO - Setting next_dagrun for example_external_task_marker_parent to None, run_after=None
[2025-01-19T02:42:39.511+0000] {processor.py:208} INFO - Processing /home/vscode/.local/lib/python3.10/site-packages/airflow/example_dags/example_external_task_marker_dag.py took 0.049 seconds
[2025-01-19T02:43:32.163+0000] {processor.py:186} INFO - Started process (PID=24619) to work on /home/vscode/.local/lib/python3.10/site-packages/airflow/example_dags/example_external_task_marker_dag.py
[2025-01-19T02:43:32.163+0000] {processor.py:914} INFO - Processing file /home/vscode/.local/lib/python3.10/site-packages/airflow/example_dags/example_external_task_marker_dag.py for tasks to queue
[2025-01-19T02:43:32.165+0000] {logging_mixin.py:190} INFO - [2025-01-19T02:43:32.165+0000] {dagbag.py:588} INFO - Filling up the DagBag from /home/vscode/.local/lib/python3.10/site-packages/airflow/example_dags/example_external_task_marker_dag.py
[2025-01-19T02:43:32.171+0000] {processor.py:925} INFO - DAG(s) 'example_external_task_marker_parent', 'example_external_task_marker_child' retrieved from /home/vscode/.local/lib/python3.10/site-packages/airflow/example_dags/example_external_task_marker_dag.py
[2025-01-19T02:43:32.184+0000] {logging_mixin.py:190} INFO - [2025-01-19T02:43:32.184+0000] {dag.py:3239} INFO - Sync 2 DAGs
[2025-01-19T02:43:32.193+0000] {logging_mixin.py:190} INFO - [2025-01-19T02:43:32.193+0000] {dag.py:4180} INFO - Setting next_dagrun for example_external_task_marker_child to None, run_after=None
[2025-01-19T02:43:32.195+0000] {logging_mixin.py:190} INFO - [2025-01-19T02:43:32.195+0000] {dag.py:4180} INFO - Setting next_dagrun for example_external_task_marker_parent to None, run_after=None
[2025-01-19T02:43:32.209+0000] {processor.py:208} INFO - Processing /home/vscode/.local/lib/python3.10/site-packages/airflow/example_dags/example_external_task_marker_dag.py took 0.051 seconds
[2025-01-19T02:44:27.427+0000] {processor.py:186} INFO - Started process (PID=24993) to work on /home/vscode/.local/lib/python3.10/site-packages/airflow/example_dags/example_external_task_marker_dag.py
[2025-01-19T02:44:27.428+0000] {processor.py:914} INFO - Processing file /home/vscode/.local/lib/python3.10/site-packages/airflow/example_dags/example_external_task_marker_dag.py for tasks to queue
[2025-01-19T02:44:27.429+0000] {logging_mixin.py:190} INFO - [2025-01-19T02:44:27.429+0000] {dagbag.py:588} INFO - Filling up the DagBag from /home/vscode/.local/lib/python3.10/site-packages/airflow/example_dags/example_external_task_marker_dag.py
[2025-01-19T02:44:27.435+0000] {processor.py:925} INFO - DAG(s) 'example_external_task_marker_child', 'example_external_task_marker_parent' retrieved from /home/vscode/.local/lib/python3.10/site-packages/airflow/example_dags/example_external_task_marker_dag.py
[2025-01-19T02:44:27.449+0000] {logging_mixin.py:190} INFO - [2025-01-19T02:44:27.448+0000] {dag.py:3239} INFO - Sync 2 DAGs
[2025-01-19T02:44:27.458+0000] {logging_mixin.py:190} INFO - [2025-01-19T02:44:27.457+0000] {dag.py:4180} INFO - Setting next_dagrun for example_external_task_marker_child to None, run_after=None
[2025-01-19T02:44:27.460+0000] {logging_mixin.py:190} INFO - [2025-01-19T02:44:27.460+0000] {dag.py:4180} INFO - Setting next_dagrun for example_external_task_marker_parent to None, run_after=None
[2025-01-19T02:44:27.472+0000] {processor.py:208} INFO - Processing /home/vscode/.local/lib/python3.10/site-packages/airflow/example_dags/example_external_task_marker_dag.py took 0.049 seconds
[2025-01-19T02:45:18.953+0000] {processor.py:186} INFO - Started process (PID=25345) to work on /home/vscode/.local/lib/python3.10/site-packages/airflow/example_dags/example_external_task_marker_dag.py
[2025-01-19T02:45:18.954+0000] {processor.py:914} INFO - Processing file /home/vscode/.local/lib/python3.10/site-packages/airflow/example_dags/example_external_task_marker_dag.py for tasks to queue
[2025-01-19T02:45:18.955+0000] {logging_mixin.py:190} INFO - [2025-01-19T02:45:18.955+0000] {dagbag.py:588} INFO - Filling up the DagBag from /home/vscode/.local/lib/python3.10/site-packages/airflow/example_dags/example_external_task_marker_dag.py
[2025-01-19T02:45:18.961+0000] {processor.py:925} INFO - DAG(s) 'example_external_task_marker_child', 'example_external_task_marker_parent' retrieved from /home/vscode/.local/lib/python3.10/site-packages/airflow/example_dags/example_external_task_marker_dag.py
[2025-01-19T02:45:18.974+0000] {logging_mixin.py:190} INFO - [2025-01-19T02:45:18.974+0000] {dag.py:3239} INFO - Sync 2 DAGs
[2025-01-19T02:45:18.983+0000] {logging_mixin.py:190} INFO - [2025-01-19T02:45:18.983+0000] {dag.py:4180} INFO - Setting next_dagrun for example_external_task_marker_child to None, run_after=None
[2025-01-19T02:45:18.985+0000] {logging_mixin.py:190} INFO - [2025-01-19T02:45:18.985+0000] {dag.py:4180} INFO - Setting next_dagrun for example_external_task_marker_parent to None, run_after=None
[2025-01-19T02:45:18.998+0000] {processor.py:208} INFO - Processing /home/vscode/.local/lib/python3.10/site-packages/airflow/example_dags/example_external_task_marker_dag.py took 0.049 seconds
[2025-01-19T02:46:07.857+0000] {processor.py:186} INFO - Started process (PID=25679) to work on /home/vscode/.local/lib/python3.10/site-packages/airflow/example_dags/example_external_task_marker_dag.py
[2025-01-19T02:46:07.858+0000] {processor.py:914} INFO - Processing file /home/vscode/.local/lib/python3.10/site-packages/airflow/example_dags/example_external_task_marker_dag.py for tasks to queue
[2025-01-19T02:46:07.859+0000] {logging_mixin.py:190} INFO - [2025-01-19T02:46:07.859+0000] {dagbag.py:588} INFO - Filling up the DagBag from /home/vscode/.local/lib/python3.10/site-packages/airflow/example_dags/example_external_task_marker_dag.py
[2025-01-19T02:46:07.865+0000] {processor.py:925} INFO - DAG(s) 'example_external_task_marker_child', 'example_external_task_marker_parent' retrieved from /home/vscode/.local/lib/python3.10/site-packages/airflow/example_dags/example_external_task_marker_dag.py
[2025-01-19T02:46:07.878+0000] {logging_mixin.py:190} INFO - [2025-01-19T02:46:07.877+0000] {dag.py:3239} INFO - Sync 2 DAGs
[2025-01-19T02:46:07.886+0000] {logging_mixin.py:190} INFO - [2025-01-19T02:46:07.886+0000] {dag.py:4180} INFO - Setting next_dagrun for example_external_task_marker_child to None, run_after=None
[2025-01-19T02:46:07.889+0000] {logging_mixin.py:190} INFO - [2025-01-19T02:46:07.888+0000] {dag.py:4180} INFO - Setting next_dagrun for example_external_task_marker_parent to None, run_after=None
[2025-01-19T02:46:07.902+0000] {processor.py:208} INFO - Processing /home/vscode/.local/lib/python3.10/site-packages/airflow/example_dags/example_external_task_marker_dag.py took 0.049 seconds
[2025-01-19T02:46:58.503+0000] {processor.py:186} INFO - Started process (PID=26026) to work on /home/vscode/.local/lib/python3.10/site-packages/airflow/example_dags/example_external_task_marker_dag.py
[2025-01-19T02:46:58.503+0000] {processor.py:914} INFO - Processing file /home/vscode/.local/lib/python3.10/site-packages/airflow/example_dags/example_external_task_marker_dag.py for tasks to queue
[2025-01-19T02:46:58.505+0000] {logging_mixin.py:190} INFO - [2025-01-19T02:46:58.505+0000] {dagbag.py:588} INFO - Filling up the DagBag from /home/vscode/.local/lib/python3.10/site-packages/airflow/example_dags/example_external_task_marker_dag.py
[2025-01-19T02:46:58.511+0000] {processor.py:925} INFO - DAG(s) 'example_external_task_marker_parent', 'example_external_task_marker_child' retrieved from /home/vscode/.local/lib/python3.10/site-packages/airflow/example_dags/example_external_task_marker_dag.py
[2025-01-19T02:46:58.525+0000] {logging_mixin.py:190} INFO - [2025-01-19T02:46:58.524+0000] {dag.py:3239} INFO - Sync 2 DAGs
[2025-01-19T02:46:58.534+0000] {logging_mixin.py:190} INFO - [2025-01-19T02:46:58.534+0000] {dag.py:4180} INFO - Setting next_dagrun for example_external_task_marker_child to None, run_after=None
[2025-01-19T02:46:58.536+0000] {logging_mixin.py:190} INFO - [2025-01-19T02:46:58.536+0000] {dag.py:4180} INFO - Setting next_dagrun for example_external_task_marker_parent to None, run_after=None
[2025-01-19T02:46:58.549+0000] {processor.py:208} INFO - Processing /home/vscode/.local/lib/python3.10/site-packages/airflow/example_dags/example_external_task_marker_dag.py took 0.051 seconds
[2025-01-19T02:47:47.637+0000] {processor.py:186} INFO - Started process (PID=26362) to work on /home/vscode/.local/lib/python3.10/site-packages/airflow/example_dags/example_external_task_marker_dag.py
[2025-01-19T02:47:47.638+0000] {processor.py:914} INFO - Processing file /home/vscode/.local/lib/python3.10/site-packages/airflow/example_dags/example_external_task_marker_dag.py for tasks to queue
[2025-01-19T02:47:47.639+0000] {logging_mixin.py:190} INFO - [2025-01-19T02:47:47.639+0000] {dagbag.py:588} INFO - Filling up the DagBag from /home/vscode/.local/lib/python3.10/site-packages/airflow/example_dags/example_external_task_marker_dag.py
[2025-01-19T02:47:47.645+0000] {processor.py:925} INFO - DAG(s) 'example_external_task_marker_child', 'example_external_task_marker_parent' retrieved from /home/vscode/.local/lib/python3.10/site-packages/airflow/example_dags/example_external_task_marker_dag.py
[2025-01-19T02:47:47.658+0000] {logging_mixin.py:190} INFO - [2025-01-19T02:47:47.658+0000] {dag.py:3239} INFO - Sync 2 DAGs
[2025-01-19T02:47:47.667+0000] {logging_mixin.py:190} INFO - [2025-01-19T02:47:47.667+0000] {dag.py:4180} INFO - Setting next_dagrun for example_external_task_marker_child to None, run_after=None
[2025-01-19T02:47:47.669+0000] {logging_mixin.py:190} INFO - [2025-01-19T02:47:47.669+0000] {dag.py:4180} INFO - Setting next_dagrun for example_external_task_marker_parent to None, run_after=None
[2025-01-19T02:47:47.681+0000] {processor.py:208} INFO - Processing /home/vscode/.local/lib/python3.10/site-packages/airflow/example_dags/example_external_task_marker_dag.py took 0.049 seconds
[2025-01-19T02:48:36.452+0000] {processor.py:186} INFO - Started process (PID=26693) to work on /home/vscode/.local/lib/python3.10/site-packages/airflow/example_dags/example_external_task_marker_dag.py
[2025-01-19T02:48:36.453+0000] {processor.py:914} INFO - Processing file /home/vscode/.local/lib/python3.10/site-packages/airflow/example_dags/example_external_task_marker_dag.py for tasks to queue
[2025-01-19T02:48:36.454+0000] {logging_mixin.py:190} INFO - [2025-01-19T02:48:36.454+0000] {dagbag.py:588} INFO - Filling up the DagBag from /home/vscode/.local/lib/python3.10/site-packages/airflow/example_dags/example_external_task_marker_dag.py
[2025-01-19T02:48:36.460+0000] {processor.py:925} INFO - DAG(s) 'example_external_task_marker_parent', 'example_external_task_marker_child' retrieved from /home/vscode/.local/lib/python3.10/site-packages/airflow/example_dags/example_external_task_marker_dag.py
[2025-01-19T02:48:36.473+0000] {logging_mixin.py:190} INFO - [2025-01-19T02:48:36.473+0000] {dag.py:3239} INFO - Sync 2 DAGs
[2025-01-19T02:48:36.482+0000] {logging_mixin.py:190} INFO - [2025-01-19T02:48:36.482+0000] {dag.py:4180} INFO - Setting next_dagrun for example_external_task_marker_child to None, run_after=None
[2025-01-19T02:48:36.485+0000] {logging_mixin.py:190} INFO - [2025-01-19T02:48:36.484+0000] {dag.py:4180} INFO - Setting next_dagrun for example_external_task_marker_parent to None, run_after=None
[2025-01-19T02:48:36.497+0000] {processor.py:208} INFO - Processing /home/vscode/.local/lib/python3.10/site-packages/airflow/example_dags/example_external_task_marker_dag.py took 0.050 seconds
[2025-01-19T02:49:28.238+0000] {processor.py:186} INFO - Started process (PID=27043) to work on /home/vscode/.local/lib/python3.10/site-packages/airflow/example_dags/example_external_task_marker_dag.py
[2025-01-19T02:49:28.238+0000] {processor.py:914} INFO - Processing file /home/vscode/.local/lib/python3.10/site-packages/airflow/example_dags/example_external_task_marker_dag.py for tasks to queue
[2025-01-19T02:49:28.240+0000] {logging_mixin.py:190} INFO - [2025-01-19T02:49:28.239+0000] {dagbag.py:588} INFO - Filling up the DagBag from /home/vscode/.local/lib/python3.10/site-packages/airflow/example_dags/example_external_task_marker_dag.py
[2025-01-19T02:49:28.246+0000] {processor.py:925} INFO - DAG(s) 'example_external_task_marker_child', 'example_external_task_marker_parent' retrieved from /home/vscode/.local/lib/python3.10/site-packages/airflow/example_dags/example_external_task_marker_dag.py
[2025-01-19T02:49:28.259+0000] {logging_mixin.py:190} INFO - [2025-01-19T02:49:28.259+0000] {dag.py:3239} INFO - Sync 2 DAGs
[2025-01-19T02:49:28.269+0000] {logging_mixin.py:190} INFO - [2025-01-19T02:49:28.269+0000] {dag.py:4180} INFO - Setting next_dagrun for example_external_task_marker_child to None, run_after=None
[2025-01-19T02:49:28.272+0000] {logging_mixin.py:190} INFO - [2025-01-19T02:49:28.271+0000] {dag.py:4180} INFO - Setting next_dagrun for example_external_task_marker_parent to None, run_after=None
[2025-01-19T02:49:28.285+0000] {processor.py:208} INFO - Processing /home/vscode/.local/lib/python3.10/site-packages/airflow/example_dags/example_external_task_marker_dag.py took 0.051 seconds
[2025-01-19T02:50:20.628+0000] {processor.py:186} INFO - Started process (PID=27393) to work on /home/vscode/.local/lib/python3.10/site-packages/airflow/example_dags/example_external_task_marker_dag.py
[2025-01-19T02:50:20.629+0000] {processor.py:914} INFO - Processing file /home/vscode/.local/lib/python3.10/site-packages/airflow/example_dags/example_external_task_marker_dag.py for tasks to queue
[2025-01-19T02:50:20.630+0000] {logging_mixin.py:190} INFO - [2025-01-19T02:50:20.630+0000] {dagbag.py:588} INFO - Filling up the DagBag from /home/vscode/.local/lib/python3.10/site-packages/airflow/example_dags/example_external_task_marker_dag.py
[2025-01-19T02:50:20.636+0000] {processor.py:925} INFO - DAG(s) 'example_external_task_marker_parent', 'example_external_task_marker_child' retrieved from /home/vscode/.local/lib/python3.10/site-packages/airflow/example_dags/example_external_task_marker_dag.py
[2025-01-19T02:50:20.649+0000] {logging_mixin.py:190} INFO - [2025-01-19T02:50:20.649+0000] {dag.py:3239} INFO - Sync 2 DAGs
[2025-01-19T02:50:20.658+0000] {logging_mixin.py:190} INFO - [2025-01-19T02:50:20.658+0000] {dag.py:4180} INFO - Setting next_dagrun for example_external_task_marker_child to None, run_after=None
[2025-01-19T02:50:20.661+0000] {logging_mixin.py:190} INFO - [2025-01-19T02:50:20.660+0000] {dag.py:4180} INFO - Setting next_dagrun for example_external_task_marker_parent to None, run_after=None
[2025-01-19T02:50:20.673+0000] {processor.py:208} INFO - Processing /home/vscode/.local/lib/python3.10/site-packages/airflow/example_dags/example_external_task_marker_dag.py took 0.049 seconds
[2025-01-19T02:51:09.654+0000] {processor.py:186} INFO - Started process (PID=27728) to work on /home/vscode/.local/lib/python3.10/site-packages/airflow/example_dags/example_external_task_marker_dag.py
[2025-01-19T02:51:09.655+0000] {processor.py:914} INFO - Processing file /home/vscode/.local/lib/python3.10/site-packages/airflow/example_dags/example_external_task_marker_dag.py for tasks to queue
[2025-01-19T02:51:09.656+0000] {logging_mixin.py:190} INFO - [2025-01-19T02:51:09.656+0000] {dagbag.py:588} INFO - Filling up the DagBag from /home/vscode/.local/lib/python3.10/site-packages/airflow/example_dags/example_external_task_marker_dag.py
[2025-01-19T02:51:09.662+0000] {processor.py:925} INFO - DAG(s) 'example_external_task_marker_parent', 'example_external_task_marker_child' retrieved from /home/vscode/.local/lib/python3.10/site-packages/airflow/example_dags/example_external_task_marker_dag.py
[2025-01-19T02:51:09.675+0000] {logging_mixin.py:190} INFO - [2025-01-19T02:51:09.675+0000] {dag.py:3239} INFO - Sync 2 DAGs
[2025-01-19T02:51:09.684+0000] {logging_mixin.py:190} INFO - [2025-01-19T02:51:09.684+0000] {dag.py:4180} INFO - Setting next_dagrun for example_external_task_marker_child to None, run_after=None
[2025-01-19T02:51:09.686+0000] {logging_mixin.py:190} INFO - [2025-01-19T02:51:09.686+0000] {dag.py:4180} INFO - Setting next_dagrun for example_external_task_marker_parent to None, run_after=None
[2025-01-19T02:51:09.699+0000] {processor.py:208} INFO - Processing /home/vscode/.local/lib/python3.10/site-packages/airflow/example_dags/example_external_task_marker_dag.py took 0.050 seconds
[2025-01-19T02:51:59.070+0000] {processor.py:186} INFO - Started process (PID=28058) to work on /home/vscode/.local/lib/python3.10/site-packages/airflow/example_dags/example_external_task_marker_dag.py
[2025-01-19T02:51:59.071+0000] {processor.py:914} INFO - Processing file /home/vscode/.local/lib/python3.10/site-packages/airflow/example_dags/example_external_task_marker_dag.py for tasks to queue
[2025-01-19T02:51:59.073+0000] {logging_mixin.py:190} INFO - [2025-01-19T02:51:59.072+0000] {dagbag.py:588} INFO - Filling up the DagBag from /home/vscode/.local/lib/python3.10/site-packages/airflow/example_dags/example_external_task_marker_dag.py
[2025-01-19T02:51:59.078+0000] {processor.py:925} INFO - DAG(s) 'example_external_task_marker_parent', 'example_external_task_marker_child' retrieved from /home/vscode/.local/lib/python3.10/site-packages/airflow/example_dags/example_external_task_marker_dag.py
[2025-01-19T02:51:59.091+0000] {logging_mixin.py:190} INFO - [2025-01-19T02:51:59.091+0000] {dag.py:3239} INFO - Sync 2 DAGs
[2025-01-19T02:51:59.100+0000] {logging_mixin.py:190} INFO - [2025-01-19T02:51:59.100+0000] {dag.py:4180} INFO - Setting next_dagrun for example_external_task_marker_child to None, run_after=None
[2025-01-19T02:51:59.102+0000] {logging_mixin.py:190} INFO - [2025-01-19T02:51:59.102+0000] {dag.py:4180} INFO - Setting next_dagrun for example_external_task_marker_parent to None, run_after=None
[2025-01-19T02:51:59.115+0000] {processor.py:208} INFO - Processing /home/vscode/.local/lib/python3.10/site-packages/airflow/example_dags/example_external_task_marker_dag.py took 0.049 seconds
[2025-01-19T02:52:49.762+0000] {processor.py:186} INFO - Started process (PID=28408) to work on /home/vscode/.local/lib/python3.10/site-packages/airflow/example_dags/example_external_task_marker_dag.py
[2025-01-19T02:52:49.763+0000] {processor.py:914} INFO - Processing file /home/vscode/.local/lib/python3.10/site-packages/airflow/example_dags/example_external_task_marker_dag.py for tasks to queue
[2025-01-19T02:52:49.765+0000] {logging_mixin.py:190} INFO - [2025-01-19T02:52:49.764+0000] {dagbag.py:588} INFO - Filling up the DagBag from /home/vscode/.local/lib/python3.10/site-packages/airflow/example_dags/example_external_task_marker_dag.py
[2025-01-19T02:52:49.771+0000] {processor.py:925} INFO - DAG(s) 'example_external_task_marker_parent', 'example_external_task_marker_child' retrieved from /home/vscode/.local/lib/python3.10/site-packages/airflow/example_dags/example_external_task_marker_dag.py
[2025-01-19T02:52:49.784+0000] {logging_mixin.py:190} INFO - [2025-01-19T02:52:49.784+0000] {dag.py:3239} INFO - Sync 2 DAGs
[2025-01-19T02:52:49.793+0000] {logging_mixin.py:190} INFO - [2025-01-19T02:52:49.793+0000] {dag.py:4180} INFO - Setting next_dagrun for example_external_task_marker_child to None, run_after=None
[2025-01-19T02:52:49.795+0000] {logging_mixin.py:190} INFO - [2025-01-19T02:52:49.795+0000] {dag.py:4180} INFO - Setting next_dagrun for example_external_task_marker_parent to None, run_after=None
[2025-01-19T02:52:49.807+0000] {processor.py:208} INFO - Processing /home/vscode/.local/lib/python3.10/site-packages/airflow/example_dags/example_external_task_marker_dag.py took 0.049 seconds
[2025-01-19T02:53:41.169+0000] {processor.py:186} INFO - Started process (PID=28761) to work on /home/vscode/.local/lib/python3.10/site-packages/airflow/example_dags/example_external_task_marker_dag.py
[2025-01-19T02:53:41.170+0000] {processor.py:914} INFO - Processing file /home/vscode/.local/lib/python3.10/site-packages/airflow/example_dags/example_external_task_marker_dag.py for tasks to queue
[2025-01-19T02:53:41.171+0000] {logging_mixin.py:190} INFO - [2025-01-19T02:53:41.171+0000] {dagbag.py:588} INFO - Filling up the DagBag from /home/vscode/.local/lib/python3.10/site-packages/airflow/example_dags/example_external_task_marker_dag.py
[2025-01-19T02:53:41.177+0000] {processor.py:925} INFO - DAG(s) 'example_external_task_marker_child', 'example_external_task_marker_parent' retrieved from /home/vscode/.local/lib/python3.10/site-packages/airflow/example_dags/example_external_task_marker_dag.py
[2025-01-19T02:53:41.190+0000] {logging_mixin.py:190} INFO - [2025-01-19T02:53:41.190+0000] {dag.py:3239} INFO - Sync 2 DAGs
[2025-01-19T02:53:41.199+0000] {logging_mixin.py:190} INFO - [2025-01-19T02:53:41.199+0000] {dag.py:4180} INFO - Setting next_dagrun for example_external_task_marker_child to None, run_after=None
[2025-01-19T02:53:41.202+0000] {logging_mixin.py:190} INFO - [2025-01-19T02:53:41.201+0000] {dag.py:4180} INFO - Setting next_dagrun for example_external_task_marker_parent to None, run_after=None
[2025-01-19T02:53:41.217+0000] {processor.py:208} INFO - Processing /home/vscode/.local/lib/python3.10/site-packages/airflow/example_dags/example_external_task_marker_dag.py took 0.052 seconds
[2025-01-19T02:54:30.980+0000] {processor.py:186} INFO - Started process (PID=29113) to work on /home/vscode/.local/lib/python3.10/site-packages/airflow/example_dags/example_external_task_marker_dag.py
[2025-01-19T02:54:30.980+0000] {processor.py:914} INFO - Processing file /home/vscode/.local/lib/python3.10/site-packages/airflow/example_dags/example_external_task_marker_dag.py for tasks to queue
[2025-01-19T02:54:30.982+0000] {logging_mixin.py:190} INFO - [2025-01-19T02:54:30.982+0000] {dagbag.py:588} INFO - Filling up the DagBag from /home/vscode/.local/lib/python3.10/site-packages/airflow/example_dags/example_external_task_marker_dag.py
[2025-01-19T02:54:30.988+0000] {processor.py:925} INFO - DAG(s) 'example_external_task_marker_child', 'example_external_task_marker_parent' retrieved from /home/vscode/.local/lib/python3.10/site-packages/airflow/example_dags/example_external_task_marker_dag.py
[2025-01-19T02:54:31.001+0000] {logging_mixin.py:190} INFO - [2025-01-19T02:54:31.001+0000] {dag.py:3239} INFO - Sync 2 DAGs
[2025-01-19T02:54:31.010+0000] {logging_mixin.py:190} INFO - [2025-01-19T02:54:31.010+0000] {dag.py:4180} INFO - Setting next_dagrun for example_external_task_marker_child to None, run_after=None
[2025-01-19T02:54:31.013+0000] {logging_mixin.py:190} INFO - [2025-01-19T02:54:31.013+0000] {dag.py:4180} INFO - Setting next_dagrun for example_external_task_marker_parent to None, run_after=None
[2025-01-19T02:54:31.025+0000] {processor.py:208} INFO - Processing /home/vscode/.local/lib/python3.10/site-packages/airflow/example_dags/example_external_task_marker_dag.py took 0.050 seconds
[2025-01-19T02:55:19.987+0000] {processor.py:186} INFO - Started process (PID=29442) to work on /home/vscode/.local/lib/python3.10/site-packages/airflow/example_dags/example_external_task_marker_dag.py
[2025-01-19T02:55:19.988+0000] {processor.py:914} INFO - Processing file /home/vscode/.local/lib/python3.10/site-packages/airflow/example_dags/example_external_task_marker_dag.py for tasks to queue
[2025-01-19T02:55:19.989+0000] {logging_mixin.py:190} INFO - [2025-01-19T02:55:19.989+0000] {dagbag.py:588} INFO - Filling up the DagBag from /home/vscode/.local/lib/python3.10/site-packages/airflow/example_dags/example_external_task_marker_dag.py
[2025-01-19T02:55:19.995+0000] {processor.py:925} INFO - DAG(s) 'example_external_task_marker_parent', 'example_external_task_marker_child' retrieved from /home/vscode/.local/lib/python3.10/site-packages/airflow/example_dags/example_external_task_marker_dag.py
[2025-01-19T02:55:20.008+0000] {logging_mixin.py:190} INFO - [2025-01-19T02:55:20.008+0000] {dag.py:3239} INFO - Sync 2 DAGs
[2025-01-19T02:55:20.017+0000] {logging_mixin.py:190} INFO - [2025-01-19T02:55:20.017+0000] {dag.py:4180} INFO - Setting next_dagrun for example_external_task_marker_child to None, run_after=None
[2025-01-19T02:55:20.019+0000] {logging_mixin.py:190} INFO - [2025-01-19T02:55:20.019+0000] {dag.py:4180} INFO - Setting next_dagrun for example_external_task_marker_parent to None, run_after=None
[2025-01-19T02:55:20.032+0000] {processor.py:208} INFO - Processing /home/vscode/.local/lib/python3.10/site-packages/airflow/example_dags/example_external_task_marker_dag.py took 0.049 seconds
[2025-01-19T02:56:08.420+0000] {processor.py:186} INFO - Started process (PID=29772) to work on /home/vscode/.local/lib/python3.10/site-packages/airflow/example_dags/example_external_task_marker_dag.py
[2025-01-19T02:56:08.421+0000] {processor.py:914} INFO - Processing file /home/vscode/.local/lib/python3.10/site-packages/airflow/example_dags/example_external_task_marker_dag.py for tasks to queue
[2025-01-19T02:56:08.422+0000] {logging_mixin.py:190} INFO - [2025-01-19T02:56:08.422+0000] {dagbag.py:588} INFO - Filling up the DagBag from /home/vscode/.local/lib/python3.10/site-packages/airflow/example_dags/example_external_task_marker_dag.py
[2025-01-19T02:56:08.429+0000] {processor.py:925} INFO - DAG(s) 'example_external_task_marker_parent', 'example_external_task_marker_child' retrieved from /home/vscode/.local/lib/python3.10/site-packages/airflow/example_dags/example_external_task_marker_dag.py
[2025-01-19T02:56:08.442+0000] {logging_mixin.py:190} INFO - [2025-01-19T02:56:08.441+0000] {dag.py:3239} INFO - Sync 2 DAGs
[2025-01-19T02:56:08.451+0000] {logging_mixin.py:190} INFO - [2025-01-19T02:56:08.450+0000] {dag.py:4180} INFO - Setting next_dagrun for example_external_task_marker_child to None, run_after=None
[2025-01-19T02:56:08.453+0000] {logging_mixin.py:190} INFO - [2025-01-19T02:56:08.453+0000] {dag.py:4180} INFO - Setting next_dagrun for example_external_task_marker_parent to None, run_after=None
[2025-01-19T02:56:08.465+0000] {processor.py:208} INFO - Processing /home/vscode/.local/lib/python3.10/site-packages/airflow/example_dags/example_external_task_marker_dag.py took 0.050 seconds
[2025-01-19T02:56:59.838+0000] {processor.py:186} INFO - Started process (PID=30225) to work on /home/vscode/.local/lib/python3.10/site-packages/airflow/example_dags/example_external_task_marker_dag.py
[2025-01-19T02:56:59.838+0000] {processor.py:914} INFO - Processing file /home/vscode/.local/lib/python3.10/site-packages/airflow/example_dags/example_external_task_marker_dag.py for tasks to queue
[2025-01-19T02:56:59.840+0000] {logging_mixin.py:190} INFO - [2025-01-19T02:56:59.839+0000] {dagbag.py:588} INFO - Filling up the DagBag from /home/vscode/.local/lib/python3.10/site-packages/airflow/example_dags/example_external_task_marker_dag.py
[2025-01-19T02:56:59.846+0000] {processor.py:925} INFO - DAG(s) 'example_external_task_marker_parent', 'example_external_task_marker_child' retrieved from /home/vscode/.local/lib/python3.10/site-packages/airflow/example_dags/example_external_task_marker_dag.py
[2025-01-19T02:56:59.859+0000] {logging_mixin.py:190} INFO - [2025-01-19T02:56:59.859+0000] {dag.py:3239} INFO - Sync 2 DAGs
[2025-01-19T02:56:59.868+0000] {logging_mixin.py:190} INFO - [2025-01-19T02:56:59.867+0000] {dag.py:4180} INFO - Setting next_dagrun for example_external_task_marker_child to None, run_after=None
[2025-01-19T02:56:59.870+0000] {logging_mixin.py:190} INFO - [2025-01-19T02:56:59.870+0000] {dag.py:4180} INFO - Setting next_dagrun for example_external_task_marker_parent to None, run_after=None
[2025-01-19T02:56:59.882+0000] {processor.py:208} INFO - Processing /home/vscode/.local/lib/python3.10/site-packages/airflow/example_dags/example_external_task_marker_dag.py took 0.049 seconds
[2025-01-19T02:57:51.230+0000] {processor.py:186} INFO - Started process (PID=30569) to work on /home/vscode/.local/lib/python3.10/site-packages/airflow/example_dags/example_external_task_marker_dag.py
[2025-01-19T02:57:51.231+0000] {processor.py:914} INFO - Processing file /home/vscode/.local/lib/python3.10/site-packages/airflow/example_dags/example_external_task_marker_dag.py for tasks to queue
[2025-01-19T02:57:51.232+0000] {logging_mixin.py:190} INFO - [2025-01-19T02:57:51.232+0000] {dagbag.py:588} INFO - Filling up the DagBag from /home/vscode/.local/lib/python3.10/site-packages/airflow/example_dags/example_external_task_marker_dag.py
[2025-01-19T02:57:51.238+0000] {processor.py:925} INFO - DAG(s) 'example_external_task_marker_child', 'example_external_task_marker_parent' retrieved from /home/vscode/.local/lib/python3.10/site-packages/airflow/example_dags/example_external_task_marker_dag.py
[2025-01-19T02:57:51.251+0000] {logging_mixin.py:190} INFO - [2025-01-19T02:57:51.251+0000] {dag.py:3239} INFO - Sync 2 DAGs
[2025-01-19T02:57:51.260+0000] {logging_mixin.py:190} INFO - [2025-01-19T02:57:51.260+0000] {dag.py:4180} INFO - Setting next_dagrun for example_external_task_marker_child to None, run_after=None
[2025-01-19T02:57:51.262+0000] {logging_mixin.py:190} INFO - [2025-01-19T02:57:51.262+0000] {dag.py:4180} INFO - Setting next_dagrun for example_external_task_marker_parent to None, run_after=None
[2025-01-19T02:57:51.274+0000] {processor.py:208} INFO - Processing /home/vscode/.local/lib/python3.10/site-packages/airflow/example_dags/example_external_task_marker_dag.py took 0.049 seconds
[2025-01-19T02:58:43.232+0000] {processor.py:186} INFO - Started process (PID=30928) to work on /home/vscode/.local/lib/python3.10/site-packages/airflow/example_dags/example_external_task_marker_dag.py
[2025-01-19T02:58:43.233+0000] {processor.py:914} INFO - Processing file /home/vscode/.local/lib/python3.10/site-packages/airflow/example_dags/example_external_task_marker_dag.py for tasks to queue
[2025-01-19T02:58:43.235+0000] {logging_mixin.py:190} INFO - [2025-01-19T02:58:43.235+0000] {dagbag.py:588} INFO - Filling up the DagBag from /home/vscode/.local/lib/python3.10/site-packages/airflow/example_dags/example_external_task_marker_dag.py
[2025-01-19T02:58:43.244+0000] {processor.py:925} INFO - DAG(s) 'example_external_task_marker_child', 'example_external_task_marker_parent' retrieved from /home/vscode/.local/lib/python3.10/site-packages/airflow/example_dags/example_external_task_marker_dag.py
[2025-01-19T02:58:43.258+0000] {logging_mixin.py:190} INFO - [2025-01-19T02:58:43.258+0000] {dag.py:3239} INFO - Sync 2 DAGs
[2025-01-19T02:58:43.268+0000] {logging_mixin.py:190} INFO - [2025-01-19T02:58:43.268+0000] {dag.py:4180} INFO - Setting next_dagrun for example_external_task_marker_child to None, run_after=None
[2025-01-19T02:58:43.270+0000] {logging_mixin.py:190} INFO - [2025-01-19T02:58:43.270+0000] {dag.py:4180} INFO - Setting next_dagrun for example_external_task_marker_parent to None, run_after=None
[2025-01-19T02:58:43.283+0000] {processor.py:208} INFO - Processing /home/vscode/.local/lib/python3.10/site-packages/airflow/example_dags/example_external_task_marker_dag.py took 0.056 seconds
[2025-01-19T02:59:30.384+0000] {processor.py:186} INFO - Started process (PID=31311) to work on /home/vscode/.local/lib/python3.10/site-packages/airflow/example_dags/example_external_task_marker_dag.py
[2025-01-19T02:59:30.384+0000] {processor.py:914} INFO - Processing file /home/vscode/.local/lib/python3.10/site-packages/airflow/example_dags/example_external_task_marker_dag.py for tasks to queue
[2025-01-19T02:59:30.386+0000] {logging_mixin.py:190} INFO - [2025-01-19T02:59:30.386+0000] {dagbag.py:588} INFO - Filling up the DagBag from /home/vscode/.local/lib/python3.10/site-packages/airflow/example_dags/example_external_task_marker_dag.py
[2025-01-19T02:59:30.395+0000] {processor.py:925} INFO - DAG(s) 'example_external_task_marker_child', 'example_external_task_marker_parent' retrieved from /home/vscode/.local/lib/python3.10/site-packages/airflow/example_dags/example_external_task_marker_dag.py
[2025-01-19T02:59:30.415+0000] {logging_mixin.py:190} INFO - [2025-01-19T02:59:30.415+0000] {dag.py:3239} INFO - Sync 2 DAGs
[2025-01-19T02:59:30.428+0000] {logging_mixin.py:190} INFO - [2025-01-19T02:59:30.428+0000] {dag.py:4180} INFO - Setting next_dagrun for example_external_task_marker_child to None, run_after=None
[2025-01-19T02:59:30.431+0000] {logging_mixin.py:190} INFO - [2025-01-19T02:59:30.431+0000] {dag.py:4180} INFO - Setting next_dagrun for example_external_task_marker_parent to None, run_after=None
[2025-01-19T02:59:30.446+0000] {processor.py:208} INFO - Processing /home/vscode/.local/lib/python3.10/site-packages/airflow/example_dags/example_external_task_marker_dag.py took 0.069 seconds
[2025-01-19T03:00:41.816+0000] {processor.py:186} INFO - Started process (PID=31919) to work on /home/vscode/.local/lib/python3.10/site-packages/airflow/example_dags/example_external_task_marker_dag.py
[2025-01-19T03:00:41.816+0000] {processor.py:914} INFO - Processing file /home/vscode/.local/lib/python3.10/site-packages/airflow/example_dags/example_external_task_marker_dag.py for tasks to queue
[2025-01-19T03:00:41.818+0000] {logging_mixin.py:190} INFO - [2025-01-19T03:00:41.818+0000] {dagbag.py:588} INFO - Filling up the DagBag from /home/vscode/.local/lib/python3.10/site-packages/airflow/example_dags/example_external_task_marker_dag.py
[2025-01-19T03:00:41.824+0000] {processor.py:925} INFO - DAG(s) 'example_external_task_marker_child', 'example_external_task_marker_parent' retrieved from /home/vscode/.local/lib/python3.10/site-packages/airflow/example_dags/example_external_task_marker_dag.py
[2025-01-19T03:00:41.837+0000] {logging_mixin.py:190} INFO - [2025-01-19T03:00:41.837+0000] {dag.py:3239} INFO - Sync 2 DAGs
[2025-01-19T03:00:41.846+0000] {logging_mixin.py:190} INFO - [2025-01-19T03:00:41.846+0000] {dag.py:4180} INFO - Setting next_dagrun for example_external_task_marker_child to None, run_after=None
[2025-01-19T03:00:41.849+0000] {logging_mixin.py:190} INFO - [2025-01-19T03:00:41.848+0000] {dag.py:4180} INFO - Setting next_dagrun for example_external_task_marker_parent to None, run_after=None
[2025-01-19T03:00:41.861+0000] {processor.py:208} INFO - Processing /home/vscode/.local/lib/python3.10/site-packages/airflow/example_dags/example_external_task_marker_dag.py took 0.050 seconds
