[2025-01-19T02:42:00.053+0000] {processor.py:186} INFO - Started process (PID=23993) to work on /home/vscode/.local/lib/python3.10/site-packages/airflow/example_dags/example_branch_day_of_week_operator.py
[2025-01-19T02:42:00.053+0000] {processor.py:914} INFO - Processing file /home/vscode/.local/lib/python3.10/site-packages/airflow/example_dags/example_branch_day_of_week_operator.py for tasks to queue
[2025-01-19T02:42:00.055+0000] {logging_mixin.py:190} INFO - [2025-01-19T02:42:00.054+0000] {dagbag.py:588} INFO - Filling up the DagBag from /home/vscode/.local/lib/python3.10/site-packages/airflow/example_dags/example_branch_day_of_week_operator.py
[2025-01-19T02:42:00.062+0000] {processor.py:925} INFO - DAG(s) 'example_weekday_branch_operator' retrieved from /home/vscode/.local/lib/python3.10/site-packages/airflow/example_dags/example_branch_day_of_week_operator.py
[2025-01-19T02:42:00.138+0000] {logging_mixin.py:190} INFO - [2025-01-19T02:42:00.137+0000] {override.py:1911} INFO - Created Permission View: can read on DAG:example_weekday_branch_operator
[2025-01-19T02:42:00.146+0000] {logging_mixin.py:190} INFO - [2025-01-19T02:42:00.146+0000] {override.py:1911} INFO - Created Permission View: can edit on DAG:example_weekday_branch_operator
[2025-01-19T02:42:00.152+0000] {logging_mixin.py:190} INFO - [2025-01-19T02:42:00.152+0000] {override.py:1911} INFO - Created Permission View: can delete on DAG:example_weekday_branch_operator
[2025-01-19T02:42:00.160+0000] {logging_mixin.py:190} INFO - [2025-01-19T02:42:00.160+0000] {override.py:1911} INFO - Created Permission View: can read on DAG Run:example_weekday_branch_operator
[2025-01-19T02:42:00.166+0000] {logging_mixin.py:190} INFO - [2025-01-19T02:42:00.166+0000] {override.py:1911} INFO - Created Permission View: menu access on DAG Run:example_weekday_branch_operator
[2025-01-19T02:42:00.171+0000] {logging_mixin.py:190} INFO - [2025-01-19T02:42:00.171+0000] {override.py:1911} INFO - Created Permission View: can delete on DAG Run:example_weekday_branch_operator
[2025-01-19T02:42:00.177+0000] {logging_mixin.py:190} INFO - [2025-01-19T02:42:00.177+0000] {override.py:1911} INFO - Created Permission View: can create on DAG Run:example_weekday_branch_operator
[2025-01-19T02:42:00.178+0000] {logging_mixin.py:190} INFO - [2025-01-19T02:42:00.177+0000] {dag.py:3239} INFO - Sync 1 DAGs
[2025-01-19T02:42:00.186+0000] {logging_mixin.py:190} INFO - [2025-01-19T02:42:00.186+0000] {dag.py:3262} INFO - Creating ORM DAG for example_weekday_branch_operator
[2025-01-19T02:42:00.193+0000] {logging_mixin.py:190} INFO - [2025-01-19T02:42:00.193+0000] {dag.py:4180} INFO - Setting next_dagrun for example_weekday_branch_operator to 2025-01-18 00:00:00+00:00, run_after=2025-01-19 00:00:00+00:00
[2025-01-19T02:42:00.207+0000] {processor.py:208} INFO - Processing /home/vscode/.local/lib/python3.10/site-packages/airflow/example_dags/example_branch_day_of_week_operator.py took 0.158 seconds
[2025-01-19T02:42:56.024+0000] {processor.py:186} INFO - Started process (PID=24369) to work on /home/vscode/.local/lib/python3.10/site-packages/airflow/example_dags/example_branch_day_of_week_operator.py
[2025-01-19T02:42:56.025+0000] {processor.py:914} INFO - Processing file /home/vscode/.local/lib/python3.10/site-packages/airflow/example_dags/example_branch_day_of_week_operator.py for tasks to queue
[2025-01-19T02:42:56.026+0000] {logging_mixin.py:190} INFO - [2025-01-19T02:42:56.026+0000] {dagbag.py:588} INFO - Filling up the DagBag from /home/vscode/.local/lib/python3.10/site-packages/airflow/example_dags/example_branch_day_of_week_operator.py
[2025-01-19T02:42:56.034+0000] {processor.py:925} INFO - DAG(s) 'example_weekday_branch_operator' retrieved from /home/vscode/.local/lib/python3.10/site-packages/airflow/example_dags/example_branch_day_of_week_operator.py
[2025-01-19T02:42:56.046+0000] {logging_mixin.py:190} INFO - [2025-01-19T02:42:56.045+0000] {dag.py:3239} INFO - Sync 1 DAGs
[2025-01-19T02:42:56.061+0000] {logging_mixin.py:190} INFO - [2025-01-19T02:42:56.061+0000] {dag.py:4180} INFO - Setting next_dagrun for example_weekday_branch_operator to 2025-01-18 00:00:00+00:00, run_after=2025-01-19 00:00:00+00:00
[2025-01-19T02:42:56.074+0000] {processor.py:208} INFO - Processing /home/vscode/.local/lib/python3.10/site-packages/airflow/example_dags/example_branch_day_of_week_operator.py took 0.055 seconds
[2025-01-19T02:44:08.124+0000] {processor.py:186} INFO - Started process (PID=24864) to work on /home/vscode/.local/lib/python3.10/site-packages/airflow/example_dags/example_branch_day_of_week_operator.py
[2025-01-19T02:44:08.124+0000] {processor.py:914} INFO - Processing file /home/vscode/.local/lib/python3.10/site-packages/airflow/example_dags/example_branch_day_of_week_operator.py for tasks to queue
[2025-01-19T02:44:08.126+0000] {logging_mixin.py:190} INFO - [2025-01-19T02:44:08.126+0000] {dagbag.py:588} INFO - Filling up the DagBag from /home/vscode/.local/lib/python3.10/site-packages/airflow/example_dags/example_branch_day_of_week_operator.py
[2025-01-19T02:44:08.133+0000] {processor.py:925} INFO - DAG(s) 'example_weekday_branch_operator' retrieved from /home/vscode/.local/lib/python3.10/site-packages/airflow/example_dags/example_branch_day_of_week_operator.py
[2025-01-19T02:44:08.145+0000] {logging_mixin.py:190} INFO - [2025-01-19T02:44:08.145+0000] {dag.py:3239} INFO - Sync 1 DAGs
[2025-01-19T02:44:08.160+0000] {logging_mixin.py:190} INFO - [2025-01-19T02:44:08.160+0000] {dag.py:4180} INFO - Setting next_dagrun for example_weekday_branch_operator to 2025-01-18 00:00:00+00:00, run_after=2025-01-19 00:00:00+00:00
[2025-01-19T02:44:08.174+0000] {processor.py:208} INFO - Processing /home/vscode/.local/lib/python3.10/site-packages/airflow/example_dags/example_branch_day_of_week_operator.py took 0.055 seconds
[2025-01-19T02:45:25.017+0000] {processor.py:186} INFO - Started process (PID=25389) to work on /home/vscode/.local/lib/python3.10/site-packages/airflow/example_dags/example_branch_day_of_week_operator.py
[2025-01-19T02:45:25.018+0000] {processor.py:914} INFO - Processing file /home/vscode/.local/lib/python3.10/site-packages/airflow/example_dags/example_branch_day_of_week_operator.py for tasks to queue
[2025-01-19T02:45:25.019+0000] {logging_mixin.py:190} INFO - [2025-01-19T02:45:25.019+0000] {dagbag.py:588} INFO - Filling up the DagBag from /home/vscode/.local/lib/python3.10/site-packages/airflow/example_dags/example_branch_day_of_week_operator.py
[2025-01-19T02:45:25.026+0000] {processor.py:925} INFO - DAG(s) 'example_weekday_branch_operator' retrieved from /home/vscode/.local/lib/python3.10/site-packages/airflow/example_dags/example_branch_day_of_week_operator.py
[2025-01-19T02:45:25.038+0000] {logging_mixin.py:190} INFO - [2025-01-19T02:45:25.038+0000] {dag.py:3239} INFO - Sync 1 DAGs
[2025-01-19T02:45:25.052+0000] {logging_mixin.py:190} INFO - [2025-01-19T02:45:25.052+0000] {dag.py:4180} INFO - Setting next_dagrun for example_weekday_branch_operator to 2025-01-18 00:00:00+00:00, run_after=2025-01-19 00:00:00+00:00
[2025-01-19T02:45:25.068+0000] {processor.py:208} INFO - Processing /home/vscode/.local/lib/python3.10/site-packages/airflow/example_dags/example_branch_day_of_week_operator.py took 0.055 seconds
[2025-01-19T02:46:39.792+0000] {processor.py:186} INFO - Started process (PID=25902) to work on /home/vscode/.local/lib/python3.10/site-packages/airflow/example_dags/example_branch_day_of_week_operator.py
[2025-01-19T02:46:39.793+0000] {processor.py:914} INFO - Processing file /home/vscode/.local/lib/python3.10/site-packages/airflow/example_dags/example_branch_day_of_week_operator.py for tasks to queue
[2025-01-19T02:46:39.794+0000] {logging_mixin.py:190} INFO - [2025-01-19T02:46:39.794+0000] {dagbag.py:588} INFO - Filling up the DagBag from /home/vscode/.local/lib/python3.10/site-packages/airflow/example_dags/example_branch_day_of_week_operator.py
[2025-01-19T02:46:39.802+0000] {processor.py:925} INFO - DAG(s) 'example_weekday_branch_operator' retrieved from /home/vscode/.local/lib/python3.10/site-packages/airflow/example_dags/example_branch_day_of_week_operator.py
[2025-01-19T02:46:39.814+0000] {logging_mixin.py:190} INFO - [2025-01-19T02:46:39.813+0000] {dag.py:3239} INFO - Sync 1 DAGs
[2025-01-19T02:46:39.829+0000] {logging_mixin.py:190} INFO - [2025-01-19T02:46:39.829+0000] {dag.py:4180} INFO - Setting next_dagrun for example_weekday_branch_operator to 2025-01-18 00:00:00+00:00, run_after=2025-01-19 00:00:00+00:00
[2025-01-19T02:46:39.842+0000] {processor.py:208} INFO - Processing /home/vscode/.local/lib/python3.10/site-packages/airflow/example_dags/example_branch_day_of_week_operator.py took 0.055 seconds
[2025-01-19T02:47:50.565+0000] {processor.py:186} INFO - Started process (PID=26380) to work on /home/vscode/.local/lib/python3.10/site-packages/airflow/example_dags/example_branch_day_of_week_operator.py
[2025-01-19T02:47:50.565+0000] {processor.py:914} INFO - Processing file /home/vscode/.local/lib/python3.10/site-packages/airflow/example_dags/example_branch_day_of_week_operator.py for tasks to queue
[2025-01-19T02:47:50.567+0000] {logging_mixin.py:190} INFO - [2025-01-19T02:47:50.566+0000] {dagbag.py:588} INFO - Filling up the DagBag from /home/vscode/.local/lib/python3.10/site-packages/airflow/example_dags/example_branch_day_of_week_operator.py
[2025-01-19T02:47:50.574+0000] {processor.py:925} INFO - DAG(s) 'example_weekday_branch_operator' retrieved from /home/vscode/.local/lib/python3.10/site-packages/airflow/example_dags/example_branch_day_of_week_operator.py
[2025-01-19T02:47:50.588+0000] {logging_mixin.py:190} INFO - [2025-01-19T02:47:50.588+0000] {dag.py:3239} INFO - Sync 1 DAGs
[2025-01-19T02:47:50.611+0000] {logging_mixin.py:190} INFO - [2025-01-19T02:47:50.611+0000] {dag.py:4180} INFO - Setting next_dagrun for example_weekday_branch_operator to 2025-01-18 00:00:00+00:00, run_after=2025-01-19 00:00:00+00:00
[2025-01-19T02:47:50.631+0000] {processor.py:208} INFO - Processing /home/vscode/.local/lib/python3.10/site-packages/airflow/example_dags/example_branch_day_of_week_operator.py took 0.071 seconds
[2025-01-19T02:49:06.822+0000] {processor.py:186} INFO - Started process (PID=26904) to work on /home/vscode/.local/lib/python3.10/site-packages/airflow/example_dags/example_branch_day_of_week_operator.py
[2025-01-19T02:49:06.823+0000] {processor.py:914} INFO - Processing file /home/vscode/.local/lib/python3.10/site-packages/airflow/example_dags/example_branch_day_of_week_operator.py for tasks to queue
[2025-01-19T02:49:06.824+0000] {logging_mixin.py:190} INFO - [2025-01-19T02:49:06.824+0000] {dagbag.py:588} INFO - Filling up the DagBag from /home/vscode/.local/lib/python3.10/site-packages/airflow/example_dags/example_branch_day_of_week_operator.py
[2025-01-19T02:49:06.832+0000] {processor.py:925} INFO - DAG(s) 'example_weekday_branch_operator' retrieved from /home/vscode/.local/lib/python3.10/site-packages/airflow/example_dags/example_branch_day_of_week_operator.py
[2025-01-19T02:49:06.843+0000] {logging_mixin.py:190} INFO - [2025-01-19T02:49:06.843+0000] {dag.py:3239} INFO - Sync 1 DAGs
[2025-01-19T02:49:06.858+0000] {logging_mixin.py:190} INFO - [2025-01-19T02:49:06.858+0000] {dag.py:4180} INFO - Setting next_dagrun for example_weekday_branch_operator to 2025-01-18 00:00:00+00:00, run_after=2025-01-19 00:00:00+00:00
[2025-01-19T02:49:06.873+0000] {processor.py:208} INFO - Processing /home/vscode/.local/lib/python3.10/site-packages/airflow/example_dags/example_branch_day_of_week_operator.py took 0.055 seconds
[2025-01-19T02:50:24.433+0000] {processor.py:186} INFO - Started process (PID=27420) to work on /home/vscode/.local/lib/python3.10/site-packages/airflow/example_dags/example_branch_day_of_week_operator.py
[2025-01-19T02:50:24.433+0000] {processor.py:914} INFO - Processing file /home/vscode/.local/lib/python3.10/site-packages/airflow/example_dags/example_branch_day_of_week_operator.py for tasks to queue
[2025-01-19T02:50:24.435+0000] {logging_mixin.py:190} INFO - [2025-01-19T02:50:24.435+0000] {dagbag.py:588} INFO - Filling up the DagBag from /home/vscode/.local/lib/python3.10/site-packages/airflow/example_dags/example_branch_day_of_week_operator.py
[2025-01-19T02:50:24.442+0000] {processor.py:925} INFO - DAG(s) 'example_weekday_branch_operator' retrieved from /home/vscode/.local/lib/python3.10/site-packages/airflow/example_dags/example_branch_day_of_week_operator.py
[2025-01-19T02:50:24.454+0000] {logging_mixin.py:190} INFO - [2025-01-19T02:50:24.454+0000] {dag.py:3239} INFO - Sync 1 DAGs
[2025-01-19T02:50:24.469+0000] {logging_mixin.py:190} INFO - [2025-01-19T02:50:24.469+0000] {dag.py:4180} INFO - Setting next_dagrun for example_weekday_branch_operator to 2025-01-18 00:00:00+00:00, run_after=2025-01-19 00:00:00+00:00
[2025-01-19T02:50:24.485+0000] {processor.py:208} INFO - Processing /home/vscode/.local/lib/python3.10/site-packages/airflow/example_dags/example_branch_day_of_week_operator.py took 0.057 seconds
[2025-01-19T02:51:38.797+0000] {processor.py:186} INFO - Started process (PID=27927) to work on /home/vscode/.local/lib/python3.10/site-packages/airflow/example_dags/example_branch_day_of_week_operator.py
[2025-01-19T02:51:38.798+0000] {processor.py:914} INFO - Processing file /home/vscode/.local/lib/python3.10/site-packages/airflow/example_dags/example_branch_day_of_week_operator.py for tasks to queue
[2025-01-19T02:51:38.799+0000] {logging_mixin.py:190} INFO - [2025-01-19T02:51:38.799+0000] {dagbag.py:588} INFO - Filling up the DagBag from /home/vscode/.local/lib/python3.10/site-packages/airflow/example_dags/example_branch_day_of_week_operator.py
[2025-01-19T02:51:38.807+0000] {processor.py:925} INFO - DAG(s) 'example_weekday_branch_operator' retrieved from /home/vscode/.local/lib/python3.10/site-packages/airflow/example_dags/example_branch_day_of_week_operator.py
[2025-01-19T02:51:38.818+0000] {logging_mixin.py:190} INFO - [2025-01-19T02:51:38.818+0000] {dag.py:3239} INFO - Sync 1 DAGs
[2025-01-19T02:51:38.833+0000] {logging_mixin.py:190} INFO - [2025-01-19T02:51:38.833+0000] {dag.py:4180} INFO - Setting next_dagrun for example_weekday_branch_operator to 2025-01-18 00:00:00+00:00, run_after=2025-01-19 00:00:00+00:00
[2025-01-19T02:51:38.848+0000] {processor.py:208} INFO - Processing /home/vscode/.local/lib/python3.10/site-packages/airflow/example_dags/example_branch_day_of_week_operator.py took 0.055 seconds
[2025-01-19T02:52:54.902+0000] {processor.py:186} INFO - Started process (PID=28443) to work on /home/vscode/.local/lib/python3.10/site-packages/airflow/example_dags/example_branch_day_of_week_operator.py
[2025-01-19T02:52:54.903+0000] {processor.py:914} INFO - Processing file /home/vscode/.local/lib/python3.10/site-packages/airflow/example_dags/example_branch_day_of_week_operator.py for tasks to queue
[2025-01-19T02:52:54.904+0000] {logging_mixin.py:190} INFO - [2025-01-19T02:52:54.904+0000] {dagbag.py:588} INFO - Filling up the DagBag from /home/vscode/.local/lib/python3.10/site-packages/airflow/example_dags/example_branch_day_of_week_operator.py
[2025-01-19T02:52:54.911+0000] {processor.py:925} INFO - DAG(s) 'example_weekday_branch_operator' retrieved from /home/vscode/.local/lib/python3.10/site-packages/airflow/example_dags/example_branch_day_of_week_operator.py
[2025-01-19T02:52:54.923+0000] {logging_mixin.py:190} INFO - [2025-01-19T02:52:54.923+0000] {dag.py:3239} INFO - Sync 1 DAGs
[2025-01-19T02:52:54.937+0000] {logging_mixin.py:190} INFO - [2025-01-19T02:52:54.937+0000] {dag.py:4180} INFO - Setting next_dagrun for example_weekday_branch_operator to 2025-01-18 00:00:00+00:00, run_after=2025-01-19 00:00:00+00:00
[2025-01-19T02:52:54.952+0000] {processor.py:208} INFO - Processing /home/vscode/.local/lib/python3.10/site-packages/airflow/example_dags/example_branch_day_of_week_operator.py took 0.054 seconds
[2025-01-19T02:54:11.995+0000] {processor.py:186} INFO - Started process (PID=28983) to work on /home/vscode/.local/lib/python3.10/site-packages/airflow/example_dags/example_branch_day_of_week_operator.py
[2025-01-19T02:54:11.995+0000] {processor.py:914} INFO - Processing file /home/vscode/.local/lib/python3.10/site-packages/airflow/example_dags/example_branch_day_of_week_operator.py for tasks to queue
[2025-01-19T02:54:11.997+0000] {logging_mixin.py:190} INFO - [2025-01-19T02:54:11.997+0000] {dagbag.py:588} INFO - Filling up the DagBag from /home/vscode/.local/lib/python3.10/site-packages/airflow/example_dags/example_branch_day_of_week_operator.py
[2025-01-19T02:54:12.005+0000] {processor.py:925} INFO - DAG(s) 'example_weekday_branch_operator' retrieved from /home/vscode/.local/lib/python3.10/site-packages/airflow/example_dags/example_branch_day_of_week_operator.py
[2025-01-19T02:54:12.017+0000] {logging_mixin.py:190} INFO - [2025-01-19T02:54:12.017+0000] {dag.py:3239} INFO - Sync 1 DAGs
[2025-01-19T02:54:12.033+0000] {logging_mixin.py:190} INFO - [2025-01-19T02:54:12.032+0000] {dag.py:4180} INFO - Setting next_dagrun for example_weekday_branch_operator to 2025-01-18 00:00:00+00:00, run_after=2025-01-19 00:00:00+00:00
[2025-01-19T02:54:12.047+0000] {processor.py:208} INFO - Processing /home/vscode/.local/lib/python3.10/site-packages/airflow/example_dags/example_branch_day_of_week_operator.py took 0.057 seconds
[2025-01-19T02:55:23.986+0000] {processor.py:186} INFO - Started process (PID=29469) to work on /home/vscode/.local/lib/python3.10/site-packages/airflow/example_dags/example_branch_day_of_week_operator.py
[2025-01-19T02:55:23.987+0000] {processor.py:914} INFO - Processing file /home/vscode/.local/lib/python3.10/site-packages/airflow/example_dags/example_branch_day_of_week_operator.py for tasks to queue
[2025-01-19T02:55:23.989+0000] {logging_mixin.py:190} INFO - [2025-01-19T02:55:23.988+0000] {dagbag.py:588} INFO - Filling up the DagBag from /home/vscode/.local/lib/python3.10/site-packages/airflow/example_dags/example_branch_day_of_week_operator.py
[2025-01-19T02:55:23.996+0000] {processor.py:925} INFO - DAG(s) 'example_weekday_branch_operator' retrieved from /home/vscode/.local/lib/python3.10/site-packages/airflow/example_dags/example_branch_day_of_week_operator.py
[2025-01-19T02:55:24.007+0000] {logging_mixin.py:190} INFO - [2025-01-19T02:55:24.007+0000] {dag.py:3239} INFO - Sync 1 DAGs
[2025-01-19T02:55:24.022+0000] {logging_mixin.py:190} INFO - [2025-01-19T02:55:24.022+0000] {dag.py:4180} INFO - Setting next_dagrun for example_weekday_branch_operator to 2025-01-18 00:00:00+00:00, run_after=2025-01-19 00:00:00+00:00
[2025-01-19T02:55:24.035+0000] {processor.py:208} INFO - Processing /home/vscode/.local/lib/python3.10/site-packages/airflow/example_dags/example_branch_day_of_week_operator.py took 0.053 seconds
[2025-01-19T02:56:39.837+0000] {processor.py:186} INFO - Started process (PID=30085) to work on /home/vscode/.local/lib/python3.10/site-packages/airflow/example_dags/example_branch_day_of_week_operator.py
[2025-01-19T02:56:39.838+0000] {processor.py:914} INFO - Processing file /home/vscode/.local/lib/python3.10/site-packages/airflow/example_dags/example_branch_day_of_week_operator.py for tasks to queue
[2025-01-19T02:56:39.840+0000] {logging_mixin.py:190} INFO - [2025-01-19T02:56:39.839+0000] {dagbag.py:588} INFO - Filling up the DagBag from /home/vscode/.local/lib/python3.10/site-packages/airflow/example_dags/example_branch_day_of_week_operator.py
[2025-01-19T02:56:39.847+0000] {processor.py:925} INFO - DAG(s) 'example_weekday_branch_operator' retrieved from /home/vscode/.local/lib/python3.10/site-packages/airflow/example_dags/example_branch_day_of_week_operator.py
[2025-01-19T02:56:39.859+0000] {logging_mixin.py:190} INFO - [2025-01-19T02:56:39.858+0000] {dag.py:3239} INFO - Sync 1 DAGs
[2025-01-19T02:56:39.875+0000] {logging_mixin.py:190} INFO - [2025-01-19T02:56:39.875+0000] {dag.py:4180} INFO - Setting next_dagrun for example_weekday_branch_operator to 2025-01-18 00:00:00+00:00, run_after=2025-01-19 00:00:00+00:00
[2025-01-19T02:56:39.889+0000] {processor.py:208} INFO - Processing /home/vscode/.local/lib/python3.10/site-packages/airflow/example_dags/example_branch_day_of_week_operator.py took 0.056 seconds
[2025-01-19T02:57:56.672+0000] {processor.py:186} INFO - Started process (PID=30604) to work on /home/vscode/.local/lib/python3.10/site-packages/airflow/example_dags/example_branch_day_of_week_operator.py
[2025-01-19T02:57:56.673+0000] {processor.py:914} INFO - Processing file /home/vscode/.local/lib/python3.10/site-packages/airflow/example_dags/example_branch_day_of_week_operator.py for tasks to queue
[2025-01-19T02:57:56.674+0000] {logging_mixin.py:190} INFO - [2025-01-19T02:57:56.674+0000] {dagbag.py:588} INFO - Filling up the DagBag from /home/vscode/.local/lib/python3.10/site-packages/airflow/example_dags/example_branch_day_of_week_operator.py
[2025-01-19T02:57:56.682+0000] {processor.py:925} INFO - DAG(s) 'example_weekday_branch_operator' retrieved from /home/vscode/.local/lib/python3.10/site-packages/airflow/example_dags/example_branch_day_of_week_operator.py
[2025-01-19T02:57:56.694+0000] {logging_mixin.py:190} INFO - [2025-01-19T02:57:56.694+0000] {dag.py:3239} INFO - Sync 1 DAGs
[2025-01-19T02:57:56.709+0000] {logging_mixin.py:190} INFO - [2025-01-19T02:57:56.709+0000] {dag.py:4180} INFO - Setting next_dagrun for example_weekday_branch_operator to 2025-01-18 00:00:00+00:00, run_after=2025-01-19 00:00:00+00:00
[2025-01-19T02:57:56.724+0000] {processor.py:208} INFO - Processing /home/vscode/.local/lib/python3.10/site-packages/airflow/example_dags/example_branch_day_of_week_operator.py took 0.057 seconds
[2025-01-19T02:59:11.236+0000] {processor.py:186} INFO - Started process (PID=31132) to work on /home/vscode/.local/lib/python3.10/site-packages/airflow/example_dags/example_branch_day_of_week_operator.py
[2025-01-19T02:59:11.237+0000] {processor.py:914} INFO - Processing file /home/vscode/.local/lib/python3.10/site-packages/airflow/example_dags/example_branch_day_of_week_operator.py for tasks to queue
[2025-01-19T02:59:11.239+0000] {logging_mixin.py:190} INFO - [2025-01-19T02:59:11.238+0000] {dagbag.py:588} INFO - Filling up the DagBag from /home/vscode/.local/lib/python3.10/site-packages/airflow/example_dags/example_branch_day_of_week_operator.py
[2025-01-19T02:59:11.248+0000] {processor.py:925} INFO - DAG(s) 'example_weekday_branch_operator' retrieved from /home/vscode/.local/lib/python3.10/site-packages/airflow/example_dags/example_branch_day_of_week_operator.py
[2025-01-19T02:59:11.263+0000] {logging_mixin.py:190} INFO - [2025-01-19T02:59:11.263+0000] {dag.py:3239} INFO - Sync 1 DAGs
[2025-01-19T02:59:11.278+0000] {logging_mixin.py:190} INFO - [2025-01-19T02:59:11.278+0000] {dag.py:4180} INFO - Setting next_dagrun for example_weekday_branch_operator to 2025-01-18 00:00:00+00:00, run_after=2025-01-19 00:00:00+00:00
[2025-01-19T02:59:11.293+0000] {processor.py:208} INFO - Processing /home/vscode/.local/lib/python3.10/site-packages/airflow/example_dags/example_branch_day_of_week_operator.py took 0.061 seconds
[2025-01-19T03:00:22.975+0000] {processor.py:186} INFO - Started process (PID=31770) to work on /home/vscode/.local/lib/python3.10/site-packages/airflow/example_dags/example_branch_day_of_week_operator.py
[2025-01-19T03:00:22.976+0000] {processor.py:914} INFO - Processing file /home/vscode/.local/lib/python3.10/site-packages/airflow/example_dags/example_branch_day_of_week_operator.py for tasks to queue
[2025-01-19T03:00:22.977+0000] {logging_mixin.py:190} INFO - [2025-01-19T03:00:22.977+0000] {dagbag.py:588} INFO - Filling up the DagBag from /home/vscode/.local/lib/python3.10/site-packages/airflow/example_dags/example_branch_day_of_week_operator.py
[2025-01-19T03:00:22.985+0000] {processor.py:925} INFO - DAG(s) 'example_weekday_branch_operator' retrieved from /home/vscode/.local/lib/python3.10/site-packages/airflow/example_dags/example_branch_day_of_week_operator.py
[2025-01-19T03:00:22.996+0000] {logging_mixin.py:190} INFO - [2025-01-19T03:00:22.996+0000] {dag.py:3239} INFO - Sync 1 DAGs
[2025-01-19T03:00:23.011+0000] {logging_mixin.py:190} INFO - [2025-01-19T03:00:23.010+0000] {dag.py:4180} INFO - Setting next_dagrun for example_weekday_branch_operator to 2025-01-18 00:00:00+00:00, run_after=2025-01-19 00:00:00+00:00
[2025-01-19T03:00:23.025+0000] {processor.py:208} INFO - Processing /home/vscode/.local/lib/python3.10/site-packages/airflow/example_dags/example_branch_day_of_week_operator.py took 0.055 seconds
