[2025-01-19T02:41:58.287+0000] {processor.py:186} INFO - Started process (PID=23983) to work on /home/vscode/.local/lib/python3.10/site-packages/airflow/example_dags/example_branch_datetime_operator.py
[2025-01-19T02:41:58.288+0000] {processor.py:914} INFO - Processing file /home/vscode/.local/lib/python3.10/site-packages/airflow/example_dags/example_branch_datetime_operator.py for tasks to queue
[2025-01-19T02:41:58.289+0000] {logging_mixin.py:190} INFO - [2025-01-19T02:41:58.289+0000] {dagbag.py:588} INFO - Filling up the DagBag from /home/vscode/.local/lib/python3.10/site-packages/airflow/example_dags/example_branch_datetime_operator.py
[2025-01-19T02:41:58.299+0000] {processor.py:925} INFO - DAG(s) 'example_branch_datetime_operator_2', 'example_branch_datetime_operator', 'example_branch_datetime_operator_3' retrieved from /home/vscode/.local/lib/python3.10/site-packages/airflow/example_dags/example_branch_datetime_operator.py
[2025-01-19T02:41:58.374+0000] {logging_mixin.py:190} INFO - [2025-01-19T02:41:58.374+0000] {override.py:1911} INFO - Created Permission View: can read on DAG:example_branch_datetime_operator_2
[2025-01-19T02:41:58.382+0000] {logging_mixin.py:190} INFO - [2025-01-19T02:41:58.382+0000] {override.py:1911} INFO - Created Permission View: can edit on DAG:example_branch_datetime_operator_2
[2025-01-19T02:41:58.388+0000] {logging_mixin.py:190} INFO - [2025-01-19T02:41:58.388+0000] {override.py:1911} INFO - Created Permission View: can delete on DAG:example_branch_datetime_operator_2
[2025-01-19T02:41:58.396+0000] {logging_mixin.py:190} INFO - [2025-01-19T02:41:58.396+0000] {override.py:1911} INFO - Created Permission View: can read on DAG Run:example_branch_datetime_operator_2
[2025-01-19T02:41:58.402+0000] {logging_mixin.py:190} INFO - [2025-01-19T02:41:58.402+0000] {override.py:1911} INFO - Created Permission View: menu access on DAG Run:example_branch_datetime_operator_2
[2025-01-19T02:41:58.407+0000] {logging_mixin.py:190} INFO - [2025-01-19T02:41:58.407+0000] {override.py:1911} INFO - Created Permission View: can delete on DAG Run:example_branch_datetime_operator_2
[2025-01-19T02:41:58.414+0000] {logging_mixin.py:190} INFO - [2025-01-19T02:41:58.414+0000] {override.py:1911} INFO - Created Permission View: can create on DAG Run:example_branch_datetime_operator_2
[2025-01-19T02:41:58.426+0000] {logging_mixin.py:190} INFO - [2025-01-19T02:41:58.426+0000] {override.py:1911} INFO - Created Permission View: can read on DAG:example_branch_datetime_operator
[2025-01-19T02:41:58.432+0000] {logging_mixin.py:190} INFO - [2025-01-19T02:41:58.431+0000] {override.py:1911} INFO - Created Permission View: can edit on DAG:example_branch_datetime_operator
[2025-01-19T02:41:58.437+0000] {logging_mixin.py:190} INFO - [2025-01-19T02:41:58.437+0000] {override.py:1911} INFO - Created Permission View: can delete on DAG:example_branch_datetime_operator
[2025-01-19T02:41:58.446+0000] {logging_mixin.py:190} INFO - [2025-01-19T02:41:58.446+0000] {override.py:1911} INFO - Created Permission View: can read on DAG Run:example_branch_datetime_operator
[2025-01-19T02:41:58.451+0000] {logging_mixin.py:190} INFO - [2025-01-19T02:41:58.451+0000] {override.py:1911} INFO - Created Permission View: menu access on DAG Run:example_branch_datetime_operator
[2025-01-19T02:41:58.457+0000] {logging_mixin.py:190} INFO - [2025-01-19T02:41:58.457+0000] {override.py:1911} INFO - Created Permission View: can delete on DAG Run:example_branch_datetime_operator
[2025-01-19T02:41:58.462+0000] {logging_mixin.py:190} INFO - [2025-01-19T02:41:58.462+0000] {override.py:1911} INFO - Created Permission View: can create on DAG Run:example_branch_datetime_operator
[2025-01-19T02:41:58.475+0000] {logging_mixin.py:190} INFO - [2025-01-19T02:41:58.474+0000] {override.py:1911} INFO - Created Permission View: can read on DAG:example_branch_datetime_operator_3
[2025-01-19T02:41:58.481+0000] {logging_mixin.py:190} INFO - [2025-01-19T02:41:58.480+0000] {override.py:1911} INFO - Created Permission View: can edit on DAG:example_branch_datetime_operator_3
[2025-01-19T02:41:58.486+0000] {logging_mixin.py:190} INFO - [2025-01-19T02:41:58.486+0000] {override.py:1911} INFO - Created Permission View: can delete on DAG:example_branch_datetime_operator_3
[2025-01-19T02:41:58.494+0000] {logging_mixin.py:190} INFO - [2025-01-19T02:41:58.494+0000] {override.py:1911} INFO - Created Permission View: can read on DAG Run:example_branch_datetime_operator_3
[2025-01-19T02:41:58.500+0000] {logging_mixin.py:190} INFO - [2025-01-19T02:41:58.500+0000] {override.py:1911} INFO - Created Permission View: menu access on DAG Run:example_branch_datetime_operator_3
[2025-01-19T02:41:58.506+0000] {logging_mixin.py:190} INFO - [2025-01-19T02:41:58.505+0000] {override.py:1911} INFO - Created Permission View: can delete on DAG Run:example_branch_datetime_operator_3
[2025-01-19T02:41:58.511+0000] {logging_mixin.py:190} INFO - [2025-01-19T02:41:58.511+0000] {override.py:1911} INFO - Created Permission View: can create on DAG Run:example_branch_datetime_operator_3
[2025-01-19T02:41:58.511+0000] {logging_mixin.py:190} INFO - [2025-01-19T02:41:58.511+0000] {dag.py:3239} INFO - Sync 3 DAGs
[2025-01-19T02:41:58.520+0000] {logging_mixin.py:190} INFO - [2025-01-19T02:41:58.520+0000] {dag.py:3262} INFO - Creating ORM DAG for example_branch_datetime_operator
[2025-01-19T02:41:58.521+0000] {logging_mixin.py:190} INFO - [2025-01-19T02:41:58.520+0000] {dag.py:3262} INFO - Creating ORM DAG for example_branch_datetime_operator_3
[2025-01-19T02:41:58.521+0000] {logging_mixin.py:190} INFO - [2025-01-19T02:41:58.521+0000] {dag.py:3262} INFO - Creating ORM DAG for example_branch_datetime_operator_2
[2025-01-19T02:41:58.528+0000] {logging_mixin.py:190} INFO - [2025-01-19T02:41:58.527+0000] {dag.py:4180} INFO - Setting next_dagrun for example_branch_datetime_operator to 2025-01-18 00:00:00+00:00, run_after=2025-01-19 00:00:00+00:00
[2025-01-19T02:41:58.529+0000] {logging_mixin.py:190} INFO - [2025-01-19T02:41:58.529+0000] {dag.py:4180} INFO - Setting next_dagrun for example_branch_datetime_operator_2 to 2025-01-18 00:00:00+00:00, run_after=2025-01-19 00:00:00+00:00
[2025-01-19T02:41:58.530+0000] {logging_mixin.py:190} INFO - [2025-01-19T02:41:58.530+0000] {dag.py:4180} INFO - Setting next_dagrun for example_branch_datetime_operator_3 to 2025-01-18 00:00:00+00:00, run_after=2025-01-19 00:00:00+00:00
[2025-01-19T02:41:58.546+0000] {processor.py:208} INFO - Processing /home/vscode/.local/lib/python3.10/site-packages/airflow/example_dags/example_branch_datetime_operator.py took 0.263 seconds
[2025-01-19T02:42:53.749+0000] {processor.py:186} INFO - Started process (PID=24359) to work on /home/vscode/.local/lib/python3.10/site-packages/airflow/example_dags/example_branch_datetime_operator.py
[2025-01-19T02:42:53.750+0000] {processor.py:914} INFO - Processing file /home/vscode/.local/lib/python3.10/site-packages/airflow/example_dags/example_branch_datetime_operator.py for tasks to queue
[2025-01-19T02:42:53.751+0000] {logging_mixin.py:190} INFO - [2025-01-19T02:42:53.751+0000] {dagbag.py:588} INFO - Filling up the DagBag from /home/vscode/.local/lib/python3.10/site-packages/airflow/example_dags/example_branch_datetime_operator.py
[2025-01-19T02:42:53.761+0000] {processor.py:925} INFO - DAG(s) 'example_branch_datetime_operator_3', 'example_branch_datetime_operator_2', 'example_branch_datetime_operator' retrieved from /home/vscode/.local/lib/python3.10/site-packages/airflow/example_dags/example_branch_datetime_operator.py
[2025-01-19T02:42:53.777+0000] {logging_mixin.py:190} INFO - [2025-01-19T02:42:53.776+0000] {dag.py:3239} INFO - Sync 3 DAGs
[2025-01-19T02:42:53.794+0000] {logging_mixin.py:190} INFO - [2025-01-19T02:42:53.794+0000] {dag.py:4180} INFO - Setting next_dagrun for example_branch_datetime_operator to 2025-01-18 00:00:00+00:00, run_after=2025-01-19 00:00:00+00:00
[2025-01-19T02:42:53.797+0000] {logging_mixin.py:190} INFO - [2025-01-19T02:42:53.797+0000] {dag.py:4180} INFO - Setting next_dagrun for example_branch_datetime_operator_2 to 2025-01-18 00:00:00+00:00, run_after=2025-01-19 00:00:00+00:00
[2025-01-19T02:42:53.799+0000] {logging_mixin.py:190} INFO - [2025-01-19T02:42:53.799+0000] {dag.py:4180} INFO - Setting next_dagrun for example_branch_datetime_operator_3 to 2025-01-18 00:00:00+00:00, run_after=2025-01-19 00:00:00+00:00
[2025-01-19T02:42:53.812+0000] {processor.py:208} INFO - Processing /home/vscode/.local/lib/python3.10/site-packages/airflow/example_dags/example_branch_datetime_operator.py took 0.067 seconds
[2025-01-19T02:44:05.842+0000] {processor.py:186} INFO - Started process (PID=24848) to work on /home/vscode/.local/lib/python3.10/site-packages/airflow/example_dags/example_branch_datetime_operator.py
[2025-01-19T02:44:05.843+0000] {processor.py:914} INFO - Processing file /home/vscode/.local/lib/python3.10/site-packages/airflow/example_dags/example_branch_datetime_operator.py for tasks to queue
[2025-01-19T02:44:05.844+0000] {logging_mixin.py:190} INFO - [2025-01-19T02:44:05.844+0000] {dagbag.py:588} INFO - Filling up the DagBag from /home/vscode/.local/lib/python3.10/site-packages/airflow/example_dags/example_branch_datetime_operator.py
[2025-01-19T02:44:05.854+0000] {processor.py:925} INFO - DAG(s) 'example_branch_datetime_operator_2', 'example_branch_datetime_operator', 'example_branch_datetime_operator_3' retrieved from /home/vscode/.local/lib/python3.10/site-packages/airflow/example_dags/example_branch_datetime_operator.py
[2025-01-19T02:44:05.869+0000] {logging_mixin.py:190} INFO - [2025-01-19T02:44:05.868+0000] {dag.py:3239} INFO - Sync 3 DAGs
[2025-01-19T02:44:05.884+0000] {logging_mixin.py:190} INFO - [2025-01-19T02:44:05.884+0000] {dag.py:4180} INFO - Setting next_dagrun for example_branch_datetime_operator to 2025-01-18 00:00:00+00:00, run_after=2025-01-19 00:00:00+00:00
[2025-01-19T02:44:05.887+0000] {logging_mixin.py:190} INFO - [2025-01-19T02:44:05.887+0000] {dag.py:4180} INFO - Setting next_dagrun for example_branch_datetime_operator_2 to 2025-01-18 00:00:00+00:00, run_after=2025-01-19 00:00:00+00:00
[2025-01-19T02:44:05.889+0000] {logging_mixin.py:190} INFO - [2025-01-19T02:44:05.889+0000] {dag.py:4180} INFO - Setting next_dagrun for example_branch_datetime_operator_3 to 2025-01-18 00:00:00+00:00, run_after=2025-01-19 00:00:00+00:00
[2025-01-19T02:44:05.901+0000] {processor.py:208} INFO - Processing /home/vscode/.local/lib/python3.10/site-packages/airflow/example_dags/example_branch_datetime_operator.py took 0.063 seconds
[2025-01-19T02:45:01.713+0000] {processor.py:186} INFO - Started process (PID=25229) to work on /home/vscode/.local/lib/python3.10/site-packages/airflow/example_dags/example_branch_datetime_operator.py
[2025-01-19T02:45:01.714+0000] {processor.py:914} INFO - Processing file /home/vscode/.local/lib/python3.10/site-packages/airflow/example_dags/example_branch_datetime_operator.py for tasks to queue
[2025-01-19T02:45:01.715+0000] {logging_mixin.py:190} INFO - [2025-01-19T02:45:01.715+0000] {dagbag.py:588} INFO - Filling up the DagBag from /home/vscode/.local/lib/python3.10/site-packages/airflow/example_dags/example_branch_datetime_operator.py
[2025-01-19T02:45:01.725+0000] {processor.py:925} INFO - DAG(s) 'example_branch_datetime_operator_2', 'example_branch_datetime_operator', 'example_branch_datetime_operator_3' retrieved from /home/vscode/.local/lib/python3.10/site-packages/airflow/example_dags/example_branch_datetime_operator.py
[2025-01-19T02:45:01.740+0000] {logging_mixin.py:190} INFO - [2025-01-19T02:45:01.740+0000] {dag.py:3239} INFO - Sync 3 DAGs
[2025-01-19T02:45:01.756+0000] {logging_mixin.py:190} INFO - [2025-01-19T02:45:01.756+0000] {dag.py:4180} INFO - Setting next_dagrun for example_branch_datetime_operator to 2025-01-18 00:00:00+00:00, run_after=2025-01-19 00:00:00+00:00
[2025-01-19T02:45:01.760+0000] {logging_mixin.py:190} INFO - [2025-01-19T02:45:01.759+0000] {dag.py:4180} INFO - Setting next_dagrun for example_branch_datetime_operator_2 to 2025-01-18 00:00:00+00:00, run_after=2025-01-19 00:00:00+00:00
[2025-01-19T02:45:01.761+0000] {logging_mixin.py:190} INFO - [2025-01-19T02:45:01.761+0000] {dag.py:4180} INFO - Setting next_dagrun for example_branch_datetime_operator_3 to 2025-01-18 00:00:00+00:00, run_after=2025-01-19 00:00:00+00:00
[2025-01-19T02:45:01.774+0000] {processor.py:208} INFO - Processing /home/vscode/.local/lib/python3.10/site-packages/airflow/example_dags/example_branch_datetime_operator.py took 0.065 seconds
[2025-01-19T02:46:16.854+0000] {processor.py:186} INFO - Started process (PID=25741) to work on /home/vscode/.local/lib/python3.10/site-packages/airflow/example_dags/example_branch_datetime_operator.py
[2025-01-19T02:46:16.855+0000] {processor.py:914} INFO - Processing file /home/vscode/.local/lib/python3.10/site-packages/airflow/example_dags/example_branch_datetime_operator.py for tasks to queue
[2025-01-19T02:46:16.856+0000] {logging_mixin.py:190} INFO - [2025-01-19T02:46:16.856+0000] {dagbag.py:588} INFO - Filling up the DagBag from /home/vscode/.local/lib/python3.10/site-packages/airflow/example_dags/example_branch_datetime_operator.py
[2025-01-19T02:46:16.865+0000] {processor.py:925} INFO - DAG(s) 'example_branch_datetime_operator_2', 'example_branch_datetime_operator', 'example_branch_datetime_operator_3' retrieved from /home/vscode/.local/lib/python3.10/site-packages/airflow/example_dags/example_branch_datetime_operator.py
[2025-01-19T02:46:16.880+0000] {logging_mixin.py:190} INFO - [2025-01-19T02:46:16.880+0000] {dag.py:3239} INFO - Sync 3 DAGs
[2025-01-19T02:46:16.896+0000] {logging_mixin.py:190} INFO - [2025-01-19T02:46:16.895+0000] {dag.py:4180} INFO - Setting next_dagrun for example_branch_datetime_operator to 2025-01-18 00:00:00+00:00, run_after=2025-01-19 00:00:00+00:00
[2025-01-19T02:46:16.899+0000] {logging_mixin.py:190} INFO - [2025-01-19T02:46:16.899+0000] {dag.py:4180} INFO - Setting next_dagrun for example_branch_datetime_operator_2 to 2025-01-18 00:00:00+00:00, run_after=2025-01-19 00:00:00+00:00
[2025-01-19T02:46:16.901+0000] {logging_mixin.py:190} INFO - [2025-01-19T02:46:16.900+0000] {dag.py:4180} INFO - Setting next_dagrun for example_branch_datetime_operator_3 to 2025-01-18 00:00:00+00:00, run_after=2025-01-19 00:00:00+00:00
[2025-01-19T02:46:16.913+0000] {processor.py:208} INFO - Processing /home/vscode/.local/lib/python3.10/site-packages/airflow/example_dags/example_branch_datetime_operator.py took 0.064 seconds
[2025-01-19T02:47:27.075+0000] {processor.py:186} INFO - Started process (PID=26222) to work on /home/vscode/.local/lib/python3.10/site-packages/airflow/example_dags/example_branch_datetime_operator.py
[2025-01-19T02:47:27.076+0000] {processor.py:914} INFO - Processing file /home/vscode/.local/lib/python3.10/site-packages/airflow/example_dags/example_branch_datetime_operator.py for tasks to queue
[2025-01-19T02:47:27.077+0000] {logging_mixin.py:190} INFO - [2025-01-19T02:47:27.077+0000] {dagbag.py:588} INFO - Filling up the DagBag from /home/vscode/.local/lib/python3.10/site-packages/airflow/example_dags/example_branch_datetime_operator.py
[2025-01-19T02:47:27.086+0000] {processor.py:925} INFO - DAG(s) 'example_branch_datetime_operator_3', 'example_branch_datetime_operator', 'example_branch_datetime_operator_2' retrieved from /home/vscode/.local/lib/python3.10/site-packages/airflow/example_dags/example_branch_datetime_operator.py
[2025-01-19T02:47:27.102+0000] {logging_mixin.py:190} INFO - [2025-01-19T02:47:27.101+0000] {dag.py:3239} INFO - Sync 3 DAGs
[2025-01-19T02:47:27.118+0000] {logging_mixin.py:190} INFO - [2025-01-19T02:47:27.117+0000] {dag.py:4180} INFO - Setting next_dagrun for example_branch_datetime_operator to 2025-01-18 00:00:00+00:00, run_after=2025-01-19 00:00:00+00:00
[2025-01-19T02:47:27.121+0000] {logging_mixin.py:190} INFO - [2025-01-19T02:47:27.121+0000] {dag.py:4180} INFO - Setting next_dagrun for example_branch_datetime_operator_2 to 2025-01-18 00:00:00+00:00, run_after=2025-01-19 00:00:00+00:00
[2025-01-19T02:47:27.123+0000] {logging_mixin.py:190} INFO - [2025-01-19T02:47:27.123+0000] {dag.py:4180} INFO - Setting next_dagrun for example_branch_datetime_operator_3 to 2025-01-18 00:00:00+00:00, run_after=2025-01-19 00:00:00+00:00
[2025-01-19T02:47:27.135+0000] {processor.py:208} INFO - Processing /home/vscode/.local/lib/python3.10/site-packages/airflow/example_dags/example_branch_datetime_operator.py took 0.065 seconds
[2025-01-19T02:48:42.443+0000] {processor.py:186} INFO - Started process (PID=26730) to work on /home/vscode/.local/lib/python3.10/site-packages/airflow/example_dags/example_branch_datetime_operator.py
[2025-01-19T02:48:42.443+0000] {processor.py:914} INFO - Processing file /home/vscode/.local/lib/python3.10/site-packages/airflow/example_dags/example_branch_datetime_operator.py for tasks to queue
[2025-01-19T02:48:42.445+0000] {logging_mixin.py:190} INFO - [2025-01-19T02:48:42.445+0000] {dagbag.py:588} INFO - Filling up the DagBag from /home/vscode/.local/lib/python3.10/site-packages/airflow/example_dags/example_branch_datetime_operator.py
[2025-01-19T02:48:42.454+0000] {processor.py:925} INFO - DAG(s) 'example_branch_datetime_operator_2', 'example_branch_datetime_operator', 'example_branch_datetime_operator_3' retrieved from /home/vscode/.local/lib/python3.10/site-packages/airflow/example_dags/example_branch_datetime_operator.py
[2025-01-19T02:48:42.470+0000] {logging_mixin.py:190} INFO - [2025-01-19T02:48:42.470+0000] {dag.py:3239} INFO - Sync 3 DAGs
[2025-01-19T02:48:42.486+0000] {logging_mixin.py:190} INFO - [2025-01-19T02:48:42.486+0000] {dag.py:4180} INFO - Setting next_dagrun for example_branch_datetime_operator to 2025-01-18 00:00:00+00:00, run_after=2025-01-19 00:00:00+00:00
[2025-01-19T02:48:42.489+0000] {logging_mixin.py:190} INFO - [2025-01-19T02:48:42.489+0000] {dag.py:4180} INFO - Setting next_dagrun for example_branch_datetime_operator_2 to 2025-01-18 00:00:00+00:00, run_after=2025-01-19 00:00:00+00:00
[2025-01-19T02:48:42.491+0000] {logging_mixin.py:190} INFO - [2025-01-19T02:48:42.491+0000] {dag.py:4180} INFO - Setting next_dagrun for example_branch_datetime_operator_3 to 2025-01-18 00:00:00+00:00, run_after=2025-01-19 00:00:00+00:00
[2025-01-19T02:48:42.504+0000] {processor.py:208} INFO - Processing /home/vscode/.local/lib/python3.10/site-packages/airflow/example_dags/example_branch_datetime_operator.py took 0.065 seconds
[2025-01-19T02:49:59.723+0000] {processor.py:186} INFO - Started process (PID=27254) to work on /home/vscode/.local/lib/python3.10/site-packages/airflow/example_dags/example_branch_datetime_operator.py
[2025-01-19T02:49:59.724+0000] {processor.py:914} INFO - Processing file /home/vscode/.local/lib/python3.10/site-packages/airflow/example_dags/example_branch_datetime_operator.py for tasks to queue
[2025-01-19T02:49:59.725+0000] {logging_mixin.py:190} INFO - [2025-01-19T02:49:59.725+0000] {dagbag.py:588} INFO - Filling up the DagBag from /home/vscode/.local/lib/python3.10/site-packages/airflow/example_dags/example_branch_datetime_operator.py
[2025-01-19T02:49:59.735+0000] {processor.py:925} INFO - DAG(s) 'example_branch_datetime_operator_3', 'example_branch_datetime_operator', 'example_branch_datetime_operator_2' retrieved from /home/vscode/.local/lib/python3.10/site-packages/airflow/example_dags/example_branch_datetime_operator.py
[2025-01-19T02:49:59.756+0000] {logging_mixin.py:190} INFO - [2025-01-19T02:49:59.756+0000] {dag.py:3239} INFO - Sync 3 DAGs
[2025-01-19T02:49:59.782+0000] {logging_mixin.py:190} INFO - [2025-01-19T02:49:59.781+0000] {dag.py:4180} INFO - Setting next_dagrun for example_branch_datetime_operator to 2025-01-18 00:00:00+00:00, run_after=2025-01-19 00:00:00+00:00
[2025-01-19T02:49:59.787+0000] {logging_mixin.py:190} INFO - [2025-01-19T02:49:59.786+0000] {dag.py:4180} INFO - Setting next_dagrun for example_branch_datetime_operator_2 to 2025-01-18 00:00:00+00:00, run_after=2025-01-19 00:00:00+00:00
[2025-01-19T02:49:59.789+0000] {logging_mixin.py:190} INFO - [2025-01-19T02:49:59.789+0000] {dag.py:4180} INFO - Setting next_dagrun for example_branch_datetime_operator_3 to 2025-01-18 00:00:00+00:00, run_after=2025-01-19 00:00:00+00:00
[2025-01-19T02:49:59.802+0000] {processor.py:208} INFO - Processing /home/vscode/.local/lib/python3.10/site-packages/airflow/example_dags/example_branch_datetime_operator.py took 0.083 seconds
[2025-01-19T02:51:15.658+0000] {processor.py:186} INFO - Started process (PID=27764) to work on /home/vscode/.local/lib/python3.10/site-packages/airflow/example_dags/example_branch_datetime_operator.py
[2025-01-19T02:51:15.658+0000] {processor.py:914} INFO - Processing file /home/vscode/.local/lib/python3.10/site-packages/airflow/example_dags/example_branch_datetime_operator.py for tasks to queue
[2025-01-19T02:51:15.660+0000] {logging_mixin.py:190} INFO - [2025-01-19T02:51:15.659+0000] {dagbag.py:588} INFO - Filling up the DagBag from /home/vscode/.local/lib/python3.10/site-packages/airflow/example_dags/example_branch_datetime_operator.py
[2025-01-19T02:51:15.670+0000] {processor.py:925} INFO - DAG(s) 'example_branch_datetime_operator_2', 'example_branch_datetime_operator', 'example_branch_datetime_operator_3' retrieved from /home/vscode/.local/lib/python3.10/site-packages/airflow/example_dags/example_branch_datetime_operator.py
[2025-01-19T02:51:15.686+0000] {logging_mixin.py:190} INFO - [2025-01-19T02:51:15.686+0000] {dag.py:3239} INFO - Sync 3 DAGs
[2025-01-19T02:51:15.702+0000] {logging_mixin.py:190} INFO - [2025-01-19T02:51:15.702+0000] {dag.py:4180} INFO - Setting next_dagrun for example_branch_datetime_operator to 2025-01-18 00:00:00+00:00, run_after=2025-01-19 00:00:00+00:00
[2025-01-19T02:51:15.705+0000] {logging_mixin.py:190} INFO - [2025-01-19T02:51:15.705+0000] {dag.py:4180} INFO - Setting next_dagrun for example_branch_datetime_operator_2 to 2025-01-18 00:00:00+00:00, run_after=2025-01-19 00:00:00+00:00
[2025-01-19T02:51:15.707+0000] {logging_mixin.py:190} INFO - [2025-01-19T02:51:15.707+0000] {dag.py:4180} INFO - Setting next_dagrun for example_branch_datetime_operator_3 to 2025-01-18 00:00:00+00:00, run_after=2025-01-19 00:00:00+00:00
[2025-01-19T02:51:15.720+0000] {processor.py:208} INFO - Processing /home/vscode/.local/lib/python3.10/site-packages/airflow/example_dags/example_branch_datetime_operator.py took 0.067 seconds
[2025-01-19T02:52:29.337+0000] {processor.py:186} INFO - Started process (PID=28267) to work on /home/vscode/.local/lib/python3.10/site-packages/airflow/example_dags/example_branch_datetime_operator.py
[2025-01-19T02:52:29.338+0000] {processor.py:914} INFO - Processing file /home/vscode/.local/lib/python3.10/site-packages/airflow/example_dags/example_branch_datetime_operator.py for tasks to queue
[2025-01-19T02:52:29.339+0000] {logging_mixin.py:190} INFO - [2025-01-19T02:52:29.339+0000] {dagbag.py:588} INFO - Filling up the DagBag from /home/vscode/.local/lib/python3.10/site-packages/airflow/example_dags/example_branch_datetime_operator.py
[2025-01-19T02:52:29.348+0000] {processor.py:925} INFO - DAG(s) 'example_branch_datetime_operator_3', 'example_branch_datetime_operator', 'example_branch_datetime_operator_2' retrieved from /home/vscode/.local/lib/python3.10/site-packages/airflow/example_dags/example_branch_datetime_operator.py
[2025-01-19T02:52:29.363+0000] {logging_mixin.py:190} INFO - [2025-01-19T02:52:29.363+0000] {dag.py:3239} INFO - Sync 3 DAGs
[2025-01-19T02:52:29.379+0000] {logging_mixin.py:190} INFO - [2025-01-19T02:52:29.379+0000] {dag.py:4180} INFO - Setting next_dagrun for example_branch_datetime_operator to 2025-01-18 00:00:00+00:00, run_after=2025-01-19 00:00:00+00:00
[2025-01-19T02:52:29.383+0000] {logging_mixin.py:190} INFO - [2025-01-19T02:52:29.382+0000] {dag.py:4180} INFO - Setting next_dagrun for example_branch_datetime_operator_2 to 2025-01-18 00:00:00+00:00, run_after=2025-01-19 00:00:00+00:00
[2025-01-19T02:52:29.384+0000] {logging_mixin.py:190} INFO - [2025-01-19T02:52:29.384+0000] {dag.py:4180} INFO - Setting next_dagrun for example_branch_datetime_operator_3 to 2025-01-18 00:00:00+00:00, run_after=2025-01-19 00:00:00+00:00
[2025-01-19T02:52:29.397+0000] {processor.py:208} INFO - Processing /home/vscode/.local/lib/python3.10/site-packages/airflow/example_dags/example_branch_datetime_operator.py took 0.064 seconds
[2025-01-19T02:53:46.309+0000] {processor.py:186} INFO - Started process (PID=28800) to work on /home/vscode/.local/lib/python3.10/site-packages/airflow/example_dags/example_branch_datetime_operator.py
[2025-01-19T02:53:46.310+0000] {processor.py:914} INFO - Processing file /home/vscode/.local/lib/python3.10/site-packages/airflow/example_dags/example_branch_datetime_operator.py for tasks to queue
[2025-01-19T02:53:46.311+0000] {logging_mixin.py:190} INFO - [2025-01-19T02:53:46.311+0000] {dagbag.py:588} INFO - Filling up the DagBag from /home/vscode/.local/lib/python3.10/site-packages/airflow/example_dags/example_branch_datetime_operator.py
[2025-01-19T02:53:46.321+0000] {processor.py:925} INFO - DAG(s) 'example_branch_datetime_operator_2', 'example_branch_datetime_operator', 'example_branch_datetime_operator_3' retrieved from /home/vscode/.local/lib/python3.10/site-packages/airflow/example_dags/example_branch_datetime_operator.py
[2025-01-19T02:53:46.336+0000] {logging_mixin.py:190} INFO - [2025-01-19T02:53:46.336+0000] {dag.py:3239} INFO - Sync 3 DAGs
[2025-01-19T02:53:46.352+0000] {logging_mixin.py:190} INFO - [2025-01-19T02:53:46.352+0000] {dag.py:4180} INFO - Setting next_dagrun for example_branch_datetime_operator to 2025-01-18 00:00:00+00:00, run_after=2025-01-19 00:00:00+00:00
[2025-01-19T02:53:46.355+0000] {logging_mixin.py:190} INFO - [2025-01-19T02:53:46.355+0000] {dag.py:4180} INFO - Setting next_dagrun for example_branch_datetime_operator_2 to 2025-01-18 00:00:00+00:00, run_after=2025-01-19 00:00:00+00:00
[2025-01-19T02:53:46.357+0000] {logging_mixin.py:190} INFO - [2025-01-19T02:53:46.357+0000] {dag.py:4180} INFO - Setting next_dagrun for example_branch_datetime_operator_3 to 2025-01-18 00:00:00+00:00, run_after=2025-01-19 00:00:00+00:00
[2025-01-19T02:53:46.369+0000] {processor.py:208} INFO - Processing /home/vscode/.local/lib/python3.10/site-packages/airflow/example_dags/example_branch_datetime_operator.py took 0.064 seconds
[2025-01-19T02:55:00.560+0000] {processor.py:186} INFO - Started process (PID=29310) to work on /home/vscode/.local/lib/python3.10/site-packages/airflow/example_dags/example_branch_datetime_operator.py
[2025-01-19T02:55:00.561+0000] {processor.py:914} INFO - Processing file /home/vscode/.local/lib/python3.10/site-packages/airflow/example_dags/example_branch_datetime_operator.py for tasks to queue
[2025-01-19T02:55:00.562+0000] {logging_mixin.py:190} INFO - [2025-01-19T02:55:00.562+0000] {dagbag.py:588} INFO - Filling up the DagBag from /home/vscode/.local/lib/python3.10/site-packages/airflow/example_dags/example_branch_datetime_operator.py
[2025-01-19T02:55:00.572+0000] {processor.py:925} INFO - DAG(s) 'example_branch_datetime_operator_2', 'example_branch_datetime_operator', 'example_branch_datetime_operator_3' retrieved from /home/vscode/.local/lib/python3.10/site-packages/airflow/example_dags/example_branch_datetime_operator.py
[2025-01-19T02:55:00.587+0000] {logging_mixin.py:190} INFO - [2025-01-19T02:55:00.587+0000] {dag.py:3239} INFO - Sync 3 DAGs
[2025-01-19T02:55:00.603+0000] {logging_mixin.py:190} INFO - [2025-01-19T02:55:00.603+0000] {dag.py:4180} INFO - Setting next_dagrun for example_branch_datetime_operator to 2025-01-18 00:00:00+00:00, run_after=2025-01-19 00:00:00+00:00
[2025-01-19T02:55:00.606+0000] {logging_mixin.py:190} INFO - [2025-01-19T02:55:00.606+0000] {dag.py:4180} INFO - Setting next_dagrun for example_branch_datetime_operator_2 to 2025-01-18 00:00:00+00:00, run_after=2025-01-19 00:00:00+00:00
[2025-01-19T02:55:00.608+0000] {logging_mixin.py:190} INFO - [2025-01-19T02:55:00.608+0000] {dag.py:4180} INFO - Setting next_dagrun for example_branch_datetime_operator_3 to 2025-01-18 00:00:00+00:00, run_after=2025-01-19 00:00:00+00:00
[2025-01-19T02:55:00.620+0000] {processor.py:208} INFO - Processing /home/vscode/.local/lib/python3.10/site-packages/airflow/example_dags/example_branch_datetime_operator.py took 0.065 seconds
[2025-01-19T02:56:13.474+0000] {processor.py:186} INFO - Started process (PID=29806) to work on /home/vscode/.local/lib/python3.10/site-packages/airflow/example_dags/example_branch_datetime_operator.py
[2025-01-19T02:56:13.475+0000] {processor.py:914} INFO - Processing file /home/vscode/.local/lib/python3.10/site-packages/airflow/example_dags/example_branch_datetime_operator.py for tasks to queue
[2025-01-19T02:56:13.476+0000] {logging_mixin.py:190} INFO - [2025-01-19T02:56:13.476+0000] {dagbag.py:588} INFO - Filling up the DagBag from /home/vscode/.local/lib/python3.10/site-packages/airflow/example_dags/example_branch_datetime_operator.py
[2025-01-19T02:56:13.486+0000] {processor.py:925} INFO - DAG(s) 'example_branch_datetime_operator_2', 'example_branch_datetime_operator_3', 'example_branch_datetime_operator' retrieved from /home/vscode/.local/lib/python3.10/site-packages/airflow/example_dags/example_branch_datetime_operator.py
[2025-01-19T02:56:13.503+0000] {logging_mixin.py:190} INFO - [2025-01-19T02:56:13.503+0000] {dag.py:3239} INFO - Sync 3 DAGs
[2025-01-19T02:56:13.520+0000] {logging_mixin.py:190} INFO - [2025-01-19T02:56:13.519+0000] {dag.py:4180} INFO - Setting next_dagrun for example_branch_datetime_operator to 2025-01-18 00:00:00+00:00, run_after=2025-01-19 00:00:00+00:00
[2025-01-19T02:56:13.523+0000] {logging_mixin.py:190} INFO - [2025-01-19T02:56:13.523+0000] {dag.py:4180} INFO - Setting next_dagrun for example_branch_datetime_operator_2 to 2025-01-18 00:00:00+00:00, run_after=2025-01-19 00:00:00+00:00
[2025-01-19T02:56:13.525+0000] {logging_mixin.py:190} INFO - [2025-01-19T02:56:13.524+0000] {dag.py:4180} INFO - Setting next_dagrun for example_branch_datetime_operator_3 to 2025-01-18 00:00:00+00:00, run_after=2025-01-19 00:00:00+00:00
[2025-01-19T02:56:13.538+0000] {processor.py:208} INFO - Processing /home/vscode/.local/lib/python3.10/site-packages/airflow/example_dags/example_branch_datetime_operator.py took 0.069 seconds
[2025-01-19T02:57:29.547+0000] {processor.py:186} INFO - Started process (PID=30421) to work on /home/vscode/.local/lib/python3.10/site-packages/airflow/example_dags/example_branch_datetime_operator.py
[2025-01-19T02:57:29.548+0000] {processor.py:914} INFO - Processing file /home/vscode/.local/lib/python3.10/site-packages/airflow/example_dags/example_branch_datetime_operator.py for tasks to queue
[2025-01-19T02:57:29.549+0000] {logging_mixin.py:190} INFO - [2025-01-19T02:57:29.549+0000] {dagbag.py:588} INFO - Filling up the DagBag from /home/vscode/.local/lib/python3.10/site-packages/airflow/example_dags/example_branch_datetime_operator.py
[2025-01-19T02:57:29.559+0000] {processor.py:925} INFO - DAG(s) 'example_branch_datetime_operator', 'example_branch_datetime_operator_3', 'example_branch_datetime_operator_2' retrieved from /home/vscode/.local/lib/python3.10/site-packages/airflow/example_dags/example_branch_datetime_operator.py
[2025-01-19T02:57:29.574+0000] {logging_mixin.py:190} INFO - [2025-01-19T02:57:29.574+0000] {dag.py:3239} INFO - Sync 3 DAGs
[2025-01-19T02:57:29.590+0000] {logging_mixin.py:190} INFO - [2025-01-19T02:57:29.590+0000] {dag.py:4180} INFO - Setting next_dagrun for example_branch_datetime_operator to 2025-01-18 00:00:00+00:00, run_after=2025-01-19 00:00:00+00:00
[2025-01-19T02:57:29.593+0000] {logging_mixin.py:190} INFO - [2025-01-19T02:57:29.593+0000] {dag.py:4180} INFO - Setting next_dagrun for example_branch_datetime_operator_2 to 2025-01-18 00:00:00+00:00, run_after=2025-01-19 00:00:00+00:00
[2025-01-19T02:57:29.595+0000] {logging_mixin.py:190} INFO - [2025-01-19T02:57:29.594+0000] {dag.py:4180} INFO - Setting next_dagrun for example_branch_datetime_operator_3 to 2025-01-18 00:00:00+00:00, run_after=2025-01-19 00:00:00+00:00
[2025-01-19T02:57:29.607+0000] {processor.py:208} INFO - Processing /home/vscode/.local/lib/python3.10/site-packages/airflow/example_dags/example_branch_datetime_operator.py took 0.064 seconds
[2025-01-19T02:58:49.115+0000] {processor.py:186} INFO - Started process (PID=30958) to work on /home/vscode/.local/lib/python3.10/site-packages/airflow/example_dags/example_branch_datetime_operator.py
[2025-01-19T02:58:49.115+0000] {processor.py:914} INFO - Processing file /home/vscode/.local/lib/python3.10/site-packages/airflow/example_dags/example_branch_datetime_operator.py for tasks to queue
[2025-01-19T02:58:49.117+0000] {logging_mixin.py:190} INFO - [2025-01-19T02:58:49.117+0000] {dagbag.py:588} INFO - Filling up the DagBag from /home/vscode/.local/lib/python3.10/site-packages/airflow/example_dags/example_branch_datetime_operator.py
[2025-01-19T02:58:49.126+0000] {processor.py:925} INFO - DAG(s) 'example_branch_datetime_operator', 'example_branch_datetime_operator_3', 'example_branch_datetime_operator_2' retrieved from /home/vscode/.local/lib/python3.10/site-packages/airflow/example_dags/example_branch_datetime_operator.py
[2025-01-19T02:58:49.141+0000] {logging_mixin.py:190} INFO - [2025-01-19T02:58:49.141+0000] {dag.py:3239} INFO - Sync 3 DAGs
[2025-01-19T02:58:49.157+0000] {logging_mixin.py:190} INFO - [2025-01-19T02:58:49.157+0000] {dag.py:4180} INFO - Setting next_dagrun for example_branch_datetime_operator to 2025-01-18 00:00:00+00:00, run_after=2025-01-19 00:00:00+00:00
[2025-01-19T02:58:49.161+0000] {logging_mixin.py:190} INFO - [2025-01-19T02:58:49.160+0000] {dag.py:4180} INFO - Setting next_dagrun for example_branch_datetime_operator_2 to 2025-01-18 00:00:00+00:00, run_after=2025-01-19 00:00:00+00:00
[2025-01-19T02:58:49.162+0000] {logging_mixin.py:190} INFO - [2025-01-19T02:58:49.162+0000] {dag.py:4180} INFO - Setting next_dagrun for example_branch_datetime_operator_3 to 2025-01-18 00:00:00+00:00, run_after=2025-01-19 00:00:00+00:00
[2025-01-19T02:58:49.175+0000] {processor.py:208} INFO - Processing /home/vscode/.local/lib/python3.10/site-packages/airflow/example_dags/example_branch_datetime_operator.py took 0.064 seconds
[2025-01-19T02:59:57.262+0000] {processor.py:186} INFO - Started process (PID=31484) to work on /home/vscode/.local/lib/python3.10/site-packages/airflow/example_dags/example_branch_datetime_operator.py
[2025-01-19T02:59:57.263+0000] {processor.py:914} INFO - Processing file /home/vscode/.local/lib/python3.10/site-packages/airflow/example_dags/example_branch_datetime_operator.py for tasks to queue
[2025-01-19T02:59:57.264+0000] {logging_mixin.py:190} INFO - [2025-01-19T02:59:57.264+0000] {dagbag.py:588} INFO - Filling up the DagBag from /home/vscode/.local/lib/python3.10/site-packages/airflow/example_dags/example_branch_datetime_operator.py
[2025-01-19T02:59:57.274+0000] {processor.py:925} INFO - DAG(s) 'example_branch_datetime_operator_3', 'example_branch_datetime_operator', 'example_branch_datetime_operator_2' retrieved from /home/vscode/.local/lib/python3.10/site-packages/airflow/example_dags/example_branch_datetime_operator.py
[2025-01-19T02:59:57.289+0000] {logging_mixin.py:190} INFO - [2025-01-19T02:59:57.289+0000] {dag.py:3239} INFO - Sync 3 DAGs
[2025-01-19T02:59:57.307+0000] {logging_mixin.py:190} INFO - [2025-01-19T02:59:57.307+0000] {dag.py:4180} INFO - Setting next_dagrun for example_branch_datetime_operator to 2025-01-18 00:00:00+00:00, run_after=2025-01-19 00:00:00+00:00
[2025-01-19T02:59:57.312+0000] {logging_mixin.py:190} INFO - [2025-01-19T02:59:57.312+0000] {dag.py:4180} INFO - Setting next_dagrun for example_branch_datetime_operator_2 to 2025-01-18 00:00:00+00:00, run_after=2025-01-19 00:00:00+00:00
[2025-01-19T02:59:57.315+0000] {logging_mixin.py:190} INFO - [2025-01-19T02:59:57.315+0000] {dag.py:4180} INFO - Setting next_dagrun for example_branch_datetime_operator_3 to 2025-01-18 00:00:00+00:00, run_after=2025-01-19 00:00:00+00:00
[2025-01-19T02:59:57.335+0000] {processor.py:208} INFO - Processing /home/vscode/.local/lib/python3.10/site-packages/airflow/example_dags/example_branch_datetime_operator.py took 0.077 seconds
[2025-01-19T03:01:13.186+0000] {processor.py:186} INFO - Started process (PID=32174) to work on /home/vscode/.local/lib/python3.10/site-packages/airflow/example_dags/example_branch_datetime_operator.py
[2025-01-19T03:01:13.186+0000] {processor.py:914} INFO - Processing file /home/vscode/.local/lib/python3.10/site-packages/airflow/example_dags/example_branch_datetime_operator.py for tasks to queue
[2025-01-19T03:01:13.188+0000] {logging_mixin.py:190} INFO - [2025-01-19T03:01:13.188+0000] {dagbag.py:588} INFO - Filling up the DagBag from /home/vscode/.local/lib/python3.10/site-packages/airflow/example_dags/example_branch_datetime_operator.py
[2025-01-19T03:01:13.201+0000] {processor.py:925} INFO - DAG(s) 'example_branch_datetime_operator_3', 'example_branch_datetime_operator_2', 'example_branch_datetime_operator' retrieved from /home/vscode/.local/lib/python3.10/site-packages/airflow/example_dags/example_branch_datetime_operator.py
[2025-01-19T03:01:13.223+0000] {logging_mixin.py:190} INFO - [2025-01-19T03:01:13.223+0000] {dag.py:3239} INFO - Sync 3 DAGs
[2025-01-19T03:01:13.245+0000] {logging_mixin.py:190} INFO - [2025-01-19T03:01:13.245+0000] {dag.py:4180} INFO - Setting next_dagrun for example_branch_datetime_operator to 2025-01-18 00:00:00+00:00, run_after=2025-01-19 00:00:00+00:00
[2025-01-19T03:01:13.251+0000] {logging_mixin.py:190} INFO - [2025-01-19T03:01:13.250+0000] {dag.py:4180} INFO - Setting next_dagrun for example_branch_datetime_operator_2 to 2025-01-18 00:00:00+00:00, run_after=2025-01-19 00:00:00+00:00
[2025-01-19T03:01:13.253+0000] {logging_mixin.py:190} INFO - [2025-01-19T03:01:13.253+0000] {dag.py:4180} INFO - Setting next_dagrun for example_branch_datetime_operator_3 to 2025-01-18 00:00:00+00:00, run_after=2025-01-19 00:00:00+00:00
[2025-01-19T03:01:13.271+0000] {processor.py:208} INFO - Processing /home/vscode/.local/lib/python3.10/site-packages/airflow/example_dags/example_branch_datetime_operator.py took 0.092 seconds
