[2025-01-19T02:41:16.540+0000] {processor.py:186} INFO - Started process (PID=23698) to work on /home/vscode/.local/lib/python3.10/site-packages/airflow/example_dags/example_time_delta_sensor_async.py
[2025-01-19T02:41:16.540+0000] {processor.py:914} INFO - Processing file /home/vscode/.local/lib/python3.10/site-packages/airflow/example_dags/example_time_delta_sensor_async.py for tasks to queue
[2025-01-19T02:41:16.542+0000] {logging_mixin.py:190} INFO - [2025-01-19T02:41:16.542+0000] {dagbag.py:588} INFO - Filling up the DagBag from /home/vscode/.local/lib/python3.10/site-packages/airflow/example_dags/example_time_delta_sensor_async.py
[2025-01-19T02:41:16.547+0000] {processor.py:925} INFO - DAG(s) 'example_time_delta_sensor_async' retrieved from /home/vscode/.local/lib/python3.10/site-packages/airflow/example_dags/example_time_delta_sensor_async.py
[2025-01-19T02:41:16.623+0000] {logging_mixin.py:190} INFO - [2025-01-19T02:41:16.622+0000] {override.py:1911} INFO - Created Permission View: can read on DAG:example_time_delta_sensor_async
[2025-01-19T02:41:16.630+0000] {logging_mixin.py:190} INFO - [2025-01-19T02:41:16.630+0000] {override.py:1911} INFO - Created Permission View: can edit on DAG:example_time_delta_sensor_async
[2025-01-19T02:41:16.636+0000] {logging_mixin.py:190} INFO - [2025-01-19T02:41:16.636+0000] {override.py:1911} INFO - Created Permission View: can delete on DAG:example_time_delta_sensor_async
[2025-01-19T02:41:16.645+0000] {logging_mixin.py:190} INFO - [2025-01-19T02:41:16.645+0000] {override.py:1911} INFO - Created Permission View: can read on DAG Run:example_time_delta_sensor_async
[2025-01-19T02:41:16.651+0000] {logging_mixin.py:190} INFO - [2025-01-19T02:41:16.651+0000] {override.py:1911} INFO - Created Permission View: menu access on DAG Run:example_time_delta_sensor_async
[2025-01-19T02:41:16.656+0000] {logging_mixin.py:190} INFO - [2025-01-19T02:41:16.656+0000] {override.py:1911} INFO - Created Permission View: can delete on DAG Run:example_time_delta_sensor_async
[2025-01-19T02:41:16.662+0000] {logging_mixin.py:190} INFO - [2025-01-19T02:41:16.662+0000] {override.py:1911} INFO - Created Permission View: can create on DAG Run:example_time_delta_sensor_async
[2025-01-19T02:41:16.662+0000] {logging_mixin.py:190} INFO - [2025-01-19T02:41:16.662+0000] {dag.py:3239} INFO - Sync 1 DAGs
[2025-01-19T02:41:16.671+0000] {logging_mixin.py:190} INFO - [2025-01-19T02:41:16.671+0000] {dag.py:3262} INFO - Creating ORM DAG for example_time_delta_sensor_async
[2025-01-19T02:41:16.672+0000] {logging_mixin.py:190} INFO - [2025-01-19T02:41:16.672+0000] {dag.py:4180} INFO - Setting next_dagrun for example_time_delta_sensor_async to None, run_after=None
[2025-01-19T02:41:16.685+0000] {processor.py:208} INFO - Processing /home/vscode/.local/lib/python3.10/site-packages/airflow/example_dags/example_time_delta_sensor_async.py took 0.150 seconds
[2025-01-19T02:42:17.345+0000] {processor.py:186} INFO - Started process (PID=24110) to work on /home/vscode/.local/lib/python3.10/site-packages/airflow/example_dags/example_time_delta_sensor_async.py
[2025-01-19T02:42:17.345+0000] {processor.py:914} INFO - Processing file /home/vscode/.local/lib/python3.10/site-packages/airflow/example_dags/example_time_delta_sensor_async.py for tasks to queue
[2025-01-19T02:42:17.347+0000] {logging_mixin.py:190} INFO - [2025-01-19T02:42:17.346+0000] {dagbag.py:588} INFO - Filling up the DagBag from /home/vscode/.local/lib/python3.10/site-packages/airflow/example_dags/example_time_delta_sensor_async.py
[2025-01-19T02:42:17.352+0000] {processor.py:925} INFO - DAG(s) 'example_time_delta_sensor_async' retrieved from /home/vscode/.local/lib/python3.10/site-packages/airflow/example_dags/example_time_delta_sensor_async.py
[2025-01-19T02:42:17.362+0000] {logging_mixin.py:190} INFO - [2025-01-19T02:42:17.362+0000] {dag.py:3239} INFO - Sync 1 DAGs
[2025-01-19T02:42:17.371+0000] {logging_mixin.py:190} INFO - [2025-01-19T02:42:17.371+0000] {dag.py:4180} INFO - Setting next_dagrun for example_time_delta_sensor_async to None, run_after=None
[2025-01-19T02:42:17.385+0000] {processor.py:208} INFO - Processing /home/vscode/.local/lib/python3.10/site-packages/airflow/example_dags/example_time_delta_sensor_async.py took 0.045 seconds
[2025-01-19T02:43:11.450+0000] {processor.py:186} INFO - Started process (PID=24474) to work on /home/vscode/.local/lib/python3.10/site-packages/airflow/example_dags/example_time_delta_sensor_async.py
[2025-01-19T02:43:11.451+0000] {processor.py:914} INFO - Processing file /home/vscode/.local/lib/python3.10/site-packages/airflow/example_dags/example_time_delta_sensor_async.py for tasks to queue
[2025-01-19T02:43:11.452+0000] {logging_mixin.py:190} INFO - [2025-01-19T02:43:11.452+0000] {dagbag.py:588} INFO - Filling up the DagBag from /home/vscode/.local/lib/python3.10/site-packages/airflow/example_dags/example_time_delta_sensor_async.py
[2025-01-19T02:43:11.457+0000] {processor.py:925} INFO - DAG(s) 'example_time_delta_sensor_async' retrieved from /home/vscode/.local/lib/python3.10/site-packages/airflow/example_dags/example_time_delta_sensor_async.py
[2025-01-19T02:43:11.468+0000] {logging_mixin.py:190} INFO - [2025-01-19T02:43:11.468+0000] {dag.py:3239} INFO - Sync 1 DAGs
[2025-01-19T02:43:11.477+0000] {logging_mixin.py:190} INFO - [2025-01-19T02:43:11.477+0000] {dag.py:4180} INFO - Setting next_dagrun for example_time_delta_sensor_async to None, run_after=None
[2025-01-19T02:43:11.492+0000] {processor.py:208} INFO - Processing /home/vscode/.local/lib/python3.10/site-packages/airflow/example_dags/example_time_delta_sensor_async.py took 0.046 seconds
[2025-01-19T02:44:00.703+0000] {processor.py:186} INFO - Started process (PID=24812) to work on /home/vscode/.local/lib/python3.10/site-packages/airflow/example_dags/example_time_delta_sensor_async.py
[2025-01-19T02:44:00.703+0000] {processor.py:914} INFO - Processing file /home/vscode/.local/lib/python3.10/site-packages/airflow/example_dags/example_time_delta_sensor_async.py for tasks to queue
[2025-01-19T02:44:00.705+0000] {logging_mixin.py:190} INFO - [2025-01-19T02:44:00.705+0000] {dagbag.py:588} INFO - Filling up the DagBag from /home/vscode/.local/lib/python3.10/site-packages/airflow/example_dags/example_time_delta_sensor_async.py
[2025-01-19T02:44:00.710+0000] {processor.py:925} INFO - DAG(s) 'example_time_delta_sensor_async' retrieved from /home/vscode/.local/lib/python3.10/site-packages/airflow/example_dags/example_time_delta_sensor_async.py
[2025-01-19T02:44:00.721+0000] {logging_mixin.py:190} INFO - [2025-01-19T02:44:00.721+0000] {dag.py:3239} INFO - Sync 1 DAGs
[2025-01-19T02:44:00.730+0000] {logging_mixin.py:190} INFO - [2025-01-19T02:44:00.730+0000] {dag.py:4180} INFO - Setting next_dagrun for example_time_delta_sensor_async to None, run_after=None
[2025-01-19T02:44:00.745+0000] {processor.py:208} INFO - Processing /home/vscode/.local/lib/python3.10/site-packages/airflow/example_dags/example_time_delta_sensor_async.py took 0.047 seconds
[2025-01-19T02:44:51.936+0000] {processor.py:186} INFO - Started process (PID=25161) to work on /home/vscode/.local/lib/python3.10/site-packages/airflow/example_dags/example_time_delta_sensor_async.py
[2025-01-19T02:44:51.937+0000] {processor.py:914} INFO - Processing file /home/vscode/.local/lib/python3.10/site-packages/airflow/example_dags/example_time_delta_sensor_async.py for tasks to queue
[2025-01-19T02:44:51.938+0000] {logging_mixin.py:190} INFO - [2025-01-19T02:44:51.938+0000] {dagbag.py:588} INFO - Filling up the DagBag from /home/vscode/.local/lib/python3.10/site-packages/airflow/example_dags/example_time_delta_sensor_async.py
[2025-01-19T02:44:51.943+0000] {processor.py:925} INFO - DAG(s) 'example_time_delta_sensor_async' retrieved from /home/vscode/.local/lib/python3.10/site-packages/airflow/example_dags/example_time_delta_sensor_async.py
[2025-01-19T02:44:51.954+0000] {logging_mixin.py:190} INFO - [2025-01-19T02:44:51.953+0000] {dag.py:3239} INFO - Sync 1 DAGs
[2025-01-19T02:44:51.962+0000] {logging_mixin.py:190} INFO - [2025-01-19T02:44:51.962+0000] {dag.py:4180} INFO - Setting next_dagrun for example_time_delta_sensor_async to None, run_after=None
[2025-01-19T02:44:51.977+0000] {processor.py:208} INFO - Processing /home/vscode/.local/lib/python3.10/site-packages/airflow/example_dags/example_time_delta_sensor_async.py took 0.045 seconds
[2025-01-19T02:45:42.648+0000] {processor.py:186} INFO - Started process (PID=25503) to work on /home/vscode/.local/lib/python3.10/site-packages/airflow/example_dags/example_time_delta_sensor_async.py
[2025-01-19T02:45:42.649+0000] {processor.py:914} INFO - Processing file /home/vscode/.local/lib/python3.10/site-packages/airflow/example_dags/example_time_delta_sensor_async.py for tasks to queue
[2025-01-19T02:45:42.651+0000] {logging_mixin.py:190} INFO - [2025-01-19T02:45:42.651+0000] {dagbag.py:588} INFO - Filling up the DagBag from /home/vscode/.local/lib/python3.10/site-packages/airflow/example_dags/example_time_delta_sensor_async.py
[2025-01-19T02:45:42.656+0000] {processor.py:925} INFO - DAG(s) 'example_time_delta_sensor_async' retrieved from /home/vscode/.local/lib/python3.10/site-packages/airflow/example_dags/example_time_delta_sensor_async.py
[2025-01-19T02:45:42.667+0000] {logging_mixin.py:190} INFO - [2025-01-19T02:45:42.667+0000] {dag.py:3239} INFO - Sync 1 DAGs
[2025-01-19T02:45:42.676+0000] {logging_mixin.py:190} INFO - [2025-01-19T02:45:42.676+0000] {dag.py:4180} INFO - Setting next_dagrun for example_time_delta_sensor_async to None, run_after=None
[2025-01-19T02:45:42.690+0000] {processor.py:208} INFO - Processing /home/vscode/.local/lib/python3.10/site-packages/airflow/example_dags/example_time_delta_sensor_async.py took 0.046 seconds
[2025-01-19T02:46:32.921+0000] {processor.py:186} INFO - Started process (PID=25842) to work on /home/vscode/.local/lib/python3.10/site-packages/airflow/example_dags/example_time_delta_sensor_async.py
[2025-01-19T02:46:32.921+0000] {processor.py:914} INFO - Processing file /home/vscode/.local/lib/python3.10/site-packages/airflow/example_dags/example_time_delta_sensor_async.py for tasks to queue
[2025-01-19T02:46:32.923+0000] {logging_mixin.py:190} INFO - [2025-01-19T02:46:32.923+0000] {dagbag.py:588} INFO - Filling up the DagBag from /home/vscode/.local/lib/python3.10/site-packages/airflow/example_dags/example_time_delta_sensor_async.py
[2025-01-19T02:46:32.929+0000] {processor.py:925} INFO - DAG(s) 'example_time_delta_sensor_async' retrieved from /home/vscode/.local/lib/python3.10/site-packages/airflow/example_dags/example_time_delta_sensor_async.py
[2025-01-19T02:46:32.943+0000] {logging_mixin.py:190} INFO - [2025-01-19T02:46:32.942+0000] {dag.py:3239} INFO - Sync 1 DAGs
[2025-01-19T02:46:32.951+0000] {logging_mixin.py:190} INFO - [2025-01-19T02:46:32.951+0000] {dag.py:4180} INFO - Setting next_dagrun for example_time_delta_sensor_async to None, run_after=None
[2025-01-19T02:46:32.966+0000] {processor.py:208} INFO - Processing /home/vscode/.local/lib/python3.10/site-packages/airflow/example_dags/example_time_delta_sensor_async.py took 0.049 seconds
[2025-01-19T02:47:19.047+0000] {processor.py:186} INFO - Started process (PID=26168) to work on /home/vscode/.local/lib/python3.10/site-packages/airflow/example_dags/example_time_delta_sensor_async.py
[2025-01-19T02:47:19.047+0000] {processor.py:914} INFO - Processing file /home/vscode/.local/lib/python3.10/site-packages/airflow/example_dags/example_time_delta_sensor_async.py for tasks to queue
[2025-01-19T02:47:19.049+0000] {logging_mixin.py:190} INFO - [2025-01-19T02:47:19.049+0000] {dagbag.py:588} INFO - Filling up the DagBag from /home/vscode/.local/lib/python3.10/site-packages/airflow/example_dags/example_time_delta_sensor_async.py
[2025-01-19T02:47:19.054+0000] {processor.py:925} INFO - DAG(s) 'example_time_delta_sensor_async' retrieved from /home/vscode/.local/lib/python3.10/site-packages/airflow/example_dags/example_time_delta_sensor_async.py
[2025-01-19T02:47:19.065+0000] {logging_mixin.py:190} INFO - [2025-01-19T02:47:19.064+0000] {dag.py:3239} INFO - Sync 1 DAGs
[2025-01-19T02:47:19.073+0000] {logging_mixin.py:190} INFO - [2025-01-19T02:47:19.073+0000] {dag.py:4180} INFO - Setting next_dagrun for example_time_delta_sensor_async to None, run_after=None
[2025-01-19T02:47:19.087+0000] {processor.py:208} INFO - Processing /home/vscode/.local/lib/python3.10/site-packages/airflow/example_dags/example_time_delta_sensor_async.py took 0.045 seconds
[2025-01-19T02:48:07.069+0000] {processor.py:186} INFO - Started process (PID=26498) to work on /home/vscode/.local/lib/python3.10/site-packages/airflow/example_dags/example_time_delta_sensor_async.py
[2025-01-19T02:48:07.069+0000] {processor.py:914} INFO - Processing file /home/vscode/.local/lib/python3.10/site-packages/airflow/example_dags/example_time_delta_sensor_async.py for tasks to queue
[2025-01-19T02:48:07.071+0000] {logging_mixin.py:190} INFO - [2025-01-19T02:48:07.071+0000] {dagbag.py:588} INFO - Filling up the DagBag from /home/vscode/.local/lib/python3.10/site-packages/airflow/example_dags/example_time_delta_sensor_async.py
[2025-01-19T02:48:07.077+0000] {processor.py:925} INFO - DAG(s) 'example_time_delta_sensor_async' retrieved from /home/vscode/.local/lib/python3.10/site-packages/airflow/example_dags/example_time_delta_sensor_async.py
[2025-01-19T02:48:07.087+0000] {logging_mixin.py:190} INFO - [2025-01-19T02:48:07.087+0000] {dag.py:3239} INFO - Sync 1 DAGs
[2025-01-19T02:48:07.096+0000] {logging_mixin.py:190} INFO - [2025-01-19T02:48:07.096+0000] {dag.py:4180} INFO - Setting next_dagrun for example_time_delta_sensor_async to None, run_after=None
[2025-01-19T02:48:07.110+0000] {processor.py:208} INFO - Processing /home/vscode/.local/lib/python3.10/site-packages/airflow/example_dags/example_time_delta_sensor_async.py took 0.046 seconds
[2025-01-19T02:48:58.561+0000] {processor.py:186} INFO - Started process (PID=26843) to work on /home/vscode/.local/lib/python3.10/site-packages/airflow/example_dags/example_time_delta_sensor_async.py
[2025-01-19T02:48:58.562+0000] {processor.py:914} INFO - Processing file /home/vscode/.local/lib/python3.10/site-packages/airflow/example_dags/example_time_delta_sensor_async.py for tasks to queue
[2025-01-19T02:48:58.564+0000] {logging_mixin.py:190} INFO - [2025-01-19T02:48:58.563+0000] {dagbag.py:588} INFO - Filling up the DagBag from /home/vscode/.local/lib/python3.10/site-packages/airflow/example_dags/example_time_delta_sensor_async.py
[2025-01-19T02:48:58.569+0000] {processor.py:925} INFO - DAG(s) 'example_time_delta_sensor_async' retrieved from /home/vscode/.local/lib/python3.10/site-packages/airflow/example_dags/example_time_delta_sensor_async.py
[2025-01-19T02:48:58.580+0000] {logging_mixin.py:190} INFO - [2025-01-19T02:48:58.579+0000] {dag.py:3239} INFO - Sync 1 DAGs
[2025-01-19T02:48:58.588+0000] {logging_mixin.py:190} INFO - [2025-01-19T02:48:58.588+0000] {dag.py:4180} INFO - Setting next_dagrun for example_time_delta_sensor_async to None, run_after=None
[2025-01-19T02:48:58.602+0000] {processor.py:208} INFO - Processing /home/vscode/.local/lib/python3.10/site-packages/airflow/example_dags/example_time_delta_sensor_async.py took 0.045 seconds
[2025-01-19T02:49:49.642+0000] {processor.py:186} INFO - Started process (PID=27191) to work on /home/vscode/.local/lib/python3.10/site-packages/airflow/example_dags/example_time_delta_sensor_async.py
[2025-01-19T02:49:49.643+0000] {processor.py:914} INFO - Processing file /home/vscode/.local/lib/python3.10/site-packages/airflow/example_dags/example_time_delta_sensor_async.py for tasks to queue
[2025-01-19T02:49:49.645+0000] {logging_mixin.py:190} INFO - [2025-01-19T02:49:49.644+0000] {dagbag.py:588} INFO - Filling up the DagBag from /home/vscode/.local/lib/python3.10/site-packages/airflow/example_dags/example_time_delta_sensor_async.py
[2025-01-19T02:49:49.650+0000] {processor.py:925} INFO - DAG(s) 'example_time_delta_sensor_async' retrieved from /home/vscode/.local/lib/python3.10/site-packages/airflow/example_dags/example_time_delta_sensor_async.py
[2025-01-19T02:49:49.661+0000] {logging_mixin.py:190} INFO - [2025-01-19T02:49:49.660+0000] {dag.py:3239} INFO - Sync 1 DAGs
[2025-01-19T02:49:49.670+0000] {logging_mixin.py:190} INFO - [2025-01-19T02:49:49.670+0000] {dag.py:4180} INFO - Setting next_dagrun for example_time_delta_sensor_async to None, run_after=None
[2025-01-19T02:49:49.684+0000] {processor.py:208} INFO - Processing /home/vscode/.local/lib/python3.10/site-packages/airflow/example_dags/example_time_delta_sensor_async.py took 0.046 seconds
[2025-01-19T02:50:41.402+0000] {processor.py:186} INFO - Started process (PID=27532) to work on /home/vscode/.local/lib/python3.10/site-packages/airflow/example_dags/example_time_delta_sensor_async.py
[2025-01-19T02:50:41.403+0000] {processor.py:914} INFO - Processing file /home/vscode/.local/lib/python3.10/site-packages/airflow/example_dags/example_time_delta_sensor_async.py for tasks to queue
[2025-01-19T02:50:41.405+0000] {logging_mixin.py:190} INFO - [2025-01-19T02:50:41.404+0000] {dagbag.py:588} INFO - Filling up the DagBag from /home/vscode/.local/lib/python3.10/site-packages/airflow/example_dags/example_time_delta_sensor_async.py
[2025-01-19T02:50:41.410+0000] {processor.py:925} INFO - DAG(s) 'example_time_delta_sensor_async' retrieved from /home/vscode/.local/lib/python3.10/site-packages/airflow/example_dags/example_time_delta_sensor_async.py
[2025-01-19T02:50:41.421+0000] {logging_mixin.py:190} INFO - [2025-01-19T02:50:41.421+0000] {dag.py:3239} INFO - Sync 1 DAGs
[2025-01-19T02:50:41.430+0000] {logging_mixin.py:190} INFO - [2025-01-19T02:50:41.430+0000] {dag.py:4180} INFO - Setting next_dagrun for example_time_delta_sensor_async to None, run_after=None
[2025-01-19T02:50:41.445+0000] {processor.py:208} INFO - Processing /home/vscode/.local/lib/python3.10/site-packages/airflow/example_dags/example_time_delta_sensor_async.py took 0.047 seconds
[2025-01-19T02:51:32.067+0000] {processor.py:186} INFO - Started process (PID=27875) to work on /home/vscode/.local/lib/python3.10/site-packages/airflow/example_dags/example_time_delta_sensor_async.py
[2025-01-19T02:51:32.067+0000] {processor.py:914} INFO - Processing file /home/vscode/.local/lib/python3.10/site-packages/airflow/example_dags/example_time_delta_sensor_async.py for tasks to queue
[2025-01-19T02:51:32.069+0000] {logging_mixin.py:190} INFO - [2025-01-19T02:51:32.069+0000] {dagbag.py:588} INFO - Filling up the DagBag from /home/vscode/.local/lib/python3.10/site-packages/airflow/example_dags/example_time_delta_sensor_async.py
[2025-01-19T02:51:32.074+0000] {processor.py:925} INFO - DAG(s) 'example_time_delta_sensor_async' retrieved from /home/vscode/.local/lib/python3.10/site-packages/airflow/example_dags/example_time_delta_sensor_async.py
[2025-01-19T02:51:32.084+0000] {logging_mixin.py:190} INFO - [2025-01-19T02:51:32.084+0000] {dag.py:3239} INFO - Sync 1 DAGs
[2025-01-19T02:51:32.094+0000] {logging_mixin.py:190} INFO - [2025-01-19T02:51:32.093+0000] {dag.py:4180} INFO - Setting next_dagrun for example_time_delta_sensor_async to None, run_after=None
[2025-01-19T02:51:32.107+0000] {processor.py:208} INFO - Processing /home/vscode/.local/lib/python3.10/site-packages/airflow/example_dags/example_time_delta_sensor_async.py took 0.045 seconds
[2025-01-19T02:52:20.477+0000] {processor.py:186} INFO - Started process (PID=28206) to work on /home/vscode/.local/lib/python3.10/site-packages/airflow/example_dags/example_time_delta_sensor_async.py
[2025-01-19T02:52:20.478+0000] {processor.py:914} INFO - Processing file /home/vscode/.local/lib/python3.10/site-packages/airflow/example_dags/example_time_delta_sensor_async.py for tasks to queue
[2025-01-19T02:52:20.480+0000] {logging_mixin.py:190} INFO - [2025-01-19T02:52:20.480+0000] {dagbag.py:588} INFO - Filling up the DagBag from /home/vscode/.local/lib/python3.10/site-packages/airflow/example_dags/example_time_delta_sensor_async.py
[2025-01-19T02:52:20.485+0000] {processor.py:925} INFO - DAG(s) 'example_time_delta_sensor_async' retrieved from /home/vscode/.local/lib/python3.10/site-packages/airflow/example_dags/example_time_delta_sensor_async.py
[2025-01-19T02:52:20.503+0000] {logging_mixin.py:190} INFO - [2025-01-19T02:52:20.503+0000] {dag.py:3239} INFO - Sync 1 DAGs
[2025-01-19T02:52:20.516+0000] {logging_mixin.py:190} INFO - [2025-01-19T02:52:20.516+0000] {dag.py:4180} INFO - Setting next_dagrun for example_time_delta_sensor_async to None, run_after=None
[2025-01-19T02:52:20.544+0000] {processor.py:208} INFO - Processing /home/vscode/.local/lib/python3.10/site-packages/airflow/example_dags/example_time_delta_sensor_async.py took 0.070 seconds
[2025-01-19T02:53:10.330+0000] {processor.py:186} INFO - Started process (PID=28549) to work on /home/vscode/.local/lib/python3.10/site-packages/airflow/example_dags/example_time_delta_sensor_async.py
[2025-01-19T02:53:10.331+0000] {processor.py:914} INFO - Processing file /home/vscode/.local/lib/python3.10/site-packages/airflow/example_dags/example_time_delta_sensor_async.py for tasks to queue
[2025-01-19T02:53:10.333+0000] {logging_mixin.py:190} INFO - [2025-01-19T02:53:10.333+0000] {dagbag.py:588} INFO - Filling up the DagBag from /home/vscode/.local/lib/python3.10/site-packages/airflow/example_dags/example_time_delta_sensor_async.py
[2025-01-19T02:53:10.340+0000] {processor.py:925} INFO - DAG(s) 'example_time_delta_sensor_async' retrieved from /home/vscode/.local/lib/python3.10/site-packages/airflow/example_dags/example_time_delta_sensor_async.py
[2025-01-19T02:53:10.354+0000] {logging_mixin.py:190} INFO - [2025-01-19T02:53:10.354+0000] {dag.py:3239} INFO - Sync 1 DAGs
[2025-01-19T02:53:10.363+0000] {logging_mixin.py:190} INFO - [2025-01-19T02:53:10.363+0000] {dag.py:4180} INFO - Setting next_dagrun for example_time_delta_sensor_async to None, run_after=None
[2025-01-19T02:53:10.377+0000] {processor.py:208} INFO - Processing /home/vscode/.local/lib/python3.10/site-packages/airflow/example_dags/example_time_delta_sensor_async.py took 0.054 seconds
[2025-01-19T02:54:03.058+0000] {processor.py:186} INFO - Started process (PID=28922) to work on /home/vscode/.local/lib/python3.10/site-packages/airflow/example_dags/example_time_delta_sensor_async.py
[2025-01-19T02:54:03.059+0000] {processor.py:914} INFO - Processing file /home/vscode/.local/lib/python3.10/site-packages/airflow/example_dags/example_time_delta_sensor_async.py for tasks to queue
[2025-01-19T02:54:03.061+0000] {logging_mixin.py:190} INFO - [2025-01-19T02:54:03.060+0000] {dagbag.py:588} INFO - Filling up the DagBag from /home/vscode/.local/lib/python3.10/site-packages/airflow/example_dags/example_time_delta_sensor_async.py
[2025-01-19T02:54:03.066+0000] {processor.py:925} INFO - DAG(s) 'example_time_delta_sensor_async' retrieved from /home/vscode/.local/lib/python3.10/site-packages/airflow/example_dags/example_time_delta_sensor_async.py
[2025-01-19T02:54:03.077+0000] {logging_mixin.py:190} INFO - [2025-01-19T02:54:03.077+0000] {dag.py:3239} INFO - Sync 1 DAGs
[2025-01-19T02:54:03.086+0000] {logging_mixin.py:190} INFO - [2025-01-19T02:54:03.086+0000] {dag.py:4180} INFO - Setting next_dagrun for example_time_delta_sensor_async to None, run_after=None
[2025-01-19T02:54:03.100+0000] {processor.py:208} INFO - Processing /home/vscode/.local/lib/python3.10/site-packages/airflow/example_dags/example_time_delta_sensor_async.py took 0.046 seconds
[2025-01-19T02:54:52.855+0000] {processor.py:186} INFO - Started process (PID=29259) to work on /home/vscode/.local/lib/python3.10/site-packages/airflow/example_dags/example_time_delta_sensor_async.py
[2025-01-19T02:54:52.856+0000] {processor.py:914} INFO - Processing file /home/vscode/.local/lib/python3.10/site-packages/airflow/example_dags/example_time_delta_sensor_async.py for tasks to queue
[2025-01-19T02:54:52.859+0000] {logging_mixin.py:190} INFO - [2025-01-19T02:54:52.858+0000] {dagbag.py:588} INFO - Filling up the DagBag from /home/vscode/.local/lib/python3.10/site-packages/airflow/example_dags/example_time_delta_sensor_async.py
[2025-01-19T02:54:52.865+0000] {processor.py:925} INFO - DAG(s) 'example_time_delta_sensor_async' retrieved from /home/vscode/.local/lib/python3.10/site-packages/airflow/example_dags/example_time_delta_sensor_async.py
[2025-01-19T02:54:52.876+0000] {logging_mixin.py:190} INFO - [2025-01-19T02:54:52.876+0000] {dag.py:3239} INFO - Sync 1 DAGs
[2025-01-19T02:54:52.885+0000] {logging_mixin.py:190} INFO - [2025-01-19T02:54:52.885+0000] {dag.py:4180} INFO - Setting next_dagrun for example_time_delta_sensor_async to None, run_after=None
[2025-01-19T02:54:52.899+0000] {processor.py:208} INFO - Processing /home/vscode/.local/lib/python3.10/site-packages/airflow/example_dags/example_time_delta_sensor_async.py took 0.048 seconds
[2025-01-19T02:55:41.580+0000] {processor.py:186} INFO - Started process (PID=29584) to work on /home/vscode/.local/lib/python3.10/site-packages/airflow/example_dags/example_time_delta_sensor_async.py
[2025-01-19T02:55:41.581+0000] {processor.py:914} INFO - Processing file /home/vscode/.local/lib/python3.10/site-packages/airflow/example_dags/example_time_delta_sensor_async.py for tasks to queue
[2025-01-19T02:55:41.583+0000] {logging_mixin.py:190} INFO - [2025-01-19T02:55:41.582+0000] {dagbag.py:588} INFO - Filling up the DagBag from /home/vscode/.local/lib/python3.10/site-packages/airflow/example_dags/example_time_delta_sensor_async.py
[2025-01-19T02:55:41.588+0000] {processor.py:925} INFO - DAG(s) 'example_time_delta_sensor_async' retrieved from /home/vscode/.local/lib/python3.10/site-packages/airflow/example_dags/example_time_delta_sensor_async.py
[2025-01-19T02:55:41.598+0000] {logging_mixin.py:190} INFO - [2025-01-19T02:55:41.598+0000] {dag.py:3239} INFO - Sync 1 DAGs
[2025-01-19T02:55:41.607+0000] {logging_mixin.py:190} INFO - [2025-01-19T02:55:41.607+0000] {dag.py:4180} INFO - Setting next_dagrun for example_time_delta_sensor_async to None, run_after=None
[2025-01-19T02:55:41.621+0000] {processor.py:208} INFO - Processing /home/vscode/.local/lib/python3.10/site-packages/airflow/example_dags/example_time_delta_sensor_async.py took 0.045 seconds
[2025-01-19T02:56:30.829+0000] {processor.py:186} INFO - Started process (PID=29989) to work on /home/vscode/.local/lib/python3.10/site-packages/airflow/example_dags/example_time_delta_sensor_async.py
[2025-01-19T02:56:30.829+0000] {processor.py:914} INFO - Processing file /home/vscode/.local/lib/python3.10/site-packages/airflow/example_dags/example_time_delta_sensor_async.py for tasks to queue
[2025-01-19T02:56:30.832+0000] {logging_mixin.py:190} INFO - [2025-01-19T02:56:30.831+0000] {dagbag.py:588} INFO - Filling up the DagBag from /home/vscode/.local/lib/python3.10/site-packages/airflow/example_dags/example_time_delta_sensor_async.py
[2025-01-19T02:56:30.837+0000] {processor.py:925} INFO - DAG(s) 'example_time_delta_sensor_async' retrieved from /home/vscode/.local/lib/python3.10/site-packages/airflow/example_dags/example_time_delta_sensor_async.py
[2025-01-19T02:56:30.847+0000] {logging_mixin.py:190} INFO - [2025-01-19T02:56:30.847+0000] {dag.py:3239} INFO - Sync 1 DAGs
[2025-01-19T02:56:30.856+0000] {logging_mixin.py:190} INFO - [2025-01-19T02:56:30.856+0000] {dag.py:4180} INFO - Setting next_dagrun for example_time_delta_sensor_async to None, run_after=None
[2025-01-19T02:56:30.872+0000] {processor.py:208} INFO - Processing /home/vscode/.local/lib/python3.10/site-packages/airflow/example_dags/example_time_delta_sensor_async.py took 0.048 seconds
[2025-01-19T02:57:21.533+0000] {processor.py:186} INFO - Started process (PID=30369) to work on /home/vscode/.local/lib/python3.10/site-packages/airflow/example_dags/example_time_delta_sensor_async.py
[2025-01-19T02:57:21.534+0000] {processor.py:914} INFO - Processing file /home/vscode/.local/lib/python3.10/site-packages/airflow/example_dags/example_time_delta_sensor_async.py for tasks to queue
[2025-01-19T02:57:21.536+0000] {logging_mixin.py:190} INFO - [2025-01-19T02:57:21.536+0000] {dagbag.py:588} INFO - Filling up the DagBag from /home/vscode/.local/lib/python3.10/site-packages/airflow/example_dags/example_time_delta_sensor_async.py
[2025-01-19T02:57:21.541+0000] {processor.py:925} INFO - DAG(s) 'example_time_delta_sensor_async' retrieved from /home/vscode/.local/lib/python3.10/site-packages/airflow/example_dags/example_time_delta_sensor_async.py
[2025-01-19T02:57:21.551+0000] {logging_mixin.py:190} INFO - [2025-01-19T02:57:21.551+0000] {dag.py:3239} INFO - Sync 1 DAGs
[2025-01-19T02:57:21.560+0000] {logging_mixin.py:190} INFO - [2025-01-19T02:57:21.560+0000] {dag.py:4180} INFO - Setting next_dagrun for example_time_delta_sensor_async to None, run_after=None
[2025-01-19T02:57:21.574+0000] {processor.py:208} INFO - Processing /home/vscode/.local/lib/python3.10/site-packages/airflow/example_dags/example_time_delta_sensor_async.py took 0.045 seconds
[2025-01-19T02:58:13.523+0000] {processor.py:186} INFO - Started process (PID=30719) to work on /home/vscode/.local/lib/python3.10/site-packages/airflow/example_dags/example_time_delta_sensor_async.py
[2025-01-19T02:58:13.523+0000] {processor.py:914} INFO - Processing file /home/vscode/.local/lib/python3.10/site-packages/airflow/example_dags/example_time_delta_sensor_async.py for tasks to queue
[2025-01-19T02:58:13.525+0000] {logging_mixin.py:190} INFO - [2025-01-19T02:58:13.525+0000] {dagbag.py:588} INFO - Filling up the DagBag from /home/vscode/.local/lib/python3.10/site-packages/airflow/example_dags/example_time_delta_sensor_async.py
[2025-01-19T02:58:13.530+0000] {processor.py:925} INFO - DAG(s) 'example_time_delta_sensor_async' retrieved from /home/vscode/.local/lib/python3.10/site-packages/airflow/example_dags/example_time_delta_sensor_async.py
[2025-01-19T02:58:13.541+0000] {logging_mixin.py:190} INFO - [2025-01-19T02:58:13.541+0000] {dag.py:3239} INFO - Sync 1 DAGs
[2025-01-19T02:58:13.550+0000] {logging_mixin.py:190} INFO - [2025-01-19T02:58:13.549+0000] {dag.py:4180} INFO - Setting next_dagrun for example_time_delta_sensor_async to None, run_after=None
[2025-01-19T02:58:13.564+0000] {processor.py:208} INFO - Processing /home/vscode/.local/lib/python3.10/site-packages/airflow/example_dags/example_time_delta_sensor_async.py took 0.046 seconds
[2025-01-19T02:59:03.737+0000] {processor.py:186} INFO - Started process (PID=31072) to work on /home/vscode/.local/lib/python3.10/site-packages/airflow/example_dags/example_time_delta_sensor_async.py
[2025-01-19T02:59:03.738+0000] {processor.py:914} INFO - Processing file /home/vscode/.local/lib/python3.10/site-packages/airflow/example_dags/example_time_delta_sensor_async.py for tasks to queue
[2025-01-19T02:59:03.739+0000] {logging_mixin.py:190} INFO - [2025-01-19T02:59:03.739+0000] {dagbag.py:588} INFO - Filling up the DagBag from /home/vscode/.local/lib/python3.10/site-packages/airflow/example_dags/example_time_delta_sensor_async.py
[2025-01-19T02:59:03.745+0000] {processor.py:925} INFO - DAG(s) 'example_time_delta_sensor_async' retrieved from /home/vscode/.local/lib/python3.10/site-packages/airflow/example_dags/example_time_delta_sensor_async.py
[2025-01-19T02:59:03.755+0000] {logging_mixin.py:190} INFO - [2025-01-19T02:59:03.755+0000] {dag.py:3239} INFO - Sync 1 DAGs
[2025-01-19T02:59:03.764+0000] {logging_mixin.py:190} INFO - [2025-01-19T02:59:03.764+0000] {dag.py:4180} INFO - Setting next_dagrun for example_time_delta_sensor_async to None, run_after=None
[2025-01-19T02:59:03.778+0000] {processor.py:208} INFO - Processing /home/vscode/.local/lib/python3.10/site-packages/airflow/example_dags/example_time_delta_sensor_async.py took 0.046 seconds
[2025-01-19T02:59:50.385+0000] {processor.py:186} INFO - Started process (PID=31440) to work on /home/vscode/.local/lib/python3.10/site-packages/airflow/example_dags/example_time_delta_sensor_async.py
[2025-01-19T02:59:50.386+0000] {processor.py:914} INFO - Processing file /home/vscode/.local/lib/python3.10/site-packages/airflow/example_dags/example_time_delta_sensor_async.py for tasks to queue
[2025-01-19T02:59:50.388+0000] {logging_mixin.py:190} INFO - [2025-01-19T02:59:50.387+0000] {dagbag.py:588} INFO - Filling up the DagBag from /home/vscode/.local/lib/python3.10/site-packages/airflow/example_dags/example_time_delta_sensor_async.py
[2025-01-19T02:59:50.393+0000] {processor.py:925} INFO - DAG(s) 'example_time_delta_sensor_async' retrieved from /home/vscode/.local/lib/python3.10/site-packages/airflow/example_dags/example_time_delta_sensor_async.py
[2025-01-19T02:59:50.403+0000] {logging_mixin.py:190} INFO - [2025-01-19T02:59:50.403+0000] {dag.py:3239} INFO - Sync 1 DAGs
[2025-01-19T02:59:50.412+0000] {logging_mixin.py:190} INFO - [2025-01-19T02:59:50.412+0000] {dag.py:4180} INFO - Setting next_dagrun for example_time_delta_sensor_async to None, run_after=None
[2025-01-19T02:59:50.427+0000] {processor.py:208} INFO - Processing /home/vscode/.local/lib/python3.10/site-packages/airflow/example_dags/example_time_delta_sensor_async.py took 0.046 seconds
[2025-01-19T03:00:38.398+0000] {processor.py:186} INFO - Started process (PID=31888) to work on /home/vscode/.local/lib/python3.10/site-packages/airflow/example_dags/example_time_delta_sensor_async.py
[2025-01-19T03:00:38.398+0000] {processor.py:914} INFO - Processing file /home/vscode/.local/lib/python3.10/site-packages/airflow/example_dags/example_time_delta_sensor_async.py for tasks to queue
[2025-01-19T03:00:38.400+0000] {logging_mixin.py:190} INFO - [2025-01-19T03:00:38.400+0000] {dagbag.py:588} INFO - Filling up the DagBag from /home/vscode/.local/lib/python3.10/site-packages/airflow/example_dags/example_time_delta_sensor_async.py
[2025-01-19T03:00:38.405+0000] {processor.py:925} INFO - DAG(s) 'example_time_delta_sensor_async' retrieved from /home/vscode/.local/lib/python3.10/site-packages/airflow/example_dags/example_time_delta_sensor_async.py
[2025-01-19T03:00:38.416+0000] {logging_mixin.py:190} INFO - [2025-01-19T03:00:38.416+0000] {dag.py:3239} INFO - Sync 1 DAGs
[2025-01-19T03:00:38.425+0000] {logging_mixin.py:190} INFO - [2025-01-19T03:00:38.425+0000] {dag.py:4180} INFO - Setting next_dagrun for example_time_delta_sensor_async to None, run_after=None
[2025-01-19T03:00:38.439+0000] {processor.py:208} INFO - Processing /home/vscode/.local/lib/python3.10/site-packages/airflow/example_dags/example_time_delta_sensor_async.py took 0.046 seconds
