[2025-01-19T02:41:36.074+0000] {processor.py:186} INFO - Started process (PID=23838) to work on /home/vscode/.local/lib/python3.10/site-packages/airflow/example_dags/example_dataset_alias_with_no_taskflow.py
[2025-01-19T02:41:36.075+0000] {processor.py:914} INFO - Processing file /home/vscode/.local/lib/python3.10/site-packages/airflow/example_dags/example_dataset_alias_with_no_taskflow.py for tasks to queue
[2025-01-19T02:41:36.077+0000] {logging_mixin.py:190} INFO - [2025-01-19T02:41:36.076+0000] {dagbag.py:588} INFO - Filling up the DagBag from /home/vscode/.local/lib/python3.10/site-packages/airflow/example_dags/example_dataset_alias_with_no_taskflow.py
[2025-01-19T02:41:36.090+0000] {processor.py:925} INFO - DAG(s) 'dataset_alias_example_alias_consumer_with_no_taskflow', 'dataset_alias_example_alias_producer_with_no_taskflow', 'dataset_s3_bucket_producer_with_no_taskflow', 'dataset_s3_bucket_consumer_with_no_taskflow' retrieved from /home/vscode/.local/lib/python3.10/site-packages/airflow/example_dags/example_dataset_alias_with_no_taskflow.py
[2025-01-19T02:41:36.160+0000] {logging_mixin.py:190} INFO - [2025-01-19T02:41:36.159+0000] {override.py:1911} INFO - Created Permission View: can read on DAG:dataset_alias_example_alias_consumer_with_no_taskflow
[2025-01-19T02:41:36.167+0000] {logging_mixin.py:190} INFO - [2025-01-19T02:41:36.167+0000] {override.py:1911} INFO - Created Permission View: can edit on DAG:dataset_alias_example_alias_consumer_with_no_taskflow
[2025-01-19T02:41:36.173+0000] {logging_mixin.py:190} INFO - [2025-01-19T02:41:36.173+0000] {override.py:1911} INFO - Created Permission View: can delete on DAG:dataset_alias_example_alias_consumer_with_no_taskflow
[2025-01-19T02:41:36.181+0000] {logging_mixin.py:190} INFO - [2025-01-19T02:41:36.181+0000] {override.py:1911} INFO - Created Permission View: can read on DAG Run:dataset_alias_example_alias_consumer_with_no_taskflow
[2025-01-19T02:41:36.187+0000] {logging_mixin.py:190} INFO - [2025-01-19T02:41:36.187+0000] {override.py:1911} INFO - Created Permission View: menu access on DAG Run:dataset_alias_example_alias_consumer_with_no_taskflow
[2025-01-19T02:41:36.192+0000] {logging_mixin.py:190} INFO - [2025-01-19T02:41:36.192+0000] {override.py:1911} INFO - Created Permission View: can delete on DAG Run:dataset_alias_example_alias_consumer_with_no_taskflow
[2025-01-19T02:41:36.198+0000] {logging_mixin.py:190} INFO - [2025-01-19T02:41:36.198+0000] {override.py:1911} INFO - Created Permission View: can create on DAG Run:dataset_alias_example_alias_consumer_with_no_taskflow
[2025-01-19T02:41:36.211+0000] {logging_mixin.py:190} INFO - [2025-01-19T02:41:36.211+0000] {override.py:1911} INFO - Created Permission View: can read on DAG:dataset_alias_example_alias_producer_with_no_taskflow
[2025-01-19T02:41:36.216+0000] {logging_mixin.py:190} INFO - [2025-01-19T02:41:36.216+0000] {override.py:1911} INFO - Created Permission View: can edit on DAG:dataset_alias_example_alias_producer_with_no_taskflow
[2025-01-19T02:41:36.222+0000] {logging_mixin.py:190} INFO - [2025-01-19T02:41:36.222+0000] {override.py:1911} INFO - Created Permission View: can delete on DAG:dataset_alias_example_alias_producer_with_no_taskflow
[2025-01-19T02:41:36.230+0000] {logging_mixin.py:190} INFO - [2025-01-19T02:41:36.230+0000] {override.py:1911} INFO - Created Permission View: can read on DAG Run:dataset_alias_example_alias_producer_with_no_taskflow
[2025-01-19T02:41:36.236+0000] {logging_mixin.py:190} INFO - [2025-01-19T02:41:36.236+0000] {override.py:1911} INFO - Created Permission View: menu access on DAG Run:dataset_alias_example_alias_producer_with_no_taskflow
[2025-01-19T02:41:36.242+0000] {logging_mixin.py:190} INFO - [2025-01-19T02:41:36.241+0000] {override.py:1911} INFO - Created Permission View: can delete on DAG Run:dataset_alias_example_alias_producer_with_no_taskflow
[2025-01-19T02:41:36.247+0000] {logging_mixin.py:190} INFO - [2025-01-19T02:41:36.247+0000] {override.py:1911} INFO - Created Permission View: can create on DAG Run:dataset_alias_example_alias_producer_with_no_taskflow
[2025-01-19T02:41:36.259+0000] {logging_mixin.py:190} INFO - [2025-01-19T02:41:36.259+0000] {override.py:1911} INFO - Created Permission View: can read on DAG:dataset_s3_bucket_producer_with_no_taskflow
[2025-01-19T02:41:36.264+0000] {logging_mixin.py:190} INFO - [2025-01-19T02:41:36.264+0000] {override.py:1911} INFO - Created Permission View: can edit on DAG:dataset_s3_bucket_producer_with_no_taskflow
[2025-01-19T02:41:36.270+0000] {logging_mixin.py:190} INFO - [2025-01-19T02:41:36.270+0000] {override.py:1911} INFO - Created Permission View: can delete on DAG:dataset_s3_bucket_producer_with_no_taskflow
[2025-01-19T02:41:36.279+0000] {logging_mixin.py:190} INFO - [2025-01-19T02:41:36.278+0000] {override.py:1911} INFO - Created Permission View: can read on DAG Run:dataset_s3_bucket_producer_with_no_taskflow
[2025-01-19T02:41:36.284+0000] {logging_mixin.py:190} INFO - [2025-01-19T02:41:36.284+0000] {override.py:1911} INFO - Created Permission View: menu access on DAG Run:dataset_s3_bucket_producer_with_no_taskflow
[2025-01-19T02:41:36.290+0000] {logging_mixin.py:190} INFO - [2025-01-19T02:41:36.290+0000] {override.py:1911} INFO - Created Permission View: can delete on DAG Run:dataset_s3_bucket_producer_with_no_taskflow
[2025-01-19T02:41:36.295+0000] {logging_mixin.py:190} INFO - [2025-01-19T02:41:36.295+0000] {override.py:1911} INFO - Created Permission View: can create on DAG Run:dataset_s3_bucket_producer_with_no_taskflow
[2025-01-19T02:41:36.307+0000] {logging_mixin.py:190} INFO - [2025-01-19T02:41:36.307+0000] {override.py:1911} INFO - Created Permission View: can read on DAG:dataset_s3_bucket_consumer_with_no_taskflow
[2025-01-19T02:41:36.312+0000] {logging_mixin.py:190} INFO - [2025-01-19T02:41:36.312+0000] {override.py:1911} INFO - Created Permission View: can edit on DAG:dataset_s3_bucket_consumer_with_no_taskflow
[2025-01-19T02:41:36.318+0000] {logging_mixin.py:190} INFO - [2025-01-19T02:41:36.318+0000] {override.py:1911} INFO - Created Permission View: can delete on DAG:dataset_s3_bucket_consumer_with_no_taskflow
[2025-01-19T02:41:36.326+0000] {logging_mixin.py:190} INFO - [2025-01-19T02:41:36.326+0000] {override.py:1911} INFO - Created Permission View: can read on DAG Run:dataset_s3_bucket_consumer_with_no_taskflow
[2025-01-19T02:41:36.332+0000] {logging_mixin.py:190} INFO - [2025-01-19T02:41:36.331+0000] {override.py:1911} INFO - Created Permission View: menu access on DAG Run:dataset_s3_bucket_consumer_with_no_taskflow
[2025-01-19T02:41:36.337+0000] {logging_mixin.py:190} INFO - [2025-01-19T02:41:36.337+0000] {override.py:1911} INFO - Created Permission View: can delete on DAG Run:dataset_s3_bucket_consumer_with_no_taskflow
[2025-01-19T02:41:36.343+0000] {logging_mixin.py:190} INFO - [2025-01-19T02:41:36.343+0000] {override.py:1911} INFO - Created Permission View: can create on DAG Run:dataset_s3_bucket_consumer_with_no_taskflow
[2025-01-19T02:41:36.343+0000] {logging_mixin.py:190} INFO - [2025-01-19T02:41:36.343+0000] {dag.py:3239} INFO - Sync 4 DAGs
[2025-01-19T02:41:36.352+0000] {logging_mixin.py:190} INFO - [2025-01-19T02:41:36.352+0000] {dag.py:3262} INFO - Creating ORM DAG for dataset_s3_bucket_consumer_with_no_taskflow
[2025-01-19T02:41:36.352+0000] {logging_mixin.py:190} INFO - [2025-01-19T02:41:36.352+0000] {dag.py:3262} INFO - Creating ORM DAG for dataset_alias_example_alias_consumer_with_no_taskflow
[2025-01-19T02:41:36.353+0000] {logging_mixin.py:190} INFO - [2025-01-19T02:41:36.352+0000] {dag.py:3262} INFO - Creating ORM DAG for dataset_alias_example_alias_producer_with_no_taskflow
[2025-01-19T02:41:36.353+0000] {logging_mixin.py:190} INFO - [2025-01-19T02:41:36.353+0000] {dag.py:3262} INFO - Creating ORM DAG for dataset_s3_bucket_producer_with_no_taskflow
[2025-01-19T02:41:36.358+0000] {logging_mixin.py:190} INFO - [2025-01-19T02:41:36.358+0000] {dag.py:4180} INFO - Setting next_dagrun for dataset_alias_example_alias_consumer_with_no_taskflow to None, run_after=None
[2025-01-19T02:41:36.359+0000] {logging_mixin.py:190} INFO - [2025-01-19T02:41:36.359+0000] {dag.py:4180} INFO - Setting next_dagrun for dataset_alias_example_alias_producer_with_no_taskflow to None, run_after=None
[2025-01-19T02:41:36.360+0000] {logging_mixin.py:190} INFO - [2025-01-19T02:41:36.359+0000] {dag.py:4180} INFO - Setting next_dagrun for dataset_s3_bucket_consumer_with_no_taskflow to None, run_after=None
[2025-01-19T02:41:36.361+0000] {logging_mixin.py:190} INFO - [2025-01-19T02:41:36.360+0000] {dag.py:4180} INFO - Setting next_dagrun for dataset_s3_bucket_producer_with_no_taskflow to None, run_after=None
[2025-01-19T02:41:36.381+0000] {processor.py:208} INFO - Processing /home/vscode/.local/lib/python3.10/site-packages/airflow/example_dags/example_dataset_alias_with_no_taskflow.py took 0.311 seconds
[2025-01-19T02:42:33.186+0000] {processor.py:186} INFO - Started process (PID=24221) to work on /home/vscode/.local/lib/python3.10/site-packages/airflow/example_dags/example_dataset_alias_with_no_taskflow.py
[2025-01-19T02:42:33.187+0000] {processor.py:914} INFO - Processing file /home/vscode/.local/lib/python3.10/site-packages/airflow/example_dags/example_dataset_alias_with_no_taskflow.py for tasks to queue
[2025-01-19T02:42:33.189+0000] {logging_mixin.py:190} INFO - [2025-01-19T02:42:33.188+0000] {dagbag.py:588} INFO - Filling up the DagBag from /home/vscode/.local/lib/python3.10/site-packages/airflow/example_dags/example_dataset_alias_with_no_taskflow.py
[2025-01-19T02:42:33.210+0000] {processor.py:925} INFO - DAG(s) 'dataset_alias_example_alias_producer_with_no_taskflow', 'dataset_s3_bucket_producer_with_no_taskflow', 'dataset_s3_bucket_consumer_with_no_taskflow', 'dataset_alias_example_alias_consumer_with_no_taskflow' retrieved from /home/vscode/.local/lib/python3.10/site-packages/airflow/example_dags/example_dataset_alias_with_no_taskflow.py
[2025-01-19T02:42:33.225+0000] {logging_mixin.py:190} INFO - [2025-01-19T02:42:33.225+0000] {dag.py:3239} INFO - Sync 4 DAGs
[2025-01-19T02:42:33.240+0000] {logging_mixin.py:190} INFO - [2025-01-19T02:42:33.239+0000] {dag.py:4180} INFO - Setting next_dagrun for dataset_alias_example_alias_consumer_with_no_taskflow to None, run_after=None
[2025-01-19T02:42:33.241+0000] {logging_mixin.py:190} INFO - [2025-01-19T02:42:33.241+0000] {dag.py:4180} INFO - Setting next_dagrun for dataset_alias_example_alias_producer_with_no_taskflow to None, run_after=None
[2025-01-19T02:42:33.242+0000] {logging_mixin.py:190} INFO - [2025-01-19T02:42:33.242+0000] {dag.py:4180} INFO - Setting next_dagrun for dataset_s3_bucket_consumer_with_no_taskflow to None, run_after=None
[2025-01-19T02:42:33.243+0000] {logging_mixin.py:190} INFO - [2025-01-19T02:42:33.242+0000] {dag.py:4180} INFO - Setting next_dagrun for dataset_s3_bucket_producer_with_no_taskflow to None, run_after=None
[2025-01-19T02:42:33.259+0000] {processor.py:208} INFO - Processing /home/vscode/.local/lib/python3.10/site-packages/airflow/example_dags/example_dataset_alias_with_no_taskflow.py took 0.078 seconds
[2025-01-19T02:43:26.981+0000] {processor.py:186} INFO - Started process (PID=24582) to work on /home/vscode/.local/lib/python3.10/site-packages/airflow/example_dags/example_dataset_alias_with_no_taskflow.py
[2025-01-19T02:43:26.982+0000] {processor.py:914} INFO - Processing file /home/vscode/.local/lib/python3.10/site-packages/airflow/example_dags/example_dataset_alias_with_no_taskflow.py for tasks to queue
[2025-01-19T02:43:26.983+0000] {logging_mixin.py:190} INFO - [2025-01-19T02:43:26.983+0000] {dagbag.py:588} INFO - Filling up the DagBag from /home/vscode/.local/lib/python3.10/site-packages/airflow/example_dags/example_dataset_alias_with_no_taskflow.py
[2025-01-19T02:43:26.999+0000] {processor.py:925} INFO - DAG(s) 'dataset_s3_bucket_consumer_with_no_taskflow', 'dataset_alias_example_alias_consumer_with_no_taskflow', 'dataset_alias_example_alias_producer_with_no_taskflow', 'dataset_s3_bucket_producer_with_no_taskflow' retrieved from /home/vscode/.local/lib/python3.10/site-packages/airflow/example_dags/example_dataset_alias_with_no_taskflow.py
[2025-01-19T02:43:27.013+0000] {logging_mixin.py:190} INFO - [2025-01-19T02:43:27.013+0000] {dag.py:3239} INFO - Sync 4 DAGs
[2025-01-19T02:43:27.027+0000] {logging_mixin.py:190} INFO - [2025-01-19T02:43:27.026+0000] {dag.py:4180} INFO - Setting next_dagrun for dataset_alias_example_alias_consumer_with_no_taskflow to None, run_after=None
[2025-01-19T02:43:27.028+0000] {logging_mixin.py:190} INFO - [2025-01-19T02:43:27.028+0000] {dag.py:4180} INFO - Setting next_dagrun for dataset_alias_example_alias_producer_with_no_taskflow to None, run_after=None
[2025-01-19T02:43:27.029+0000] {logging_mixin.py:190} INFO - [2025-01-19T02:43:27.029+0000] {dag.py:4180} INFO - Setting next_dagrun for dataset_s3_bucket_consumer_with_no_taskflow to None, run_after=None
[2025-01-19T02:43:27.029+0000] {logging_mixin.py:190} INFO - [2025-01-19T02:43:27.029+0000] {dag.py:4180} INFO - Setting next_dagrun for dataset_s3_bucket_producer_with_no_taskflow to None, run_after=None
[2025-01-19T02:43:27.045+0000] {processor.py:208} INFO - Processing /home/vscode/.local/lib/python3.10/site-packages/airflow/example_dags/example_dataset_alias_with_no_taskflow.py took 0.069 seconds
[2025-01-19T02:44:21.265+0000] {processor.py:186} INFO - Started process (PID=24951) to work on /home/vscode/.local/lib/python3.10/site-packages/airflow/example_dags/example_dataset_alias_with_no_taskflow.py
[2025-01-19T02:44:21.266+0000] {processor.py:914} INFO - Processing file /home/vscode/.local/lib/python3.10/site-packages/airflow/example_dags/example_dataset_alias_with_no_taskflow.py for tasks to queue
[2025-01-19T02:44:21.267+0000] {logging_mixin.py:190} INFO - [2025-01-19T02:44:21.267+0000] {dagbag.py:588} INFO - Filling up the DagBag from /home/vscode/.local/lib/python3.10/site-packages/airflow/example_dags/example_dataset_alias_with_no_taskflow.py
[2025-01-19T02:44:21.283+0000] {processor.py:925} INFO - DAG(s) 'dataset_alias_example_alias_producer_with_no_taskflow', 'dataset_s3_bucket_consumer_with_no_taskflow', 'dataset_alias_example_alias_consumer_with_no_taskflow', 'dataset_s3_bucket_producer_with_no_taskflow' retrieved from /home/vscode/.local/lib/python3.10/site-packages/airflow/example_dags/example_dataset_alias_with_no_taskflow.py
[2025-01-19T02:44:21.298+0000] {logging_mixin.py:190} INFO - [2025-01-19T02:44:21.297+0000] {dag.py:3239} INFO - Sync 4 DAGs
[2025-01-19T02:44:21.311+0000] {logging_mixin.py:190} INFO - [2025-01-19T02:44:21.311+0000] {dag.py:4180} INFO - Setting next_dagrun for dataset_alias_example_alias_consumer_with_no_taskflow to None, run_after=None
[2025-01-19T02:44:21.313+0000] {logging_mixin.py:190} INFO - [2025-01-19T02:44:21.313+0000] {dag.py:4180} INFO - Setting next_dagrun for dataset_alias_example_alias_producer_with_no_taskflow to None, run_after=None
[2025-01-19T02:44:21.314+0000] {logging_mixin.py:190} INFO - [2025-01-19T02:44:21.314+0000] {dag.py:4180} INFO - Setting next_dagrun for dataset_s3_bucket_consumer_with_no_taskflow to None, run_after=None
[2025-01-19T02:44:21.314+0000] {logging_mixin.py:190} INFO - [2025-01-19T02:44:21.314+0000] {dag.py:4180} INFO - Setting next_dagrun for dataset_s3_bucket_producer_with_no_taskflow to None, run_after=None
[2025-01-19T02:44:21.330+0000] {processor.py:208} INFO - Processing /home/vscode/.local/lib/python3.10/site-packages/airflow/example_dags/example_dataset_alias_with_no_taskflow.py took 0.069 seconds
[2025-01-19T02:45:13.643+0000] {processor.py:186} INFO - Started process (PID=25315) to work on /home/vscode/.local/lib/python3.10/site-packages/airflow/example_dags/example_dataset_alias_with_no_taskflow.py
[2025-01-19T02:45:13.644+0000] {processor.py:914} INFO - Processing file /home/vscode/.local/lib/python3.10/site-packages/airflow/example_dags/example_dataset_alias_with_no_taskflow.py for tasks to queue
[2025-01-19T02:45:13.645+0000] {logging_mixin.py:190} INFO - [2025-01-19T02:45:13.645+0000] {dagbag.py:588} INFO - Filling up the DagBag from /home/vscode/.local/lib/python3.10/site-packages/airflow/example_dags/example_dataset_alias_with_no_taskflow.py
[2025-01-19T02:45:13.662+0000] {processor.py:925} INFO - DAG(s) 'dataset_alias_example_alias_consumer_with_no_taskflow', 'dataset_s3_bucket_producer_with_no_taskflow', 'dataset_s3_bucket_consumer_with_no_taskflow', 'dataset_alias_example_alias_producer_with_no_taskflow' retrieved from /home/vscode/.local/lib/python3.10/site-packages/airflow/example_dags/example_dataset_alias_with_no_taskflow.py
[2025-01-19T02:45:13.676+0000] {logging_mixin.py:190} INFO - [2025-01-19T02:45:13.676+0000] {dag.py:3239} INFO - Sync 4 DAGs
[2025-01-19T02:45:13.690+0000] {logging_mixin.py:190} INFO - [2025-01-19T02:45:13.690+0000] {dag.py:4180} INFO - Setting next_dagrun for dataset_alias_example_alias_consumer_with_no_taskflow to None, run_after=None
[2025-01-19T02:45:13.692+0000] {logging_mixin.py:190} INFO - [2025-01-19T02:45:13.692+0000] {dag.py:4180} INFO - Setting next_dagrun for dataset_alias_example_alias_producer_with_no_taskflow to None, run_after=None
[2025-01-19T02:45:13.693+0000] {logging_mixin.py:190} INFO - [2025-01-19T02:45:13.692+0000] {dag.py:4180} INFO - Setting next_dagrun for dataset_s3_bucket_consumer_with_no_taskflow to None, run_after=None
[2025-01-19T02:45:13.693+0000] {logging_mixin.py:190} INFO - [2025-01-19T02:45:13.693+0000] {dag.py:4180} INFO - Setting next_dagrun for dataset_s3_bucket_producer_with_no_taskflow to None, run_after=None
[2025-01-19T02:45:13.709+0000] {processor.py:208} INFO - Processing /home/vscode/.local/lib/python3.10/site-packages/airflow/example_dags/example_dataset_alias_with_no_taskflow.py took 0.070 seconds
[2025-01-19T02:46:03.012+0000] {processor.py:186} INFO - Started process (PID=25644) to work on /home/vscode/.local/lib/python3.10/site-packages/airflow/example_dags/example_dataset_alias_with_no_taskflow.py
[2025-01-19T02:46:03.012+0000] {processor.py:914} INFO - Processing file /home/vscode/.local/lib/python3.10/site-packages/airflow/example_dags/example_dataset_alias_with_no_taskflow.py for tasks to queue
[2025-01-19T02:46:03.014+0000] {logging_mixin.py:190} INFO - [2025-01-19T02:46:03.013+0000] {dagbag.py:588} INFO - Filling up the DagBag from /home/vscode/.local/lib/python3.10/site-packages/airflow/example_dags/example_dataset_alias_with_no_taskflow.py
[2025-01-19T02:46:03.030+0000] {processor.py:925} INFO - DAG(s) 'dataset_s3_bucket_consumer_with_no_taskflow', 'dataset_alias_example_alias_consumer_with_no_taskflow', 'dataset_s3_bucket_producer_with_no_taskflow', 'dataset_alias_example_alias_producer_with_no_taskflow' retrieved from /home/vscode/.local/lib/python3.10/site-packages/airflow/example_dags/example_dataset_alias_with_no_taskflow.py
[2025-01-19T02:46:03.044+0000] {logging_mixin.py:190} INFO - [2025-01-19T02:46:03.044+0000] {dag.py:3239} INFO - Sync 4 DAGs
[2025-01-19T02:46:03.058+0000] {logging_mixin.py:190} INFO - [2025-01-19T02:46:03.058+0000] {dag.py:4180} INFO - Setting next_dagrun for dataset_alias_example_alias_consumer_with_no_taskflow to None, run_after=None
[2025-01-19T02:46:03.059+0000] {logging_mixin.py:190} INFO - [2025-01-19T02:46:03.059+0000] {dag.py:4180} INFO - Setting next_dagrun for dataset_alias_example_alias_producer_with_no_taskflow to None, run_after=None
[2025-01-19T02:46:03.060+0000] {logging_mixin.py:190} INFO - [2025-01-19T02:46:03.060+0000] {dag.py:4180} INFO - Setting next_dagrun for dataset_s3_bucket_consumer_with_no_taskflow to None, run_after=None
[2025-01-19T02:46:03.061+0000] {logging_mixin.py:190} INFO - [2025-01-19T02:46:03.061+0000] {dag.py:4180} INFO - Setting next_dagrun for dataset_s3_bucket_producer_with_no_taskflow to None, run_after=None
[2025-01-19T02:46:03.076+0000] {processor.py:208} INFO - Processing /home/vscode/.local/lib/python3.10/site-packages/airflow/example_dags/example_dataset_alias_with_no_taskflow.py took 0.069 seconds
[2025-01-19T02:46:52.351+0000] {processor.py:186} INFO - Started process (PID=25984) to work on /home/vscode/.local/lib/python3.10/site-packages/airflow/example_dags/example_dataset_alias_with_no_taskflow.py
[2025-01-19T02:46:52.352+0000] {processor.py:914} INFO - Processing file /home/vscode/.local/lib/python3.10/site-packages/airflow/example_dags/example_dataset_alias_with_no_taskflow.py for tasks to queue
[2025-01-19T02:46:52.353+0000] {logging_mixin.py:190} INFO - [2025-01-19T02:46:52.353+0000] {dagbag.py:588} INFO - Filling up the DagBag from /home/vscode/.local/lib/python3.10/site-packages/airflow/example_dags/example_dataset_alias_with_no_taskflow.py
[2025-01-19T02:46:52.369+0000] {processor.py:925} INFO - DAG(s) 'dataset_s3_bucket_consumer_with_no_taskflow', 'dataset_alias_example_alias_consumer_with_no_taskflow', 'dataset_alias_example_alias_producer_with_no_taskflow', 'dataset_s3_bucket_producer_with_no_taskflow' retrieved from /home/vscode/.local/lib/python3.10/site-packages/airflow/example_dags/example_dataset_alias_with_no_taskflow.py
[2025-01-19T02:46:52.384+0000] {logging_mixin.py:190} INFO - [2025-01-19T02:46:52.384+0000] {dag.py:3239} INFO - Sync 4 DAGs
[2025-01-19T02:46:52.397+0000] {logging_mixin.py:190} INFO - [2025-01-19T02:46:52.397+0000] {dag.py:4180} INFO - Setting next_dagrun for dataset_alias_example_alias_consumer_with_no_taskflow to None, run_after=None
[2025-01-19T02:46:52.399+0000] {logging_mixin.py:190} INFO - [2025-01-19T02:46:52.399+0000] {dag.py:4180} INFO - Setting next_dagrun for dataset_alias_example_alias_producer_with_no_taskflow to None, run_after=None
[2025-01-19T02:46:52.400+0000] {logging_mixin.py:190} INFO - [2025-01-19T02:46:52.400+0000] {dag.py:4180} INFO - Setting next_dagrun for dataset_s3_bucket_consumer_with_no_taskflow to None, run_after=None
[2025-01-19T02:46:52.401+0000] {logging_mixin.py:190} INFO - [2025-01-19T02:46:52.400+0000] {dag.py:4180} INFO - Setting next_dagrun for dataset_s3_bucket_producer_with_no_taskflow to None, run_after=None
[2025-01-19T02:46:52.418+0000] {processor.py:208} INFO - Processing /home/vscode/.local/lib/python3.10/site-packages/airflow/example_dags/example_dataset_alias_with_no_taskflow.py took 0.071 seconds
[2025-01-19T02:47:41.355+0000] {processor.py:186} INFO - Started process (PID=26320) to work on /home/vscode/.local/lib/python3.10/site-packages/airflow/example_dags/example_dataset_alias_with_no_taskflow.py
[2025-01-19T02:47:41.355+0000] {processor.py:914} INFO - Processing file /home/vscode/.local/lib/python3.10/site-packages/airflow/example_dags/example_dataset_alias_with_no_taskflow.py for tasks to queue
[2025-01-19T02:47:41.357+0000] {logging_mixin.py:190} INFO - [2025-01-19T02:47:41.356+0000] {dagbag.py:588} INFO - Filling up the DagBag from /home/vscode/.local/lib/python3.10/site-packages/airflow/example_dags/example_dataset_alias_with_no_taskflow.py
[2025-01-19T02:47:41.373+0000] {processor.py:925} INFO - DAG(s) 'dataset_s3_bucket_consumer_with_no_taskflow', 'dataset_s3_bucket_producer_with_no_taskflow', 'dataset_alias_example_alias_producer_with_no_taskflow', 'dataset_alias_example_alias_consumer_with_no_taskflow' retrieved from /home/vscode/.local/lib/python3.10/site-packages/airflow/example_dags/example_dataset_alias_with_no_taskflow.py
[2025-01-19T02:47:41.387+0000] {logging_mixin.py:190} INFO - [2025-01-19T02:47:41.387+0000] {dag.py:3239} INFO - Sync 4 DAGs
[2025-01-19T02:47:41.401+0000] {logging_mixin.py:190} INFO - [2025-01-19T02:47:41.401+0000] {dag.py:4180} INFO - Setting next_dagrun for dataset_alias_example_alias_consumer_with_no_taskflow to None, run_after=None
[2025-01-19T02:47:41.402+0000] {logging_mixin.py:190} INFO - [2025-01-19T02:47:41.402+0000] {dag.py:4180} INFO - Setting next_dagrun for dataset_alias_example_alias_producer_with_no_taskflow to None, run_after=None
[2025-01-19T02:47:41.403+0000] {logging_mixin.py:190} INFO - [2025-01-19T02:47:41.403+0000] {dag.py:4180} INFO - Setting next_dagrun for dataset_s3_bucket_consumer_with_no_taskflow to None, run_after=None
[2025-01-19T02:47:41.404+0000] {logging_mixin.py:190} INFO - [2025-01-19T02:47:41.403+0000] {dag.py:4180} INFO - Setting next_dagrun for dataset_s3_bucket_producer_with_no_taskflow to None, run_after=None
[2025-01-19T02:47:41.420+0000] {processor.py:208} INFO - Processing /home/vscode/.local/lib/python3.10/site-packages/airflow/example_dags/example_dataset_alias_with_no_taskflow.py took 0.070 seconds
[2025-01-19T02:48:31.008+0000] {processor.py:186} INFO - Started process (PID=26649) to work on /home/vscode/.local/lib/python3.10/site-packages/airflow/example_dags/example_dataset_alias_with_no_taskflow.py
[2025-01-19T02:48:31.008+0000] {processor.py:914} INFO - Processing file /home/vscode/.local/lib/python3.10/site-packages/airflow/example_dags/example_dataset_alias_with_no_taskflow.py for tasks to queue
[2025-01-19T02:48:31.010+0000] {logging_mixin.py:190} INFO - [2025-01-19T02:48:31.009+0000] {dagbag.py:588} INFO - Filling up the DagBag from /home/vscode/.local/lib/python3.10/site-packages/airflow/example_dags/example_dataset_alias_with_no_taskflow.py
[2025-01-19T02:48:31.026+0000] {processor.py:925} INFO - DAG(s) 'dataset_s3_bucket_consumer_with_no_taskflow', 'dataset_alias_example_alias_producer_with_no_taskflow', 'dataset_s3_bucket_producer_with_no_taskflow', 'dataset_alias_example_alias_consumer_with_no_taskflow' retrieved from /home/vscode/.local/lib/python3.10/site-packages/airflow/example_dags/example_dataset_alias_with_no_taskflow.py
[2025-01-19T02:48:31.041+0000] {logging_mixin.py:190} INFO - [2025-01-19T02:48:31.041+0000] {dag.py:3239} INFO - Sync 4 DAGs
[2025-01-19T02:48:31.056+0000] {logging_mixin.py:190} INFO - [2025-01-19T02:48:31.056+0000] {dag.py:4180} INFO - Setting next_dagrun for dataset_alias_example_alias_consumer_with_no_taskflow to None, run_after=None
[2025-01-19T02:48:31.058+0000] {logging_mixin.py:190} INFO - [2025-01-19T02:48:31.058+0000] {dag.py:4180} INFO - Setting next_dagrun for dataset_alias_example_alias_producer_with_no_taskflow to None, run_after=None
[2025-01-19T02:48:31.058+0000] {logging_mixin.py:190} INFO - [2025-01-19T02:48:31.058+0000] {dag.py:4180} INFO - Setting next_dagrun for dataset_s3_bucket_consumer_with_no_taskflow to None, run_after=None
[2025-01-19T02:48:31.059+0000] {logging_mixin.py:190} INFO - [2025-01-19T02:48:31.059+0000] {dag.py:4180} INFO - Setting next_dagrun for dataset_s3_bucket_producer_with_no_taskflow to None, run_after=None
[2025-01-19T02:48:31.077+0000] {processor.py:208} INFO - Processing /home/vscode/.local/lib/python3.10/site-packages/airflow/example_dags/example_dataset_alias_with_no_taskflow.py took 0.073 seconds
[2025-01-19T02:49:22.366+0000] {processor.py:186} INFO - Started process (PID=27002) to work on /home/vscode/.local/lib/python3.10/site-packages/airflow/example_dags/example_dataset_alias_with_no_taskflow.py
[2025-01-19T02:49:22.367+0000] {processor.py:914} INFO - Processing file /home/vscode/.local/lib/python3.10/site-packages/airflow/example_dags/example_dataset_alias_with_no_taskflow.py for tasks to queue
[2025-01-19T02:49:22.368+0000] {logging_mixin.py:190} INFO - [2025-01-19T02:49:22.368+0000] {dagbag.py:588} INFO - Filling up the DagBag from /home/vscode/.local/lib/python3.10/site-packages/airflow/example_dags/example_dataset_alias_with_no_taskflow.py
[2025-01-19T02:49:22.384+0000] {processor.py:925} INFO - DAG(s) 'dataset_s3_bucket_producer_with_no_taskflow', 'dataset_alias_example_alias_producer_with_no_taskflow', 'dataset_s3_bucket_consumer_with_no_taskflow', 'dataset_alias_example_alias_consumer_with_no_taskflow' retrieved from /home/vscode/.local/lib/python3.10/site-packages/airflow/example_dags/example_dataset_alias_with_no_taskflow.py
[2025-01-19T02:49:22.398+0000] {logging_mixin.py:190} INFO - [2025-01-19T02:49:22.398+0000] {dag.py:3239} INFO - Sync 4 DAGs
[2025-01-19T02:49:22.412+0000] {logging_mixin.py:190} INFO - [2025-01-19T02:49:22.412+0000] {dag.py:4180} INFO - Setting next_dagrun for dataset_alias_example_alias_consumer_with_no_taskflow to None, run_after=None
[2025-01-19T02:49:22.414+0000] {logging_mixin.py:190} INFO - [2025-01-19T02:49:22.414+0000] {dag.py:4180} INFO - Setting next_dagrun for dataset_alias_example_alias_producer_with_no_taskflow to None, run_after=None
[2025-01-19T02:49:22.415+0000] {logging_mixin.py:190} INFO - [2025-01-19T02:49:22.415+0000] {dag.py:4180} INFO - Setting next_dagrun for dataset_s3_bucket_consumer_with_no_taskflow to None, run_after=None
[2025-01-19T02:49:22.415+0000] {logging_mixin.py:190} INFO - [2025-01-19T02:49:22.415+0000] {dag.py:4180} INFO - Setting next_dagrun for dataset_s3_bucket_producer_with_no_taskflow to None, run_after=None
[2025-01-19T02:49:22.433+0000] {processor.py:208} INFO - Processing /home/vscode/.local/lib/python3.10/site-packages/airflow/example_dags/example_dataset_alias_with_no_taskflow.py took 0.072 seconds
[2025-01-19T02:50:15.187+0000] {processor.py:186} INFO - Started process (PID=27351) to work on /home/vscode/.local/lib/python3.10/site-packages/airflow/example_dags/example_dataset_alias_with_no_taskflow.py
[2025-01-19T02:50:15.187+0000] {processor.py:914} INFO - Processing file /home/vscode/.local/lib/python3.10/site-packages/airflow/example_dags/example_dataset_alias_with_no_taskflow.py for tasks to queue
[2025-01-19T02:50:15.189+0000] {logging_mixin.py:190} INFO - [2025-01-19T02:50:15.189+0000] {dagbag.py:588} INFO - Filling up the DagBag from /home/vscode/.local/lib/python3.10/site-packages/airflow/example_dags/example_dataset_alias_with_no_taskflow.py
[2025-01-19T02:50:15.205+0000] {processor.py:925} INFO - DAG(s) 'dataset_alias_example_alias_consumer_with_no_taskflow', 'dataset_alias_example_alias_producer_with_no_taskflow', 'dataset_s3_bucket_producer_with_no_taskflow', 'dataset_s3_bucket_consumer_with_no_taskflow' retrieved from /home/vscode/.local/lib/python3.10/site-packages/airflow/example_dags/example_dataset_alias_with_no_taskflow.py
[2025-01-19T02:50:15.219+0000] {logging_mixin.py:190} INFO - [2025-01-19T02:50:15.219+0000] {dag.py:3239} INFO - Sync 4 DAGs
[2025-01-19T02:50:15.232+0000] {logging_mixin.py:190} INFO - [2025-01-19T02:50:15.232+0000] {dag.py:4180} INFO - Setting next_dagrun for dataset_alias_example_alias_consumer_with_no_taskflow to None, run_after=None
[2025-01-19T02:50:15.234+0000] {logging_mixin.py:190} INFO - [2025-01-19T02:50:15.234+0000] {dag.py:4180} INFO - Setting next_dagrun for dataset_alias_example_alias_producer_with_no_taskflow to None, run_after=None
[2025-01-19T02:50:15.235+0000] {logging_mixin.py:190} INFO - [2025-01-19T02:50:15.235+0000] {dag.py:4180} INFO - Setting next_dagrun for dataset_s3_bucket_consumer_with_no_taskflow to None, run_after=None
[2025-01-19T02:50:15.235+0000] {logging_mixin.py:190} INFO - [2025-01-19T02:50:15.235+0000] {dag.py:4180} INFO - Setting next_dagrun for dataset_s3_bucket_producer_with_no_taskflow to None, run_after=None
[2025-01-19T02:50:15.252+0000] {processor.py:208} INFO - Processing /home/vscode/.local/lib/python3.10/site-packages/airflow/example_dags/example_dataset_alias_with_no_taskflow.py took 0.069 seconds
[2025-01-19T02:51:04.237+0000] {processor.py:186} INFO - Started process (PID=27685) to work on /home/vscode/.local/lib/python3.10/site-packages/airflow/example_dags/example_dataset_alias_with_no_taskflow.py
[2025-01-19T02:51:04.238+0000] {processor.py:914} INFO - Processing file /home/vscode/.local/lib/python3.10/site-packages/airflow/example_dags/example_dataset_alias_with_no_taskflow.py for tasks to queue
[2025-01-19T02:51:04.239+0000] {logging_mixin.py:190} INFO - [2025-01-19T02:51:04.239+0000] {dagbag.py:588} INFO - Filling up the DagBag from /home/vscode/.local/lib/python3.10/site-packages/airflow/example_dags/example_dataset_alias_with_no_taskflow.py
[2025-01-19T02:51:04.255+0000] {processor.py:925} INFO - DAG(s) 'dataset_alias_example_alias_producer_with_no_taskflow', 'dataset_s3_bucket_producer_with_no_taskflow', 'dataset_s3_bucket_consumer_with_no_taskflow', 'dataset_alias_example_alias_consumer_with_no_taskflow' retrieved from /home/vscode/.local/lib/python3.10/site-packages/airflow/example_dags/example_dataset_alias_with_no_taskflow.py
[2025-01-19T02:51:04.269+0000] {logging_mixin.py:190} INFO - [2025-01-19T02:51:04.268+0000] {dag.py:3239} INFO - Sync 4 DAGs
[2025-01-19T02:51:04.282+0000] {logging_mixin.py:190} INFO - [2025-01-19T02:51:04.282+0000] {dag.py:4180} INFO - Setting next_dagrun for dataset_alias_example_alias_consumer_with_no_taskflow to None, run_after=None
[2025-01-19T02:51:04.284+0000] {logging_mixin.py:190} INFO - [2025-01-19T02:51:04.284+0000] {dag.py:4180} INFO - Setting next_dagrun for dataset_alias_example_alias_producer_with_no_taskflow to None, run_after=None
[2025-01-19T02:51:04.285+0000] {logging_mixin.py:190} INFO - [2025-01-19T02:51:04.285+0000] {dag.py:4180} INFO - Setting next_dagrun for dataset_s3_bucket_consumer_with_no_taskflow to None, run_after=None
[2025-01-19T02:51:04.285+0000] {logging_mixin.py:190} INFO - [2025-01-19T02:51:04.285+0000] {dag.py:4180} INFO - Setting next_dagrun for dataset_s3_bucket_producer_with_no_taskflow to None, run_after=None
[2025-01-19T02:51:04.301+0000] {processor.py:208} INFO - Processing /home/vscode/.local/lib/python3.10/site-packages/airflow/example_dags/example_dataset_alias_with_no_taskflow.py took 0.068 seconds
[2025-01-19T02:51:53.372+0000] {processor.py:186} INFO - Started process (PID=28016) to work on /home/vscode/.local/lib/python3.10/site-packages/airflow/example_dags/example_dataset_alias_with_no_taskflow.py
[2025-01-19T02:51:53.372+0000] {processor.py:914} INFO - Processing file /home/vscode/.local/lib/python3.10/site-packages/airflow/example_dags/example_dataset_alias_with_no_taskflow.py for tasks to queue
[2025-01-19T02:51:53.374+0000] {logging_mixin.py:190} INFO - [2025-01-19T02:51:53.374+0000] {dagbag.py:588} INFO - Filling up the DagBag from /home/vscode/.local/lib/python3.10/site-packages/airflow/example_dags/example_dataset_alias_with_no_taskflow.py
[2025-01-19T02:51:53.391+0000] {processor.py:925} INFO - DAG(s) 'dataset_s3_bucket_producer_with_no_taskflow', 'dataset_alias_example_alias_producer_with_no_taskflow', 'dataset_alias_example_alias_consumer_with_no_taskflow', 'dataset_s3_bucket_consumer_with_no_taskflow' retrieved from /home/vscode/.local/lib/python3.10/site-packages/airflow/example_dags/example_dataset_alias_with_no_taskflow.py
[2025-01-19T02:51:53.407+0000] {logging_mixin.py:190} INFO - [2025-01-19T02:51:53.407+0000] {dag.py:3239} INFO - Sync 4 DAGs
[2025-01-19T02:51:53.427+0000] {logging_mixin.py:190} INFO - [2025-01-19T02:51:53.426+0000] {dag.py:4180} INFO - Setting next_dagrun for dataset_alias_example_alias_consumer_with_no_taskflow to None, run_after=None
[2025-01-19T02:51:53.429+0000] {logging_mixin.py:190} INFO - [2025-01-19T02:51:53.429+0000] {dag.py:4180} INFO - Setting next_dagrun for dataset_alias_example_alias_producer_with_no_taskflow to None, run_after=None
[2025-01-19T02:51:53.430+0000] {logging_mixin.py:190} INFO - [2025-01-19T02:51:53.430+0000] {dag.py:4180} INFO - Setting next_dagrun for dataset_s3_bucket_consumer_with_no_taskflow to None, run_after=None
[2025-01-19T02:51:53.431+0000] {logging_mixin.py:190} INFO - [2025-01-19T02:51:53.431+0000] {dag.py:4180} INFO - Setting next_dagrun for dataset_s3_bucket_producer_with_no_taskflow to None, run_after=None
[2025-01-19T02:51:53.454+0000] {processor.py:208} INFO - Processing /home/vscode/.local/lib/python3.10/site-packages/airflow/example_dags/example_dataset_alias_with_no_taskflow.py took 0.087 seconds
[2025-01-19T02:52:44.622+0000] {processor.py:186} INFO - Started process (PID=28372) to work on /home/vscode/.local/lib/python3.10/site-packages/airflow/example_dags/example_dataset_alias_with_no_taskflow.py
[2025-01-19T02:52:44.623+0000] {processor.py:914} INFO - Processing file /home/vscode/.local/lib/python3.10/site-packages/airflow/example_dags/example_dataset_alias_with_no_taskflow.py for tasks to queue
[2025-01-19T02:52:44.625+0000] {logging_mixin.py:190} INFO - [2025-01-19T02:52:44.624+0000] {dagbag.py:588} INFO - Filling up the DagBag from /home/vscode/.local/lib/python3.10/site-packages/airflow/example_dags/example_dataset_alias_with_no_taskflow.py
[2025-01-19T02:52:44.646+0000] {processor.py:925} INFO - DAG(s) 'dataset_s3_bucket_consumer_with_no_taskflow', 'dataset_alias_example_alias_producer_with_no_taskflow', 'dataset_alias_example_alias_consumer_with_no_taskflow', 'dataset_s3_bucket_producer_with_no_taskflow' retrieved from /home/vscode/.local/lib/python3.10/site-packages/airflow/example_dags/example_dataset_alias_with_no_taskflow.py
[2025-01-19T02:52:44.661+0000] {logging_mixin.py:190} INFO - [2025-01-19T02:52:44.661+0000] {dag.py:3239} INFO - Sync 4 DAGs
[2025-01-19T02:52:44.677+0000] {logging_mixin.py:190} INFO - [2025-01-19T02:52:44.676+0000] {dag.py:4180} INFO - Setting next_dagrun for dataset_alias_example_alias_consumer_with_no_taskflow to None, run_after=None
[2025-01-19T02:52:44.678+0000] {logging_mixin.py:190} INFO - [2025-01-19T02:52:44.678+0000] {dag.py:4180} INFO - Setting next_dagrun for dataset_alias_example_alias_producer_with_no_taskflow to None, run_after=None
[2025-01-19T02:52:44.679+0000] {logging_mixin.py:190} INFO - [2025-01-19T02:52:44.679+0000] {dag.py:4180} INFO - Setting next_dagrun for dataset_s3_bucket_consumer_with_no_taskflow to None, run_after=None
[2025-01-19T02:52:44.680+0000] {logging_mixin.py:190} INFO - [2025-01-19T02:52:44.680+0000] {dag.py:4180} INFO - Setting next_dagrun for dataset_s3_bucket_producer_with_no_taskflow to None, run_after=None
[2025-01-19T02:52:44.696+0000] {processor.py:208} INFO - Processing /home/vscode/.local/lib/python3.10/site-packages/airflow/example_dags/example_dataset_alias_with_no_taskflow.py took 0.079 seconds
[2025-01-19T02:53:35.432+0000] {processor.py:186} INFO - Started process (PID=28720) to work on /home/vscode/.local/lib/python3.10/site-packages/airflow/example_dags/example_dataset_alias_with_no_taskflow.py
[2025-01-19T02:53:35.433+0000] {processor.py:914} INFO - Processing file /home/vscode/.local/lib/python3.10/site-packages/airflow/example_dags/example_dataset_alias_with_no_taskflow.py for tasks to queue
[2025-01-19T02:53:35.434+0000] {logging_mixin.py:190} INFO - [2025-01-19T02:53:35.434+0000] {dagbag.py:588} INFO - Filling up the DagBag from /home/vscode/.local/lib/python3.10/site-packages/airflow/example_dags/example_dataset_alias_with_no_taskflow.py
[2025-01-19T02:53:35.454+0000] {processor.py:925} INFO - DAG(s) 'dataset_s3_bucket_producer_with_no_taskflow', 'dataset_alias_example_alias_consumer_with_no_taskflow', 'dataset_s3_bucket_consumer_with_no_taskflow', 'dataset_alias_example_alias_producer_with_no_taskflow' retrieved from /home/vscode/.local/lib/python3.10/site-packages/airflow/example_dags/example_dataset_alias_with_no_taskflow.py
[2025-01-19T02:53:35.470+0000] {logging_mixin.py:190} INFO - [2025-01-19T02:53:35.470+0000] {dag.py:3239} INFO - Sync 4 DAGs
[2025-01-19T02:53:35.486+0000] {logging_mixin.py:190} INFO - [2025-01-19T02:53:35.485+0000] {dag.py:4180} INFO - Setting next_dagrun for dataset_alias_example_alias_consumer_with_no_taskflow to None, run_after=None
[2025-01-19T02:53:35.487+0000] {logging_mixin.py:190} INFO - [2025-01-19T02:53:35.487+0000] {dag.py:4180} INFO - Setting next_dagrun for dataset_alias_example_alias_producer_with_no_taskflow to None, run_after=None
[2025-01-19T02:53:35.488+0000] {logging_mixin.py:190} INFO - [2025-01-19T02:53:35.488+0000] {dag.py:4180} INFO - Setting next_dagrun for dataset_s3_bucket_consumer_with_no_taskflow to None, run_after=None
[2025-01-19T02:53:35.489+0000] {logging_mixin.py:190} INFO - [2025-01-19T02:53:35.489+0000] {dag.py:4180} INFO - Setting next_dagrun for dataset_s3_bucket_producer_with_no_taskflow to None, run_after=None
[2025-01-19T02:53:35.505+0000] {processor.py:208} INFO - Processing /home/vscode/.local/lib/python3.10/site-packages/airflow/example_dags/example_dataset_alias_with_no_taskflow.py took 0.077 seconds
[2025-01-19T02:54:25.989+0000] {processor.py:186} INFO - Started process (PID=29072) to work on /home/vscode/.local/lib/python3.10/site-packages/airflow/example_dags/example_dataset_alias_with_no_taskflow.py
[2025-01-19T02:54:25.990+0000] {processor.py:914} INFO - Processing file /home/vscode/.local/lib/python3.10/site-packages/airflow/example_dags/example_dataset_alias_with_no_taskflow.py for tasks to queue
[2025-01-19T02:54:25.991+0000] {logging_mixin.py:190} INFO - [2025-01-19T02:54:25.991+0000] {dagbag.py:588} INFO - Filling up the DagBag from /home/vscode/.local/lib/python3.10/site-packages/airflow/example_dags/example_dataset_alias_with_no_taskflow.py
[2025-01-19T02:54:26.011+0000] {processor.py:925} INFO - DAG(s) 'dataset_s3_bucket_producer_with_no_taskflow', 'dataset_alias_example_alias_consumer_with_no_taskflow', 'dataset_s3_bucket_consumer_with_no_taskflow', 'dataset_alias_example_alias_producer_with_no_taskflow' retrieved from /home/vscode/.local/lib/python3.10/site-packages/airflow/example_dags/example_dataset_alias_with_no_taskflow.py
[2025-01-19T02:54:26.033+0000] {logging_mixin.py:190} INFO - [2025-01-19T02:54:26.033+0000] {dag.py:3239} INFO - Sync 4 DAGs
[2025-01-19T02:54:26.053+0000] {logging_mixin.py:190} INFO - [2025-01-19T02:54:26.053+0000] {dag.py:4180} INFO - Setting next_dagrun for dataset_alias_example_alias_consumer_with_no_taskflow to None, run_after=None
[2025-01-19T02:54:26.055+0000] {logging_mixin.py:190} INFO - [2025-01-19T02:54:26.055+0000] {dag.py:4180} INFO - Setting next_dagrun for dataset_alias_example_alias_producer_with_no_taskflow to None, run_after=None
[2025-01-19T02:54:26.056+0000] {logging_mixin.py:190} INFO - [2025-01-19T02:54:26.056+0000] {dag.py:4180} INFO - Setting next_dagrun for dataset_s3_bucket_consumer_with_no_taskflow to None, run_after=None
[2025-01-19T02:54:26.056+0000] {logging_mixin.py:190} INFO - [2025-01-19T02:54:26.056+0000] {dag.py:4180} INFO - Setting next_dagrun for dataset_s3_bucket_producer_with_no_taskflow to None, run_after=None
[2025-01-19T02:54:26.076+0000] {processor.py:208} INFO - Processing /home/vscode/.local/lib/python3.10/site-packages/airflow/example_dags/example_dataset_alias_with_no_taskflow.py took 0.092 seconds
[2025-01-19T02:55:13.705+0000] {processor.py:186} INFO - Started process (PID=29399) to work on /home/vscode/.local/lib/python3.10/site-packages/airflow/example_dags/example_dataset_alias_with_no_taskflow.py
[2025-01-19T02:55:13.706+0000] {processor.py:914} INFO - Processing file /home/vscode/.local/lib/python3.10/site-packages/airflow/example_dags/example_dataset_alias_with_no_taskflow.py for tasks to queue
[2025-01-19T02:55:13.707+0000] {logging_mixin.py:190} INFO - [2025-01-19T02:55:13.707+0000] {dagbag.py:588} INFO - Filling up the DagBag from /home/vscode/.local/lib/python3.10/site-packages/airflow/example_dags/example_dataset_alias_with_no_taskflow.py
[2025-01-19T02:55:13.723+0000] {processor.py:925} INFO - DAG(s) 'dataset_s3_bucket_consumer_with_no_taskflow', 'dataset_alias_example_alias_producer_with_no_taskflow', 'dataset_alias_example_alias_consumer_with_no_taskflow', 'dataset_s3_bucket_producer_with_no_taskflow' retrieved from /home/vscode/.local/lib/python3.10/site-packages/airflow/example_dags/example_dataset_alias_with_no_taskflow.py
[2025-01-19T02:55:13.737+0000] {logging_mixin.py:190} INFO - [2025-01-19T02:55:13.737+0000] {dag.py:3239} INFO - Sync 4 DAGs
[2025-01-19T02:55:13.751+0000] {logging_mixin.py:190} INFO - [2025-01-19T02:55:13.750+0000] {dag.py:4180} INFO - Setting next_dagrun for dataset_alias_example_alias_consumer_with_no_taskflow to None, run_after=None
[2025-01-19T02:55:13.752+0000] {logging_mixin.py:190} INFO - [2025-01-19T02:55:13.752+0000] {dag.py:4180} INFO - Setting next_dagrun for dataset_alias_example_alias_producer_with_no_taskflow to None, run_after=None
[2025-01-19T02:55:13.753+0000] {logging_mixin.py:190} INFO - [2025-01-19T02:55:13.753+0000] {dag.py:4180} INFO - Setting next_dagrun for dataset_s3_bucket_consumer_with_no_taskflow to None, run_after=None
[2025-01-19T02:55:13.754+0000] {logging_mixin.py:190} INFO - [2025-01-19T02:55:13.753+0000] {dag.py:4180} INFO - Setting next_dagrun for dataset_s3_bucket_producer_with_no_taskflow to None, run_after=None
[2025-01-19T02:55:13.769+0000] {processor.py:208} INFO - Processing /home/vscode/.local/lib/python3.10/site-packages/airflow/example_dags/example_dataset_alias_with_no_taskflow.py took 0.068 seconds
[2025-01-19T02:56:02.192+0000] {processor.py:186} INFO - Started process (PID=29730) to work on /home/vscode/.local/lib/python3.10/site-packages/airflow/example_dags/example_dataset_alias_with_no_taskflow.py
[2025-01-19T02:56:02.193+0000] {processor.py:914} INFO - Processing file /home/vscode/.local/lib/python3.10/site-packages/airflow/example_dags/example_dataset_alias_with_no_taskflow.py for tasks to queue
[2025-01-19T02:56:02.194+0000] {logging_mixin.py:190} INFO - [2025-01-19T02:56:02.194+0000] {dagbag.py:588} INFO - Filling up the DagBag from /home/vscode/.local/lib/python3.10/site-packages/airflow/example_dags/example_dataset_alias_with_no_taskflow.py
[2025-01-19T02:56:02.210+0000] {processor.py:925} INFO - DAG(s) 'dataset_s3_bucket_producer_with_no_taskflow', 'dataset_s3_bucket_consumer_with_no_taskflow', 'dataset_alias_example_alias_consumer_with_no_taskflow', 'dataset_alias_example_alias_producer_with_no_taskflow' retrieved from /home/vscode/.local/lib/python3.10/site-packages/airflow/example_dags/example_dataset_alias_with_no_taskflow.py
[2025-01-19T02:56:02.224+0000] {logging_mixin.py:190} INFO - [2025-01-19T02:56:02.224+0000] {dag.py:3239} INFO - Sync 4 DAGs
[2025-01-19T02:56:02.238+0000] {logging_mixin.py:190} INFO - [2025-01-19T02:56:02.238+0000] {dag.py:4180} INFO - Setting next_dagrun for dataset_alias_example_alias_consumer_with_no_taskflow to None, run_after=None
[2025-01-19T02:56:02.240+0000] {logging_mixin.py:190} INFO - [2025-01-19T02:56:02.240+0000] {dag.py:4180} INFO - Setting next_dagrun for dataset_alias_example_alias_producer_with_no_taskflow to None, run_after=None
[2025-01-19T02:56:02.241+0000] {logging_mixin.py:190} INFO - [2025-01-19T02:56:02.240+0000] {dag.py:4180} INFO - Setting next_dagrun for dataset_s3_bucket_consumer_with_no_taskflow to None, run_after=None
[2025-01-19T02:56:02.241+0000] {logging_mixin.py:190} INFO - [2025-01-19T02:56:02.241+0000] {dag.py:4180} INFO - Setting next_dagrun for dataset_s3_bucket_producer_with_no_taskflow to None, run_after=None
[2025-01-19T02:56:02.257+0000] {processor.py:208} INFO - Processing /home/vscode/.local/lib/python3.10/site-packages/airflow/example_dags/example_dataset_alias_with_no_taskflow.py took 0.069 seconds
[2025-01-19T02:56:53.837+0000] {processor.py:186} INFO - Started process (PID=30182) to work on /home/vscode/.local/lib/python3.10/site-packages/airflow/example_dags/example_dataset_alias_with_no_taskflow.py
[2025-01-19T02:56:53.837+0000] {processor.py:914} INFO - Processing file /home/vscode/.local/lib/python3.10/site-packages/airflow/example_dags/example_dataset_alias_with_no_taskflow.py for tasks to queue
[2025-01-19T02:56:53.839+0000] {logging_mixin.py:190} INFO - [2025-01-19T02:56:53.839+0000] {dagbag.py:588} INFO - Filling up the DagBag from /home/vscode/.local/lib/python3.10/site-packages/airflow/example_dags/example_dataset_alias_with_no_taskflow.py
[2025-01-19T02:56:53.855+0000] {processor.py:925} INFO - DAG(s) 'dataset_s3_bucket_consumer_with_no_taskflow', 'dataset_s3_bucket_producer_with_no_taskflow', 'dataset_alias_example_alias_producer_with_no_taskflow', 'dataset_alias_example_alias_consumer_with_no_taskflow' retrieved from /home/vscode/.local/lib/python3.10/site-packages/airflow/example_dags/example_dataset_alias_with_no_taskflow.py
[2025-01-19T02:56:53.870+0000] {logging_mixin.py:190} INFO - [2025-01-19T02:56:53.869+0000] {dag.py:3239} INFO - Sync 4 DAGs
[2025-01-19T02:56:53.883+0000] {logging_mixin.py:190} INFO - [2025-01-19T02:56:53.883+0000] {dag.py:4180} INFO - Setting next_dagrun for dataset_alias_example_alias_consumer_with_no_taskflow to None, run_after=None
[2025-01-19T02:56:53.885+0000] {logging_mixin.py:190} INFO - [2025-01-19T02:56:53.885+0000] {dag.py:4180} INFO - Setting next_dagrun for dataset_alias_example_alias_producer_with_no_taskflow to None, run_after=None
[2025-01-19T02:56:53.886+0000] {logging_mixin.py:190} INFO - [2025-01-19T02:56:53.886+0000] {dag.py:4180} INFO - Setting next_dagrun for dataset_s3_bucket_consumer_with_no_taskflow to None, run_after=None
[2025-01-19T02:56:53.886+0000] {logging_mixin.py:190} INFO - [2025-01-19T02:56:53.886+0000] {dag.py:4180} INFO - Setting next_dagrun for dataset_s3_bucket_producer_with_no_taskflow to None, run_after=None
[2025-01-19T02:56:53.902+0000] {processor.py:208} INFO - Processing /home/vscode/.local/lib/python3.10/site-packages/airflow/example_dags/example_dataset_alias_with_no_taskflow.py took 0.070 seconds
[2025-01-19T02:57:44.690+0000] {processor.py:186} INFO - Started process (PID=30524) to work on /home/vscode/.local/lib/python3.10/site-packages/airflow/example_dags/example_dataset_alias_with_no_taskflow.py
[2025-01-19T02:57:44.691+0000] {processor.py:914} INFO - Processing file /home/vscode/.local/lib/python3.10/site-packages/airflow/example_dags/example_dataset_alias_with_no_taskflow.py for tasks to queue
[2025-01-19T02:57:44.692+0000] {logging_mixin.py:190} INFO - [2025-01-19T02:57:44.692+0000] {dagbag.py:588} INFO - Filling up the DagBag from /home/vscode/.local/lib/python3.10/site-packages/airflow/example_dags/example_dataset_alias_with_no_taskflow.py
[2025-01-19T02:57:44.709+0000] {processor.py:925} INFO - DAG(s) 'dataset_s3_bucket_producer_with_no_taskflow', 'dataset_alias_example_alias_consumer_with_no_taskflow', 'dataset_alias_example_alias_producer_with_no_taskflow', 'dataset_s3_bucket_consumer_with_no_taskflow' retrieved from /home/vscode/.local/lib/python3.10/site-packages/airflow/example_dags/example_dataset_alias_with_no_taskflow.py
[2025-01-19T02:57:44.724+0000] {logging_mixin.py:190} INFO - [2025-01-19T02:57:44.723+0000] {dag.py:3239} INFO - Sync 4 DAGs
[2025-01-19T02:57:44.738+0000] {logging_mixin.py:190} INFO - [2025-01-19T02:57:44.738+0000] {dag.py:4180} INFO - Setting next_dagrun for dataset_alias_example_alias_consumer_with_no_taskflow to None, run_after=None
[2025-01-19T02:57:44.739+0000] {logging_mixin.py:190} INFO - [2025-01-19T02:57:44.739+0000] {dag.py:4180} INFO - Setting next_dagrun for dataset_alias_example_alias_producer_with_no_taskflow to None, run_after=None
[2025-01-19T02:57:44.740+0000] {logging_mixin.py:190} INFO - [2025-01-19T02:57:44.740+0000] {dag.py:4180} INFO - Setting next_dagrun for dataset_s3_bucket_consumer_with_no_taskflow to None, run_after=None
[2025-01-19T02:57:44.741+0000] {logging_mixin.py:190} INFO - [2025-01-19T02:57:44.741+0000] {dag.py:4180} INFO - Setting next_dagrun for dataset_s3_bucket_producer_with_no_taskflow to None, run_after=None
[2025-01-19T02:57:44.757+0000] {processor.py:208} INFO - Processing /home/vscode/.local/lib/python3.10/site-packages/airflow/example_dags/example_dataset_alias_with_no_taskflow.py took 0.071 seconds
[2025-01-19T02:58:37.744+0000] {processor.py:186} INFO - Started process (PID=30886) to work on /home/vscode/.local/lib/python3.10/site-packages/airflow/example_dags/example_dataset_alias_with_no_taskflow.py
[2025-01-19T02:58:37.745+0000] {processor.py:914} INFO - Processing file /home/vscode/.local/lib/python3.10/site-packages/airflow/example_dags/example_dataset_alias_with_no_taskflow.py for tasks to queue
[2025-01-19T02:58:37.746+0000] {logging_mixin.py:190} INFO - [2025-01-19T02:58:37.746+0000] {dagbag.py:588} INFO - Filling up the DagBag from /home/vscode/.local/lib/python3.10/site-packages/airflow/example_dags/example_dataset_alias_with_no_taskflow.py
[2025-01-19T02:58:37.762+0000] {processor.py:925} INFO - DAG(s) 'dataset_s3_bucket_consumer_with_no_taskflow', 'dataset_s3_bucket_producer_with_no_taskflow', 'dataset_alias_example_alias_consumer_with_no_taskflow', 'dataset_alias_example_alias_producer_with_no_taskflow' retrieved from /home/vscode/.local/lib/python3.10/site-packages/airflow/example_dags/example_dataset_alias_with_no_taskflow.py
[2025-01-19T02:58:37.777+0000] {logging_mixin.py:190} INFO - [2025-01-19T02:58:37.776+0000] {dag.py:3239} INFO - Sync 4 DAGs
[2025-01-19T02:58:37.791+0000] {logging_mixin.py:190} INFO - [2025-01-19T02:58:37.791+0000] {dag.py:4180} INFO - Setting next_dagrun for dataset_alias_example_alias_consumer_with_no_taskflow to None, run_after=None
[2025-01-19T02:58:37.793+0000] {logging_mixin.py:190} INFO - [2025-01-19T02:58:37.793+0000] {dag.py:4180} INFO - Setting next_dagrun for dataset_alias_example_alias_producer_with_no_taskflow to None, run_after=None
[2025-01-19T02:58:37.793+0000] {logging_mixin.py:190} INFO - [2025-01-19T02:58:37.793+0000] {dag.py:4180} INFO - Setting next_dagrun for dataset_s3_bucket_consumer_with_no_taskflow to None, run_after=None
[2025-01-19T02:58:37.794+0000] {logging_mixin.py:190} INFO - [2025-01-19T02:58:37.794+0000] {dag.py:4180} INFO - Setting next_dagrun for dataset_s3_bucket_producer_with_no_taskflow to None, run_after=None
[2025-01-19T02:58:37.810+0000] {processor.py:208} INFO - Processing /home/vscode/.local/lib/python3.10/site-packages/airflow/example_dags/example_dataset_alias_with_no_taskflow.py took 0.070 seconds
[2025-01-19T02:59:25.023+0000] {processor.py:186} INFO - Started process (PID=31269) to work on /home/vscode/.local/lib/python3.10/site-packages/airflow/example_dags/example_dataset_alias_with_no_taskflow.py
[2025-01-19T02:59:25.024+0000] {processor.py:914} INFO - Processing file /home/vscode/.local/lib/python3.10/site-packages/airflow/example_dags/example_dataset_alias_with_no_taskflow.py for tasks to queue
[2025-01-19T02:59:25.025+0000] {logging_mixin.py:190} INFO - [2025-01-19T02:59:25.025+0000] {dagbag.py:588} INFO - Filling up the DagBag from /home/vscode/.local/lib/python3.10/site-packages/airflow/example_dags/example_dataset_alias_with_no_taskflow.py
[2025-01-19T02:59:25.042+0000] {processor.py:925} INFO - DAG(s) 'dataset_s3_bucket_producer_with_no_taskflow', 'dataset_alias_example_alias_producer_with_no_taskflow', 'dataset_alias_example_alias_consumer_with_no_taskflow', 'dataset_s3_bucket_consumer_with_no_taskflow' retrieved from /home/vscode/.local/lib/python3.10/site-packages/airflow/example_dags/example_dataset_alias_with_no_taskflow.py
[2025-01-19T02:59:25.056+0000] {logging_mixin.py:190} INFO - [2025-01-19T02:59:25.056+0000] {dag.py:3239} INFO - Sync 4 DAGs
[2025-01-19T02:59:25.070+0000] {logging_mixin.py:190} INFO - [2025-01-19T02:59:25.070+0000] {dag.py:4180} INFO - Setting next_dagrun for dataset_alias_example_alias_consumer_with_no_taskflow to None, run_after=None
[2025-01-19T02:59:25.072+0000] {logging_mixin.py:190} INFO - [2025-01-19T02:59:25.072+0000] {dag.py:4180} INFO - Setting next_dagrun for dataset_alias_example_alias_producer_with_no_taskflow to None, run_after=None
[2025-01-19T02:59:25.073+0000] {logging_mixin.py:190} INFO - [2025-01-19T02:59:25.073+0000] {dag.py:4180} INFO - Setting next_dagrun for dataset_s3_bucket_consumer_with_no_taskflow to None, run_after=None
[2025-01-19T02:59:25.074+0000] {logging_mixin.py:190} INFO - [2025-01-19T02:59:25.073+0000] {dag.py:4180} INFO - Setting next_dagrun for dataset_s3_bucket_producer_with_no_taskflow to None, run_after=None
[2025-01-19T02:59:25.091+0000] {processor.py:208} INFO - Processing /home/vscode/.local/lib/python3.10/site-packages/airflow/example_dags/example_dataset_alias_with_no_taskflow.py took 0.072 seconds
[2025-01-19T03:00:13.829+0000] {processor.py:186} INFO - Started process (PID=31700) to work on /home/vscode/.local/lib/python3.10/site-packages/airflow/example_dags/example_dataset_alias_with_no_taskflow.py
[2025-01-19T03:00:13.829+0000] {processor.py:914} INFO - Processing file /home/vscode/.local/lib/python3.10/site-packages/airflow/example_dags/example_dataset_alias_with_no_taskflow.py for tasks to queue
[2025-01-19T03:00:13.831+0000] {logging_mixin.py:190} INFO - [2025-01-19T03:00:13.831+0000] {dagbag.py:588} INFO - Filling up the DagBag from /home/vscode/.local/lib/python3.10/site-packages/airflow/example_dags/example_dataset_alias_with_no_taskflow.py
[2025-01-19T03:00:13.851+0000] {processor.py:925} INFO - DAG(s) 'dataset_alias_example_alias_producer_with_no_taskflow', 'dataset_alias_example_alias_consumer_with_no_taskflow', 'dataset_s3_bucket_consumer_with_no_taskflow', 'dataset_s3_bucket_producer_with_no_taskflow' retrieved from /home/vscode/.local/lib/python3.10/site-packages/airflow/example_dags/example_dataset_alias_with_no_taskflow.py
[2025-01-19T03:00:13.865+0000] {logging_mixin.py:190} INFO - [2025-01-19T03:00:13.865+0000] {dag.py:3239} INFO - Sync 4 DAGs
[2025-01-19T03:00:13.878+0000] {logging_mixin.py:190} INFO - [2025-01-19T03:00:13.878+0000] {dag.py:4180} INFO - Setting next_dagrun for dataset_alias_example_alias_consumer_with_no_taskflow to None, run_after=None
[2025-01-19T03:00:13.880+0000] {logging_mixin.py:190} INFO - [2025-01-19T03:00:13.880+0000] {dag.py:4180} INFO - Setting next_dagrun for dataset_alias_example_alias_producer_with_no_taskflow to None, run_after=None
[2025-01-19T03:00:13.881+0000] {logging_mixin.py:190} INFO - [2025-01-19T03:00:13.881+0000] {dag.py:4180} INFO - Setting next_dagrun for dataset_s3_bucket_consumer_with_no_taskflow to None, run_after=None
[2025-01-19T03:00:13.881+0000] {logging_mixin.py:190} INFO - [2025-01-19T03:00:13.881+0000] {dag.py:4180} INFO - Setting next_dagrun for dataset_s3_bucket_producer_with_no_taskflow to None, run_after=None
[2025-01-19T03:00:13.897+0000] {processor.py:208} INFO - Processing /home/vscode/.local/lib/python3.10/site-packages/airflow/example_dags/example_dataset_alias_with_no_taskflow.py took 0.080 seconds
[2025-01-19T03:01:04.032+0000] {processor.py:186} INFO - Started process (PID=32074) to work on /home/vscode/.local/lib/python3.10/site-packages/airflow/example_dags/example_dataset_alias_with_no_taskflow.py
[2025-01-19T03:01:04.032+0000] {processor.py:914} INFO - Processing file /home/vscode/.local/lib/python3.10/site-packages/airflow/example_dags/example_dataset_alias_with_no_taskflow.py for tasks to queue
[2025-01-19T03:01:04.034+0000] {logging_mixin.py:190} INFO - [2025-01-19T03:01:04.034+0000] {dagbag.py:588} INFO - Filling up the DagBag from /home/vscode/.local/lib/python3.10/site-packages/airflow/example_dags/example_dataset_alias_with_no_taskflow.py
[2025-01-19T03:01:04.050+0000] {processor.py:925} INFO - DAG(s) 'dataset_alias_example_alias_producer_with_no_taskflow', 'dataset_s3_bucket_consumer_with_no_taskflow', 'dataset_alias_example_alias_consumer_with_no_taskflow', 'dataset_s3_bucket_producer_with_no_taskflow' retrieved from /home/vscode/.local/lib/python3.10/site-packages/airflow/example_dags/example_dataset_alias_with_no_taskflow.py
[2025-01-19T03:01:04.064+0000] {logging_mixin.py:190} INFO - [2025-01-19T03:01:04.064+0000] {dag.py:3239} INFO - Sync 4 DAGs
[2025-01-19T03:01:04.078+0000] {logging_mixin.py:190} INFO - [2025-01-19T03:01:04.078+0000] {dag.py:4180} INFO - Setting next_dagrun for dataset_alias_example_alias_consumer_with_no_taskflow to None, run_after=None
[2025-01-19T03:01:04.079+0000] {logging_mixin.py:190} INFO - [2025-01-19T03:01:04.079+0000] {dag.py:4180} INFO - Setting next_dagrun for dataset_alias_example_alias_producer_with_no_taskflow to None, run_after=None
[2025-01-19T03:01:04.080+0000] {logging_mixin.py:190} INFO - [2025-01-19T03:01:04.080+0000] {dag.py:4180} INFO - Setting next_dagrun for dataset_s3_bucket_consumer_with_no_taskflow to None, run_after=None
[2025-01-19T03:01:04.081+0000] {logging_mixin.py:190} INFO - [2025-01-19T03:01:04.081+0000] {dag.py:4180} INFO - Setting next_dagrun for dataset_s3_bucket_producer_with_no_taskflow to None, run_after=None
[2025-01-19T03:01:04.096+0000] {processor.py:208} INFO - Processing /home/vscode/.local/lib/python3.10/site-packages/airflow/example_dags/example_dataset_alias_with_no_taskflow.py took 0.069 seconds
