[2025-01-19T02:41:34.744+0000] {processor.py:186} INFO - Started process (PID=23830) to work on /home/vscode/.local/lib/python3.10/site-packages/airflow/example_dags/example_inlet_event_extra.py
[2025-01-19T02:41:34.745+0000] {processor.py:914} INFO - Processing file /home/vscode/.local/lib/python3.10/site-packages/airflow/example_dags/example_inlet_event_extra.py for tasks to queue
[2025-01-19T02:41:34.748+0000] {logging_mixin.py:190} INFO - [2025-01-19T02:41:34.747+0000] {dagbag.py:588} INFO - Filling up the DagBag from /home/vscode/.local/lib/python3.10/site-packages/airflow/example_dags/example_inlet_event_extra.py
[2025-01-19T02:41:34.761+0000] {processor.py:925} INFO - DAG(s) 'read_dataset_event_from_classic', 'read_dataset_event' retrieved from /home/vscode/.local/lib/python3.10/site-packages/airflow/example_dags/example_inlet_event_extra.py
[2025-01-19T02:41:34.838+0000] {logging_mixin.py:190} INFO - [2025-01-19T02:41:34.838+0000] {override.py:1911} INFO - Created Permission View: can read on DAG:read_dataset_event_from_classic
[2025-01-19T02:41:34.846+0000] {logging_mixin.py:190} INFO - [2025-01-19T02:41:34.846+0000] {override.py:1911} INFO - Created Permission View: can edit on DAG:read_dataset_event_from_classic
[2025-01-19T02:41:34.852+0000] {logging_mixin.py:190} INFO - [2025-01-19T02:41:34.852+0000] {override.py:1911} INFO - Created Permission View: can delete on DAG:read_dataset_event_from_classic
[2025-01-19T02:41:34.860+0000] {logging_mixin.py:190} INFO - [2025-01-19T02:41:34.859+0000] {override.py:1911} INFO - Created Permission View: can read on DAG Run:read_dataset_event_from_classic
[2025-01-19T02:41:34.865+0000] {logging_mixin.py:190} INFO - [2025-01-19T02:41:34.865+0000] {override.py:1911} INFO - Created Permission View: menu access on DAG Run:read_dataset_event_from_classic
[2025-01-19T02:41:34.871+0000] {logging_mixin.py:190} INFO - [2025-01-19T02:41:34.871+0000] {override.py:1911} INFO - Created Permission View: can delete on DAG Run:read_dataset_event_from_classic
[2025-01-19T02:41:34.876+0000] {logging_mixin.py:190} INFO - [2025-01-19T02:41:34.876+0000] {override.py:1911} INFO - Created Permission View: can create on DAG Run:read_dataset_event_from_classic
[2025-01-19T02:41:34.888+0000] {logging_mixin.py:190} INFO - [2025-01-19T02:41:34.887+0000] {override.py:1911} INFO - Created Permission View: can read on DAG:read_dataset_event
[2025-01-19T02:41:34.893+0000] {logging_mixin.py:190} INFO - [2025-01-19T02:41:34.893+0000] {override.py:1911} INFO - Created Permission View: can edit on DAG:read_dataset_event
[2025-01-19T02:41:34.899+0000] {logging_mixin.py:190} INFO - [2025-01-19T02:41:34.899+0000] {override.py:1911} INFO - Created Permission View: can delete on DAG:read_dataset_event
[2025-01-19T02:41:34.907+0000] {logging_mixin.py:190} INFO - [2025-01-19T02:41:34.907+0000] {override.py:1911} INFO - Created Permission View: can read on DAG Run:read_dataset_event
[2025-01-19T02:41:34.955+0000] {logging_mixin.py:190} INFO - [2025-01-19T02:41:34.955+0000] {override.py:1911} INFO - Created Permission View: menu access on DAG Run:read_dataset_event
[2025-01-19T02:41:34.964+0000] {logging_mixin.py:190} INFO - [2025-01-19T02:41:34.963+0000] {override.py:1911} INFO - Created Permission View: can delete on DAG Run:read_dataset_event
[2025-01-19T02:41:34.972+0000] {logging_mixin.py:190} INFO - [2025-01-19T02:41:34.971+0000] {override.py:1911} INFO - Created Permission View: can create on DAG Run:read_dataset_event
[2025-01-19T02:41:34.972+0000] {logging_mixin.py:190} INFO - [2025-01-19T02:41:34.972+0000] {dag.py:3239} INFO - Sync 2 DAGs
[2025-01-19T02:41:34.981+0000] {logging_mixin.py:190} INFO - [2025-01-19T02:41:34.981+0000] {dag.py:3262} INFO - Creating ORM DAG for read_dataset_event_from_classic
[2025-01-19T02:41:34.981+0000] {logging_mixin.py:190} INFO - [2025-01-19T02:41:34.981+0000] {dag.py:3262} INFO - Creating ORM DAG for read_dataset_event
[2025-01-19T02:41:34.988+0000] {logging_mixin.py:190} INFO - [2025-01-19T02:41:34.988+0000] {dag.py:4180} INFO - Setting next_dagrun for read_dataset_event to 2025-01-18 00:00:00+00:00, run_after=2025-01-19 00:00:00+00:00
[2025-01-19T02:41:34.990+0000] {logging_mixin.py:190} INFO - [2025-01-19T02:41:34.990+0000] {dag.py:4180} INFO - Setting next_dagrun for read_dataset_event_from_classic to 2025-01-18 00:00:00+00:00, run_after=2025-01-19 00:00:00+00:00
[2025-01-19T02:41:35.005+0000] {processor.py:208} INFO - Processing /home/vscode/.local/lib/python3.10/site-packages/airflow/example_dags/example_inlet_event_extra.py took 0.268 seconds
[2025-01-19T02:42:32.486+0000] {processor.py:186} INFO - Started process (PID=24213) to work on /home/vscode/.local/lib/python3.10/site-packages/airflow/example_dags/example_inlet_event_extra.py
[2025-01-19T02:42:32.487+0000] {processor.py:914} INFO - Processing file /home/vscode/.local/lib/python3.10/site-packages/airflow/example_dags/example_inlet_event_extra.py for tasks to queue
[2025-01-19T02:42:32.488+0000] {logging_mixin.py:190} INFO - [2025-01-19T02:42:32.488+0000] {dagbag.py:588} INFO - Filling up the DagBag from /home/vscode/.local/lib/python3.10/site-packages/airflow/example_dags/example_inlet_event_extra.py
[2025-01-19T02:42:32.498+0000] {processor.py:925} INFO - DAG(s) 'read_dataset_event_from_classic', 'read_dataset_event' retrieved from /home/vscode/.local/lib/python3.10/site-packages/airflow/example_dags/example_inlet_event_extra.py
[2025-01-19T02:42:32.510+0000] {logging_mixin.py:190} INFO - [2025-01-19T02:42:32.510+0000] {dag.py:3239} INFO - Sync 2 DAGs
[2025-01-19T02:42:32.526+0000] {logging_mixin.py:190} INFO - [2025-01-19T02:42:32.525+0000] {dag.py:4180} INFO - Setting next_dagrun for read_dataset_event to 2025-01-18 00:00:00+00:00, run_after=2025-01-19 00:00:00+00:00
[2025-01-19T02:42:32.529+0000] {logging_mixin.py:190} INFO - [2025-01-19T02:42:32.529+0000] {dag.py:4180} INFO - Setting next_dagrun for read_dataset_event_from_classic to 2025-01-18 00:00:00+00:00, run_after=2025-01-19 00:00:00+00:00
[2025-01-19T02:42:32.541+0000] {processor.py:208} INFO - Processing /home/vscode/.local/lib/python3.10/site-packages/airflow/example_dags/example_inlet_event_extra.py took 0.060 seconds
[2025-01-19T02:43:25.846+0000] {processor.py:186} INFO - Started process (PID=24580) to work on /home/vscode/.local/lib/python3.10/site-packages/airflow/example_dags/example_inlet_event_extra.py
[2025-01-19T02:43:25.847+0000] {processor.py:914} INFO - Processing file /home/vscode/.local/lib/python3.10/site-packages/airflow/example_dags/example_inlet_event_extra.py for tasks to queue
[2025-01-19T02:43:25.848+0000] {logging_mixin.py:190} INFO - [2025-01-19T02:43:25.848+0000] {dagbag.py:588} INFO - Filling up the DagBag from /home/vscode/.local/lib/python3.10/site-packages/airflow/example_dags/example_inlet_event_extra.py
[2025-01-19T02:43:25.858+0000] {processor.py:925} INFO - DAG(s) 'read_dataset_event', 'read_dataset_event_from_classic' retrieved from /home/vscode/.local/lib/python3.10/site-packages/airflow/example_dags/example_inlet_event_extra.py
[2025-01-19T02:43:25.870+0000] {logging_mixin.py:190} INFO - [2025-01-19T02:43:25.870+0000] {dag.py:3239} INFO - Sync 2 DAGs
[2025-01-19T02:43:25.885+0000] {logging_mixin.py:190} INFO - [2025-01-19T02:43:25.885+0000] {dag.py:4180} INFO - Setting next_dagrun for read_dataset_event to 2025-01-18 00:00:00+00:00, run_after=2025-01-19 00:00:00+00:00
[2025-01-19T02:43:25.889+0000] {logging_mixin.py:190} INFO - [2025-01-19T02:43:25.888+0000] {dag.py:4180} INFO - Setting next_dagrun for read_dataset_event_from_classic to 2025-01-18 00:00:00+00:00, run_after=2025-01-19 00:00:00+00:00
[2025-01-19T02:43:25.901+0000] {processor.py:208} INFO - Processing /home/vscode/.local/lib/python3.10/site-packages/airflow/example_dags/example_inlet_event_extra.py took 0.059 seconds
[2025-01-19T02:44:20.671+0000] {processor.py:186} INFO - Started process (PID=24949) to work on /home/vscode/.local/lib/python3.10/site-packages/airflow/example_dags/example_inlet_event_extra.py
[2025-01-19T02:44:20.671+0000] {processor.py:914} INFO - Processing file /home/vscode/.local/lib/python3.10/site-packages/airflow/example_dags/example_inlet_event_extra.py for tasks to queue
[2025-01-19T02:44:20.673+0000] {logging_mixin.py:190} INFO - [2025-01-19T02:44:20.672+0000] {dagbag.py:588} INFO - Filling up the DagBag from /home/vscode/.local/lib/python3.10/site-packages/airflow/example_dags/example_inlet_event_extra.py
[2025-01-19T02:44:20.682+0000] {processor.py:925} INFO - DAG(s) 'read_dataset_event_from_classic', 'read_dataset_event' retrieved from /home/vscode/.local/lib/python3.10/site-packages/airflow/example_dags/example_inlet_event_extra.py
[2025-01-19T02:44:20.695+0000] {logging_mixin.py:190} INFO - [2025-01-19T02:44:20.695+0000] {dag.py:3239} INFO - Sync 2 DAGs
[2025-01-19T02:44:20.710+0000] {logging_mixin.py:190} INFO - [2025-01-19T02:44:20.710+0000] {dag.py:4180} INFO - Setting next_dagrun for read_dataset_event to 2025-01-18 00:00:00+00:00, run_after=2025-01-19 00:00:00+00:00
[2025-01-19T02:44:20.714+0000] {logging_mixin.py:190} INFO - [2025-01-19T02:44:20.714+0000] {dag.py:4180} INFO - Setting next_dagrun for read_dataset_event_from_classic to 2025-01-18 00:00:00+00:00, run_after=2025-01-19 00:00:00+00:00
[2025-01-19T02:44:20.726+0000] {processor.py:208} INFO - Processing /home/vscode/.local/lib/python3.10/site-packages/airflow/example_dags/example_inlet_event_extra.py took 0.060 seconds
[2025-01-19T02:45:12.502+0000] {processor.py:186} INFO - Started process (PID=25301) to work on /home/vscode/.local/lib/python3.10/site-packages/airflow/example_dags/example_inlet_event_extra.py
[2025-01-19T02:45:12.503+0000] {processor.py:914} INFO - Processing file /home/vscode/.local/lib/python3.10/site-packages/airflow/example_dags/example_inlet_event_extra.py for tasks to queue
[2025-01-19T02:45:12.504+0000] {logging_mixin.py:190} INFO - [2025-01-19T02:45:12.504+0000] {dagbag.py:588} INFO - Filling up the DagBag from /home/vscode/.local/lib/python3.10/site-packages/airflow/example_dags/example_inlet_event_extra.py
[2025-01-19T02:45:12.514+0000] {processor.py:925} INFO - DAG(s) 'read_dataset_event_from_classic', 'read_dataset_event' retrieved from /home/vscode/.local/lib/python3.10/site-packages/airflow/example_dags/example_inlet_event_extra.py
[2025-01-19T02:45:12.526+0000] {logging_mixin.py:190} INFO - [2025-01-19T02:45:12.526+0000] {dag.py:3239} INFO - Sync 2 DAGs
[2025-01-19T02:45:12.542+0000] {logging_mixin.py:190} INFO - [2025-01-19T02:45:12.541+0000] {dag.py:4180} INFO - Setting next_dagrun for read_dataset_event to 2025-01-18 00:00:00+00:00, run_after=2025-01-19 00:00:00+00:00
[2025-01-19T02:45:12.545+0000] {logging_mixin.py:190} INFO - [2025-01-19T02:45:12.545+0000] {dag.py:4180} INFO - Setting next_dagrun for read_dataset_event_from_classic to 2025-01-18 00:00:00+00:00, run_after=2025-01-19 00:00:00+00:00
[2025-01-19T02:45:12.557+0000] {processor.py:208} INFO - Processing /home/vscode/.local/lib/python3.10/site-packages/airflow/example_dags/example_inlet_event_extra.py took 0.060 seconds
[2025-01-19T02:46:01.875+0000] {processor.py:186} INFO - Started process (PID=25635) to work on /home/vscode/.local/lib/python3.10/site-packages/airflow/example_dags/example_inlet_event_extra.py
[2025-01-19T02:46:01.876+0000] {processor.py:914} INFO - Processing file /home/vscode/.local/lib/python3.10/site-packages/airflow/example_dags/example_inlet_event_extra.py for tasks to queue
[2025-01-19T02:46:01.877+0000] {logging_mixin.py:190} INFO - [2025-01-19T02:46:01.877+0000] {dagbag.py:588} INFO - Filling up the DagBag from /home/vscode/.local/lib/python3.10/site-packages/airflow/example_dags/example_inlet_event_extra.py
[2025-01-19T02:46:01.887+0000] {processor.py:925} INFO - DAG(s) 'read_dataset_event', 'read_dataset_event_from_classic' retrieved from /home/vscode/.local/lib/python3.10/site-packages/airflow/example_dags/example_inlet_event_extra.py
[2025-01-19T02:46:01.899+0000] {logging_mixin.py:190} INFO - [2025-01-19T02:46:01.899+0000] {dag.py:3239} INFO - Sync 2 DAGs
[2025-01-19T02:46:01.914+0000] {logging_mixin.py:190} INFO - [2025-01-19T02:46:01.914+0000] {dag.py:4180} INFO - Setting next_dagrun for read_dataset_event to 2025-01-18 00:00:00+00:00, run_after=2025-01-19 00:00:00+00:00
[2025-01-19T02:46:01.918+0000] {logging_mixin.py:190} INFO - [2025-01-19T02:46:01.917+0000] {dag.py:4180} INFO - Setting next_dagrun for read_dataset_event_from_classic to 2025-01-18 00:00:00+00:00, run_after=2025-01-19 00:00:00+00:00
[2025-01-19T02:46:01.930+0000] {processor.py:208} INFO - Processing /home/vscode/.local/lib/python3.10/site-packages/airflow/example_dags/example_inlet_event_extra.py took 0.059 seconds
[2025-01-19T02:46:51.217+0000] {processor.py:186} INFO - Started process (PID=25976) to work on /home/vscode/.local/lib/python3.10/site-packages/airflow/example_dags/example_inlet_event_extra.py
[2025-01-19T02:46:51.218+0000] {processor.py:914} INFO - Processing file /home/vscode/.local/lib/python3.10/site-packages/airflow/example_dags/example_inlet_event_extra.py for tasks to queue
[2025-01-19T02:46:51.219+0000] {logging_mixin.py:190} INFO - [2025-01-19T02:46:51.219+0000] {dagbag.py:588} INFO - Filling up the DagBag from /home/vscode/.local/lib/python3.10/site-packages/airflow/example_dags/example_inlet_event_extra.py
[2025-01-19T02:46:51.228+0000] {processor.py:925} INFO - DAG(s) 'read_dataset_event_from_classic', 'read_dataset_event' retrieved from /home/vscode/.local/lib/python3.10/site-packages/airflow/example_dags/example_inlet_event_extra.py
[2025-01-19T02:46:51.240+0000] {logging_mixin.py:190} INFO - [2025-01-19T02:46:51.240+0000] {dag.py:3239} INFO - Sync 2 DAGs
[2025-01-19T02:46:51.255+0000] {logging_mixin.py:190} INFO - [2025-01-19T02:46:51.255+0000] {dag.py:4180} INFO - Setting next_dagrun for read_dataset_event to 2025-01-18 00:00:00+00:00, run_after=2025-01-19 00:00:00+00:00
[2025-01-19T02:46:51.258+0000] {logging_mixin.py:190} INFO - [2025-01-19T02:46:51.258+0000] {dag.py:4180} INFO - Setting next_dagrun for read_dataset_event_from_classic to 2025-01-18 00:00:00+00:00, run_after=2025-01-19 00:00:00+00:00
[2025-01-19T02:46:51.271+0000] {processor.py:208} INFO - Processing /home/vscode/.local/lib/python3.10/site-packages/airflow/example_dags/example_inlet_event_extra.py took 0.058 seconds
[2025-01-19T02:47:40.769+0000] {processor.py:186} INFO - Started process (PID=26318) to work on /home/vscode/.local/lib/python3.10/site-packages/airflow/example_dags/example_inlet_event_extra.py
[2025-01-19T02:47:40.770+0000] {processor.py:914} INFO - Processing file /home/vscode/.local/lib/python3.10/site-packages/airflow/example_dags/example_inlet_event_extra.py for tasks to queue
[2025-01-19T02:47:40.771+0000] {logging_mixin.py:190} INFO - [2025-01-19T02:47:40.771+0000] {dagbag.py:588} INFO - Filling up the DagBag from /home/vscode/.local/lib/python3.10/site-packages/airflow/example_dags/example_inlet_event_extra.py
[2025-01-19T02:47:40.780+0000] {processor.py:925} INFO - DAG(s) 'read_dataset_event', 'read_dataset_event_from_classic' retrieved from /home/vscode/.local/lib/python3.10/site-packages/airflow/example_dags/example_inlet_event_extra.py
[2025-01-19T02:47:40.792+0000] {logging_mixin.py:190} INFO - [2025-01-19T02:47:40.792+0000] {dag.py:3239} INFO - Sync 2 DAGs
[2025-01-19T02:47:40.808+0000] {logging_mixin.py:190} INFO - [2025-01-19T02:47:40.808+0000] {dag.py:4180} INFO - Setting next_dagrun for read_dataset_event to 2025-01-18 00:00:00+00:00, run_after=2025-01-19 00:00:00+00:00
[2025-01-19T02:47:40.811+0000] {logging_mixin.py:190} INFO - [2025-01-19T02:47:40.811+0000] {dag.py:4180} INFO - Setting next_dagrun for read_dataset_event_from_classic to 2025-01-18 00:00:00+00:00, run_after=2025-01-19 00:00:00+00:00
[2025-01-19T02:47:40.824+0000] {processor.py:208} INFO - Processing /home/vscode/.local/lib/python3.10/site-packages/airflow/example_dags/example_inlet_event_extra.py took 0.059 seconds
[2025-01-19T02:48:29.874+0000] {processor.py:186} INFO - Started process (PID=26647) to work on /home/vscode/.local/lib/python3.10/site-packages/airflow/example_dags/example_inlet_event_extra.py
[2025-01-19T02:48:29.874+0000] {processor.py:914} INFO - Processing file /home/vscode/.local/lib/python3.10/site-packages/airflow/example_dags/example_inlet_event_extra.py for tasks to queue
[2025-01-19T02:48:29.876+0000] {logging_mixin.py:190} INFO - [2025-01-19T02:48:29.875+0000] {dagbag.py:588} INFO - Filling up the DagBag from /home/vscode/.local/lib/python3.10/site-packages/airflow/example_dags/example_inlet_event_extra.py
[2025-01-19T02:48:29.885+0000] {processor.py:925} INFO - DAG(s) 'read_dataset_event_from_classic', 'read_dataset_event' retrieved from /home/vscode/.local/lib/python3.10/site-packages/airflow/example_dags/example_inlet_event_extra.py
[2025-01-19T02:48:29.897+0000] {logging_mixin.py:190} INFO - [2025-01-19T02:48:29.897+0000] {dag.py:3239} INFO - Sync 2 DAGs
[2025-01-19T02:48:29.913+0000] {logging_mixin.py:190} INFO - [2025-01-19T02:48:29.913+0000] {dag.py:4180} INFO - Setting next_dagrun for read_dataset_event to 2025-01-18 00:00:00+00:00, run_after=2025-01-19 00:00:00+00:00
[2025-01-19T02:48:29.916+0000] {logging_mixin.py:190} INFO - [2025-01-19T02:48:29.916+0000] {dag.py:4180} INFO - Setting next_dagrun for read_dataset_event_from_classic to 2025-01-18 00:00:00+00:00, run_after=2025-01-19 00:00:00+00:00
[2025-01-19T02:48:29.933+0000] {processor.py:208} INFO - Processing /home/vscode/.local/lib/python3.10/site-packages/airflow/example_dags/example_inlet_event_extra.py took 0.064 seconds
[2025-01-19T02:49:21.227+0000] {processor.py:186} INFO - Started process (PID=26993) to work on /home/vscode/.local/lib/python3.10/site-packages/airflow/example_dags/example_inlet_event_extra.py
[2025-01-19T02:49:21.228+0000] {processor.py:914} INFO - Processing file /home/vscode/.local/lib/python3.10/site-packages/airflow/example_dags/example_inlet_event_extra.py for tasks to queue
[2025-01-19T02:49:21.229+0000] {logging_mixin.py:190} INFO - [2025-01-19T02:49:21.229+0000] {dagbag.py:588} INFO - Filling up the DagBag from /home/vscode/.local/lib/python3.10/site-packages/airflow/example_dags/example_inlet_event_extra.py
[2025-01-19T02:49:21.239+0000] {processor.py:925} INFO - DAG(s) 'read_dataset_event', 'read_dataset_event_from_classic' retrieved from /home/vscode/.local/lib/python3.10/site-packages/airflow/example_dags/example_inlet_event_extra.py
[2025-01-19T02:49:21.252+0000] {logging_mixin.py:190} INFO - [2025-01-19T02:49:21.252+0000] {dag.py:3239} INFO - Sync 2 DAGs
[2025-01-19T02:49:21.268+0000] {logging_mixin.py:190} INFO - [2025-01-19T02:49:21.267+0000] {dag.py:4180} INFO - Setting next_dagrun for read_dataset_event to 2025-01-18 00:00:00+00:00, run_after=2025-01-19 00:00:00+00:00
[2025-01-19T02:49:21.271+0000] {logging_mixin.py:190} INFO - [2025-01-19T02:49:21.271+0000] {dag.py:4180} INFO - Setting next_dagrun for read_dataset_event_from_classic to 2025-01-18 00:00:00+00:00, run_after=2025-01-19 00:00:00+00:00
[2025-01-19T02:49:21.285+0000] {processor.py:208} INFO - Processing /home/vscode/.local/lib/python3.10/site-packages/airflow/example_dags/example_inlet_event_extra.py took 0.062 seconds
[2025-01-19T02:50:14.051+0000] {processor.py:186} INFO - Started process (PID=27349) to work on /home/vscode/.local/lib/python3.10/site-packages/airflow/example_dags/example_inlet_event_extra.py
[2025-01-19T02:50:14.052+0000] {processor.py:914} INFO - Processing file /home/vscode/.local/lib/python3.10/site-packages/airflow/example_dags/example_inlet_event_extra.py for tasks to queue
[2025-01-19T02:50:14.053+0000] {logging_mixin.py:190} INFO - [2025-01-19T02:50:14.053+0000] {dagbag.py:588} INFO - Filling up the DagBag from /home/vscode/.local/lib/python3.10/site-packages/airflow/example_dags/example_inlet_event_extra.py
[2025-01-19T02:50:14.063+0000] {processor.py:925} INFO - DAG(s) 'read_dataset_event_from_classic', 'read_dataset_event' retrieved from /home/vscode/.local/lib/python3.10/site-packages/airflow/example_dags/example_inlet_event_extra.py
[2025-01-19T02:50:14.075+0000] {logging_mixin.py:190} INFO - [2025-01-19T02:50:14.075+0000] {dag.py:3239} INFO - Sync 2 DAGs
[2025-01-19T02:50:14.092+0000] {logging_mixin.py:190} INFO - [2025-01-19T02:50:14.092+0000] {dag.py:4180} INFO - Setting next_dagrun for read_dataset_event to 2025-01-18 00:00:00+00:00, run_after=2025-01-19 00:00:00+00:00
[2025-01-19T02:50:14.098+0000] {logging_mixin.py:190} INFO - [2025-01-19T02:50:14.097+0000] {dag.py:4180} INFO - Setting next_dagrun for read_dataset_event_from_classic to 2025-01-18 00:00:00+00:00, run_after=2025-01-19 00:00:00+00:00
[2025-01-19T02:50:14.115+0000] {processor.py:208} INFO - Processing /home/vscode/.local/lib/python3.10/site-packages/airflow/example_dags/example_inlet_event_extra.py took 0.068 seconds
[2025-01-19T02:51:03.103+0000] {processor.py:186} INFO - Started process (PID=27683) to work on /home/vscode/.local/lib/python3.10/site-packages/airflow/example_dags/example_inlet_event_extra.py
[2025-01-19T02:51:03.104+0000] {processor.py:914} INFO - Processing file /home/vscode/.local/lib/python3.10/site-packages/airflow/example_dags/example_inlet_event_extra.py for tasks to queue
[2025-01-19T02:51:03.105+0000] {logging_mixin.py:190} INFO - [2025-01-19T02:51:03.105+0000] {dagbag.py:588} INFO - Filling up the DagBag from /home/vscode/.local/lib/python3.10/site-packages/airflow/example_dags/example_inlet_event_extra.py
[2025-01-19T02:51:03.115+0000] {processor.py:925} INFO - DAG(s) 'read_dataset_event', 'read_dataset_event_from_classic' retrieved from /home/vscode/.local/lib/python3.10/site-packages/airflow/example_dags/example_inlet_event_extra.py
[2025-01-19T02:51:03.127+0000] {logging_mixin.py:190} INFO - [2025-01-19T02:51:03.127+0000] {dag.py:3239} INFO - Sync 2 DAGs
[2025-01-19T02:51:03.143+0000] {logging_mixin.py:190} INFO - [2025-01-19T02:51:03.142+0000] {dag.py:4180} INFO - Setting next_dagrun for read_dataset_event to 2025-01-18 00:00:00+00:00, run_after=2025-01-19 00:00:00+00:00
[2025-01-19T02:51:03.146+0000] {logging_mixin.py:190} INFO - [2025-01-19T02:51:03.146+0000] {dag.py:4180} INFO - Setting next_dagrun for read_dataset_event_from_classic to 2025-01-18 00:00:00+00:00, run_after=2025-01-19 00:00:00+00:00
[2025-01-19T02:51:03.159+0000] {processor.py:208} INFO - Processing /home/vscode/.local/lib/python3.10/site-packages/airflow/example_dags/example_inlet_event_extra.py took 0.061 seconds
[2025-01-19T02:51:52.495+0000] {processor.py:186} INFO - Started process (PID=28014) to work on /home/vscode/.local/lib/python3.10/site-packages/airflow/example_dags/example_inlet_event_extra.py
[2025-01-19T02:51:52.496+0000] {processor.py:914} INFO - Processing file /home/vscode/.local/lib/python3.10/site-packages/airflow/example_dags/example_inlet_event_extra.py for tasks to queue
[2025-01-19T02:51:52.497+0000] {logging_mixin.py:190} INFO - [2025-01-19T02:51:52.497+0000] {dagbag.py:588} INFO - Filling up the DagBag from /home/vscode/.local/lib/python3.10/site-packages/airflow/example_dags/example_inlet_event_extra.py
[2025-01-19T02:51:52.507+0000] {processor.py:925} INFO - DAG(s) 'read_dataset_event', 'read_dataset_event_from_classic' retrieved from /home/vscode/.local/lib/python3.10/site-packages/airflow/example_dags/example_inlet_event_extra.py
[2025-01-19T02:51:52.519+0000] {logging_mixin.py:190} INFO - [2025-01-19T02:51:52.519+0000] {dag.py:3239} INFO - Sync 2 DAGs
[2025-01-19T02:51:52.534+0000] {logging_mixin.py:190} INFO - [2025-01-19T02:51:52.534+0000] {dag.py:4180} INFO - Setting next_dagrun for read_dataset_event to 2025-01-18 00:00:00+00:00, run_after=2025-01-19 00:00:00+00:00
[2025-01-19T02:51:52.538+0000] {logging_mixin.py:190} INFO - [2025-01-19T02:51:52.537+0000] {dag.py:4180} INFO - Setting next_dagrun for read_dataset_event_from_classic to 2025-01-18 00:00:00+00:00, run_after=2025-01-19 00:00:00+00:00
[2025-01-19T02:51:52.550+0000] {processor.py:208} INFO - Processing /home/vscode/.local/lib/python3.10/site-packages/airflow/example_dags/example_inlet_event_extra.py took 0.059 seconds
[2025-01-19T02:52:44.034+0000] {processor.py:186} INFO - Started process (PID=28364) to work on /home/vscode/.local/lib/python3.10/site-packages/airflow/example_dags/example_inlet_event_extra.py
[2025-01-19T02:52:44.035+0000] {processor.py:914} INFO - Processing file /home/vscode/.local/lib/python3.10/site-packages/airflow/example_dags/example_inlet_event_extra.py for tasks to queue
[2025-01-19T02:52:44.036+0000] {logging_mixin.py:190} INFO - [2025-01-19T02:52:44.036+0000] {dagbag.py:588} INFO - Filling up the DagBag from /home/vscode/.local/lib/python3.10/site-packages/airflow/example_dags/example_inlet_event_extra.py
[2025-01-19T02:52:44.046+0000] {processor.py:925} INFO - DAG(s) 'read_dataset_event_from_classic', 'read_dataset_event' retrieved from /home/vscode/.local/lib/python3.10/site-packages/airflow/example_dags/example_inlet_event_extra.py
[2025-01-19T02:52:44.062+0000] {logging_mixin.py:190} INFO - [2025-01-19T02:52:44.062+0000] {dag.py:3239} INFO - Sync 2 DAGs
[2025-01-19T02:52:44.077+0000] {logging_mixin.py:190} INFO - [2025-01-19T02:52:44.077+0000] {dag.py:4180} INFO - Setting next_dagrun for read_dataset_event to 2025-01-18 00:00:00+00:00, run_after=2025-01-19 00:00:00+00:00
[2025-01-19T02:52:44.081+0000] {logging_mixin.py:190} INFO - [2025-01-19T02:52:44.080+0000] {dag.py:4180} INFO - Setting next_dagrun for read_dataset_event_from_classic to 2025-01-18 00:00:00+00:00, run_after=2025-01-19 00:00:00+00:00
[2025-01-19T02:52:44.093+0000] {processor.py:208} INFO - Processing /home/vscode/.local/lib/python3.10/site-packages/airflow/example_dags/example_inlet_event_extra.py took 0.063 seconds
[2025-01-19T02:53:34.298+0000] {processor.py:186} INFO - Started process (PID=28712) to work on /home/vscode/.local/lib/python3.10/site-packages/airflow/example_dags/example_inlet_event_extra.py
[2025-01-19T02:53:34.298+0000] {processor.py:914} INFO - Processing file /home/vscode/.local/lib/python3.10/site-packages/airflow/example_dags/example_inlet_event_extra.py for tasks to queue
[2025-01-19T02:53:34.300+0000] {logging_mixin.py:190} INFO - [2025-01-19T02:53:34.299+0000] {dagbag.py:588} INFO - Filling up the DagBag from /home/vscode/.local/lib/python3.10/site-packages/airflow/example_dags/example_inlet_event_extra.py
[2025-01-19T02:53:34.309+0000] {processor.py:925} INFO - DAG(s) 'read_dataset_event_from_classic', 'read_dataset_event' retrieved from /home/vscode/.local/lib/python3.10/site-packages/airflow/example_dags/example_inlet_event_extra.py
[2025-01-19T02:53:34.321+0000] {logging_mixin.py:190} INFO - [2025-01-19T02:53:34.321+0000] {dag.py:3239} INFO - Sync 2 DAGs
[2025-01-19T02:53:34.337+0000] {logging_mixin.py:190} INFO - [2025-01-19T02:53:34.336+0000] {dag.py:4180} INFO - Setting next_dagrun for read_dataset_event to 2025-01-18 00:00:00+00:00, run_after=2025-01-19 00:00:00+00:00
[2025-01-19T02:53:34.340+0000] {logging_mixin.py:190} INFO - [2025-01-19T02:53:34.340+0000] {dag.py:4180} INFO - Setting next_dagrun for read_dataset_event_from_classic to 2025-01-18 00:00:00+00:00, run_after=2025-01-19 00:00:00+00:00
[2025-01-19T02:53:34.352+0000] {processor.py:208} INFO - Processing /home/vscode/.local/lib/python3.10/site-packages/airflow/example_dags/example_inlet_event_extra.py took 0.059 seconds
[2025-01-19T02:54:24.855+0000] {processor.py:186} INFO - Started process (PID=29070) to work on /home/vscode/.local/lib/python3.10/site-packages/airflow/example_dags/example_inlet_event_extra.py
[2025-01-19T02:54:24.855+0000] {processor.py:914} INFO - Processing file /home/vscode/.local/lib/python3.10/site-packages/airflow/example_dags/example_inlet_event_extra.py for tasks to queue
[2025-01-19T02:54:24.857+0000] {logging_mixin.py:190} INFO - [2025-01-19T02:54:24.857+0000] {dagbag.py:588} INFO - Filling up the DagBag from /home/vscode/.local/lib/python3.10/site-packages/airflow/example_dags/example_inlet_event_extra.py
[2025-01-19T02:54:24.867+0000] {processor.py:925} INFO - DAG(s) 'read_dataset_event_from_classic', 'read_dataset_event' retrieved from /home/vscode/.local/lib/python3.10/site-packages/airflow/example_dags/example_inlet_event_extra.py
[2025-01-19T02:54:24.885+0000] {logging_mixin.py:190} INFO - [2025-01-19T02:54:24.885+0000] {dag.py:3239} INFO - Sync 2 DAGs
[2025-01-19T02:54:24.909+0000] {logging_mixin.py:190} INFO - [2025-01-19T02:54:24.908+0000] {dag.py:4180} INFO - Setting next_dagrun for read_dataset_event to 2025-01-18 00:00:00+00:00, run_after=2025-01-19 00:00:00+00:00
[2025-01-19T02:54:24.913+0000] {logging_mixin.py:190} INFO - [2025-01-19T02:54:24.913+0000] {dag.py:4180} INFO - Setting next_dagrun for read_dataset_event_from_classic to 2025-01-18 00:00:00+00:00, run_after=2025-01-19 00:00:00+00:00
[2025-01-19T02:54:24.931+0000] {processor.py:208} INFO - Processing /home/vscode/.local/lib/python3.10/site-packages/airflow/example_dags/example_inlet_event_extra.py took 0.080 seconds
[2025-01-19T02:55:12.660+0000] {processor.py:186} INFO - Started process (PID=29391) to work on /home/vscode/.local/lib/python3.10/site-packages/airflow/example_dags/example_inlet_event_extra.py
[2025-01-19T02:55:12.661+0000] {processor.py:914} INFO - Processing file /home/vscode/.local/lib/python3.10/site-packages/airflow/example_dags/example_inlet_event_extra.py for tasks to queue
[2025-01-19T02:55:12.662+0000] {logging_mixin.py:190} INFO - [2025-01-19T02:55:12.662+0000] {dagbag.py:588} INFO - Filling up the DagBag from /home/vscode/.local/lib/python3.10/site-packages/airflow/example_dags/example_inlet_event_extra.py
[2025-01-19T02:55:12.672+0000] {processor.py:925} INFO - DAG(s) 'read_dataset_event', 'read_dataset_event_from_classic' retrieved from /home/vscode/.local/lib/python3.10/site-packages/airflow/example_dags/example_inlet_event_extra.py
[2025-01-19T02:55:12.685+0000] {logging_mixin.py:190} INFO - [2025-01-19T02:55:12.684+0000] {dag.py:3239} INFO - Sync 2 DAGs
[2025-01-19T02:55:12.700+0000] {logging_mixin.py:190} INFO - [2025-01-19T02:55:12.700+0000] {dag.py:4180} INFO - Setting next_dagrun for read_dataset_event to 2025-01-18 00:00:00+00:00, run_after=2025-01-19 00:00:00+00:00
[2025-01-19T02:55:12.703+0000] {logging_mixin.py:190} INFO - [2025-01-19T02:55:12.703+0000] {dag.py:4180} INFO - Setting next_dagrun for read_dataset_event_from_classic to 2025-01-18 00:00:00+00:00, run_after=2025-01-19 00:00:00+00:00
[2025-01-19T02:55:12.718+0000] {processor.py:208} INFO - Processing /home/vscode/.local/lib/python3.10/site-packages/airflow/example_dags/example_inlet_event_extra.py took 0.063 seconds
[2025-01-19T02:56:01.488+0000] {processor.py:186} INFO - Started process (PID=29722) to work on /home/vscode/.local/lib/python3.10/site-packages/airflow/example_dags/example_inlet_event_extra.py
[2025-01-19T02:56:01.489+0000] {processor.py:914} INFO - Processing file /home/vscode/.local/lib/python3.10/site-packages/airflow/example_dags/example_inlet_event_extra.py for tasks to queue
[2025-01-19T02:56:01.490+0000] {logging_mixin.py:190} INFO - [2025-01-19T02:56:01.490+0000] {dagbag.py:588} INFO - Filling up the DagBag from /home/vscode/.local/lib/python3.10/site-packages/airflow/example_dags/example_inlet_event_extra.py
[2025-01-19T02:56:01.500+0000] {processor.py:925} INFO - DAG(s) 'read_dataset_event_from_classic', 'read_dataset_event' retrieved from /home/vscode/.local/lib/python3.10/site-packages/airflow/example_dags/example_inlet_event_extra.py
[2025-01-19T02:56:01.512+0000] {logging_mixin.py:190} INFO - [2025-01-19T02:56:01.512+0000] {dag.py:3239} INFO - Sync 2 DAGs
[2025-01-19T02:56:01.528+0000] {logging_mixin.py:190} INFO - [2025-01-19T02:56:01.528+0000] {dag.py:4180} INFO - Setting next_dagrun for read_dataset_event to 2025-01-18 00:00:00+00:00, run_after=2025-01-19 00:00:00+00:00
[2025-01-19T02:56:01.531+0000] {logging_mixin.py:190} INFO - [2025-01-19T02:56:01.531+0000] {dag.py:4180} INFO - Setting next_dagrun for read_dataset_event_from_classic to 2025-01-18 00:00:00+00:00, run_after=2025-01-19 00:00:00+00:00
[2025-01-19T02:56:01.544+0000] {processor.py:208} INFO - Processing /home/vscode/.local/lib/python3.10/site-packages/airflow/example_dags/example_inlet_event_extra.py took 0.060 seconds
[2025-01-19T02:56:52.892+0000] {processor.py:186} INFO - Started process (PID=30174) to work on /home/vscode/.local/lib/python3.10/site-packages/airflow/example_dags/example_inlet_event_extra.py
[2025-01-19T02:56:52.892+0000] {processor.py:914} INFO - Processing file /home/vscode/.local/lib/python3.10/site-packages/airflow/example_dags/example_inlet_event_extra.py for tasks to queue
[2025-01-19T02:56:52.894+0000] {logging_mixin.py:190} INFO - [2025-01-19T02:56:52.894+0000] {dagbag.py:588} INFO - Filling up the DagBag from /home/vscode/.local/lib/python3.10/site-packages/airflow/example_dags/example_inlet_event_extra.py
[2025-01-19T02:56:52.904+0000] {processor.py:925} INFO - DAG(s) 'read_dataset_event', 'read_dataset_event_from_classic' retrieved from /home/vscode/.local/lib/python3.10/site-packages/airflow/example_dags/example_inlet_event_extra.py
[2025-01-19T02:56:52.917+0000] {logging_mixin.py:190} INFO - [2025-01-19T02:56:52.917+0000] {dag.py:3239} INFO - Sync 2 DAGs
[2025-01-19T02:56:52.933+0000] {logging_mixin.py:190} INFO - [2025-01-19T02:56:52.932+0000] {dag.py:4180} INFO - Setting next_dagrun for read_dataset_event to 2025-01-18 00:00:00+00:00, run_after=2025-01-19 00:00:00+00:00
[2025-01-19T02:56:52.936+0000] {logging_mixin.py:190} INFO - [2025-01-19T02:56:52.936+0000] {dag.py:4180} INFO - Setting next_dagrun for read_dataset_event_from_classic to 2025-01-18 00:00:00+00:00, run_after=2025-01-19 00:00:00+00:00
[2025-01-19T02:56:52.948+0000] {processor.py:208} INFO - Processing /home/vscode/.local/lib/python3.10/site-packages/airflow/example_dags/example_inlet_event_extra.py took 0.063 seconds
[2025-01-19T02:57:43.553+0000] {processor.py:186} INFO - Started process (PID=30516) to work on /home/vscode/.local/lib/python3.10/site-packages/airflow/example_dags/example_inlet_event_extra.py
[2025-01-19T02:57:43.554+0000] {processor.py:914} INFO - Processing file /home/vscode/.local/lib/python3.10/site-packages/airflow/example_dags/example_inlet_event_extra.py for tasks to queue
[2025-01-19T02:57:43.555+0000] {logging_mixin.py:190} INFO - [2025-01-19T02:57:43.555+0000] {dagbag.py:588} INFO - Filling up the DagBag from /home/vscode/.local/lib/python3.10/site-packages/airflow/example_dags/example_inlet_event_extra.py
[2025-01-19T02:57:43.565+0000] {processor.py:925} INFO - DAG(s) 'read_dataset_event_from_classic', 'read_dataset_event' retrieved from /home/vscode/.local/lib/python3.10/site-packages/airflow/example_dags/example_inlet_event_extra.py
[2025-01-19T02:57:43.577+0000] {logging_mixin.py:190} INFO - [2025-01-19T02:57:43.576+0000] {dag.py:3239} INFO - Sync 2 DAGs
[2025-01-19T02:57:43.592+0000] {logging_mixin.py:190} INFO - [2025-01-19T02:57:43.592+0000] {dag.py:4180} INFO - Setting next_dagrun for read_dataset_event to 2025-01-18 00:00:00+00:00, run_after=2025-01-19 00:00:00+00:00
[2025-01-19T02:57:43.595+0000] {logging_mixin.py:190} INFO - [2025-01-19T02:57:43.595+0000] {dag.py:4180} INFO - Setting next_dagrun for read_dataset_event_from_classic to 2025-01-18 00:00:00+00:00, run_after=2025-01-19 00:00:00+00:00
[2025-01-19T02:57:43.608+0000] {processor.py:208} INFO - Processing /home/vscode/.local/lib/python3.10/site-packages/airflow/example_dags/example_inlet_event_extra.py took 0.059 seconds
[2025-01-19T02:58:36.610+0000] {processor.py:186} INFO - Started process (PID=30878) to work on /home/vscode/.local/lib/python3.10/site-packages/airflow/example_dags/example_inlet_event_extra.py
[2025-01-19T02:58:36.610+0000] {processor.py:914} INFO - Processing file /home/vscode/.local/lib/python3.10/site-packages/airflow/example_dags/example_inlet_event_extra.py for tasks to queue
[2025-01-19T02:58:36.612+0000] {logging_mixin.py:190} INFO - [2025-01-19T02:58:36.611+0000] {dagbag.py:588} INFO - Filling up the DagBag from /home/vscode/.local/lib/python3.10/site-packages/airflow/example_dags/example_inlet_event_extra.py
[2025-01-19T02:58:36.621+0000] {processor.py:925} INFO - DAG(s) 'read_dataset_event', 'read_dataset_event_from_classic' retrieved from /home/vscode/.local/lib/python3.10/site-packages/airflow/example_dags/example_inlet_event_extra.py
[2025-01-19T02:58:36.633+0000] {logging_mixin.py:190} INFO - [2025-01-19T02:58:36.633+0000] {dag.py:3239} INFO - Sync 2 DAGs
[2025-01-19T02:58:36.649+0000] {logging_mixin.py:190} INFO - [2025-01-19T02:58:36.649+0000] {dag.py:4180} INFO - Setting next_dagrun for read_dataset_event to 2025-01-18 00:00:00+00:00, run_after=2025-01-19 00:00:00+00:00
[2025-01-19T02:58:36.652+0000] {logging_mixin.py:190} INFO - [2025-01-19T02:58:36.652+0000] {dag.py:4180} INFO - Setting next_dagrun for read_dataset_event_from_classic to 2025-01-18 00:00:00+00:00, run_after=2025-01-19 00:00:00+00:00
[2025-01-19T02:58:36.665+0000] {processor.py:208} INFO - Processing /home/vscode/.local/lib/python3.10/site-packages/airflow/example_dags/example_inlet_event_extra.py took 0.060 seconds
[2025-01-19T02:59:24.729+0000] {processor.py:186} INFO - Started process (PID=31262) to work on /home/vscode/.local/lib/python3.10/site-packages/airflow/example_dags/example_inlet_event_extra.py
[2025-01-19T02:59:24.730+0000] {processor.py:914} INFO - Processing file /home/vscode/.local/lib/python3.10/site-packages/airflow/example_dags/example_inlet_event_extra.py for tasks to queue
[2025-01-19T02:59:24.731+0000] {logging_mixin.py:190} INFO - [2025-01-19T02:59:24.731+0000] {dagbag.py:588} INFO - Filling up the DagBag from /home/vscode/.local/lib/python3.10/site-packages/airflow/example_dags/example_inlet_event_extra.py
[2025-01-19T02:59:24.747+0000] {processor.py:925} INFO - DAG(s) 'read_dataset_event', 'read_dataset_event_from_classic' retrieved from /home/vscode/.local/lib/python3.10/site-packages/airflow/example_dags/example_inlet_event_extra.py
[2025-01-19T02:59:24.765+0000] {logging_mixin.py:190} INFO - [2025-01-19T02:59:24.765+0000] {dag.py:3239} INFO - Sync 2 DAGs
[2025-01-19T02:59:24.786+0000] {logging_mixin.py:190} INFO - [2025-01-19T02:59:24.785+0000] {dag.py:4180} INFO - Setting next_dagrun for read_dataset_event to 2025-01-18 00:00:00+00:00, run_after=2025-01-19 00:00:00+00:00
[2025-01-19T02:59:24.789+0000] {logging_mixin.py:190} INFO - [2025-01-19T02:59:24.789+0000] {dag.py:4180} INFO - Setting next_dagrun for read_dataset_event_from_classic to 2025-01-18 00:00:00+00:00, run_after=2025-01-19 00:00:00+00:00
[2025-01-19T02:59:24.811+0000] {processor.py:208} INFO - Processing /home/vscode/.local/lib/python3.10/site-packages/airflow/example_dags/example_inlet_event_extra.py took 0.088 seconds
[2025-01-19T03:00:12.684+0000] {processor.py:186} INFO - Started process (PID=31682) to work on /home/vscode/.local/lib/python3.10/site-packages/airflow/example_dags/example_inlet_event_extra.py
[2025-01-19T03:00:12.685+0000] {processor.py:914} INFO - Processing file /home/vscode/.local/lib/python3.10/site-packages/airflow/example_dags/example_inlet_event_extra.py for tasks to queue
[2025-01-19T03:00:12.686+0000] {logging_mixin.py:190} INFO - [2025-01-19T03:00:12.686+0000] {dagbag.py:588} INFO - Filling up the DagBag from /home/vscode/.local/lib/python3.10/site-packages/airflow/example_dags/example_inlet_event_extra.py
[2025-01-19T03:00:12.696+0000] {processor.py:925} INFO - DAG(s) 'read_dataset_event', 'read_dataset_event_from_classic' retrieved from /home/vscode/.local/lib/python3.10/site-packages/airflow/example_dags/example_inlet_event_extra.py
[2025-01-19T03:00:12.708+0000] {logging_mixin.py:190} INFO - [2025-01-19T03:00:12.708+0000] {dag.py:3239} INFO - Sync 2 DAGs
[2025-01-19T03:00:12.724+0000] {logging_mixin.py:190} INFO - [2025-01-19T03:00:12.724+0000] {dag.py:4180} INFO - Setting next_dagrun for read_dataset_event to 2025-01-18 00:00:00+00:00, run_after=2025-01-19 00:00:00+00:00
[2025-01-19T03:00:12.727+0000] {logging_mixin.py:190} INFO - [2025-01-19T03:00:12.727+0000] {dag.py:4180} INFO - Setting next_dagrun for read_dataset_event_from_classic to 2025-01-18 00:00:00+00:00, run_after=2025-01-19 00:00:00+00:00
[2025-01-19T03:00:12.740+0000] {processor.py:208} INFO - Processing /home/vscode/.local/lib/python3.10/site-packages/airflow/example_dags/example_inlet_event_extra.py took 0.061 seconds
[2025-01-19T03:01:02.881+0000] {processor.py:186} INFO - Started process (PID=32061) to work on /home/vscode/.local/lib/python3.10/site-packages/airflow/example_dags/example_inlet_event_extra.py
[2025-01-19T03:01:02.881+0000] {processor.py:914} INFO - Processing file /home/vscode/.local/lib/python3.10/site-packages/airflow/example_dags/example_inlet_event_extra.py for tasks to queue
[2025-01-19T03:01:02.883+0000] {logging_mixin.py:190} INFO - [2025-01-19T03:01:02.882+0000] {dagbag.py:588} INFO - Filling up the DagBag from /home/vscode/.local/lib/python3.10/site-packages/airflow/example_dags/example_inlet_event_extra.py
[2025-01-19T03:01:02.892+0000] {processor.py:925} INFO - DAG(s) 'read_dataset_event', 'read_dataset_event_from_classic' retrieved from /home/vscode/.local/lib/python3.10/site-packages/airflow/example_dags/example_inlet_event_extra.py
[2025-01-19T03:01:02.905+0000] {logging_mixin.py:190} INFO - [2025-01-19T03:01:02.904+0000] {dag.py:3239} INFO - Sync 2 DAGs
[2025-01-19T03:01:02.920+0000] {logging_mixin.py:190} INFO - [2025-01-19T03:01:02.919+0000] {dag.py:4180} INFO - Setting next_dagrun for read_dataset_event to 2025-01-18 00:00:00+00:00, run_after=2025-01-19 00:00:00+00:00
[2025-01-19T03:01:02.923+0000] {logging_mixin.py:190} INFO - [2025-01-19T03:01:02.923+0000] {dag.py:4180} INFO - Setting next_dagrun for read_dataset_event_from_classic to 2025-01-18 00:00:00+00:00, run_after=2025-01-19 00:00:00+00:00
[2025-01-19T03:01:02.936+0000] {processor.py:208} INFO - Processing /home/vscode/.local/lib/python3.10/site-packages/airflow/example_dags/example_inlet_event_extra.py took 0.059 seconds
