[2025-01-19T02:41:30.290+0000] {processor.py:186} INFO - Started process (PID=23797) to work on /home/vscode/.local/lib/python3.10/site-packages/airflow/example_dags/example_branch_python_dop_operator_3.py
[2025-01-19T02:41:30.290+0000] {processor.py:914} INFO - Processing file /home/vscode/.local/lib/python3.10/site-packages/airflow/example_dags/example_branch_python_dop_operator_3.py for tasks to queue
[2025-01-19T02:41:30.292+0000] {logging_mixin.py:190} INFO - [2025-01-19T02:41:30.291+0000] {dagbag.py:588} INFO - Filling up the DagBag from /home/vscode/.local/lib/python3.10/site-packages/airflow/example_dags/example_branch_python_dop_operator_3.py
[2025-01-19T02:41:30.300+0000] {processor.py:925} INFO - DAG(s) 'example_branch_dop_operator_v3' retrieved from /home/vscode/.local/lib/python3.10/site-packages/airflow/example_dags/example_branch_python_dop_operator_3.py
[2025-01-19T02:41:30.375+0000] {logging_mixin.py:190} INFO - [2025-01-19T02:41:30.375+0000] {override.py:1911} INFO - Created Permission View: can read on DAG:example_branch_dop_operator_v3
[2025-01-19T02:41:30.383+0000] {logging_mixin.py:190} INFO - [2025-01-19T02:41:30.383+0000] {override.py:1911} INFO - Created Permission View: can edit on DAG:example_branch_dop_operator_v3
[2025-01-19T02:41:30.389+0000] {logging_mixin.py:190} INFO - [2025-01-19T02:41:30.388+0000] {override.py:1911} INFO - Created Permission View: can delete on DAG:example_branch_dop_operator_v3
[2025-01-19T02:41:30.397+0000] {logging_mixin.py:190} INFO - [2025-01-19T02:41:30.396+0000] {override.py:1911} INFO - Created Permission View: can read on DAG Run:example_branch_dop_operator_v3
[2025-01-19T02:41:30.402+0000] {logging_mixin.py:190} INFO - [2025-01-19T02:41:30.402+0000] {override.py:1911} INFO - Created Permission View: menu access on DAG Run:example_branch_dop_operator_v3
[2025-01-19T02:41:30.408+0000] {logging_mixin.py:190} INFO - [2025-01-19T02:41:30.407+0000] {override.py:1911} INFO - Created Permission View: can delete on DAG Run:example_branch_dop_operator_v3
[2025-01-19T02:41:30.413+0000] {logging_mixin.py:190} INFO - [2025-01-19T02:41:30.413+0000] {override.py:1911} INFO - Created Permission View: can create on DAG Run:example_branch_dop_operator_v3
[2025-01-19T02:41:30.414+0000] {logging_mixin.py:190} INFO - [2025-01-19T02:41:30.414+0000] {dag.py:3239} INFO - Sync 1 DAGs
[2025-01-19T02:41:30.422+0000] {logging_mixin.py:190} INFO - [2025-01-19T02:41:30.422+0000] {dag.py:3262} INFO - Creating ORM DAG for example_branch_dop_operator_v3
[2025-01-19T02:41:30.431+0000] {logging_mixin.py:190} INFO - [2025-01-19T02:41:30.431+0000] {dag.py:4180} INFO - Setting next_dagrun for example_branch_dop_operator_v3 to 2025-01-19 02:40:00+00:00, run_after=2025-01-19 02:41:00+00:00
[2025-01-19T02:41:30.450+0000] {processor.py:208} INFO - Processing /home/vscode/.local/lib/python3.10/site-packages/airflow/example_dags/example_branch_python_dop_operator_3.py took 0.165 seconds
[2025-01-19T02:42:28.045+0000] {processor.py:186} INFO - Started process (PID=24181) to work on /home/vscode/.local/lib/python3.10/site-packages/airflow/example_dags/example_branch_python_dop_operator_3.py
[2025-01-19T02:42:28.046+0000] {processor.py:914} INFO - Processing file /home/vscode/.local/lib/python3.10/site-packages/airflow/example_dags/example_branch_python_dop_operator_3.py for tasks to queue
[2025-01-19T02:42:28.047+0000] {logging_mixin.py:190} INFO - [2025-01-19T02:42:28.047+0000] {dagbag.py:588} INFO - Filling up the DagBag from /home/vscode/.local/lib/python3.10/site-packages/airflow/example_dags/example_branch_python_dop_operator_3.py
[2025-01-19T02:42:28.055+0000] {processor.py:925} INFO - DAG(s) 'example_branch_dop_operator_v3' retrieved from /home/vscode/.local/lib/python3.10/site-packages/airflow/example_dags/example_branch_python_dop_operator_3.py
[2025-01-19T02:42:28.067+0000] {logging_mixin.py:190} INFO - [2025-01-19T02:42:28.066+0000] {dag.py:3239} INFO - Sync 1 DAGs
[2025-01-19T02:42:28.084+0000] {logging_mixin.py:190} INFO - [2025-01-19T02:42:28.084+0000] {dag.py:4180} INFO - Setting next_dagrun for example_branch_dop_operator_v3 to 2025-01-19 02:41:00+00:00, run_after=2025-01-19 02:42:00+00:00
[2025-01-19T02:42:28.098+0000] {processor.py:208} INFO - Processing /home/vscode/.local/lib/python3.10/site-packages/airflow/example_dags/example_branch_python_dop_operator_3.py took 0.058 seconds
[2025-01-19T02:43:21.841+0000] {processor.py:186} INFO - Started process (PID=24546) to work on /home/vscode/.local/lib/python3.10/site-packages/airflow/example_dags/example_branch_python_dop_operator_3.py
[2025-01-19T02:43:21.841+0000] {processor.py:914} INFO - Processing file /home/vscode/.local/lib/python3.10/site-packages/airflow/example_dags/example_branch_python_dop_operator_3.py for tasks to queue
[2025-01-19T02:43:21.843+0000] {logging_mixin.py:190} INFO - [2025-01-19T02:43:21.842+0000] {dagbag.py:588} INFO - Filling up the DagBag from /home/vscode/.local/lib/python3.10/site-packages/airflow/example_dags/example_branch_python_dop_operator_3.py
[2025-01-19T02:43:21.851+0000] {processor.py:925} INFO - DAG(s) 'example_branch_dop_operator_v3' retrieved from /home/vscode/.local/lib/python3.10/site-packages/airflow/example_dags/example_branch_python_dop_operator_3.py
[2025-01-19T02:43:21.862+0000] {logging_mixin.py:190} INFO - [2025-01-19T02:43:21.861+0000] {dag.py:3239} INFO - Sync 1 DAGs
[2025-01-19T02:43:21.879+0000] {logging_mixin.py:190} INFO - [2025-01-19T02:43:21.878+0000] {dag.py:4180} INFO - Setting next_dagrun for example_branch_dop_operator_v3 to 2025-01-19 02:42:00+00:00, run_after=2025-01-19 02:43:00+00:00
[2025-01-19T02:43:21.894+0000] {processor.py:208} INFO - Processing /home/vscode/.local/lib/python3.10/site-packages/airflow/example_dags/example_branch_python_dop_operator_3.py took 0.058 seconds
[2025-01-19T02:44:16.124+0000] {processor.py:186} INFO - Started process (PID=24917) to work on /home/vscode/.local/lib/python3.10/site-packages/airflow/example_dags/example_branch_python_dop_operator_3.py
[2025-01-19T02:44:16.125+0000] {processor.py:914} INFO - Processing file /home/vscode/.local/lib/python3.10/site-packages/airflow/example_dags/example_branch_python_dop_operator_3.py for tasks to queue
[2025-01-19T02:44:16.126+0000] {logging_mixin.py:190} INFO - [2025-01-19T02:44:16.126+0000] {dagbag.py:588} INFO - Filling up the DagBag from /home/vscode/.local/lib/python3.10/site-packages/airflow/example_dags/example_branch_python_dop_operator_3.py
[2025-01-19T02:44:16.134+0000] {processor.py:925} INFO - DAG(s) 'example_branch_dop_operator_v3' retrieved from /home/vscode/.local/lib/python3.10/site-packages/airflow/example_dags/example_branch_python_dop_operator_3.py
[2025-01-19T02:44:16.146+0000] {logging_mixin.py:190} INFO - [2025-01-19T02:44:16.146+0000] {dag.py:3239} INFO - Sync 1 DAGs
[2025-01-19T02:44:16.164+0000] {logging_mixin.py:190} INFO - [2025-01-19T02:44:16.164+0000] {dag.py:4180} INFO - Setting next_dagrun for example_branch_dop_operator_v3 to 2025-01-19 02:43:00+00:00, run_after=2025-01-19 02:44:00+00:00
[2025-01-19T02:44:16.178+0000] {processor.py:208} INFO - Processing /home/vscode/.local/lib/python3.10/site-packages/airflow/example_dags/example_branch_python_dop_operator_3.py took 0.058 seconds
[2025-01-19T02:45:08.503+0000] {processor.py:186} INFO - Started process (PID=25275) to work on /home/vscode/.local/lib/python3.10/site-packages/airflow/example_dags/example_branch_python_dop_operator_3.py
[2025-01-19T02:45:08.504+0000] {processor.py:914} INFO - Processing file /home/vscode/.local/lib/python3.10/site-packages/airflow/example_dags/example_branch_python_dop_operator_3.py for tasks to queue
[2025-01-19T02:45:08.505+0000] {logging_mixin.py:190} INFO - [2025-01-19T02:45:08.505+0000] {dagbag.py:588} INFO - Filling up the DagBag from /home/vscode/.local/lib/python3.10/site-packages/airflow/example_dags/example_branch_python_dop_operator_3.py
[2025-01-19T02:45:08.513+0000] {processor.py:925} INFO - DAG(s) 'example_branch_dop_operator_v3' retrieved from /home/vscode/.local/lib/python3.10/site-packages/airflow/example_dags/example_branch_python_dop_operator_3.py
[2025-01-19T02:45:08.524+0000] {logging_mixin.py:190} INFO - [2025-01-19T02:45:08.524+0000] {dag.py:3239} INFO - Sync 1 DAGs
[2025-01-19T02:45:08.542+0000] {logging_mixin.py:190} INFO - [2025-01-19T02:45:08.541+0000] {dag.py:4180} INFO - Setting next_dagrun for example_branch_dop_operator_v3 to 2025-01-19 02:44:00+00:00, run_after=2025-01-19 02:45:00+00:00
[2025-01-19T02:45:08.556+0000] {processor.py:208} INFO - Processing /home/vscode/.local/lib/python3.10/site-packages/airflow/example_dags/example_branch_python_dop_operator_3.py took 0.057 seconds
[2025-01-19T02:45:58.669+0000] {processor.py:186} INFO - Started process (PID=25616) to work on /home/vscode/.local/lib/python3.10/site-packages/airflow/example_dags/example_branch_python_dop_operator_3.py
[2025-01-19T02:45:58.670+0000] {processor.py:914} INFO - Processing file /home/vscode/.local/lib/python3.10/site-packages/airflow/example_dags/example_branch_python_dop_operator_3.py for tasks to queue
[2025-01-19T02:45:58.671+0000] {logging_mixin.py:190} INFO - [2025-01-19T02:45:58.671+0000] {dagbag.py:588} INFO - Filling up the DagBag from /home/vscode/.local/lib/python3.10/site-packages/airflow/example_dags/example_branch_python_dop_operator_3.py
[2025-01-19T02:45:58.679+0000] {processor.py:925} INFO - DAG(s) 'example_branch_dop_operator_v3' retrieved from /home/vscode/.local/lib/python3.10/site-packages/airflow/example_dags/example_branch_python_dop_operator_3.py
[2025-01-19T02:45:58.690+0000] {logging_mixin.py:190} INFO - [2025-01-19T02:45:58.690+0000] {dag.py:3239} INFO - Sync 1 DAGs
[2025-01-19T02:45:58.708+0000] {logging_mixin.py:190} INFO - [2025-01-19T02:45:58.708+0000] {dag.py:4180} INFO - Setting next_dagrun for example_branch_dop_operator_v3 to 2025-01-19 02:44:00+00:00, run_after=2025-01-19 02:45:00+00:00
[2025-01-19T02:45:58.722+0000] {processor.py:208} INFO - Processing /home/vscode/.local/lib/python3.10/site-packages/airflow/example_dags/example_branch_python_dop_operator_3.py took 0.057 seconds
[2025-01-19T02:46:48.348+0000] {processor.py:186} INFO - Started process (PID=25955) to work on /home/vscode/.local/lib/python3.10/site-packages/airflow/example_dags/example_branch_python_dop_operator_3.py
[2025-01-19T02:46:48.348+0000] {processor.py:914} INFO - Processing file /home/vscode/.local/lib/python3.10/site-packages/airflow/example_dags/example_branch_python_dop_operator_3.py for tasks to queue
[2025-01-19T02:46:48.350+0000] {logging_mixin.py:190} INFO - [2025-01-19T02:46:48.349+0000] {dagbag.py:588} INFO - Filling up the DagBag from /home/vscode/.local/lib/python3.10/site-packages/airflow/example_dags/example_branch_python_dop_operator_3.py
[2025-01-19T02:46:48.358+0000] {processor.py:925} INFO - DAG(s) 'example_branch_dop_operator_v3' retrieved from /home/vscode/.local/lib/python3.10/site-packages/airflow/example_dags/example_branch_python_dop_operator_3.py
[2025-01-19T02:46:48.368+0000] {logging_mixin.py:190} INFO - [2025-01-19T02:46:48.368+0000] {dag.py:3239} INFO - Sync 1 DAGs
[2025-01-19T02:46:48.386+0000] {logging_mixin.py:190} INFO - [2025-01-19T02:46:48.386+0000] {dag.py:4180} INFO - Setting next_dagrun for example_branch_dop_operator_v3 to 2025-01-19 02:45:00+00:00, run_after=2025-01-19 02:46:00+00:00
[2025-01-19T02:46:48.400+0000] {processor.py:208} INFO - Processing /home/vscode/.local/lib/python3.10/site-packages/airflow/example_dags/example_branch_python_dop_operator_3.py took 0.057 seconds
[2025-01-19T02:47:36.214+0000] {processor.py:186} INFO - Started process (PID=26285) to work on /home/vscode/.local/lib/python3.10/site-packages/airflow/example_dags/example_branch_python_dop_operator_3.py
[2025-01-19T02:47:36.215+0000] {processor.py:914} INFO - Processing file /home/vscode/.local/lib/python3.10/site-packages/airflow/example_dags/example_branch_python_dop_operator_3.py for tasks to queue
[2025-01-19T02:47:36.216+0000] {logging_mixin.py:190} INFO - [2025-01-19T02:47:36.216+0000] {dagbag.py:588} INFO - Filling up the DagBag from /home/vscode/.local/lib/python3.10/site-packages/airflow/example_dags/example_branch_python_dop_operator_3.py
[2025-01-19T02:47:36.224+0000] {processor.py:925} INFO - DAG(s) 'example_branch_dop_operator_v3' retrieved from /home/vscode/.local/lib/python3.10/site-packages/airflow/example_dags/example_branch_python_dop_operator_3.py
[2025-01-19T02:47:36.235+0000] {logging_mixin.py:190} INFO - [2025-01-19T02:47:36.235+0000] {dag.py:3239} INFO - Sync 1 DAGs
[2025-01-19T02:47:36.252+0000] {logging_mixin.py:190} INFO - [2025-01-19T02:47:36.252+0000] {dag.py:4180} INFO - Setting next_dagrun for example_branch_dop_operator_v3 to 2025-01-19 02:46:00+00:00, run_after=2025-01-19 02:47:00+00:00
[2025-01-19T02:47:36.267+0000] {processor.py:208} INFO - Processing /home/vscode/.local/lib/python3.10/site-packages/airflow/example_dags/example_branch_python_dop_operator_3.py took 0.057 seconds
[2025-01-19T02:48:26.317+0000] {processor.py:186} INFO - Started process (PID=26622) to work on /home/vscode/.local/lib/python3.10/site-packages/airflow/example_dags/example_branch_python_dop_operator_3.py
[2025-01-19T02:48:26.317+0000] {processor.py:914} INFO - Processing file /home/vscode/.local/lib/python3.10/site-packages/airflow/example_dags/example_branch_python_dop_operator_3.py for tasks to queue
[2025-01-19T02:48:26.319+0000] {logging_mixin.py:190} INFO - [2025-01-19T02:48:26.318+0000] {dagbag.py:588} INFO - Filling up the DagBag from /home/vscode/.local/lib/python3.10/site-packages/airflow/example_dags/example_branch_python_dop_operator_3.py
[2025-01-19T02:48:26.327+0000] {processor.py:925} INFO - DAG(s) 'example_branch_dop_operator_v3' retrieved from /home/vscode/.local/lib/python3.10/site-packages/airflow/example_dags/example_branch_python_dop_operator_3.py
[2025-01-19T02:48:26.337+0000] {logging_mixin.py:190} INFO - [2025-01-19T02:48:26.337+0000] {dag.py:3239} INFO - Sync 1 DAGs
[2025-01-19T02:48:26.354+0000] {logging_mixin.py:190} INFO - [2025-01-19T02:48:26.354+0000] {dag.py:4180} INFO - Setting next_dagrun for example_branch_dop_operator_v3 to 2025-01-19 02:47:00+00:00, run_after=2025-01-19 02:48:00+00:00
[2025-01-19T02:48:26.369+0000] {processor.py:208} INFO - Processing /home/vscode/.local/lib/python3.10/site-packages/airflow/example_dags/example_branch_python_dop_operator_3.py took 0.057 seconds
[2025-01-19T02:49:16.958+0000] {processor.py:186} INFO - Started process (PID=26973) to work on /home/vscode/.local/lib/python3.10/site-packages/airflow/example_dags/example_branch_python_dop_operator_3.py
[2025-01-19T02:49:16.958+0000] {processor.py:914} INFO - Processing file /home/vscode/.local/lib/python3.10/site-packages/airflow/example_dags/example_branch_python_dop_operator_3.py for tasks to queue
[2025-01-19T02:49:16.960+0000] {logging_mixin.py:190} INFO - [2025-01-19T02:49:16.959+0000] {dagbag.py:588} INFO - Filling up the DagBag from /home/vscode/.local/lib/python3.10/site-packages/airflow/example_dags/example_branch_python_dop_operator_3.py
[2025-01-19T02:49:16.968+0000] {processor.py:925} INFO - DAG(s) 'example_branch_dop_operator_v3' retrieved from /home/vscode/.local/lib/python3.10/site-packages/airflow/example_dags/example_branch_python_dop_operator_3.py
[2025-01-19T02:49:16.979+0000] {logging_mixin.py:190} INFO - [2025-01-19T02:49:16.978+0000] {dag.py:3239} INFO - Sync 1 DAGs
[2025-01-19T02:49:16.996+0000] {logging_mixin.py:190} INFO - [2025-01-19T02:49:16.996+0000] {dag.py:4180} INFO - Setting next_dagrun for example_branch_dop_operator_v3 to 2025-01-19 02:48:00+00:00, run_after=2025-01-19 02:49:00+00:00
[2025-01-19T02:49:17.009+0000] {processor.py:208} INFO - Processing /home/vscode/.local/lib/python3.10/site-packages/airflow/example_dags/example_branch_python_dop_operator_3.py took 0.056 seconds
[2025-01-19T02:50:09.859+0000] {processor.py:186} INFO - Started process (PID=27323) to work on /home/vscode/.local/lib/python3.10/site-packages/airflow/example_dags/example_branch_python_dop_operator_3.py
[2025-01-19T02:50:09.860+0000] {processor.py:914} INFO - Processing file /home/vscode/.local/lib/python3.10/site-packages/airflow/example_dags/example_branch_python_dop_operator_3.py for tasks to queue
[2025-01-19T02:50:09.861+0000] {logging_mixin.py:190} INFO - [2025-01-19T02:50:09.861+0000] {dagbag.py:588} INFO - Filling up the DagBag from /home/vscode/.local/lib/python3.10/site-packages/airflow/example_dags/example_branch_python_dop_operator_3.py
[2025-01-19T02:50:09.870+0000] {processor.py:925} INFO - DAG(s) 'example_branch_dop_operator_v3' retrieved from /home/vscode/.local/lib/python3.10/site-packages/airflow/example_dags/example_branch_python_dop_operator_3.py
[2025-01-19T02:50:09.881+0000] {logging_mixin.py:190} INFO - [2025-01-19T02:50:09.881+0000] {dag.py:3239} INFO - Sync 1 DAGs
[2025-01-19T02:50:09.898+0000] {logging_mixin.py:190} INFO - [2025-01-19T02:50:09.898+0000] {dag.py:4180} INFO - Setting next_dagrun for example_branch_dop_operator_v3 to 2025-01-19 02:49:00+00:00, run_after=2025-01-19 02:50:00+00:00
[2025-01-19T02:50:09.912+0000] {processor.py:208} INFO - Processing /home/vscode/.local/lib/python3.10/site-packages/airflow/example_dags/example_branch_python_dop_operator_3.py took 0.057 seconds
[2025-01-19T02:51:00.189+0000] {processor.py:186} INFO - Started process (PID=27664) to work on /home/vscode/.local/lib/python3.10/site-packages/airflow/example_dags/example_branch_python_dop_operator_3.py
[2025-01-19T02:51:00.190+0000] {processor.py:914} INFO - Processing file /home/vscode/.local/lib/python3.10/site-packages/airflow/example_dags/example_branch_python_dop_operator_3.py for tasks to queue
[2025-01-19T02:51:00.192+0000] {logging_mixin.py:190} INFO - [2025-01-19T02:51:00.191+0000] {dagbag.py:588} INFO - Filling up the DagBag from /home/vscode/.local/lib/python3.10/site-packages/airflow/example_dags/example_branch_python_dop_operator_3.py
[2025-01-19T02:51:00.202+0000] {processor.py:925} INFO - DAG(s) 'example_branch_dop_operator_v3' retrieved from /home/vscode/.local/lib/python3.10/site-packages/airflow/example_dags/example_branch_python_dop_operator_3.py
[2025-01-19T02:51:00.216+0000] {logging_mixin.py:190} INFO - [2025-01-19T02:51:00.216+0000] {dag.py:3239} INFO - Sync 1 DAGs
[2025-01-19T02:51:00.235+0000] {logging_mixin.py:190} INFO - [2025-01-19T02:51:00.235+0000] {dag.py:4180} INFO - Setting next_dagrun for example_branch_dop_operator_v3 to 2025-01-19 02:50:00+00:00, run_after=2025-01-19 02:51:00+00:00
[2025-01-19T02:51:00.250+0000] {processor.py:208} INFO - Processing /home/vscode/.local/lib/python3.10/site-packages/airflow/example_dags/example_branch_python_dop_operator_3.py took 0.066 seconds
[2025-01-19T02:51:48.935+0000] {processor.py:186} INFO - Started process (PID=27995) to work on /home/vscode/.local/lib/python3.10/site-packages/airflow/example_dags/example_branch_python_dop_operator_3.py
[2025-01-19T02:51:48.936+0000] {processor.py:914} INFO - Processing file /home/vscode/.local/lib/python3.10/site-packages/airflow/example_dags/example_branch_python_dop_operator_3.py for tasks to queue
[2025-01-19T02:51:48.937+0000] {logging_mixin.py:190} INFO - [2025-01-19T02:51:48.937+0000] {dagbag.py:588} INFO - Filling up the DagBag from /home/vscode/.local/lib/python3.10/site-packages/airflow/example_dags/example_branch_python_dop_operator_3.py
[2025-01-19T02:51:48.945+0000] {processor.py:925} INFO - DAG(s) 'example_branch_dop_operator_v3' retrieved from /home/vscode/.local/lib/python3.10/site-packages/airflow/example_dags/example_branch_python_dop_operator_3.py
[2025-01-19T02:51:48.956+0000] {logging_mixin.py:190} INFO - [2025-01-19T02:51:48.956+0000] {dag.py:3239} INFO - Sync 1 DAGs
[2025-01-19T02:51:48.973+0000] {logging_mixin.py:190} INFO - [2025-01-19T02:51:48.973+0000] {dag.py:4180} INFO - Setting next_dagrun for example_branch_dop_operator_v3 to 2025-01-19 02:50:00+00:00, run_after=2025-01-19 02:51:00+00:00
[2025-01-19T02:51:48.988+0000] {processor.py:208} INFO - Processing /home/vscode/.local/lib/python3.10/site-packages/airflow/example_dags/example_branch_python_dop_operator_3.py took 0.057 seconds
[2025-01-19T02:52:39.479+0000] {processor.py:186} INFO - Started process (PID=28336) to work on /home/vscode/.local/lib/python3.10/site-packages/airflow/example_dags/example_branch_python_dop_operator_3.py
[2025-01-19T02:52:39.479+0000] {processor.py:914} INFO - Processing file /home/vscode/.local/lib/python3.10/site-packages/airflow/example_dags/example_branch_python_dop_operator_3.py for tasks to queue
[2025-01-19T02:52:39.481+0000] {logging_mixin.py:190} INFO - [2025-01-19T02:52:39.480+0000] {dagbag.py:588} INFO - Filling up the DagBag from /home/vscode/.local/lib/python3.10/site-packages/airflow/example_dags/example_branch_python_dop_operator_3.py
[2025-01-19T02:52:39.489+0000] {processor.py:925} INFO - DAG(s) 'example_branch_dop_operator_v3' retrieved from /home/vscode/.local/lib/python3.10/site-packages/airflow/example_dags/example_branch_python_dop_operator_3.py
[2025-01-19T02:52:39.500+0000] {logging_mixin.py:190} INFO - [2025-01-19T02:52:39.500+0000] {dag.py:3239} INFO - Sync 1 DAGs
[2025-01-19T02:52:39.517+0000] {logging_mixin.py:190} INFO - [2025-01-19T02:52:39.517+0000] {dag.py:4180} INFO - Setting next_dagrun for example_branch_dop_operator_v3 to 2025-01-19 02:51:00+00:00, run_after=2025-01-19 02:52:00+00:00
[2025-01-19T02:52:39.531+0000] {processor.py:208} INFO - Processing /home/vscode/.local/lib/python3.10/site-packages/airflow/example_dags/example_branch_python_dop_operator_3.py took 0.057 seconds
[2025-01-19T02:53:30.165+0000] {processor.py:186} INFO - Started process (PID=28686) to work on /home/vscode/.local/lib/python3.10/site-packages/airflow/example_dags/example_branch_python_dop_operator_3.py
[2025-01-19T02:53:30.166+0000] {processor.py:914} INFO - Processing file /home/vscode/.local/lib/python3.10/site-packages/airflow/example_dags/example_branch_python_dop_operator_3.py for tasks to queue
[2025-01-19T02:53:30.167+0000] {logging_mixin.py:190} INFO - [2025-01-19T02:53:30.167+0000] {dagbag.py:588} INFO - Filling up the DagBag from /home/vscode/.local/lib/python3.10/site-packages/airflow/example_dags/example_branch_python_dop_operator_3.py
[2025-01-19T02:53:30.177+0000] {processor.py:925} INFO - DAG(s) 'example_branch_dop_operator_v3' retrieved from /home/vscode/.local/lib/python3.10/site-packages/airflow/example_dags/example_branch_python_dop_operator_3.py
[2025-01-19T02:53:30.187+0000] {logging_mixin.py:190} INFO - [2025-01-19T02:53:30.187+0000] {dag.py:3239} INFO - Sync 1 DAGs
[2025-01-19T02:53:30.204+0000] {logging_mixin.py:190} INFO - [2025-01-19T02:53:30.204+0000] {dag.py:4180} INFO - Setting next_dagrun for example_branch_dop_operator_v3 to 2025-01-19 02:52:00+00:00, run_after=2025-01-19 02:53:00+00:00
[2025-01-19T02:53:30.219+0000] {processor.py:208} INFO - Processing /home/vscode/.local/lib/python3.10/site-packages/airflow/example_dags/example_branch_python_dop_operator_3.py took 0.058 seconds
[2025-01-19T02:54:21.981+0000] {processor.py:186} INFO - Started process (PID=29051) to work on /home/vscode/.local/lib/python3.10/site-packages/airflow/example_dags/example_branch_python_dop_operator_3.py
[2025-01-19T02:54:21.982+0000] {processor.py:914} INFO - Processing file /home/vscode/.local/lib/python3.10/site-packages/airflow/example_dags/example_branch_python_dop_operator_3.py for tasks to queue
[2025-01-19T02:54:21.983+0000] {logging_mixin.py:190} INFO - [2025-01-19T02:54:21.983+0000] {dagbag.py:588} INFO - Filling up the DagBag from /home/vscode/.local/lib/python3.10/site-packages/airflow/example_dags/example_branch_python_dop_operator_3.py
[2025-01-19T02:54:21.991+0000] {processor.py:925} INFO - DAG(s) 'example_branch_dop_operator_v3' retrieved from /home/vscode/.local/lib/python3.10/site-packages/airflow/example_dags/example_branch_python_dop_operator_3.py
[2025-01-19T02:54:22.002+0000] {logging_mixin.py:190} INFO - [2025-01-19T02:54:22.002+0000] {dag.py:3239} INFO - Sync 1 DAGs
[2025-01-19T02:54:22.037+0000] {logging_mixin.py:190} INFO - [2025-01-19T02:54:22.037+0000] {dag.py:4180} INFO - Setting next_dagrun for example_branch_dop_operator_v3 to 2025-01-19 02:53:00+00:00, run_after=2025-01-19 02:54:00+00:00
[2025-01-19T02:54:22.057+0000] {processor.py:208} INFO - Processing /home/vscode/.local/lib/python3.10/site-packages/airflow/example_dags/example_branch_python_dop_operator_3.py took 0.080 seconds
[2025-01-19T02:55:08.565+0000] {processor.py:186} INFO - Started process (PID=29365) to work on /home/vscode/.local/lib/python3.10/site-packages/airflow/example_dags/example_branch_python_dop_operator_3.py
[2025-01-19T02:55:08.565+0000] {processor.py:914} INFO - Processing file /home/vscode/.local/lib/python3.10/site-packages/airflow/example_dags/example_branch_python_dop_operator_3.py for tasks to queue
[2025-01-19T02:55:08.567+0000] {logging_mixin.py:190} INFO - [2025-01-19T02:55:08.566+0000] {dagbag.py:588} INFO - Filling up the DagBag from /home/vscode/.local/lib/python3.10/site-packages/airflow/example_dags/example_branch_python_dop_operator_3.py
[2025-01-19T02:55:08.575+0000] {processor.py:925} INFO - DAG(s) 'example_branch_dop_operator_v3' retrieved from /home/vscode/.local/lib/python3.10/site-packages/airflow/example_dags/example_branch_python_dop_operator_3.py
[2025-01-19T02:55:08.586+0000] {logging_mixin.py:190} INFO - [2025-01-19T02:55:08.586+0000] {dag.py:3239} INFO - Sync 1 DAGs
[2025-01-19T02:55:08.603+0000] {logging_mixin.py:190} INFO - [2025-01-19T02:55:08.603+0000] {dag.py:4180} INFO - Setting next_dagrun for example_branch_dop_operator_v3 to 2025-01-19 02:54:00+00:00, run_after=2025-01-19 02:55:00+00:00
[2025-01-19T02:55:08.618+0000] {processor.py:208} INFO - Processing /home/vscode/.local/lib/python3.10/site-packages/airflow/example_dags/example_branch_python_dop_operator_3.py took 0.058 seconds
[2025-01-19T02:55:58.140+0000] {processor.py:186} INFO - Started process (PID=29703) to work on /home/vscode/.local/lib/python3.10/site-packages/airflow/example_dags/example_branch_python_dop_operator_3.py
[2025-01-19T02:55:58.141+0000] {processor.py:914} INFO - Processing file /home/vscode/.local/lib/python3.10/site-packages/airflow/example_dags/example_branch_python_dop_operator_3.py for tasks to queue
[2025-01-19T02:55:58.142+0000] {logging_mixin.py:190} INFO - [2025-01-19T02:55:58.142+0000] {dagbag.py:588} INFO - Filling up the DagBag from /home/vscode/.local/lib/python3.10/site-packages/airflow/example_dags/example_branch_python_dop_operator_3.py
[2025-01-19T02:55:58.150+0000] {processor.py:925} INFO - DAG(s) 'example_branch_dop_operator_v3' retrieved from /home/vscode/.local/lib/python3.10/site-packages/airflow/example_dags/example_branch_python_dop_operator_3.py
[2025-01-19T02:55:58.161+0000] {logging_mixin.py:190} INFO - [2025-01-19T02:55:58.161+0000] {dag.py:3239} INFO - Sync 1 DAGs
[2025-01-19T02:55:58.179+0000] {logging_mixin.py:190} INFO - [2025-01-19T02:55:58.179+0000] {dag.py:4180} INFO - Setting next_dagrun for example_branch_dop_operator_v3 to 2025-01-19 02:54:00+00:00, run_after=2025-01-19 02:55:00+00:00
[2025-01-19T02:55:58.198+0000] {processor.py:208} INFO - Processing /home/vscode/.local/lib/python3.10/site-packages/airflow/example_dags/example_branch_python_dop_operator_3.py took 0.062 seconds
[2025-01-19T02:56:49.568+0000] {processor.py:186} INFO - Started process (PID=30154) to work on /home/vscode/.local/lib/python3.10/site-packages/airflow/example_dags/example_branch_python_dop_operator_3.py
[2025-01-19T02:56:49.569+0000] {processor.py:914} INFO - Processing file /home/vscode/.local/lib/python3.10/site-packages/airflow/example_dags/example_branch_python_dop_operator_3.py for tasks to queue
[2025-01-19T02:56:49.570+0000] {logging_mixin.py:190} INFO - [2025-01-19T02:56:49.570+0000] {dagbag.py:588} INFO - Filling up the DagBag from /home/vscode/.local/lib/python3.10/site-packages/airflow/example_dags/example_branch_python_dop_operator_3.py
[2025-01-19T02:56:49.578+0000] {processor.py:925} INFO - DAG(s) 'example_branch_dop_operator_v3' retrieved from /home/vscode/.local/lib/python3.10/site-packages/airflow/example_dags/example_branch_python_dop_operator_3.py
[2025-01-19T02:56:49.589+0000] {logging_mixin.py:190} INFO - [2025-01-19T02:56:49.589+0000] {dag.py:3239} INFO - Sync 1 DAGs
[2025-01-19T02:56:49.606+0000] {logging_mixin.py:190} INFO - [2025-01-19T02:56:49.606+0000] {dag.py:4180} INFO - Setting next_dagrun for example_branch_dop_operator_v3 to 2025-01-19 02:55:00+00:00, run_after=2025-01-19 02:56:00+00:00
[2025-01-19T02:56:49.620+0000] {processor.py:208} INFO - Processing /home/vscode/.local/lib/python3.10/site-packages/airflow/example_dags/example_branch_python_dop_operator_3.py took 0.056 seconds
[2025-01-19T02:57:39.260+0000] {processor.py:186} INFO - Started process (PID=30489) to work on /home/vscode/.local/lib/python3.10/site-packages/airflow/example_dags/example_branch_python_dop_operator_3.py
[2025-01-19T02:57:39.260+0000] {processor.py:914} INFO - Processing file /home/vscode/.local/lib/python3.10/site-packages/airflow/example_dags/example_branch_python_dop_operator_3.py for tasks to queue
[2025-01-19T02:57:39.262+0000] {logging_mixin.py:190} INFO - [2025-01-19T02:57:39.261+0000] {dagbag.py:588} INFO - Filling up the DagBag from /home/vscode/.local/lib/python3.10/site-packages/airflow/example_dags/example_branch_python_dop_operator_3.py
[2025-01-19T02:57:39.270+0000] {processor.py:925} INFO - DAG(s) 'example_branch_dop_operator_v3' retrieved from /home/vscode/.local/lib/python3.10/site-packages/airflow/example_dags/example_branch_python_dop_operator_3.py
[2025-01-19T02:57:39.282+0000] {logging_mixin.py:190} INFO - [2025-01-19T02:57:39.282+0000] {dag.py:3239} INFO - Sync 1 DAGs
[2025-01-19T02:57:39.309+0000] {logging_mixin.py:190} INFO - [2025-01-19T02:57:39.309+0000] {dag.py:4180} INFO - Setting next_dagrun for example_branch_dop_operator_v3 to 2025-01-19 02:56:00+00:00, run_after=2025-01-19 02:57:00+00:00
[2025-01-19T02:57:39.329+0000] {processor.py:208} INFO - Processing /home/vscode/.local/lib/python3.10/site-packages/airflow/example_dags/example_branch_python_dop_operator_3.py took 0.074 seconds
[2025-01-19T02:58:33.443+0000] {processor.py:186} INFO - Started process (PID=30859) to work on /home/vscode/.local/lib/python3.10/site-packages/airflow/example_dags/example_branch_python_dop_operator_3.py
[2025-01-19T02:58:33.444+0000] {processor.py:914} INFO - Processing file /home/vscode/.local/lib/python3.10/site-packages/airflow/example_dags/example_branch_python_dop_operator_3.py for tasks to queue
[2025-01-19T02:58:33.445+0000] {logging_mixin.py:190} INFO - [2025-01-19T02:58:33.445+0000] {dagbag.py:588} INFO - Filling up the DagBag from /home/vscode/.local/lib/python3.10/site-packages/airflow/example_dags/example_branch_python_dop_operator_3.py
[2025-01-19T02:58:33.453+0000] {processor.py:925} INFO - DAG(s) 'example_branch_dop_operator_v3' retrieved from /home/vscode/.local/lib/python3.10/site-packages/airflow/example_dags/example_branch_python_dop_operator_3.py
[2025-01-19T02:58:33.464+0000] {logging_mixin.py:190} INFO - [2025-01-19T02:58:33.464+0000] {dag.py:3239} INFO - Sync 1 DAGs
[2025-01-19T02:58:33.481+0000] {logging_mixin.py:190} INFO - [2025-01-19T02:58:33.481+0000] {dag.py:4180} INFO - Setting next_dagrun for example_branch_dop_operator_v3 to 2025-01-19 02:57:00+00:00, run_after=2025-01-19 02:58:00+00:00
[2025-01-19T02:58:33.496+0000] {processor.py:208} INFO - Processing /home/vscode/.local/lib/python3.10/site-packages/airflow/example_dags/example_branch_python_dop_operator_3.py took 0.058 seconds
[2025-01-19T02:59:20.176+0000] {processor.py:186} INFO - Started process (PID=31233) to work on /home/vscode/.local/lib/python3.10/site-packages/airflow/example_dags/example_branch_python_dop_operator_3.py
[2025-01-19T02:59:20.176+0000] {processor.py:914} INFO - Processing file /home/vscode/.local/lib/python3.10/site-packages/airflow/example_dags/example_branch_python_dop_operator_3.py for tasks to queue
[2025-01-19T02:59:20.178+0000] {logging_mixin.py:190} INFO - [2025-01-19T02:59:20.178+0000] {dagbag.py:588} INFO - Filling up the DagBag from /home/vscode/.local/lib/python3.10/site-packages/airflow/example_dags/example_branch_python_dop_operator_3.py
[2025-01-19T02:59:20.186+0000] {processor.py:925} INFO - DAG(s) 'example_branch_dop_operator_v3' retrieved from /home/vscode/.local/lib/python3.10/site-packages/airflow/example_dags/example_branch_python_dop_operator_3.py
[2025-01-19T02:59:20.196+0000] {logging_mixin.py:190} INFO - [2025-01-19T02:59:20.196+0000] {dag.py:3239} INFO - Sync 1 DAGs
[2025-01-19T02:59:20.213+0000] {logging_mixin.py:190} INFO - [2025-01-19T02:59:20.213+0000] {dag.py:4180} INFO - Setting next_dagrun for example_branch_dop_operator_v3 to 2025-01-19 02:58:00+00:00, run_after=2025-01-19 02:59:00+00:00
[2025-01-19T02:59:20.227+0000] {processor.py:208} INFO - Processing /home/vscode/.local/lib/python3.10/site-packages/airflow/example_dags/example_branch_python_dop_operator_3.py took 0.056 seconds
[2025-01-19T03:00:08.679+0000] {processor.py:186} INFO - Started process (PID=31614) to work on /home/vscode/.local/lib/python3.10/site-packages/airflow/example_dags/example_branch_python_dop_operator_3.py
[2025-01-19T03:00:08.680+0000] {processor.py:914} INFO - Processing file /home/vscode/.local/lib/python3.10/site-packages/airflow/example_dags/example_branch_python_dop_operator_3.py for tasks to queue
[2025-01-19T03:00:08.681+0000] {logging_mixin.py:190} INFO - [2025-01-19T03:00:08.681+0000] {dagbag.py:588} INFO - Filling up the DagBag from /home/vscode/.local/lib/python3.10/site-packages/airflow/example_dags/example_branch_python_dop_operator_3.py
[2025-01-19T03:00:08.690+0000] {processor.py:925} INFO - DAG(s) 'example_branch_dop_operator_v3' retrieved from /home/vscode/.local/lib/python3.10/site-packages/airflow/example_dags/example_branch_python_dop_operator_3.py
[2025-01-19T03:00:08.701+0000] {logging_mixin.py:190} INFO - [2025-01-19T03:00:08.701+0000] {dag.py:3239} INFO - Sync 1 DAGs
[2025-01-19T03:00:08.723+0000] {logging_mixin.py:190} INFO - [2025-01-19T03:00:08.723+0000] {dag.py:4180} INFO - Setting next_dagrun for example_branch_dop_operator_v3 to 2025-01-19 02:59:00+00:00, run_after=2025-01-19 03:00:00+00:00
[2025-01-19T03:00:08.737+0000] {processor.py:208} INFO - Processing /home/vscode/.local/lib/python3.10/site-packages/airflow/example_dags/example_branch_python_dop_operator_3.py took 0.063 seconds
[2025-01-19T03:01:00.104+0000] {processor.py:186} INFO - Started process (PID=32035) to work on /home/vscode/.local/lib/python3.10/site-packages/airflow/example_dags/example_branch_python_dop_operator_3.py
[2025-01-19T03:01:00.105+0000] {processor.py:914} INFO - Processing file /home/vscode/.local/lib/python3.10/site-packages/airflow/example_dags/example_branch_python_dop_operator_3.py for tasks to queue
[2025-01-19T03:01:00.106+0000] {logging_mixin.py:190} INFO - [2025-01-19T03:01:00.106+0000] {dagbag.py:588} INFO - Filling up the DagBag from /home/vscode/.local/lib/python3.10/site-packages/airflow/example_dags/example_branch_python_dop_operator_3.py
[2025-01-19T03:01:00.114+0000] {processor.py:925} INFO - DAG(s) 'example_branch_dop_operator_v3' retrieved from /home/vscode/.local/lib/python3.10/site-packages/airflow/example_dags/example_branch_python_dop_operator_3.py
[2025-01-19T03:01:00.131+0000] {logging_mixin.py:190} INFO - [2025-01-19T03:01:00.130+0000] {dag.py:3239} INFO - Sync 1 DAGs
[2025-01-19T03:01:00.148+0000] {logging_mixin.py:190} INFO - [2025-01-19T03:01:00.148+0000] {dag.py:4180} INFO - Setting next_dagrun for example_branch_dop_operator_v3 to 2025-01-19 03:00:00+00:00, run_after=2025-01-19 03:01:00+00:00
[2025-01-19T03:01:00.162+0000] {processor.py:208} INFO - Processing /home/vscode/.local/lib/python3.10/site-packages/airflow/example_dags/example_branch_python_dop_operator_3.py took 0.062 seconds
