[2025-01-19T02:41:57.046+0000] {processor.py:186} INFO - Started process (PID=23975) to work on /home/vscode/.local/lib/python3.10/site-packages/airflow/example_dags/example_branch_operator_decorator.py
[2025-01-19T02:41:57.047+0000] {processor.py:914} INFO - Processing file /home/vscode/.local/lib/python3.10/site-packages/airflow/example_dags/example_branch_operator_decorator.py for tasks to queue
[2025-01-19T02:41:57.048+0000] {logging_mixin.py:190} INFO - [2025-01-19T02:41:57.048+0000] {dagbag.py:588} INFO - Filling up the DagBag from /home/vscode/.local/lib/python3.10/site-packages/airflow/example_dags/example_branch_operator_decorator.py
[2025-01-19T02:41:57.066+0000] {processor.py:925} INFO - DAG(s) 'example_branch_python_operator_decorator' retrieved from /home/vscode/.local/lib/python3.10/site-packages/airflow/example_dags/example_branch_operator_decorator.py
[2025-01-19T02:41:57.148+0000] {logging_mixin.py:190} INFO - [2025-01-19T02:41:57.147+0000] {override.py:1911} INFO - Created Permission View: can read on DAG:example_branch_python_operator_decorator
[2025-01-19T02:41:57.155+0000] {logging_mixin.py:190} INFO - [2025-01-19T02:41:57.155+0000] {override.py:1911} INFO - Created Permission View: can edit on DAG:example_branch_python_operator_decorator
[2025-01-19T02:41:57.161+0000] {logging_mixin.py:190} INFO - [2025-01-19T02:41:57.161+0000] {override.py:1911} INFO - Created Permission View: can delete on DAG:example_branch_python_operator_decorator
[2025-01-19T02:41:57.170+0000] {logging_mixin.py:190} INFO - [2025-01-19T02:41:57.169+0000] {override.py:1911} INFO - Created Permission View: can read on DAG Run:example_branch_python_operator_decorator
[2025-01-19T02:41:57.175+0000] {logging_mixin.py:190} INFO - [2025-01-19T02:41:57.175+0000] {override.py:1911} INFO - Created Permission View: menu access on DAG Run:example_branch_python_operator_decorator
[2025-01-19T02:41:57.181+0000] {logging_mixin.py:190} INFO - [2025-01-19T02:41:57.180+0000] {override.py:1911} INFO - Created Permission View: can delete on DAG Run:example_branch_python_operator_decorator
[2025-01-19T02:41:57.187+0000] {logging_mixin.py:190} INFO - [2025-01-19T02:41:57.186+0000] {override.py:1911} INFO - Created Permission View: can create on DAG Run:example_branch_python_operator_decorator
[2025-01-19T02:41:57.187+0000] {logging_mixin.py:190} INFO - [2025-01-19T02:41:57.187+0000] {dag.py:3239} INFO - Sync 1 DAGs
[2025-01-19T02:41:57.195+0000] {logging_mixin.py:190} INFO - [2025-01-19T02:41:57.195+0000] {dag.py:3262} INFO - Creating ORM DAG for example_branch_python_operator_decorator
[2025-01-19T02:41:57.202+0000] {logging_mixin.py:190} INFO - [2025-01-19T02:41:57.202+0000] {dag.py:4180} INFO - Setting next_dagrun for example_branch_python_operator_decorator to 2025-01-18 00:00:00+00:00, run_after=2025-01-19 00:00:00+00:00
[2025-01-19T02:41:57.216+0000] {processor.py:208} INFO - Processing /home/vscode/.local/lib/python3.10/site-packages/airflow/example_dags/example_branch_operator_decorator.py took 0.175 seconds
[2025-01-19T02:42:52.759+0000] {processor.py:186} INFO - Started process (PID=24351) to work on /home/vscode/.local/lib/python3.10/site-packages/airflow/example_dags/example_branch_operator_decorator.py
[2025-01-19T02:42:52.759+0000] {processor.py:914} INFO - Processing file /home/vscode/.local/lib/python3.10/site-packages/airflow/example_dags/example_branch_operator_decorator.py for tasks to queue
[2025-01-19T02:42:52.761+0000] {logging_mixin.py:190} INFO - [2025-01-19T02:42:52.761+0000] {dagbag.py:588} INFO - Filling up the DagBag from /home/vscode/.local/lib/python3.10/site-packages/airflow/example_dags/example_branch_operator_decorator.py
[2025-01-19T02:42:52.779+0000] {processor.py:925} INFO - DAG(s) 'example_branch_python_operator_decorator' retrieved from /home/vscode/.local/lib/python3.10/site-packages/airflow/example_dags/example_branch_operator_decorator.py
[2025-01-19T02:42:52.798+0000] {logging_mixin.py:190} INFO - [2025-01-19T02:42:52.798+0000] {dag.py:3239} INFO - Sync 1 DAGs
[2025-01-19T02:42:52.813+0000] {logging_mixin.py:190} INFO - [2025-01-19T02:42:52.813+0000] {dag.py:4180} INFO - Setting next_dagrun for example_branch_python_operator_decorator to 2025-01-18 00:00:00+00:00, run_after=2025-01-19 00:00:00+00:00
[2025-01-19T02:42:52.827+0000] {processor.py:208} INFO - Processing /home/vscode/.local/lib/python3.10/site-packages/airflow/example_dags/example_branch_operator_decorator.py took 0.072 seconds
[2025-01-19T02:43:45.271+0000] {processor.py:186} INFO - Started process (PID=24713) to work on /home/vscode/.local/lib/python3.10/site-packages/airflow/example_dags/example_branch_operator_decorator.py
[2025-01-19T02:43:45.272+0000] {processor.py:914} INFO - Processing file /home/vscode/.local/lib/python3.10/site-packages/airflow/example_dags/example_branch_operator_decorator.py for tasks to queue
[2025-01-19T02:43:45.273+0000] {logging_mixin.py:190} INFO - [2025-01-19T02:43:45.273+0000] {dagbag.py:588} INFO - Filling up the DagBag from /home/vscode/.local/lib/python3.10/site-packages/airflow/example_dags/example_branch_operator_decorator.py
[2025-01-19T02:43:45.290+0000] {processor.py:925} INFO - DAG(s) 'example_branch_python_operator_decorator' retrieved from /home/vscode/.local/lib/python3.10/site-packages/airflow/example_dags/example_branch_operator_decorator.py
[2025-01-19T02:43:45.308+0000] {logging_mixin.py:190} INFO - [2025-01-19T02:43:45.308+0000] {dag.py:3239} INFO - Sync 1 DAGs
[2025-01-19T02:43:45.323+0000] {logging_mixin.py:190} INFO - [2025-01-19T02:43:45.323+0000] {dag.py:4180} INFO - Setting next_dagrun for example_branch_python_operator_decorator to 2025-01-18 00:00:00+00:00, run_after=2025-01-19 00:00:00+00:00
[2025-01-19T02:43:45.337+0000] {processor.py:208} INFO - Processing /home/vscode/.local/lib/python3.10/site-packages/airflow/example_dags/example_branch_operator_decorator.py took 0.071 seconds
[2025-01-19T02:45:00.561+0000] {processor.py:186} INFO - Started process (PID=25215) to work on /home/vscode/.local/lib/python3.10/site-packages/airflow/example_dags/example_branch_operator_decorator.py
[2025-01-19T02:45:00.562+0000] {processor.py:914} INFO - Processing file /home/vscode/.local/lib/python3.10/site-packages/airflow/example_dags/example_branch_operator_decorator.py for tasks to queue
[2025-01-19T02:45:00.563+0000] {logging_mixin.py:190} INFO - [2025-01-19T02:45:00.563+0000] {dagbag.py:588} INFO - Filling up the DagBag from /home/vscode/.local/lib/python3.10/site-packages/airflow/example_dags/example_branch_operator_decorator.py
[2025-01-19T02:45:00.581+0000] {processor.py:925} INFO - DAG(s) 'example_branch_python_operator_decorator' retrieved from /home/vscode/.local/lib/python3.10/site-packages/airflow/example_dags/example_branch_operator_decorator.py
[2025-01-19T02:45:00.605+0000] {logging_mixin.py:190} INFO - [2025-01-19T02:45:00.605+0000] {dag.py:3239} INFO - Sync 1 DAGs
[2025-01-19T02:45:00.627+0000] {logging_mixin.py:190} INFO - [2025-01-19T02:45:00.627+0000] {dag.py:4180} INFO - Setting next_dagrun for example_branch_python_operator_decorator to 2025-01-18 00:00:00+00:00, run_after=2025-01-19 00:00:00+00:00
[2025-01-19T02:45:00.647+0000] {processor.py:208} INFO - Processing /home/vscode/.local/lib/python3.10/site-packages/airflow/example_dags/example_branch_operator_decorator.py took 0.090 seconds
[2025-01-19T02:46:15.720+0000] {processor.py:186} INFO - Started process (PID=25733) to work on /home/vscode/.local/lib/python3.10/site-packages/airflow/example_dags/example_branch_operator_decorator.py
[2025-01-19T02:46:15.721+0000] {processor.py:914} INFO - Processing file /home/vscode/.local/lib/python3.10/site-packages/airflow/example_dags/example_branch_operator_decorator.py for tasks to queue
[2025-01-19T02:46:15.722+0000] {logging_mixin.py:190} INFO - [2025-01-19T02:46:15.722+0000] {dagbag.py:588} INFO - Filling up the DagBag from /home/vscode/.local/lib/python3.10/site-packages/airflow/example_dags/example_branch_operator_decorator.py
[2025-01-19T02:46:15.739+0000] {processor.py:925} INFO - DAG(s) 'example_branch_python_operator_decorator' retrieved from /home/vscode/.local/lib/python3.10/site-packages/airflow/example_dags/example_branch_operator_decorator.py
[2025-01-19T02:46:15.757+0000] {logging_mixin.py:190} INFO - [2025-01-19T02:46:15.757+0000] {dag.py:3239} INFO - Sync 1 DAGs
[2025-01-19T02:46:15.772+0000] {logging_mixin.py:190} INFO - [2025-01-19T02:46:15.772+0000] {dag.py:4180} INFO - Setting next_dagrun for example_branch_python_operator_decorator to 2025-01-18 00:00:00+00:00, run_after=2025-01-19 00:00:00+00:00
[2025-01-19T02:46:15.786+0000] {processor.py:208} INFO - Processing /home/vscode/.local/lib/python3.10/site-packages/airflow/example_dags/example_branch_operator_decorator.py took 0.071 seconds
[2025-01-19T02:47:25.934+0000] {processor.py:186} INFO - Started process (PID=26214) to work on /home/vscode/.local/lib/python3.10/site-packages/airflow/example_dags/example_branch_operator_decorator.py
[2025-01-19T02:47:25.935+0000] {processor.py:914} INFO - Processing file /home/vscode/.local/lib/python3.10/site-packages/airflow/example_dags/example_branch_operator_decorator.py for tasks to queue
[2025-01-19T02:47:25.936+0000] {logging_mixin.py:190} INFO - [2025-01-19T02:47:25.936+0000] {dagbag.py:588} INFO - Filling up the DagBag from /home/vscode/.local/lib/python3.10/site-packages/airflow/example_dags/example_branch_operator_decorator.py
[2025-01-19T02:47:25.953+0000] {processor.py:925} INFO - DAG(s) 'example_branch_python_operator_decorator' retrieved from /home/vscode/.local/lib/python3.10/site-packages/airflow/example_dags/example_branch_operator_decorator.py
[2025-01-19T02:47:25.972+0000] {logging_mixin.py:190} INFO - [2025-01-19T02:47:25.971+0000] {dag.py:3239} INFO - Sync 1 DAGs
[2025-01-19T02:47:25.987+0000] {logging_mixin.py:190} INFO - [2025-01-19T02:47:25.987+0000] {dag.py:4180} INFO - Setting next_dagrun for example_branch_python_operator_decorator to 2025-01-18 00:00:00+00:00, run_after=2025-01-19 00:00:00+00:00
[2025-01-19T02:47:26.000+0000] {processor.py:208} INFO - Processing /home/vscode/.local/lib/python3.10/site-packages/airflow/example_dags/example_branch_operator_decorator.py took 0.071 seconds
[2025-01-19T02:48:41.309+0000] {processor.py:186} INFO - Started process (PID=26722) to work on /home/vscode/.local/lib/python3.10/site-packages/airflow/example_dags/example_branch_operator_decorator.py
[2025-01-19T02:48:41.309+0000] {processor.py:914} INFO - Processing file /home/vscode/.local/lib/python3.10/site-packages/airflow/example_dags/example_branch_operator_decorator.py for tasks to queue
[2025-01-19T02:48:41.311+0000] {logging_mixin.py:190} INFO - [2025-01-19T02:48:41.311+0000] {dagbag.py:588} INFO - Filling up the DagBag from /home/vscode/.local/lib/python3.10/site-packages/airflow/example_dags/example_branch_operator_decorator.py
[2025-01-19T02:48:41.328+0000] {processor.py:925} INFO - DAG(s) 'example_branch_python_operator_decorator' retrieved from /home/vscode/.local/lib/python3.10/site-packages/airflow/example_dags/example_branch_operator_decorator.py
[2025-01-19T02:48:41.346+0000] {logging_mixin.py:190} INFO - [2025-01-19T02:48:41.346+0000] {dag.py:3239} INFO - Sync 1 DAGs
[2025-01-19T02:48:41.360+0000] {logging_mixin.py:190} INFO - [2025-01-19T02:48:41.360+0000] {dag.py:4180} INFO - Setting next_dagrun for example_branch_python_operator_decorator to 2025-01-18 00:00:00+00:00, run_after=2025-01-19 00:00:00+00:00
[2025-01-19T02:48:41.374+0000] {processor.py:208} INFO - Processing /home/vscode/.local/lib/python3.10/site-packages/airflow/example_dags/example_branch_operator_decorator.py took 0.070 seconds
[2025-01-19T02:49:58.588+0000] {processor.py:186} INFO - Started process (PID=27246) to work on /home/vscode/.local/lib/python3.10/site-packages/airflow/example_dags/example_branch_operator_decorator.py
[2025-01-19T02:49:58.588+0000] {processor.py:914} INFO - Processing file /home/vscode/.local/lib/python3.10/site-packages/airflow/example_dags/example_branch_operator_decorator.py for tasks to queue
[2025-01-19T02:49:58.590+0000] {logging_mixin.py:190} INFO - [2025-01-19T02:49:58.590+0000] {dagbag.py:588} INFO - Filling up the DagBag from /home/vscode/.local/lib/python3.10/site-packages/airflow/example_dags/example_branch_operator_decorator.py
[2025-01-19T02:49:58.607+0000] {processor.py:925} INFO - DAG(s) 'example_branch_python_operator_decorator' retrieved from /home/vscode/.local/lib/python3.10/site-packages/airflow/example_dags/example_branch_operator_decorator.py
[2025-01-19T02:49:58.624+0000] {logging_mixin.py:190} INFO - [2025-01-19T02:49:58.624+0000] {dag.py:3239} INFO - Sync 1 DAGs
[2025-01-19T02:49:58.640+0000] {logging_mixin.py:190} INFO - [2025-01-19T02:49:58.640+0000] {dag.py:4180} INFO - Setting next_dagrun for example_branch_python_operator_decorator to 2025-01-18 00:00:00+00:00, run_after=2025-01-19 00:00:00+00:00
[2025-01-19T02:49:58.656+0000] {processor.py:208} INFO - Processing /home/vscode/.local/lib/python3.10/site-packages/airflow/example_dags/example_branch_operator_decorator.py took 0.073 seconds
[2025-01-19T02:51:14.519+0000] {processor.py:186} INFO - Started process (PID=27756) to work on /home/vscode/.local/lib/python3.10/site-packages/airflow/example_dags/example_branch_operator_decorator.py
[2025-01-19T02:51:14.520+0000] {processor.py:914} INFO - Processing file /home/vscode/.local/lib/python3.10/site-packages/airflow/example_dags/example_branch_operator_decorator.py for tasks to queue
[2025-01-19T02:51:14.522+0000] {logging_mixin.py:190} INFO - [2025-01-19T02:51:14.521+0000] {dagbag.py:588} INFO - Filling up the DagBag from /home/vscode/.local/lib/python3.10/site-packages/airflow/example_dags/example_branch_operator_decorator.py
[2025-01-19T02:51:14.541+0000] {processor.py:925} INFO - DAG(s) 'example_branch_python_operator_decorator' retrieved from /home/vscode/.local/lib/python3.10/site-packages/airflow/example_dags/example_branch_operator_decorator.py
[2025-01-19T02:51:14.562+0000] {logging_mixin.py:190} INFO - [2025-01-19T02:51:14.562+0000] {dag.py:3239} INFO - Sync 1 DAGs
[2025-01-19T02:51:14.579+0000] {logging_mixin.py:190} INFO - [2025-01-19T02:51:14.579+0000] {dag.py:4180} INFO - Setting next_dagrun for example_branch_python_operator_decorator to 2025-01-18 00:00:00+00:00, run_after=2025-01-19 00:00:00+00:00
[2025-01-19T02:51:14.593+0000] {processor.py:208} INFO - Processing /home/vscode/.local/lib/python3.10/site-packages/airflow/example_dags/example_branch_operator_decorator.py took 0.078 seconds
[2025-01-19T02:52:28.848+0000] {processor.py:186} INFO - Started process (PID=28266) to work on /home/vscode/.local/lib/python3.10/site-packages/airflow/example_dags/example_branch_operator_decorator.py
[2025-01-19T02:52:28.848+0000] {processor.py:914} INFO - Processing file /home/vscode/.local/lib/python3.10/site-packages/airflow/example_dags/example_branch_operator_decorator.py for tasks to queue
[2025-01-19T02:52:28.850+0000] {logging_mixin.py:190} INFO - [2025-01-19T02:52:28.850+0000] {dagbag.py:588} INFO - Filling up the DagBag from /home/vscode/.local/lib/python3.10/site-packages/airflow/example_dags/example_branch_operator_decorator.py
[2025-01-19T02:52:28.867+0000] {processor.py:925} INFO - DAG(s) 'example_branch_python_operator_decorator' retrieved from /home/vscode/.local/lib/python3.10/site-packages/airflow/example_dags/example_branch_operator_decorator.py
[2025-01-19T02:52:28.885+0000] {logging_mixin.py:190} INFO - [2025-01-19T02:52:28.885+0000] {dag.py:3239} INFO - Sync 1 DAGs
[2025-01-19T02:52:28.900+0000] {logging_mixin.py:190} INFO - [2025-01-19T02:52:28.900+0000] {dag.py:4180} INFO - Setting next_dagrun for example_branch_python_operator_decorator to 2025-01-18 00:00:00+00:00, run_after=2025-01-19 00:00:00+00:00
[2025-01-19T02:52:28.917+0000] {processor.py:208} INFO - Processing /home/vscode/.local/lib/python3.10/site-packages/airflow/example_dags/example_branch_operator_decorator.py took 0.073 seconds
[2025-01-19T02:53:45.726+0000] {processor.py:186} INFO - Started process (PID=28799) to work on /home/vscode/.local/lib/python3.10/site-packages/airflow/example_dags/example_branch_operator_decorator.py
[2025-01-19T02:53:45.727+0000] {processor.py:914} INFO - Processing file /home/vscode/.local/lib/python3.10/site-packages/airflow/example_dags/example_branch_operator_decorator.py for tasks to queue
[2025-01-19T02:53:45.728+0000] {logging_mixin.py:190} INFO - [2025-01-19T02:53:45.728+0000] {dagbag.py:588} INFO - Filling up the DagBag from /home/vscode/.local/lib/python3.10/site-packages/airflow/example_dags/example_branch_operator_decorator.py
[2025-01-19T02:53:45.746+0000] {processor.py:925} INFO - DAG(s) 'example_branch_python_operator_decorator' retrieved from /home/vscode/.local/lib/python3.10/site-packages/airflow/example_dags/example_branch_operator_decorator.py
[2025-01-19T02:53:45.766+0000] {logging_mixin.py:190} INFO - [2025-01-19T02:53:45.765+0000] {dag.py:3239} INFO - Sync 1 DAGs
[2025-01-19T02:53:45.781+0000] {logging_mixin.py:190} INFO - [2025-01-19T02:53:45.781+0000] {dag.py:4180} INFO - Setting next_dagrun for example_branch_python_operator_decorator to 2025-01-18 00:00:00+00:00, run_after=2025-01-19 00:00:00+00:00
[2025-01-19T02:53:45.795+0000] {processor.py:208} INFO - Processing /home/vscode/.local/lib/python3.10/site-packages/airflow/example_dags/example_branch_operator_decorator.py took 0.074 seconds
[2025-01-19T02:54:59.426+0000] {processor.py:186} INFO - Started process (PID=29308) to work on /home/vscode/.local/lib/python3.10/site-packages/airflow/example_dags/example_branch_operator_decorator.py
[2025-01-19T02:54:59.427+0000] {processor.py:914} INFO - Processing file /home/vscode/.local/lib/python3.10/site-packages/airflow/example_dags/example_branch_operator_decorator.py for tasks to queue
[2025-01-19T02:54:59.428+0000] {logging_mixin.py:190} INFO - [2025-01-19T02:54:59.428+0000] {dagbag.py:588} INFO - Filling up the DagBag from /home/vscode/.local/lib/python3.10/site-packages/airflow/example_dags/example_branch_operator_decorator.py
[2025-01-19T02:54:59.445+0000] {processor.py:925} INFO - DAG(s) 'example_branch_python_operator_decorator' retrieved from /home/vscode/.local/lib/python3.10/site-packages/airflow/example_dags/example_branch_operator_decorator.py
[2025-01-19T02:54:59.463+0000] {logging_mixin.py:190} INFO - [2025-01-19T02:54:59.463+0000] {dag.py:3239} INFO - Sync 1 DAGs
[2025-01-19T02:54:59.478+0000] {logging_mixin.py:190} INFO - [2025-01-19T02:54:59.478+0000] {dag.py:4180} INFO - Setting next_dagrun for example_branch_python_operator_decorator to 2025-01-18 00:00:00+00:00, run_after=2025-01-19 00:00:00+00:00
[2025-01-19T02:54:59.492+0000] {processor.py:208} INFO - Processing /home/vscode/.local/lib/python3.10/site-packages/airflow/example_dags/example_branch_operator_decorator.py took 0.071 seconds
[2025-01-19T02:56:12.339+0000] {processor.py:186} INFO - Started process (PID=29799) to work on /home/vscode/.local/lib/python3.10/site-packages/airflow/example_dags/example_branch_operator_decorator.py
[2025-01-19T02:56:12.340+0000] {processor.py:914} INFO - Processing file /home/vscode/.local/lib/python3.10/site-packages/airflow/example_dags/example_branch_operator_decorator.py for tasks to queue
[2025-01-19T02:56:12.341+0000] {logging_mixin.py:190} INFO - [2025-01-19T02:56:12.341+0000] {dagbag.py:588} INFO - Filling up the DagBag from /home/vscode/.local/lib/python3.10/site-packages/airflow/example_dags/example_branch_operator_decorator.py
[2025-01-19T02:56:12.358+0000] {processor.py:925} INFO - DAG(s) 'example_branch_python_operator_decorator' retrieved from /home/vscode/.local/lib/python3.10/site-packages/airflow/example_dags/example_branch_operator_decorator.py
[2025-01-19T02:56:12.378+0000] {logging_mixin.py:190} INFO - [2025-01-19T02:56:12.377+0000] {dag.py:3239} INFO - Sync 1 DAGs
[2025-01-19T02:56:12.393+0000] {logging_mixin.py:190} INFO - [2025-01-19T02:56:12.392+0000] {dag.py:4180} INFO - Setting next_dagrun for example_branch_python_operator_decorator to 2025-01-18 00:00:00+00:00, run_after=2025-01-19 00:00:00+00:00
[2025-01-19T02:56:12.407+0000] {processor.py:208} INFO - Processing /home/vscode/.local/lib/python3.10/site-packages/airflow/example_dags/example_branch_operator_decorator.py took 0.073 seconds
[2025-01-19T02:57:28.414+0000] {processor.py:186} INFO - Started process (PID=30413) to work on /home/vscode/.local/lib/python3.10/site-packages/airflow/example_dags/example_branch_operator_decorator.py
[2025-01-19T02:57:28.416+0000] {processor.py:914} INFO - Processing file /home/vscode/.local/lib/python3.10/site-packages/airflow/example_dags/example_branch_operator_decorator.py for tasks to queue
[2025-01-19T02:57:28.418+0000] {logging_mixin.py:190} INFO - [2025-01-19T02:57:28.418+0000] {dagbag.py:588} INFO - Filling up the DagBag from /home/vscode/.local/lib/python3.10/site-packages/airflow/example_dags/example_branch_operator_decorator.py
[2025-01-19T02:57:28.436+0000] {processor.py:925} INFO - DAG(s) 'example_branch_python_operator_decorator' retrieved from /home/vscode/.local/lib/python3.10/site-packages/airflow/example_dags/example_branch_operator_decorator.py
[2025-01-19T02:57:28.455+0000] {logging_mixin.py:190} INFO - [2025-01-19T02:57:28.454+0000] {dag.py:3239} INFO - Sync 1 DAGs
[2025-01-19T02:57:28.470+0000] {logging_mixin.py:190} INFO - [2025-01-19T02:57:28.470+0000] {dag.py:4180} INFO - Setting next_dagrun for example_branch_python_operator_decorator to 2025-01-18 00:00:00+00:00, run_after=2025-01-19 00:00:00+00:00
[2025-01-19T02:57:28.484+0000] {processor.py:208} INFO - Processing /home/vscode/.local/lib/python3.10/site-packages/airflow/example_dags/example_branch_operator_decorator.py took 0.076 seconds
[2025-01-19T02:58:47.980+0000] {processor.py:186} INFO - Started process (PID=30956) to work on /home/vscode/.local/lib/python3.10/site-packages/airflow/example_dags/example_branch_operator_decorator.py
[2025-01-19T02:58:47.981+0000] {processor.py:914} INFO - Processing file /home/vscode/.local/lib/python3.10/site-packages/airflow/example_dags/example_branch_operator_decorator.py for tasks to queue
[2025-01-19T02:58:47.982+0000] {logging_mixin.py:190} INFO - [2025-01-19T02:58:47.982+0000] {dagbag.py:588} INFO - Filling up the DagBag from /home/vscode/.local/lib/python3.10/site-packages/airflow/example_dags/example_branch_operator_decorator.py
[2025-01-19T02:58:47.999+0000] {processor.py:925} INFO - DAG(s) 'example_branch_python_operator_decorator' retrieved from /home/vscode/.local/lib/python3.10/site-packages/airflow/example_dags/example_branch_operator_decorator.py
[2025-01-19T02:58:48.017+0000] {logging_mixin.py:190} INFO - [2025-01-19T02:58:48.017+0000] {dag.py:3239} INFO - Sync 1 DAGs
[2025-01-19T02:58:48.036+0000] {logging_mixin.py:190} INFO - [2025-01-19T02:58:48.036+0000] {dag.py:4180} INFO - Setting next_dagrun for example_branch_python_operator_decorator to 2025-01-18 00:00:00+00:00, run_after=2025-01-19 00:00:00+00:00
[2025-01-19T02:58:48.050+0000] {processor.py:208} INFO - Processing /home/vscode/.local/lib/python3.10/site-packages/airflow/example_dags/example_branch_operator_decorator.py took 0.075 seconds
[2025-01-19T02:59:56.122+0000] {processor.py:186} INFO - Started process (PID=31476) to work on /home/vscode/.local/lib/python3.10/site-packages/airflow/example_dags/example_branch_operator_decorator.py
[2025-01-19T02:59:56.123+0000] {processor.py:914} INFO - Processing file /home/vscode/.local/lib/python3.10/site-packages/airflow/example_dags/example_branch_operator_decorator.py for tasks to queue
[2025-01-19T02:59:56.124+0000] {logging_mixin.py:190} INFO - [2025-01-19T02:59:56.124+0000] {dagbag.py:588} INFO - Filling up the DagBag from /home/vscode/.local/lib/python3.10/site-packages/airflow/example_dags/example_branch_operator_decorator.py
[2025-01-19T02:59:56.141+0000] {processor.py:925} INFO - DAG(s) 'example_branch_python_operator_decorator' retrieved from /home/vscode/.local/lib/python3.10/site-packages/airflow/example_dags/example_branch_operator_decorator.py
[2025-01-19T02:59:56.159+0000] {logging_mixin.py:190} INFO - [2025-01-19T02:59:56.159+0000] {dag.py:3239} INFO - Sync 1 DAGs
[2025-01-19T02:59:56.173+0000] {logging_mixin.py:190} INFO - [2025-01-19T02:59:56.173+0000] {dag.py:4180} INFO - Setting next_dagrun for example_branch_python_operator_decorator to 2025-01-18 00:00:00+00:00, run_after=2025-01-19 00:00:00+00:00
[2025-01-19T02:59:56.187+0000] {processor.py:208} INFO - Processing /home/vscode/.local/lib/python3.10/site-packages/airflow/example_dags/example_branch_operator_decorator.py took 0.070 seconds
[2025-01-19T03:01:12.353+0000] {processor.py:186} INFO - Started process (PID=32164) to work on /home/vscode/.local/lib/python3.10/site-packages/airflow/example_dags/example_branch_operator_decorator.py
[2025-01-19T03:01:12.354+0000] {processor.py:914} INFO - Processing file /home/vscode/.local/lib/python3.10/site-packages/airflow/example_dags/example_branch_operator_decorator.py for tasks to queue
[2025-01-19T03:01:12.356+0000] {logging_mixin.py:190} INFO - [2025-01-19T03:01:12.355+0000] {dagbag.py:588} INFO - Filling up the DagBag from /home/vscode/.local/lib/python3.10/site-packages/airflow/example_dags/example_branch_operator_decorator.py
[2025-01-19T03:01:12.380+0000] {processor.py:925} INFO - DAG(s) 'example_branch_python_operator_decorator' retrieved from /home/vscode/.local/lib/python3.10/site-packages/airflow/example_dags/example_branch_operator_decorator.py
[2025-01-19T03:01:12.409+0000] {logging_mixin.py:190} INFO - [2025-01-19T03:01:12.409+0000] {dag.py:3239} INFO - Sync 1 DAGs
[2025-01-19T03:01:12.430+0000] {logging_mixin.py:190} INFO - [2025-01-19T03:01:12.430+0000] {dag.py:4180} INFO - Setting next_dagrun for example_branch_python_operator_decorator to 2025-01-18 00:00:00+00:00, run_after=2025-01-19 00:00:00+00:00
[2025-01-19T03:01:12.450+0000] {processor.py:208} INFO - Processing /home/vscode/.local/lib/python3.10/site-packages/airflow/example_dags/example_branch_operator_decorator.py took 0.102 seconds
