[2025-01-19T02:41:08.557+0000] {processor.py:186} INFO - Started process (PID=23645) to work on /home/vscode/.local/lib/python3.10/site-packages/airflow/example_dags/tutorial.py
[2025-01-19T02:41:08.558+0000] {processor.py:914} INFO - Processing file /home/vscode/.local/lib/python3.10/site-packages/airflow/example_dags/tutorial.py for tasks to queue
[2025-01-19T02:41:08.559+0000] {logging_mixin.py:190} INFO - [2025-01-19T02:41:08.559+0000] {dagbag.py:588} INFO - Filling up the DagBag from /home/vscode/.local/lib/python3.10/site-packages/airflow/example_dags/tutorial.py
[2025-01-19T02:41:08.565+0000] {processor.py:925} INFO - DAG(s) 'tutorial' retrieved from /home/vscode/.local/lib/python3.10/site-packages/airflow/example_dags/tutorial.py
[2025-01-19T02:41:08.646+0000] {logging_mixin.py:190} INFO - [2025-01-19T02:41:08.645+0000] {override.py:1911} INFO - Created Permission View: can read on DAG:tutorial
[2025-01-19T02:41:08.654+0000] {logging_mixin.py:190} INFO - [2025-01-19T02:41:08.654+0000] {override.py:1911} INFO - Created Permission View: can edit on DAG:tutorial
[2025-01-19T02:41:08.659+0000] {logging_mixin.py:190} INFO - [2025-01-19T02:41:08.659+0000] {override.py:1911} INFO - Created Permission View: can delete on DAG:tutorial
[2025-01-19T02:41:08.667+0000] {logging_mixin.py:190} INFO - [2025-01-19T02:41:08.667+0000] {override.py:1911} INFO - Created Permission View: can read on DAG Run:tutorial
[2025-01-19T02:41:08.673+0000] {logging_mixin.py:190} INFO - [2025-01-19T02:41:08.673+0000] {override.py:1911} INFO - Created Permission View: menu access on DAG Run:tutorial
[2025-01-19T02:41:08.678+0000] {logging_mixin.py:190} INFO - [2025-01-19T02:41:08.678+0000] {override.py:1911} INFO - Created Permission View: can delete on DAG Run:tutorial
[2025-01-19T02:41:08.684+0000] {logging_mixin.py:190} INFO - [2025-01-19T02:41:08.684+0000] {override.py:1911} INFO - Created Permission View: can create on DAG Run:tutorial
[2025-01-19T02:41:08.684+0000] {logging_mixin.py:190} INFO - [2025-01-19T02:41:08.684+0000] {dag.py:3239} INFO - Sync 1 DAGs
[2025-01-19T02:41:08.693+0000] {logging_mixin.py:190} INFO - [2025-01-19T02:41:08.693+0000] {dag.py:3262} INFO - Creating ORM DAG for tutorial
[2025-01-19T02:41:08.700+0000] {logging_mixin.py:190} INFO - [2025-01-19T02:41:08.700+0000] {dag.py:4180} INFO - Setting next_dagrun for tutorial to 2025-01-18 00:00:00+00:00, run_after=2025-01-19 00:00:00+00:00
[2025-01-19T02:41:08.714+0000] {processor.py:208} INFO - Processing /home/vscode/.local/lib/python3.10/site-packages/airflow/example_dags/tutorial.py took 0.162 seconds
[2025-01-19T02:42:10.889+0000] {processor.py:186} INFO - Started process (PID=24065) to work on /home/vscode/.local/lib/python3.10/site-packages/airflow/example_dags/tutorial.py
[2025-01-19T02:42:10.890+0000] {processor.py:914} INFO - Processing file /home/vscode/.local/lib/python3.10/site-packages/airflow/example_dags/tutorial.py for tasks to queue
[2025-01-19T02:42:10.892+0000] {logging_mixin.py:190} INFO - [2025-01-19T02:42:10.891+0000] {dagbag.py:588} INFO - Filling up the DagBag from /home/vscode/.local/lib/python3.10/site-packages/airflow/example_dags/tutorial.py
[2025-01-19T02:42:10.897+0000] {processor.py:925} INFO - DAG(s) 'tutorial' retrieved from /home/vscode/.local/lib/python3.10/site-packages/airflow/example_dags/tutorial.py
[2025-01-19T02:42:10.909+0000] {logging_mixin.py:190} INFO - [2025-01-19T02:42:10.909+0000] {dag.py:3239} INFO - Sync 1 DAGs
[2025-01-19T02:42:10.923+0000] {logging_mixin.py:190} INFO - [2025-01-19T02:42:10.923+0000] {dag.py:4180} INFO - Setting next_dagrun for tutorial to 2025-01-18 00:00:00+00:00, run_after=2025-01-19 00:00:00+00:00
[2025-01-19T02:42:10.937+0000] {processor.py:208} INFO - Processing /home/vscode/.local/lib/python3.10/site-packages/airflow/example_dags/tutorial.py took 0.052 seconds
[2025-01-19T02:43:02.893+0000] {processor.py:186} INFO - Started process (PID=24422) to work on /home/vscode/.local/lib/python3.10/site-packages/airflow/example_dags/tutorial.py
[2025-01-19T02:43:02.894+0000] {processor.py:914} INFO - Processing file /home/vscode/.local/lib/python3.10/site-packages/airflow/example_dags/tutorial.py for tasks to queue
[2025-01-19T02:43:02.895+0000] {logging_mixin.py:190} INFO - [2025-01-19T02:43:02.895+0000] {dagbag.py:588} INFO - Filling up the DagBag from /home/vscode/.local/lib/python3.10/site-packages/airflow/example_dags/tutorial.py
[2025-01-19T02:43:02.901+0000] {processor.py:925} INFO - DAG(s) 'tutorial' retrieved from /home/vscode/.local/lib/python3.10/site-packages/airflow/example_dags/tutorial.py
[2025-01-19T02:43:02.912+0000] {logging_mixin.py:190} INFO - [2025-01-19T02:43:02.912+0000] {dag.py:3239} INFO - Sync 1 DAGs
[2025-01-19T02:43:02.926+0000] {logging_mixin.py:190} INFO - [2025-01-19T02:43:02.926+0000] {dag.py:4180} INFO - Setting next_dagrun for tutorial to 2025-01-18 00:00:00+00:00, run_after=2025-01-19 00:00:00+00:00
[2025-01-19T02:43:02.939+0000] {processor.py:208} INFO - Processing /home/vscode/.local/lib/python3.10/site-packages/airflow/example_dags/tutorial.py took 0.051 seconds
[2025-01-19T02:43:53.587+0000] {processor.py:186} INFO - Started process (PID=24767) to work on /home/vscode/.local/lib/python3.10/site-packages/airflow/example_dags/tutorial.py
[2025-01-19T02:43:53.588+0000] {processor.py:914} INFO - Processing file /home/vscode/.local/lib/python3.10/site-packages/airflow/example_dags/tutorial.py for tasks to queue
[2025-01-19T02:43:53.589+0000] {logging_mixin.py:190} INFO - [2025-01-19T02:43:53.589+0000] {dagbag.py:588} INFO - Filling up the DagBag from /home/vscode/.local/lib/python3.10/site-packages/airflow/example_dags/tutorial.py
[2025-01-19T02:43:53.595+0000] {processor.py:925} INFO - DAG(s) 'tutorial' retrieved from /home/vscode/.local/lib/python3.10/site-packages/airflow/example_dags/tutorial.py
[2025-01-19T02:43:53.606+0000] {logging_mixin.py:190} INFO - [2025-01-19T02:43:53.606+0000] {dag.py:3239} INFO - Sync 1 DAGs
[2025-01-19T02:43:53.621+0000] {logging_mixin.py:190} INFO - [2025-01-19T02:43:53.620+0000] {dag.py:4180} INFO - Setting next_dagrun for tutorial to 2025-01-18 00:00:00+00:00, run_after=2025-01-19 00:00:00+00:00
[2025-01-19T02:43:53.636+0000] {processor.py:208} INFO - Processing /home/vscode/.local/lib/python3.10/site-packages/airflow/example_dags/tutorial.py took 0.054 seconds
[2025-01-19T02:44:44.381+0000] {processor.py:186} INFO - Started process (PID=25107) to work on /home/vscode/.local/lib/python3.10/site-packages/airflow/example_dags/tutorial.py
[2025-01-19T02:44:44.381+0000] {processor.py:914} INFO - Processing file /home/vscode/.local/lib/python3.10/site-packages/airflow/example_dags/tutorial.py for tasks to queue
[2025-01-19T02:44:44.383+0000] {logging_mixin.py:190} INFO - [2025-01-19T02:44:44.382+0000] {dagbag.py:588} INFO - Filling up the DagBag from /home/vscode/.local/lib/python3.10/site-packages/airflow/example_dags/tutorial.py
[2025-01-19T02:44:44.388+0000] {processor.py:925} INFO - DAG(s) 'tutorial' retrieved from /home/vscode/.local/lib/python3.10/site-packages/airflow/example_dags/tutorial.py
[2025-01-19T02:44:44.399+0000] {logging_mixin.py:190} INFO - [2025-01-19T02:44:44.399+0000] {dag.py:3239} INFO - Sync 1 DAGs
[2025-01-19T02:44:44.414+0000] {logging_mixin.py:190} INFO - [2025-01-19T02:44:44.413+0000] {dag.py:4180} INFO - Setting next_dagrun for tutorial to 2025-01-18 00:00:00+00:00, run_after=2025-01-19 00:00:00+00:00
[2025-01-19T02:44:44.428+0000] {processor.py:208} INFO - Processing /home/vscode/.local/lib/python3.10/site-packages/airflow/example_dags/tutorial.py took 0.052 seconds
[2025-01-19T02:45:34.040+0000] {processor.py:186} INFO - Started process (PID=25457) to work on /home/vscode/.local/lib/python3.10/site-packages/airflow/example_dags/tutorial.py
[2025-01-19T02:45:34.041+0000] {processor.py:914} INFO - Processing file /home/vscode/.local/lib/python3.10/site-packages/airflow/example_dags/tutorial.py for tasks to queue
[2025-01-19T02:45:34.044+0000] {logging_mixin.py:190} INFO - [2025-01-19T02:45:34.044+0000] {dagbag.py:588} INFO - Filling up the DagBag from /home/vscode/.local/lib/python3.10/site-packages/airflow/example_dags/tutorial.py
[2025-01-19T02:45:34.052+0000] {processor.py:925} INFO - DAG(s) 'tutorial' retrieved from /home/vscode/.local/lib/python3.10/site-packages/airflow/example_dags/tutorial.py
[2025-01-19T02:45:34.063+0000] {logging_mixin.py:190} INFO - [2025-01-19T02:45:34.063+0000] {dag.py:3239} INFO - Sync 1 DAGs
[2025-01-19T02:45:34.079+0000] {logging_mixin.py:190} INFO - [2025-01-19T02:45:34.079+0000] {dag.py:4180} INFO - Setting next_dagrun for tutorial to 2025-01-18 00:00:00+00:00, run_after=2025-01-19 00:00:00+00:00
[2025-01-19T02:45:34.092+0000] {processor.py:208} INFO - Processing /home/vscode/.local/lib/python3.10/site-packages/airflow/example_dags/tutorial.py took 0.062 seconds
[2025-01-19T02:46:24.719+0000] {processor.py:186} INFO - Started process (PID=25795) to work on /home/vscode/.local/lib/python3.10/site-packages/airflow/example_dags/tutorial.py
[2025-01-19T02:46:24.719+0000] {processor.py:914} INFO - Processing file /home/vscode/.local/lib/python3.10/site-packages/airflow/example_dags/tutorial.py for tasks to queue
[2025-01-19T02:46:24.721+0000] {logging_mixin.py:190} INFO - [2025-01-19T02:46:24.721+0000] {dagbag.py:588} INFO - Filling up the DagBag from /home/vscode/.local/lib/python3.10/site-packages/airflow/example_dags/tutorial.py
[2025-01-19T02:46:24.727+0000] {processor.py:925} INFO - DAG(s) 'tutorial' retrieved from /home/vscode/.local/lib/python3.10/site-packages/airflow/example_dags/tutorial.py
[2025-01-19T02:46:24.738+0000] {logging_mixin.py:190} INFO - [2025-01-19T02:46:24.738+0000] {dag.py:3239} INFO - Sync 1 DAGs
[2025-01-19T02:46:24.753+0000] {logging_mixin.py:190} INFO - [2025-01-19T02:46:24.753+0000] {dag.py:4180} INFO - Setting next_dagrun for tutorial to 2025-01-18 00:00:00+00:00, run_after=2025-01-19 00:00:00+00:00
[2025-01-19T02:46:24.768+0000] {processor.py:208} INFO - Processing /home/vscode/.local/lib/python3.10/site-packages/airflow/example_dags/tutorial.py took 0.054 seconds
[2025-01-19T02:47:11.653+0000] {processor.py:186} INFO - Started process (PID=26115) to work on /home/vscode/.local/lib/python3.10/site-packages/airflow/example_dags/tutorial.py
[2025-01-19T02:47:11.654+0000] {processor.py:914} INFO - Processing file /home/vscode/.local/lib/python3.10/site-packages/airflow/example_dags/tutorial.py for tasks to queue
[2025-01-19T02:47:11.656+0000] {logging_mixin.py:190} INFO - [2025-01-19T02:47:11.655+0000] {dagbag.py:588} INFO - Filling up the DagBag from /home/vscode/.local/lib/python3.10/site-packages/airflow/example_dags/tutorial.py
[2025-01-19T02:47:11.663+0000] {processor.py:925} INFO - DAG(s) 'tutorial' retrieved from /home/vscode/.local/lib/python3.10/site-packages/airflow/example_dags/tutorial.py
[2025-01-19T02:47:11.674+0000] {logging_mixin.py:190} INFO - [2025-01-19T02:47:11.674+0000] {dag.py:3239} INFO - Sync 1 DAGs
[2025-01-19T02:47:11.688+0000] {logging_mixin.py:190} INFO - [2025-01-19T02:47:11.688+0000] {dag.py:4180} INFO - Setting next_dagrun for tutorial to 2025-01-18 00:00:00+00:00, run_after=2025-01-19 00:00:00+00:00
[2025-01-19T02:47:11.702+0000] {processor.py:208} INFO - Processing /home/vscode/.local/lib/python3.10/site-packages/airflow/example_dags/tutorial.py took 0.054 seconds
[2025-01-19T02:48:00.195+0000] {processor.py:186} INFO - Started process (PID=26441) to work on /home/vscode/.local/lib/python3.10/site-packages/airflow/example_dags/tutorial.py
[2025-01-19T02:48:00.196+0000] {processor.py:914} INFO - Processing file /home/vscode/.local/lib/python3.10/site-packages/airflow/example_dags/tutorial.py for tasks to queue
[2025-01-19T02:48:00.197+0000] {logging_mixin.py:190} INFO - [2025-01-19T02:48:00.197+0000] {dagbag.py:588} INFO - Filling up the DagBag from /home/vscode/.local/lib/python3.10/site-packages/airflow/example_dags/tutorial.py
[2025-01-19T02:48:00.203+0000] {processor.py:925} INFO - DAG(s) 'tutorial' retrieved from /home/vscode/.local/lib/python3.10/site-packages/airflow/example_dags/tutorial.py
[2025-01-19T02:48:00.215+0000] {logging_mixin.py:190} INFO - [2025-01-19T02:48:00.215+0000] {dag.py:3239} INFO - Sync 1 DAGs
[2025-01-19T02:48:00.229+0000] {logging_mixin.py:190} INFO - [2025-01-19T02:48:00.229+0000] {dag.py:4180} INFO - Setting next_dagrun for tutorial to 2025-01-18 00:00:00+00:00, run_after=2025-01-19 00:00:00+00:00
[2025-01-19T02:48:00.243+0000] {processor.py:208} INFO - Processing /home/vscode/.local/lib/python3.10/site-packages/airflow/example_dags/tutorial.py took 0.053 seconds
[2025-01-19T02:48:51.005+0000] {processor.py:186} INFO - Started process (PID=26791) to work on /home/vscode/.local/lib/python3.10/site-packages/airflow/example_dags/tutorial.py
[2025-01-19T02:48:51.006+0000] {processor.py:914} INFO - Processing file /home/vscode/.local/lib/python3.10/site-packages/airflow/example_dags/tutorial.py for tasks to queue
[2025-01-19T02:48:51.007+0000] {logging_mixin.py:190} INFO - [2025-01-19T02:48:51.007+0000] {dagbag.py:588} INFO - Filling up the DagBag from /home/vscode/.local/lib/python3.10/site-packages/airflow/example_dags/tutorial.py
[2025-01-19T02:48:51.013+0000] {processor.py:925} INFO - DAG(s) 'tutorial' retrieved from /home/vscode/.local/lib/python3.10/site-packages/airflow/example_dags/tutorial.py
[2025-01-19T02:48:51.024+0000] {logging_mixin.py:190} INFO - [2025-01-19T02:48:51.024+0000] {dag.py:3239} INFO - Sync 1 DAGs
[2025-01-19T02:48:51.038+0000] {logging_mixin.py:190} INFO - [2025-01-19T02:48:51.038+0000] {dag.py:4180} INFO - Setting next_dagrun for tutorial to 2025-01-18 00:00:00+00:00, run_after=2025-01-19 00:00:00+00:00
[2025-01-19T02:48:51.052+0000] {processor.py:208} INFO - Processing /home/vscode/.local/lib/python3.10/site-packages/airflow/example_dags/tutorial.py took 0.052 seconds
[2025-01-19T02:49:41.926+0000] {processor.py:186} INFO - Started process (PID=27131) to work on /home/vscode/.local/lib/python3.10/site-packages/airflow/example_dags/tutorial.py
[2025-01-19T02:49:41.927+0000] {processor.py:914} INFO - Processing file /home/vscode/.local/lib/python3.10/site-packages/airflow/example_dags/tutorial.py for tasks to queue
[2025-01-19T02:49:41.928+0000] {logging_mixin.py:190} INFO - [2025-01-19T02:49:41.928+0000] {dagbag.py:588} INFO - Filling up the DagBag from /home/vscode/.local/lib/python3.10/site-packages/airflow/example_dags/tutorial.py
[2025-01-19T02:49:41.934+0000] {processor.py:925} INFO - DAG(s) 'tutorial' retrieved from /home/vscode/.local/lib/python3.10/site-packages/airflow/example_dags/tutorial.py
[2025-01-19T02:49:41.945+0000] {logging_mixin.py:190} INFO - [2025-01-19T02:49:41.945+0000] {dag.py:3239} INFO - Sync 1 DAGs
[2025-01-19T02:49:41.959+0000] {logging_mixin.py:190} INFO - [2025-01-19T02:49:41.959+0000] {dag.py:4180} INFO - Setting next_dagrun for tutorial to 2025-01-18 00:00:00+00:00, run_after=2025-01-19 00:00:00+00:00
[2025-01-19T02:49:41.972+0000] {processor.py:208} INFO - Processing /home/vscode/.local/lib/python3.10/site-packages/airflow/example_dags/tutorial.py took 0.051 seconds
[2025-01-19T02:50:33.483+0000] {processor.py:186} INFO - Started process (PID=27481) to work on /home/vscode/.local/lib/python3.10/site-packages/airflow/example_dags/tutorial.py
[2025-01-19T02:50:33.483+0000] {processor.py:914} INFO - Processing file /home/vscode/.local/lib/python3.10/site-packages/airflow/example_dags/tutorial.py for tasks to queue
[2025-01-19T02:50:33.485+0000] {logging_mixin.py:190} INFO - [2025-01-19T02:50:33.484+0000] {dagbag.py:588} INFO - Filling up the DagBag from /home/vscode/.local/lib/python3.10/site-packages/airflow/example_dags/tutorial.py
[2025-01-19T02:50:33.491+0000] {processor.py:925} INFO - DAG(s) 'tutorial' retrieved from /home/vscode/.local/lib/python3.10/site-packages/airflow/example_dags/tutorial.py
[2025-01-19T02:50:33.501+0000] {logging_mixin.py:190} INFO - [2025-01-19T02:50:33.501+0000] {dag.py:3239} INFO - Sync 1 DAGs
[2025-01-19T02:50:33.517+0000] {logging_mixin.py:190} INFO - [2025-01-19T02:50:33.517+0000] {dag.py:4180} INFO - Setting next_dagrun for tutorial to 2025-01-18 00:00:00+00:00, run_after=2025-01-19 00:00:00+00:00
[2025-01-19T02:50:33.531+0000] {processor.py:208} INFO - Processing /home/vscode/.local/lib/python3.10/site-packages/airflow/example_dags/tutorial.py took 0.052 seconds
[2025-01-19T02:51:23.665+0000] {processor.py:186} INFO - Started process (PID=27823) to work on /home/vscode/.local/lib/python3.10/site-packages/airflow/example_dags/tutorial.py
[2025-01-19T02:51:23.666+0000] {processor.py:914} INFO - Processing file /home/vscode/.local/lib/python3.10/site-packages/airflow/example_dags/tutorial.py for tasks to queue
[2025-01-19T02:51:23.667+0000] {logging_mixin.py:190} INFO - [2025-01-19T02:51:23.667+0000] {dagbag.py:588} INFO - Filling up the DagBag from /home/vscode/.local/lib/python3.10/site-packages/airflow/example_dags/tutorial.py
[2025-01-19T02:51:23.673+0000] {processor.py:925} INFO - DAG(s) 'tutorial' retrieved from /home/vscode/.local/lib/python3.10/site-packages/airflow/example_dags/tutorial.py
[2025-01-19T02:51:23.684+0000] {logging_mixin.py:190} INFO - [2025-01-19T02:51:23.684+0000] {dag.py:3239} INFO - Sync 1 DAGs
[2025-01-19T02:51:23.699+0000] {logging_mixin.py:190} INFO - [2025-01-19T02:51:23.699+0000] {dag.py:4180} INFO - Setting next_dagrun for tutorial to 2025-01-18 00:00:00+00:00, run_after=2025-01-19 00:00:00+00:00
[2025-01-19T02:51:23.714+0000] {processor.py:208} INFO - Processing /home/vscode/.local/lib/python3.10/site-packages/airflow/example_dags/tutorial.py took 0.053 seconds
[2025-01-19T02:52:13.751+0000] {processor.py:186} INFO - Started process (PID=28155) to work on /home/vscode/.local/lib/python3.10/site-packages/airflow/example_dags/tutorial.py
[2025-01-19T02:52:13.751+0000] {processor.py:914} INFO - Processing file /home/vscode/.local/lib/python3.10/site-packages/airflow/example_dags/tutorial.py for tasks to queue
[2025-01-19T02:52:13.753+0000] {logging_mixin.py:190} INFO - [2025-01-19T02:52:13.752+0000] {dagbag.py:588} INFO - Filling up the DagBag from /home/vscode/.local/lib/python3.10/site-packages/airflow/example_dags/tutorial.py
[2025-01-19T02:52:13.759+0000] {processor.py:925} INFO - DAG(s) 'tutorial' retrieved from /home/vscode/.local/lib/python3.10/site-packages/airflow/example_dags/tutorial.py
[2025-01-19T02:52:13.772+0000] {logging_mixin.py:190} INFO - [2025-01-19T02:52:13.772+0000] {dag.py:3239} INFO - Sync 1 DAGs
[2025-01-19T02:52:13.791+0000] {logging_mixin.py:190} INFO - [2025-01-19T02:52:13.791+0000] {dag.py:4180} INFO - Setting next_dagrun for tutorial to 2025-01-18 00:00:00+00:00, run_after=2025-01-19 00:00:00+00:00
[2025-01-19T02:52:13.825+0000] {processor.py:208} INFO - Processing /home/vscode/.local/lib/python3.10/site-packages/airflow/example_dags/tutorial.py took 0.079 seconds
[2025-01-19T02:53:02.921+0000] {processor.py:186} INFO - Started process (PID=28496) to work on /home/vscode/.local/lib/python3.10/site-packages/airflow/example_dags/tutorial.py
[2025-01-19T02:53:02.922+0000] {processor.py:914} INFO - Processing file /home/vscode/.local/lib/python3.10/site-packages/airflow/example_dags/tutorial.py for tasks to queue
[2025-01-19T02:53:02.923+0000] {logging_mixin.py:190} INFO - [2025-01-19T02:53:02.923+0000] {dagbag.py:588} INFO - Filling up the DagBag from /home/vscode/.local/lib/python3.10/site-packages/airflow/example_dags/tutorial.py
[2025-01-19T02:53:02.929+0000] {processor.py:925} INFO - DAG(s) 'tutorial' retrieved from /home/vscode/.local/lib/python3.10/site-packages/airflow/example_dags/tutorial.py
[2025-01-19T02:53:02.940+0000] {logging_mixin.py:190} INFO - [2025-01-19T02:53:02.940+0000] {dag.py:3239} INFO - Sync 1 DAGs
[2025-01-19T02:53:02.954+0000] {logging_mixin.py:190} INFO - [2025-01-19T02:53:02.954+0000] {dag.py:4180} INFO - Setting next_dagrun for tutorial to 2025-01-18 00:00:00+00:00, run_after=2025-01-19 00:00:00+00:00
[2025-01-19T02:53:02.968+0000] {processor.py:208} INFO - Processing /home/vscode/.local/lib/python3.10/site-packages/airflow/example_dags/tutorial.py took 0.051 seconds
[2025-01-19T02:53:55.724+0000] {processor.py:186} INFO - Started process (PID=28870) to work on /home/vscode/.local/lib/python3.10/site-packages/airflow/example_dags/tutorial.py
[2025-01-19T02:53:55.725+0000] {processor.py:914} INFO - Processing file /home/vscode/.local/lib/python3.10/site-packages/airflow/example_dags/tutorial.py for tasks to queue
[2025-01-19T02:53:55.726+0000] {logging_mixin.py:190} INFO - [2025-01-19T02:53:55.726+0000] {dagbag.py:588} INFO - Filling up the DagBag from /home/vscode/.local/lib/python3.10/site-packages/airflow/example_dags/tutorial.py
[2025-01-19T02:53:55.732+0000] {processor.py:925} INFO - DAG(s) 'tutorial' retrieved from /home/vscode/.local/lib/python3.10/site-packages/airflow/example_dags/tutorial.py
[2025-01-19T02:53:55.743+0000] {logging_mixin.py:190} INFO - [2025-01-19T02:53:55.743+0000] {dag.py:3239} INFO - Sync 1 DAGs
[2025-01-19T02:53:55.760+0000] {logging_mixin.py:190} INFO - [2025-01-19T02:53:55.760+0000] {dag.py:4180} INFO - Setting next_dagrun for tutorial to 2025-01-18 00:00:00+00:00, run_after=2025-01-19 00:00:00+00:00
[2025-01-19T02:53:55.780+0000] {processor.py:208} INFO - Processing /home/vscode/.local/lib/python3.10/site-packages/airflow/example_dags/tutorial.py took 0.060 seconds
[2025-01-19T02:54:45.126+0000] {processor.py:186} INFO - Started process (PID=29207) to work on /home/vscode/.local/lib/python3.10/site-packages/airflow/example_dags/tutorial.py
[2025-01-19T02:54:45.127+0000] {processor.py:914} INFO - Processing file /home/vscode/.local/lib/python3.10/site-packages/airflow/example_dags/tutorial.py for tasks to queue
[2025-01-19T02:54:45.128+0000] {logging_mixin.py:190} INFO - [2025-01-19T02:54:45.128+0000] {dagbag.py:588} INFO - Filling up the DagBag from /home/vscode/.local/lib/python3.10/site-packages/airflow/example_dags/tutorial.py
[2025-01-19T02:54:45.134+0000] {processor.py:925} INFO - DAG(s) 'tutorial' retrieved from /home/vscode/.local/lib/python3.10/site-packages/airflow/example_dags/tutorial.py
[2025-01-19T02:54:45.145+0000] {logging_mixin.py:190} INFO - [2025-01-19T02:54:45.145+0000] {dag.py:3239} INFO - Sync 1 DAGs
[2025-01-19T02:54:45.160+0000] {logging_mixin.py:190} INFO - [2025-01-19T02:54:45.159+0000] {dag.py:4180} INFO - Setting next_dagrun for tutorial to 2025-01-18 00:00:00+00:00, run_after=2025-01-19 00:00:00+00:00
[2025-01-19T02:54:45.173+0000] {processor.py:208} INFO - Processing /home/vscode/.local/lib/python3.10/site-packages/airflow/example_dags/tutorial.py took 0.051 seconds
[2025-01-19T02:55:33.031+0000] {processor.py:186} INFO - Started process (PID=29531) to work on /home/vscode/.local/lib/python3.10/site-packages/airflow/example_dags/tutorial.py
[2025-01-19T02:55:33.032+0000] {processor.py:914} INFO - Processing file /home/vscode/.local/lib/python3.10/site-packages/airflow/example_dags/tutorial.py for tasks to queue
[2025-01-19T02:55:33.033+0000] {logging_mixin.py:190} INFO - [2025-01-19T02:55:33.033+0000] {dagbag.py:588} INFO - Filling up the DagBag from /home/vscode/.local/lib/python3.10/site-packages/airflow/example_dags/tutorial.py
[2025-01-19T02:55:33.039+0000] {processor.py:925} INFO - DAG(s) 'tutorial' retrieved from /home/vscode/.local/lib/python3.10/site-packages/airflow/example_dags/tutorial.py
[2025-01-19T02:55:33.051+0000] {logging_mixin.py:190} INFO - [2025-01-19T02:55:33.050+0000] {dag.py:3239} INFO - Sync 1 DAGs
[2025-01-19T02:55:33.065+0000] {logging_mixin.py:190} INFO - [2025-01-19T02:55:33.065+0000] {dag.py:4180} INFO - Setting next_dagrun for tutorial to 2025-01-18 00:00:00+00:00, run_after=2025-01-19 00:00:00+00:00
[2025-01-19T02:55:33.079+0000] {processor.py:208} INFO - Processing /home/vscode/.local/lib/python3.10/site-packages/airflow/example_dags/tutorial.py took 0.052 seconds
[2025-01-19T02:56:22.473+0000] {processor.py:186} INFO - Started process (PID=29892) to work on /home/vscode/.local/lib/python3.10/site-packages/airflow/example_dags/tutorial.py
[2025-01-19T02:56:22.474+0000] {processor.py:914} INFO - Processing file /home/vscode/.local/lib/python3.10/site-packages/airflow/example_dags/tutorial.py for tasks to queue
[2025-01-19T02:56:22.475+0000] {logging_mixin.py:190} INFO - [2025-01-19T02:56:22.475+0000] {dagbag.py:588} INFO - Filling up the DagBag from /home/vscode/.local/lib/python3.10/site-packages/airflow/example_dags/tutorial.py
[2025-01-19T02:56:22.481+0000] {processor.py:925} INFO - DAG(s) 'tutorial' retrieved from /home/vscode/.local/lib/python3.10/site-packages/airflow/example_dags/tutorial.py
[2025-01-19T02:56:22.492+0000] {logging_mixin.py:190} INFO - [2025-01-19T02:56:22.492+0000] {dag.py:3239} INFO - Sync 1 DAGs
[2025-01-19T02:56:22.506+0000] {logging_mixin.py:190} INFO - [2025-01-19T02:56:22.506+0000] {dag.py:4180} INFO - Setting next_dagrun for tutorial to 2025-01-18 00:00:00+00:00, run_after=2025-01-19 00:00:00+00:00
[2025-01-19T02:56:22.520+0000] {processor.py:208} INFO - Processing /home/vscode/.local/lib/python3.10/site-packages/airflow/example_dags/tutorial.py took 0.052 seconds
[2025-01-19T02:57:13.158+0000] {processor.py:186} INFO - Started process (PID=30309) to work on /home/vscode/.local/lib/python3.10/site-packages/airflow/example_dags/tutorial.py
[2025-01-19T02:57:13.159+0000] {processor.py:914} INFO - Processing file /home/vscode/.local/lib/python3.10/site-packages/airflow/example_dags/tutorial.py for tasks to queue
[2025-01-19T02:57:13.160+0000] {logging_mixin.py:190} INFO - [2025-01-19T02:57:13.160+0000] {dagbag.py:588} INFO - Filling up the DagBag from /home/vscode/.local/lib/python3.10/site-packages/airflow/example_dags/tutorial.py
[2025-01-19T02:57:13.166+0000] {processor.py:925} INFO - DAG(s) 'tutorial' retrieved from /home/vscode/.local/lib/python3.10/site-packages/airflow/example_dags/tutorial.py
[2025-01-19T02:57:13.177+0000] {logging_mixin.py:190} INFO - [2025-01-19T02:57:13.177+0000] {dag.py:3239} INFO - Sync 1 DAGs
[2025-01-19T02:57:13.191+0000] {logging_mixin.py:190} INFO - [2025-01-19T02:57:13.191+0000] {dag.py:4180} INFO - Setting next_dagrun for tutorial to 2025-01-18 00:00:00+00:00, run_after=2025-01-19 00:00:00+00:00
[2025-01-19T02:57:13.205+0000] {processor.py:208} INFO - Processing /home/vscode/.local/lib/python3.10/site-packages/airflow/example_dags/tutorial.py took 0.051 seconds
[2025-01-19T02:58:05.062+0000] {processor.py:186} INFO - Started process (PID=30665) to work on /home/vscode/.local/lib/python3.10/site-packages/airflow/example_dags/tutorial.py
[2025-01-19T02:58:05.063+0000] {processor.py:914} INFO - Processing file /home/vscode/.local/lib/python3.10/site-packages/airflow/example_dags/tutorial.py for tasks to queue
[2025-01-19T02:58:05.064+0000] {logging_mixin.py:190} INFO - [2025-01-19T02:58:05.064+0000] {dagbag.py:588} INFO - Filling up the DagBag from /home/vscode/.local/lib/python3.10/site-packages/airflow/example_dags/tutorial.py
[2025-01-19T02:58:05.070+0000] {processor.py:925} INFO - DAG(s) 'tutorial' retrieved from /home/vscode/.local/lib/python3.10/site-packages/airflow/example_dags/tutorial.py
[2025-01-19T02:58:05.081+0000] {logging_mixin.py:190} INFO - [2025-01-19T02:58:05.081+0000] {dag.py:3239} INFO - Sync 1 DAGs
[2025-01-19T02:58:05.095+0000] {logging_mixin.py:190} INFO - [2025-01-19T02:58:05.095+0000] {dag.py:4180} INFO - Setting next_dagrun for tutorial to 2025-01-18 00:00:00+00:00, run_after=2025-01-19 00:00:00+00:00
[2025-01-19T02:58:05.109+0000] {processor.py:208} INFO - Processing /home/vscode/.local/lib/python3.10/site-packages/airflow/example_dags/tutorial.py took 0.051 seconds
[2025-01-19T02:58:57.237+0000] {processor.py:186} INFO - Started process (PID=31013) to work on /home/vscode/.local/lib/python3.10/site-packages/airflow/example_dags/tutorial.py
[2025-01-19T02:58:57.238+0000] {processor.py:914} INFO - Processing file /home/vscode/.local/lib/python3.10/site-packages/airflow/example_dags/tutorial.py for tasks to queue
[2025-01-19T02:58:57.239+0000] {logging_mixin.py:190} INFO - [2025-01-19T02:58:57.239+0000] {dagbag.py:588} INFO - Filling up the DagBag from /home/vscode/.local/lib/python3.10/site-packages/airflow/example_dags/tutorial.py
[2025-01-19T02:58:57.245+0000] {processor.py:925} INFO - DAG(s) 'tutorial' retrieved from /home/vscode/.local/lib/python3.10/site-packages/airflow/example_dags/tutorial.py
[2025-01-19T02:58:57.258+0000] {logging_mixin.py:190} INFO - [2025-01-19T02:58:57.258+0000] {dag.py:3239} INFO - Sync 1 DAGs
[2025-01-19T02:58:57.272+0000] {logging_mixin.py:190} INFO - [2025-01-19T02:58:57.271+0000] {dag.py:4180} INFO - Setting next_dagrun for tutorial to 2025-01-18 00:00:00+00:00, run_after=2025-01-19 00:00:00+00:00
[2025-01-19T02:58:57.285+0000] {processor.py:208} INFO - Processing /home/vscode/.local/lib/python3.10/site-packages/airflow/example_dags/tutorial.py took 0.053 seconds
[2025-01-19T02:59:41.841+0000] {processor.py:186} INFO - Started process (PID=31385) to work on /home/vscode/.local/lib/python3.10/site-packages/airflow/example_dags/tutorial.py
[2025-01-19T02:59:41.841+0000] {processor.py:914} INFO - Processing file /home/vscode/.local/lib/python3.10/site-packages/airflow/example_dags/tutorial.py for tasks to queue
[2025-01-19T02:59:41.843+0000] {logging_mixin.py:190} INFO - [2025-01-19T02:59:41.842+0000] {dagbag.py:588} INFO - Filling up the DagBag from /home/vscode/.local/lib/python3.10/site-packages/airflow/example_dags/tutorial.py
[2025-01-19T02:59:41.848+0000] {processor.py:925} INFO - DAG(s) 'tutorial' retrieved from /home/vscode/.local/lib/python3.10/site-packages/airflow/example_dags/tutorial.py
[2025-01-19T02:59:41.859+0000] {logging_mixin.py:190} INFO - [2025-01-19T02:59:41.859+0000] {dag.py:3239} INFO - Sync 1 DAGs
[2025-01-19T02:59:41.873+0000] {logging_mixin.py:190} INFO - [2025-01-19T02:59:41.873+0000] {dag.py:4180} INFO - Setting next_dagrun for tutorial to 2025-01-18 00:00:00+00:00, run_after=2025-01-19 00:00:00+00:00
[2025-01-19T02:59:41.887+0000] {processor.py:208} INFO - Processing /home/vscode/.local/lib/python3.10/site-packages/airflow/example_dags/tutorial.py took 0.051 seconds
[2025-01-19T03:00:31.522+0000] {processor.py:186} INFO - Started process (PID=31849) to work on /home/vscode/.local/lib/python3.10/site-packages/airflow/example_dags/tutorial.py
[2025-01-19T03:00:31.523+0000] {processor.py:914} INFO - Processing file /home/vscode/.local/lib/python3.10/site-packages/airflow/example_dags/tutorial.py for tasks to queue
[2025-01-19T03:00:31.524+0000] {logging_mixin.py:190} INFO - [2025-01-19T03:00:31.524+0000] {dagbag.py:588} INFO - Filling up the DagBag from /home/vscode/.local/lib/python3.10/site-packages/airflow/example_dags/tutorial.py
[2025-01-19T03:00:31.530+0000] {processor.py:925} INFO - DAG(s) 'tutorial' retrieved from /home/vscode/.local/lib/python3.10/site-packages/airflow/example_dags/tutorial.py
[2025-01-19T03:00:31.541+0000] {logging_mixin.py:190} INFO - [2025-01-19T03:00:31.541+0000] {dag.py:3239} INFO - Sync 1 DAGs
[2025-01-19T03:00:31.555+0000] {logging_mixin.py:190} INFO - [2025-01-19T03:00:31.555+0000] {dag.py:4180} INFO - Setting next_dagrun for tutorial to 2025-01-18 00:00:00+00:00, run_after=2025-01-19 00:00:00+00:00
[2025-01-19T03:00:31.568+0000] {processor.py:208} INFO - Processing /home/vscode/.local/lib/python3.10/site-packages/airflow/example_dags/tutorial.py took 0.051 seconds
