[2025-01-19T05:24:39.859+0000] {local_task_job_runner.py:123} INFO - ::group::Pre task execution logs
[2025-01-19T05:24:39.866+0000] {taskinstance.py:2613} INFO - Dependencies all met for dep_context=non-requeueable deps ti=<TaskInstance: one_task_dag.one_task manual__2025-01-19T05:24:37.176950+00:00 [queued]>
[2025-01-19T05:24:39.870+0000] {taskinstance.py:2613} INFO - Dependencies all met for dep_context=requeueable deps ti=<TaskInstance: one_task_dag.one_task manual__2025-01-19T05:24:37.176950+00:00 [queued]>
[2025-01-19T05:24:39.871+0000] {taskinstance.py:2866} INFO - Starting attempt 1 of 1
[2025-01-19T05:24:39.885+0000] {taskinstance.py:2889} INFO - Executing <Task(BashOperator): one_task> on 2025-01-19 05:24:37.176950+00:00
[2025-01-19T05:24:39.888+0000] {standard_task_runner.py:72} INFO - Started process 37387 to run task
[2025-01-19T05:24:39.891+0000] {standard_task_runner.py:104} INFO - Running: ['airflow', 'tasks', 'run', 'one_task_dag', 'one_task', 'manual__2025-01-19T05:24:37.176950+00:00', '--job-id', '6', '--raw', '--subdir', 'DAGS_FOLDER/one_task_dag.py', '--cfg-path', '/tmp/tmpkww9_4t7']
[2025-01-19T05:24:39.892+0000] {standard_task_runner.py:105} INFO - Job 6: Subtask one_task
[2025-01-19T05:24:39.919+0000] {task_command.py:467} INFO - Running <TaskInstance: one_task_dag.one_task manual__2025-01-19T05:24:37.176950+00:00 [running]> on host codespaces-9aba4b
[2025-01-19T05:24:39.968+0000] {taskinstance.py:3132} INFO - Exporting env vars: AIRFLOW_CTX_DAG_OWNER='Vinoo' AIRFLOW_CTX_DAG_ID='one_task_dag' AIRFLOW_CTX_TASK_ID='one_task' AIRFLOW_CTX_EXECUTION_DATE='2025-01-19T05:24:37.176950+00:00' AIRFLOW_CTX_TRY_NUMBER='1' AIRFLOW_CTX_DAG_RUN_ID='manual__2025-01-19T05:24:37.176950+00:00'
[2025-01-19T05:24:39.969+0000] {taskinstance.py:731} INFO - ::endgroup::
[2025-01-19T05:24:39.981+0000] {subprocess.py:78} INFO - Tmp dir root location: /tmp
[2025-01-19T05:24:39.981+0000] {subprocess.py:88} INFO - Running command: ['/usr/bin/bash', '-c', 'echo "hello, world!" > /workspaces/hands-on-introduction-data-engineering-4395021/lab/temp/create-this-file.txt']
[2025-01-19T05:24:39.987+0000] {subprocess.py:99} INFO - Output:
[2025-01-19T05:24:39.989+0000] {subprocess.py:110} INFO - Command exited with return code 0
[2025-01-19T05:24:40.003+0000] {taskinstance.py:340} INFO - ::group::Post task execution logs
[2025-01-19T05:24:40.004+0000] {taskinstance.py:352} INFO - Marking task as SUCCESS. dag_id=one_task_dag, task_id=one_task, run_id=manual__2025-01-19T05:24:37.176950+00:00, execution_date=20250119T052437, start_date=20250119T052439, end_date=20250119T052440
[2025-01-19T05:24:40.023+0000] {local_task_job_runner.py:266} INFO - Task exited with return code 0
[2025-01-19T05:24:40.035+0000] {taskinstance.py:3895} INFO - 0 downstream tasks scheduled from follow-on schedule check
[2025-01-19T05:24:40.035+0000] {local_task_job_runner.py:245} INFO - ::endgroup::
